Archive member included because of file (symbol)

d:/quartus13/nios2eds/bin/gnu/h-i686-mingw32/bin/../lib/gcc/nios2-elf/4.7.3\libgcc.a(_fixunsdfsi.o)
                              obj/default/drive/mculcd.o (__fixunsdfsi)
d:/quartus13/nios2eds/bin/gnu/h-i686-mingw32/bin/../lib/gcc/nios2-elf/4.7.3\libgcc.a(_addsub_df.o)
                              d:/quartus13/nios2eds/bin/gnu/h-i686-mingw32/bin/../lib/gcc/nios2-elf/4.7.3\libgcc.a(_fixunsdfsi.o) (__subdf3)
d:/quartus13/nios2eds/bin/gnu/h-i686-mingw32/bin/../lib/gcc/nios2-elf/4.7.3\libgcc.a(_mul_df.o)
                              obj/default/drive/mculcd.o (__muldf3)
d:/quartus13/nios2eds/bin/gnu/h-i686-mingw32/bin/../lib/gcc/nios2-elf/4.7.3\libgcc.a(_ge_df.o)
                              d:/quartus13/nios2eds/bin/gnu/h-i686-mingw32/bin/../lib/gcc/nios2-elf/4.7.3\libgcc.a(_fixunsdfsi.o) (__gedf2)
d:/quartus13/nios2eds/bin/gnu/h-i686-mingw32/bin/../lib/gcc/nios2-elf/4.7.3\libgcc.a(_si_to_df.o)
                              obj/default/drive/mculcd.o (__floatsidf)
d:/quartus13/nios2eds/bin/gnu/h-i686-mingw32/bin/../lib/gcc/nios2-elf/4.7.3\libgcc.a(_df_to_si.o)
                              d:/quartus13/nios2eds/bin/gnu/h-i686-mingw32/bin/../lib/gcc/nios2-elf/4.7.3\libgcc.a(_fixunsdfsi.o) (__fixdfsi)
d:/quartus13/nios2eds/bin/gnu/h-i686-mingw32/bin/../lib/gcc/nios2-elf/4.7.3\libgcc.a(_thenan_df.o)
                              d:/quartus13/nios2eds/bin/gnu/h-i686-mingw32/bin/../lib/gcc/nios2-elf/4.7.3\libgcc.a(_addsub_df.o) (__thenan_df)
d:/quartus13/nios2eds/bin/gnu/h-i686-mingw32/bin/../lib/gcc/nios2-elf/4.7.3\libgcc.a(_muldi3.o)
                              d:/quartus13/nios2eds/bin/gnu/h-i686-mingw32/bin/../lib/gcc/nios2-elf/4.7.3\libgcc.a(_mul_df.o) (__muldi3)
d:/quartus13/nios2eds/bin/gnu/h-i686-mingw32/bin/../lib/gcc/nios2-elf/4.7.3\libgcc.a(_clzsi2.o)
                              d:/quartus13/nios2eds/bin/gnu/h-i686-mingw32/bin/../lib/gcc/nios2-elf/4.7.3\libgcc.a(_si_to_df.o) (__clzsi2)
d:/quartus13/nios2eds/bin/gnu/h-i686-mingw32/bin/../lib/gcc/nios2-elf/4.7.3\libgcc.a(_pack_df.o)
                              d:/quartus13/nios2eds/bin/gnu/h-i686-mingw32/bin/../lib/gcc/nios2-elf/4.7.3\libgcc.a(_addsub_df.o) (__pack_d)
d:/quartus13/nios2eds/bin/gnu/h-i686-mingw32/bin/../lib/gcc/nios2-elf/4.7.3\libgcc.a(_unpack_df.o)
                              d:/quartus13/nios2eds/bin/gnu/h-i686-mingw32/bin/../lib/gcc/nios2-elf/4.7.3\libgcc.a(_addsub_df.o) (__unpack_d)
d:/quartus13/nios2eds/bin/gnu/h-i686-mingw32/bin/../lib/gcc/nios2-elf/4.7.3\libgcc.a(_fpcmp_parts_df.o)
                              d:/quartus13/nios2eds/bin/gnu/h-i686-mingw32/bin/../lib/gcc/nios2-elf/4.7.3\libgcc.a(_ge_df.o) (__fpcmp_parts_d)
d:/quartus13/nios2eds/bin/gnu/h-i686-mingw32/bin/../lib/gcc/nios2-elf/4.7.3\libgcc.a(_lshrdi3.o)
                              d:/quartus13/nios2eds/bin/gnu/h-i686-mingw32/bin/../lib/gcc/nios2-elf/4.7.3\libgcc.a(_pack_df.o) (__lshrdi3)
d:/quartus13/nios2eds/bin/gnu/h-i686-mingw32/bin/../lib/gcc/nios2-elf/4.7.3\libgcc.a(_ashldi3.o)
                              d:/quartus13/nios2eds/bin/gnu/h-i686-mingw32/bin/../lib/gcc/nios2-elf/4.7.3\libgcc.a(_pack_df.o) (__ashldi3)
d:/quartus13/nios2eds/bin/gnu/h-i686-mingw32/bin/../lib/gcc/nios2-elf/4.7.3\libgcc.a(_clz.o)
                              d:/quartus13/nios2eds/bin/gnu/h-i686-mingw32/bin/../lib/gcc/nios2-elf/4.7.3\libgcc.a(_clzsi2.o) (__clz_tab)
d:/quartus13/nios2eds/bin/gnu/h-i686-mingw32/bin/../lib/gcc/nios2-elf/4.7.3/../../../../../H-i686-mingw32/nios2-elf/lib\libc.a(lib_a-printf.o)
                              obj/default/drive/mculcd.o (printf)
d:/quartus13/nios2eds/bin/gnu/h-i686-mingw32/bin/../lib/gcc/nios2-elf/4.7.3/../../../../../H-i686-mingw32/nios2-elf/lib\libc.a(lib_a-puts.o)
                              obj/default/qsys_lcd.o (puts)
d:/quartus13/nios2eds/bin/gnu/h-i686-mingw32/bin/../lib/gcc/nios2-elf/4.7.3/../../../../../H-i686-mingw32/nios2-elf/lib\libc.a(lib_a-strlen.o)
                              d:/quartus13/nios2eds/bin/gnu/h-i686-mingw32/bin/../lib/gcc/nios2-elf/4.7.3/../../../../../H-i686-mingw32/nios2-elf/lib\libc.a(lib_a-puts.o) (strlen)
d:/quartus13/nios2eds/bin/gnu/h-i686-mingw32/bin/../lib/gcc/nios2-elf/4.7.3/../../../../../H-i686-mingw32/nios2-elf/lib\libc.a(lib_a-vfprintf.o)
                              d:/quartus13/nios2eds/bin/gnu/h-i686-mingw32/bin/../lib/gcc/nios2-elf/4.7.3/../../../../../H-i686-mingw32/nios2-elf/lib\libc.a(lib_a-printf.o) (___vfprintf_internal_r)
d:/quartus13/nios2eds/bin/gnu/h-i686-mingw32/bin/../lib/gcc/nios2-elf/4.7.3/../../../../../H-i686-mingw32/nios2-elf/lib\libc.a(lib_a-wsetup.o)
                              d:/quartus13/nios2eds/bin/gnu/h-i686-mingw32/bin/../lib/gcc/nios2-elf/4.7.3/../../../../../H-i686-mingw32/nios2-elf/lib\libc.a(lib_a-vfprintf.o) (__swsetup_r)
d:/quartus13/nios2eds/bin/gnu/h-i686-mingw32/bin/../lib/gcc/nios2-elf/4.7.3/../../../../../H-i686-mingw32/nios2-elf/lib\libc.a(lib_a-dtoa.o)
[...]
Memory Configuration

Name             Origin             Length             Attributes
reset            0x00000000         0x00000020
epcs             0x00000020         0x000007e0
sdram_BEFORE_EXCEPTION 0x04000000         0x00000020
sdram            0x04000020         0x01ffffe0
*default*        0x00000000         0xffffffff

Linker script and memory map

LOAD ../qsys_lcd_bsp//obj/HAL/src/crt0.o
LOAD obj/default/drive/mculcd.o
LOAD obj/default/qsys_lcd.o
LOAD d:/quartus13/nios2eds/bin/gnu/h-i686-mingw32/bin/../lib/gcc/nios2-elf/4.7.3/../../../../../H-i686-mingw32/nios2-elf/lib\libstdc++.a
LOAD d:/quartus13/nios2eds/bin/gnu/h-i686-mingw32/bin/../lib/gcc/nios2-elf/4.7.3/../../../../../H-i686-mingw32/nios2-elf/lib\libm.a
LOAD d:/quartus13/nios2eds/bin/gnu/h-i686-mingw32/bin/../lib/gcc/nios2-elf/4.7.3\libgcc.a
START GROUP
LOAD d:/quartus13/nios2eds/bin/gnu/h-i686-mingw32/bin/../lib/gcc/nios2-elf/4.7.3/../../../../../H-i686-mingw32/nios2-elf/lib\libc.a
LOAD d:/quartus13/nios2eds/bin/gnu/h-i686-mingw32/bin/../lib/gcc/nios2-elf/4.7.3\libgcc.a
LOAD ../qsys_lcd_bsp/\libhal_bsp.a
END GROUP
LOAD d:/quartus13/nios2eds/bin/gnu/h-i686-mingw32/bin/../lib/gcc/nios2-elf/4.7.3\libgcc.a
                0x00000000                __alt_mem_epcs = 0x0
                0x04000000                __alt_mem_sdram = 0x4000000

.entry          0x00000000        0x0
 *(.entry)
 .entry         0x00000000        0x0 ../qsys_lcd_bsp//obj/HAL/src/crt0.o
                0x00000000                __reset

.exceptions     0x04000020      0x198
                0x04000020                PROVIDE (__ram_exceptions_start, ABSOLUTE (.))
                0x04000020                . = ALIGN (0x20)
 *(.irq)
 *(.exceptions.entry.label)
 .exceptions.entry.label
                0x04000020        0x0 ../qsys_lcd_bsp/\libhal_bsp.a(alt_irq_entry.o)
                0x04000020                alt_irq_entry
 .exceptions.entry.label
                0x04000020        0x0 ../qsys_lcd_bsp/\libhal_bsp.a(alt_exception_entry.o)
                0x04000020                alt_exception
 *(.exceptions.entry.user)
 *(.exceptions.entry.ecc_fatal)
 *(.exceptions.entry)
 .exceptions.entry
                0x04000020       0x54 ../qsys_lcd_bsp/\libhal_bsp.a(alt_exception_entry.o)
 *(.exceptions.irqtest.user)
 *(.exceptions.irqtest)
 .exceptions.irqtest
                0x04000074       0x10 ../qsys_lcd_bsp/\libhal_bsp.a(alt_irq_entry.o)
 *(.exceptions.irqhandler.user)
 *(.exceptions.irqhandler)
 .exceptions.irqhandler
                0x04000084        0x4 ../qsys_lcd_bsp/\libhal_bsp.a(alt_irq_entry.o)
 *(.exceptions.irqreturn.user)
 *(.exceptions.irqreturn)
 .exceptions.irqreturn
                0x04000088        0x4 ../qsys_lcd_bsp/\libhal_bsp.a(alt_irq_entry.o)
 *(.exceptions.notirq.label)
 .exceptions.notirq.label
                0x0400008c        0x0 ../qsys_lcd_bsp/\libhal_bsp.a(alt_irq_entry.o)
 *(.exceptions.notirq.user)
 *(.exceptions.notirq)
 .exceptions.notirq
                0x0400008c        0x8 ../qsys_lcd_bsp/\libhal_bsp.a(alt_exception_entry.o)
 *(.exceptions.soft.user)
 *(.exceptions.soft)
 *(.exceptions.unknown.user)
 *(.exceptions.unknown)
 .exceptions.unknown
                0x04000094        0x4 ../qsys_lcd_bsp/\libhal_bsp.a(alt_exception_entry.o)
 *(.exceptions.exit.label)
 .exceptions.exit.label
                0x04000098        0x0 ../qsys_lcd_bsp/\libhal_bsp.a(alt_irq_entry.o)
 .exceptions.exit.label
                0x04000098        0x0 ../qsys_lcd_bsp/\libhal_bsp.a(alt_exception_entry.o)
 *(.exceptions.exit.user)
 *(.exceptions.exit)
 .exceptions.exit
                0x04000098       0x54 ../qsys_lcd_bsp/\libhal_bsp.a(alt_exception_entry.o)
 *(.exceptions)
 .exceptions    0x040000ec       0xcc ../qsys_lcd_bsp/\libhal_bsp.a(alt_irq_handler.o)
                0x040000ec                alt_irq_handler
                0x040001b8                PROVIDE (__ram_exceptions_end, ABSOLUTE (.))
                0x04000020                PROVIDE (__flash_exceptions_start, LOADADDR (.exceptions))

.text           0x040001b8    0x12168
                0x040001b8                PROVIDE (stext, ABSOLUTE (.))
 *(.interp)
 *(.hash)
 *(.dynsym)
 *(.dynstr)
 *(.gnu.version)
 *(.gnu.version_d)
 *(.gnu.version_r)
 *(.rel.init)
 *(.rela.init)
 *(.rel.text .rel.text.* .rel.gnu.linkonce.t.*)
 *(.rela.text .rela.text.* .rela.gnu.linkonce.t.*)
 *(.rel.fini)
 *(.rela.fini)
 *(.rel.rodata .rel.rodata.* .rel.gnu.linkonce.r.*)
 *(.rela.rodata .rela.rodata.* .rela.gnu.linkonce.r.*)
 *(.rel.data .rel.data.* .rel.gnu.linkonce.d.*)
 *(.rela.data .rela.data.* .rela.gnu.linkonce.d.*)
 *(.rel.tdata .rel.tdata.* .rel.gnu.linkonce.td.*)
 *(.rela.tdata .rela.tdata.* .rela.gnu.linkonce.td.*)
 *(.rel.tbss .rel.tbss.* .rel.gnu.linkonce.tb.*)
 *(.rela.tbss .rela.tbss.* .rela.gnu.linkonce.tb.*)
 *(.rel.ctors)
 *(.rela.ctors)
 *(.rel.dtors)
 *(.rela.dtors)
 *(.rel.got)
 *(.rela.got)
 *(.rel.sdata .rel.sdata.* .rel.gnu.linkonce.s.*)
 *(.rela.sdata .rela.sdata.* .rela.gnu.linkonce.s.*)
 *(.rel.sbss .rel.sbss.* .rel.gnu.linkonce.sb.*)
 *(.rela.sbss .rela.sbss.* .rela.gnu.linkonce.sb.*)
 *(.rel.sdata2 .rel.sdata2.* .rel.gnu.linkonce.s2.*)
 *(.rela.sdata2 .rela.sdata2.* .rela.gnu.linkonce.s2.*)
 *(.rel.sbss2 .rel.sbss2.* .rel.gnu.linkonce.sb2.*)
 *(.rela.sbss2 .rela.sbss2.* .rela.gnu.linkonce.sb2.*)
 *(.rel.bss .rel.bss.* .rel.gnu.linkonce.b.*)
 *(.rela.bss .rela.bss.* .rela.gnu.linkonce.b.*)
 *(.rel.plt)
 *(.rela.plt)
 *(.rel.dyn)
 *(.init)
 *(.plt)
 *(.text .stub .text.* .gnu.linkonce.t.*)
 .text          0x040001b8       0x48 ../qsys_lcd_bsp//obj/HAL/src/crt0.o
                0x040001b8                _start
 .text          0x04000200     0x53d0 obj/default/drive/mculcd.o
                0x04000200                delay_ms
                0x04000238                LCD_WR_CMD
                0x040002a0                LCD_WR_DATA
                0x040002fc                LCD_RD_DATA
                0x04000368                LCD_WriteReg
                0x040003a4                LCD_ReadReg
                0x040003e0                LCD_WriteRAM_Prepare
                0x04000418                LCD_WriteRAM
                0x04000448                LCD_BGR2RGB
                0x040004b8                LCD_ReadPoint
                0x04000604                LCD_DisplayOn
                0x0400068c                LCD_DisplayOff
                0x04000714                LCD_SetCursor
                0x040009e8                LCD_Scan_Dir
                0x04000f80                LCD_DrawPoint
                0x04000fc8                LCD_Fast_DrawPoint
                0x04001244                LCD_SSD_BackLightSet
                0x040012f4                LCD_Display_Dir
                0x04001648                LCD_Set_Window
                0x040019fc                MCULCD_Init
                0x040047f4                LCD_Clear
                0x04004880                LCD_Fill
                0x04004928                LCD_Color_Fill
                0x04004a10                LCD_DrawLine
                0x04004bc0                LCD_DrawRectangle
                0x04004c44                LCD_Draw_Circle
                0x04004e2c                LCD_ShowChar
                0x04005094                LCD_Pow
                0x040050fc                LCD_ShowNum
                0x04005248                LCD_ShowxNum
                0x04005408                LCD_ShowString
                0x04005528                LCD_DisplayPic
 .text          0x040055d0      0x13c obj/default/qsys_lcd.o
                0x040055d0                main
 .text          0x0400570c       0x84 d:/quartus13/nios2eds/bin/gnu/h-i686-mingw32/bin/../lib/gcc/nios2-elf/4.7.3\libgcc.a(_fixunsdfsi.o)
                0x0400570c                __fixunsdfsi
 .text          0x04005790      0x408 d:/quartus13/nios2eds/bin/gnu/h-i686-mingw32/bin/../lib/gcc/nios2-elf/4.7.3\libgcc.a(_addsub_df.o)
                0x04005ae4                __adddf3
                0x04005b38                __subdf3
 .text          0x04005b98      0x2e4 d:/quartus13/nios2eds/bin/gnu/h-i686-mingw32/bin/../lib/gcc/nios2-elf/4.7.3\libgcc.a(_mul_df.o)
                0x04005b98                __muldf3
 .text          0x04005e7c       0x64 d:/quartus13/nios2eds/bin/gnu/h-i686-mingw32/bin/../lib/gcc/nios2-elf/4.7.3\libgcc.a(_ge_df.o)
                0x04005e7c                __gedf2
 .text          0x04005ee0       0xd4 d:/quartus13/nios2eds/bin/gnu/h-i686-mingw32/bin/../lib/gcc/nios2-elf/4.7.3\libgcc.a(_si_to_df.o)
                0x04005ee0                __floatsidf
 .text          0x04005fb4       0xd4 d:/quartus13/nios2eds/bin/gnu/h-i686-mingw32/bin/../lib/gcc/nios2-elf/4.7.3\libgcc.a(_df_to_si.o)
                0x04005fb4                __fixdfsi
 .text          0x04006088        0x0 d:/quartus13/nios2eds/bin/gnu/h-i686-mingw32/bin/../lib/gcc/nios2-elf/4.7.3\libgcc.a(_thenan_df.o)
 .text          0x04006088       0x60 d:/quartus13/nios2eds/bin/gnu/h-i686-mingw32/bin/../lib/gcc/nios2-elf/4.7.3\libgcc.a(_muldi3.o)
                0x04006088                __muldi3
 .text          0x040060e8       0xac d:/quartus13/nios2eds/bin/gnu/h-i686-mingw32/bin/../lib/gcc/nios2-elf/4.7.3\libgcc.a(_clzsi2.o)
                0x040060e8                __clzsi2
 .text          0x04006194      0x224 d:/quartus13/nios2eds/bin/gnu/h-i686-mingw32/bin/../lib/gcc/nios2-elf/4.7.3\libgcc.a(_pack_df.o)
                0x04006194                __pack_d
 .text          0x040063b8      0x104 d:/quartus13/nios2eds/bin/gnu/h-i686-mingw32/bin/../lib/gcc/nios2-elf/4.7.3\libgcc.a(_unpack_df.o)
                0x040063b8                __unpack_d
 .text          0x040064bc       0xd0 d:/quartus13/nios2eds/bin/gnu/h-i686-mingw32/bin/../lib/gcc/nios2-elf/4.7.3\libgcc.a(_fpcmp_parts_df.o)
                0x040064bc                __fpcmp_parts_d
 .text          0x0400658c       0x44 d:/quartus13/nios2eds/bin/gnu/h-i686-mingw32/bin/../lib/gcc/nios2-elf/4.7.3\libgcc.a(_lshrdi3.o)
                0x0400658c                __lshrdi3
 .text          0x040065d0       0x44 d:/quartus13/nios2eds/bin/gnu/h-i686-mingw32/bin/../lib/gcc/nios2-elf/4.7.3\libgcc.a(_ashldi3.o)
                0x040065d0                __ashldi3
 .text          0x04006614        0x0 d:/quartus13/nios2eds/bin/gnu/h-i686-mingw32/bin/../lib/gcc/nios2-elf/4.7.3\libgcc.a(_clz.o)
 .text          0x04006614       0x68 d:/quartus13/nios2eds/bin/gnu/h-i686-mingw32/bin/../lib/gcc/nios2-elf/4.7.3/../../../../../H-i686-mingw32/nios2-elf/lib\libc.a(lib_a-printf.o)
                0x04006614                _printf_r
                0x04006640                printf
 .text          0x0400667c       0x98 d:/quartus13/nios2eds/bin/gnu/h-i686-mingw32/bin/../lib/gcc/nios2-elf/4.7.3/../../../../../H-i686-mingw32/nios2-elf/lib\libc.a(lib_a-puts.o)
                0x0400667c                _puts_r
                0x04006700                puts
 .text          0x04006714       0x8c d:/quartus13/nios2eds/bin/gnu/h-i686-mingw32/bin/../lib/gcc/nios2-elf/4.7.3/../../../../../H-i686-mingw32/nios2-elf/lib\libc.a(lib_a-strlen.o)
                0x04006714                strlen
 .text          0x040067a0     0x1e50 d:/quartus13/nios2eds/bin/gnu/h-i686-mingw32/bin/../lib/gcc/nios2-elf/4.7.3/../../../../../H-i686-mingw32/nios2-elf/lib\libc.a(lib_a-vfprintf.o)
                0x040067d4                ___vfprintf_internal_r
                0x040085cc                __vfprintf_internal
 .text          0x040085f0      0x174 d:/quartus13/nios2eds/bin/gnu/h-i686-mingw32/bin/../lib/gcc/nios2-elf/4.7.3/../../../../../H-i686-mingw32/nios2-elf/lib\libc.a(lib_a-wsetup.o)
                0x040085f0                __swsetup_r
 .text          0x04008764     0x1824 d:/quartus13/nios2eds/bin/gnu/h-i686-mingw32/bin/../lib/gcc/nios2-elf/4.7.3/../../../../../H-i686-mingw32/nios2-elf/lib\libc.a(lib_a-dtoa.o)
                0x0400896c                _dtoa_r
 .text          0x04009f88      0x218 d:/quartus13/nios2eds/bin/gnu/h-i686-mingw32/bin/../lib/gcc/nios2-elf/4.7.3/../../../../../H-i686-mingw32/nios2-elf/lib\libc.a(lib_a-fflush.o)
                0x04009f88                _fflush_r
                0x0400a170                fflush
 .text          0x0400a1a0      0x2d8 d:/quartus13/nios2eds/bin/gnu/h-i686-mingw32/bin/../lib/gcc/nios2-elf/4.7.3/../../../../../H-i686-mingw32/nios2-elf/lib\libc.a(lib_a-findfp.o)
                0x0400a1b0                _cleanup_r
                0x0400a1bc                __sfmoreglue
                0x0400a220                _cleanup
                0x0400a230                __sinit
                0x0400a33c                __sfp
                0x0400a438                __sfp_lock_acquire
                0x0400a43c                __sfp_lock_release
                0x0400a440                __sinit_lock_acquire
                0x0400a444                __sinit_lock_release
                0x0400a448                __fp_lock_all
                0x0400a460                __fp_unlock_all
 .text          0x0400a478      0x40c d:/quartus13/nios2eds/bin/gnu/h-i686-mingw32/bin/../lib/gcc/nios2-elf/4.7.3/../../../../../H-i686-mingw32/nios2-elf/lib\libc.a(lib_a-freer.o)
                0x0400a478                _malloc_trim_r
                0x0400a5b4                _free_r
 .text          0x0400a884      0x4e4 d:/quartus13/nios2eds/bin/gnu/h-i686-mingw32/bin/../lib/gcc/nios2-elf/4.7.3/../../../../../H-i686-mingw32/nios2-elf/lib\libc.a(lib_a-fvwrite.o)
                0x0400a884                __sfvwrite_r
 .text          0x0400ad68      0x160 d:/quartus13/nios2eds/bin/gnu/h-i686-mingw32/bin/../lib/gcc/nios2-elf/4.7.3/../../../../../H-i686-mingw32/nios2-elf/lib\libc.a(lib_a-fwalk.o)
                0x0400ad68                _fwalk
                0x0400ae10                _fwalk_reent
 .text          0x0400aec8        0x0 d:/quartus13/nios2eds/bin/gnu/h-i686-mingw32/bin/../lib/gcc/nios2-elf/4.7.3/../../../../../H-i686-mingw32/nios2-elf/lib\libc.a(lib_a-impure.o)
 .text          0x0400aec8       0xdc d:/quartus13/nios2eds/bin/gnu/h-i686-mingw32/bin/../lib/gcc/nios2-elf/4.7.3/../../../../../H-i686-mingw32/nios2-elf/lib\libc.a(lib_a-locale.o)
                0x0400aec8                _setlocale_r
                0x0400af64                __locale_charset
                0x0400af70                _localeconv_r
                0x0400af7c                setlocale
                0x0400af98                localeconv
 .text          0x0400afa4      0x1a8 d:/quartus13/nios2eds/bin/gnu/h-i686-mingw32/bin/../lib/gcc/nios2-elf/4.7.3/../../../../../H-i686-mingw32/nios2-elf/lib\libc.a(lib_a-makebuf.o)
                0x0400afa4                __smakebuf_r
 .text          0x0400b14c      0x784 d:/quartus13/nios2eds/bin/gnu/h-i686-mingw32/bin/../lib/gcc/nios2-elf/4.7.3/../../../../../H-i686-mingw32/nios2-elf/lib\libc.a(lib_a-mallocr.o)
                0x0400b14c                _malloc_r
 .text          0x0400b8d0       0xf8 d:/quartus13/nios2eds/bin/gnu/h-i686-mingw32/bin/../lib/gcc/nios2-elf/4.7.3/../../../../../H-i686-mingw32/nios2-elf/lib\libc.a(lib_a-memchr.o)
                0x0400b8d0                memchr
 .text          0x0400b9c8       0xf8 d:/quartus13/nios2eds/bin/gnu/h-i686-mingw32/bin/../lib/gcc/nios2-elf/4.7.3/../../../../../H-i686-mingw32/nios2-elf/lib\libc.a(lib_a-memcpy.o)
                0x0400b9c8                memcpy
 .text          0x0400bac0      0x128 d:/quartus13/nios2eds/bin/gnu/h-i686-mingw32/bin/../lib/gcc/nios2-elf/4.7.3/../../../../../H-i686-mingw32/nios2-elf/lib\libc.a(lib_a-memmove.o)
                0x0400bac0                memmove
 .text          0x0400bbe8       0xdc d:/quartus13/nios2eds/bin/gnu/h-i686-mingw32/bin/../lib/gcc/nios2-elf/4.7.3/../../../../../H-i686-mingw32/nios2-elf/lib\libc.a(lib_a-memset.o)
                0x0400bbe8                memset
 .text          0x0400bcc4      0xfa8 d:/quartus13/nios2eds/bin/gnu/h-i686-mingw32/bin/../lib/gcc/nios2-elf/4.7.3/../../../../../H-i686-mingw32/nios2-elf/lib\libc.a(lib_a-mprec.o)
                0x0400bcc4                _Balloc
                0x0400bd6c                _Bfree
                0x0400bd94                __multadd
                0x0400bea8                __s2b
                0x0400bfac                __hi0bits
                0x0400c014                __lo0bits
                0x0400c0c4                __i2b
                0x0400c100                __multiply
                0x0400c2e0                __pow5mult
                0x0400c40c                __lshift
                0x0400c568                __mcmp
                0x0400c5c0                __mdiff
                0x0400c768                __ulp
                0x0400c7c8                __b2d
                0x0400c910                __d2b
                0x0400ca54                __ratio
                0x0400caf8                _mprec_log10
                0x0400cb6c                __copybits
                0x0400cbe8                __any_on
 .text          0x0400cc6c      0x5fc d:/quartus13/nios2eds/bin/gnu/h-i686-mingw32/bin/../lib/gcc/nios2-elf/4.7.3/../../../../../H-i686-mingw32/nios2-elf/lib\libc.a(lib_a-reallocr.o)
                0x0400cc6c                _realloc_r
 .text          0x0400d268       0x38 d:/quartus13/nios2eds/bin/gnu/h-i686-mingw32/bin/../lib/gcc/nios2-elf/4.7.3/../../../../../H-i686-mingw32/nios2-elf/lib\libc.a(lib_a-s_isinfd.o)
                0x0400d268                __isinfd
 .text          0x0400d2a0       0x2c d:/quartus13/nios2eds/bin/gnu/h-i686-mingw32/bin/../lib/gcc/nios2-elf/4.7.3/../../../../../H-i686-mingw32/nios2-elf/lib\libc.a(lib_a-s_isnand.o)
                0x0400d2a0                __isnand
 .text          0x0400d2cc       0x64 d:/quartus13/nios2eds/bin/gnu/h-i686-mingw32/bin/../lib/gcc/nios2-elf/4.7.3/../../../../../H-i686-mingw32/nios2-elf/lib\libc.a(lib_a-sbrkr.o)
                0x0400d2cc                _sbrk_r
 .text          0x0400d330      0x140 d:/quartus13/nios2eds/bin/gnu/h-i686-mingw32/bin/../lib/gcc/nios2-elf/4.7.3/../../../../../H-i686-mingw32/nios2-elf/lib\libc.a(lib_a-stdio.o)
                0x0400d330                __sread
                0x0400d384                __swrite
                0x0400d40c                __sseek
                0x0400d468                __sclose
 .text          0x0400d470       0xa4 d:/quartus13/nios2eds/bin/gnu/h-i686-mingw32/bin/../lib/gcc/nios2-elf/4.7.3/../../../../../H-i686-mingw32/nios2-elf/lib\libc.a(lib_a-strcmp.o)
                0x0400d470                strcmp
 .text          0x0400d514       0x6c d:/quartus13/nios2eds/bin/gnu/h-i686-mingw32/bin/../lib/gcc/nios2-elf/4.7.3/../../../../../H-i686-mingw32/nios2-elf/lib\libc.a(lib_a-writer.o)
                0x0400d514                _write_r
 .text          0x0400d580       0xbc d:/quartus13/nios2eds/bin/gnu/h-i686-mingw32/bin/../lib/gcc/nios2-elf/4.7.3/../../../../../H-i686-mingw32/nios2-elf/lib\libc.a(lib_a-callocr.o)
                0x0400d580                _calloc_r
 .text          0x0400d63c       0x64 d:/quartus13/nios2eds/bin/gnu/h-i686-mingw32/bin/../lib/gcc/nios2-elf/4.7.3/../../../../../H-i686-mingw32/nios2-elf/lib\libc.a(lib_a-closer.o)
                0x0400d63c                _close_r
 .text          0x0400d6a0      0x150 d:/quartus13/nios2eds/bin/gnu/h-i686-mingw32/bin/../lib/gcc/nios2-elf/4.7.3/../../../../../H-i686-mingw32/nios2-elf/lib\libc.a(lib_a-fclose.o)
                0x0400d6a0                _fclose_r
                0x0400d7dc                fclose
 .text          0x0400d7f0       0x68 d:/quartus13/nios2eds/bin/gnu/h-i686-mingw32/bin/../lib/gcc/nios2-elf/4.7.3/../../../../../H-i686-mingw32/nios2-elf/lib\libc.a(lib_a-fstatr.o)
                0x0400d7f0                _fstat_r
 .text          0x0400d858        0x0 d:/quartus13/nios2eds/bin/gnu/h-i686-mingw32/bin/../lib/gcc/nios2-elf/4.7.3/../../../../../H-i686-mingw32/nios2-elf/lib\libc.a(lib_a-int_errno.o)
 .text          0x0400d858       0x64 d:/quartus13/nios2eds/bin/gnu/h-i686-mingw32/bin/../lib/gcc/nios2-elf/4.7.3/../../../../../H-i686-mingw32/nios2-elf/lib\libc.a(lib_a-isattyr.o)
                0x0400d858                _isatty_r
 .text          0x0400d8bc       0x6c d:/quartus13/nios2eds/bin/gnu/h-i686-mingw32/bin/../lib/gcc/nios2-elf/4.7.3/../../../../../H-i686-mingw32/nios2-elf/lib\libc.a(lib_a-lseekr.o)
                0x0400d8bc                _lseek_r
 .text          0x0400d928       0x6c d:/quartus13/nios2eds/bin/gnu/h-i686-mingw32/bin/../lib/gcc/nios2-elf/4.7.3/../../../../../H-i686-mingw32/nios2-elf/lib\libc.a(lib_a-readr.o)
                0x0400d928                _read_r
 .text          0x0400d994      0x5c8 d:/quartus13/nios2eds/bin/gnu/h-i686-mingw32/bin/../lib/gcc/nios2-elf/4.7.3\libgcc.a(_udivdi3.o)
                0x0400d994                __udivdi3
 .text          0x0400df5c      0x58c d:/quartus13/nios2eds/bin/gnu/h-i686-mingw32/bin/../lib/gcc/nios2-elf/4.7.3\libgcc.a(_umoddi3.o)
                0x0400df5c                __umoddi3
 .text          0x0400e4e8      0x1b4 d:/quartus13/nios2eds/bin/gnu/h-i686-mingw32/bin/../lib/gcc/nios2-elf/4.7.3\libgcc.a(_div_df.o)
                0x0400e4e8                __divdf3
 .text          0x0400e69c       0x5c d:/quartus13/nios2eds/bin/gnu/h-i686-mingw32/bin/../lib/gcc/nios2-elf/4.7.3\libgcc.a(_eq_df.o)
                0x0400e69c                __eqdf2
 .text          0x0400e6f8       0x5c d:/quartus13/nios2eds/bin/gnu/h-i686-mingw32/bin/../lib/gcc/nios2-elf/4.7.3\libgcc.a(_ne_df.o)
                0x0400e6f8                __nedf2
 .text          0x0400e754       0x64 d:/quartus13/nios2eds/bin/gnu/h-i686-mingw32/bin/../lib/gcc/nios2-elf/4.7.3\libgcc.a(_gt_df.o)
                0x0400e754                __gtdf2
 .text          0x0400e7b8       0x5c d:/quartus13/nios2eds/bin/gnu/h-i686-mingw32/bin/../lib/gcc/nios2-elf/4.7.3\libgcc.a(_lt_df.o)
                0x0400e7b8                __ltdf2
 .text          0x0400e814      0x11c d:/quartus13/nios2eds/bin/gnu/h-i686-mingw32/bin/../lib/gcc/nios2-elf/4.7.3\libgcc.a(_usi_to_df.o)
                0x0400e814                __floatunsidf
 .text          0x0400e930      0x130 d:/quartus13/nios2eds/bin/gnu/h-i686-mingw32/bin/../lib/gcc/nios2-elf/4.7.3\libgcc.a(lib2-divmod.o)
                0x0400e9a4                __divsi3
                0x0400e9f4                __modsi3
                0x0400ea50                __udivsi3
                0x0400ea58                __umodsi3
 .text          0x0400ea60      0x118 ../qsys_lcd_bsp/\libhal_bsp.a(alt_close.o)
                0x0400eab0                close
 .text          0x0400eb78       0x2c ../qsys_lcd_bsp/\libhal_bsp.a(alt_dev.o)
 .text          0x0400eba4        0x0 ../qsys_lcd_bsp/\libhal_bsp.a(alt_errno.o)
 .text          0x0400eba4       0xfc ../qsys_lcd_bsp/\libhal_bsp.a(alt_fstat.o)
                0x0400ebf4                fstat
 .text          0x0400eca0       0xf0 ../qsys_lcd_bsp/\libhal_bsp.a(alt_isatty.o)
                0x0400ecf0                isatty
 .text          0x0400ed90      0x120 ../qsys_lcd_bsp/\libhal_bsp.a(alt_lseek.o)
                0x0400ede0                lseek
 .text          0x0400eeb0       0x78 ../qsys_lcd_bsp/\libhal_bsp.a(alt_main.o)
                0x0400eeb0                alt_main
 .text          0x0400ef28       0x40 ../qsys_lcd_bsp/\libhal_bsp.a(alt_malloc_lock.o)
                0x0400ef28                __malloc_lock
                0x0400ef48                __malloc_unlock
 .text          0x0400ef68      0x140 ../qsys_lcd_bsp/\libhal_bsp.a(alt_read.o)
                0x0400efb8                read
 .text          0x0400f0a8       0x60 ../qsys_lcd_bsp/\libhal_bsp.a(alt_release_fd.o)
                0x0400f0a8                alt_release_fd
 .text          0x0400f108       0xb0 ../qsys_lcd_bsp/\libhal_bsp.a(alt_sbrk.o)
                0x0400f108                sbrk
 .text          0x0400f1b8       0x30 ../qsys_lcd_bsp/\libhal_bsp.a(alt_usleep.o)
                0x0400f1b8                usleep
 .text          0x0400f1e8      0x13c ../qsys_lcd_bsp/\libhal_bsp.a(alt_write.o)
                0x0400f238                write
 .text          0x0400f324       0xbc ../qsys_lcd_bsp/\libhal_bsp.a(alt_sys_init.o)
                0x0400f35c                alt_irq_init
                0x0400f390                alt_sys_init
 .text          0x0400f3e0      0x990 ../qsys_lcd_bsp/\libhal_bsp.a(altera_avalon_epcs_flash_controller.o)
                0x0400f418                alt_epcs_flash_init
                0x0400f7e0                alt_epcs_flash_write
                0x0400fa40                alt_epcs_flash_get_info
                0x0400fb60                alt_epcs_flash_erase_block
                0x0400fbd4                alt_epcs_flash_write_block
                0x0400fcd8                alt_epcs_flash_read
 .text          0x0400fd70      0x164 ../qsys_lcd_bsp/\libhal_bsp.a(altera_avalon_jtag_uart_fd.o)
                0x0400fd70                altera_avalon_jtag_uart_read_fd
                0x0400fdd0                altera_avalon_jtag_uart_write_fd
                0x0400fe30                altera_avalon_jtag_uart_close_fd
                0x0400fe80                altera_avalon_jtag_uart_ioctl_fd
 .text          0x0400fed4      0x3d0 ../qsys_lcd_bsp/\libhal_bsp.a(altera_avalon_jtag_uart_init.o)
                0x0400fed4                altera_avalon_jtag_uart_init
                0x0401023c                altera_avalon_jtag_uart_close
 .text          0x040102a4       0xf4 ../qsys_lcd_bsp/\libhal_bsp.a(altera_avalon_jtag_uart_ioctl.o)
                0x040102a4                altera_avalon_jtag_uart_ioctl
 .text          0x04010398      0x218 ../qsys_lcd_bsp/\libhal_bsp.a(altera_avalon_jtag_uart_read.o)
                0x04010398                altera_avalon_jtag_uart_read
 .text          0x040105b0      0x224 ../qsys_lcd_bsp/\libhal_bsp.a(altera_avalon_jtag_uart_write.o)
                0x040105b0                altera_avalon_jtag_uart_write
 .text          0x040107d4      0x624 ../qsys_lcd_bsp/\libhal_bsp.a(epcs_commands.o)
                0x040107d4                epcs_read_status_register
                0x040108a0                epcs_sector_erase
                0x04010998                epcs_read_buffer
                0x04010a8c                epcs_write_enable
                0x04010adc                epcs_write_status_register
                0x04010b44                epcs_write_buffer
                0x04010c60                epcs_read_electronic_signature
                0x04010cc8                epcs_read_device_id
                0x04010d48                epcs_enter_4_bytes_mode
                0x04010da0                epcs_exit_4_bytes_mode
 .text          0x04010df8      0x140 ../qsys_lcd_bsp/\libhal_bsp.a(alt_alarm_start.o)
                0x04010df8                alt_alarm_start
 .text          0x04010f38      0x128 ../qsys_lcd_bsp/\libhal_bsp.a(alt_busy_sleep.o)
                0x04010f38                alt_busy_sleep
 .text          0x04011060       0xf0 ../qsys_lcd_bsp/\libhal_bsp.a(alt_dev_llist_insert.o)
                0x040110b0                alt_dev_llist_insert
 .text          0x04011150       0x5c ../qsys_lcd_bsp/\libhal_bsp.a(alt_do_ctors.o)
                0x04011150                _do_ctors
 .text          0x040111ac       0x5c ../qsys_lcd_bsp/\libhal_bsp.a(alt_do_dtors.o)
                0x040111ac                _do_dtors
 .text          0x04011208       0xb8 ../qsys_lcd_bsp/\libhal_bsp.a(alt_flash_dev.o)
                0x04011208                alt_flash_open_dev
                0x04011270                alt_flash_close_dev
 .text          0x040112c0      0x1d8 ../qsys_lcd_bsp/\libhal_bsp.a(alt_iic.o)
                0x040112c0                alt_ic_isr_register
                0x04011310                alt_ic_irq_enable
                0x040113ac                alt_ic_irq_disable
                0x0401144c                alt_ic_irq_enabled
 .text          0x04011498       0xf0 ../qsys_lcd_bsp/\libhal_bsp.a(alt_iic_isr_register.o)
                0x04011498                alt_iic_isr_register
 .text          0x04011588      0x138 ../qsys_lcd_bsp/\libhal_bsp.a(alt_io_redirect.o)
                0x04011648                alt_io_redirect
 .text          0x040116c0        0x0 ../qsys_lcd_bsp/\libhal_bsp.a(alt_irq_entry.o)
 .text          0x040116c0        0x0 ../qsys_lcd_bsp/\libhal_bsp.a(alt_irq_handler.o)
 .text          0x040116c0        0x0 ../qsys_lcd_bsp/\libhal_bsp.a(alt_irq_vars.o)
 .text          0x040116c0      0x270 ../qsys_lcd_bsp/\libhal_bsp.a(alt_open.o)
                0x040117dc                open
 .text          0x04011930      0x19c ../qsys_lcd_bsp/\libhal_bsp.a(alt_tick.o)
                0x04011930                alt_alarm_stop
                0x040119c8                alt_tick
 .text          0x04011acc       0x20 ../qsys_lcd_bsp/\libhal_bsp.a(altera_nios2_qsys_irq.o)
                0x04011acc                altera_nios2_qsys_irq_init
 .text          0x04011aec      0x208 ../qsys_lcd_bsp/\libhal_bsp.a(altera_avalon_spi.o)
                0x04011aec                alt_avalon_spi_command
 .text          0x04011cf4        0x0 ../qsys_lcd_bsp/\libhal_bsp.a(alt_exception_entry.o)
 .text          0x04011cf4       0x90 ../qsys_lcd_bsp/\libhal_bsp.a(alt_find_dev.o)
                0x04011cf4                alt_find_dev
 .text          0x04011d84      0x114 ../qsys_lcd_bsp/\libhal_bsp.a(alt_find_file.o)
                0x04011d84                alt_find_file
 .text          0x04011e98       0xb4 ../qsys_lcd_bsp/\libhal_bsp.a(alt_get_fd.o)
                0x04011e98                alt_get_fd
 .text          0x04011f4c       0x14 d:/quartus13/nios2eds/bin/gnu/h-i686-mingw32/bin/../lib/gcc/nios2-elf/4.7.3/../../../../../H-i686-mingw32/nios2-elf/lib\libc.a(lib_a-atexit.o)
                0x04011f4c                atexit
 .text          0x04011f60       0x38 d:/quartus13/nios2eds/bin/gnu/h-i686-mingw32/bin/../lib/gcc/nios2-elf/4.7.3/../../../../../H-i686-mingw32/nios2-elf/lib\libc.a(lib_a-exit.o)
                0x04011f60                exit
 .text          0x04011f98       0x7c d:/quartus13/nios2eds/bin/gnu/h-i686-mingw32/bin/../lib/gcc/nios2-elf/4.7.3/../../../../../H-i686-mingw32/nios2-elf/lib\libc.a(lib_a-memcmp.o)
                0x04011f98                memcmp
 .text          0x04012014      0x130 d:/quartus13/nios2eds/bin/gnu/h-i686-mingw32/bin/../lib/gcc/nios2-elf/4.7.3/../../../../../H-i686-mingw32/nios2-elf/lib\libc.a(lib_a-__atexit.o)
                0x04012014                __register_exitproc
 .text          0x04012144      0x1a0 d:/quartus13/nios2eds/bin/gnu/h-i686-mingw32/bin/../lib/gcc/nios2-elf/4.7.3/../../../../../H-i686-mingw32/nios2-elf/lib\libc.a(lib_a-__call_atexit.o)
                0x04012144                __call_exitprocs
 .text          0x040122e4       0x3c ../qsys_lcd_bsp/\libhal_bsp.a(alt_exit.o)
                0x040122e4                _exit
 *(.gnu.warning.*)
 *(.fini)
                0x04012320                PROVIDE (__etext, ABSOLUTE (.))
                0x04012320                PROVIDE (_etext, ABSOLUTE (.))
                0x04012320                PROVIDE (etext, ABSOLUTE (.))
 *(.eh_frame_hdr)
                0x04012320                . = ALIGN (0x4)
                0x04012320                PROVIDE (__preinit_array_start, ABSOLUTE (.))
 *(.preinit_array)
                0x04012320                PROVIDE (__preinit_array_end, ABSOLUTE (.))
                0x04012320                PROVIDE (__init_array_start, ABSOLUTE (.))
 *(.init_array)
                0x04012320                PROVIDE (__init_array_end, ABSOLUTE (.))
                0x04012320                PROVIDE (__fini_array_start, ABSOLUTE (.))
 *(.fini_array)
                0x04012320                PROVIDE (__fini_array_end, ABSOLUTE (.))
 *(.eh_frame)
 *(.gcc_except_table .gcc_except_table.*)
 *(.dynamic)
                0x04012320                PROVIDE (__CTOR_LIST__, ABSOLUTE (.))
 *(.ctors)
 *(SORT(.ctors.*))
                0x04012320                PROVIDE (__CTOR_END__, ABSOLUTE (.))
                0x04012320                PROVIDE (__DTOR_LIST__, ABSOLUTE (.))
 *(.dtors)
 *(SORT(.dtors.*))
                0x04012320                PROVIDE (__DTOR_END__, ABSOLUTE (.))
 *(.jcr)
                0x04012320                . = ALIGN (0x4)

.rodata         0x04012320    0xc02e8
                0x04012320                PROVIDE (__ram_rodata_start, ABSOLUTE (.))
                0x04012320                . = ALIGN (0x4)
 *(.rodata .rodata.* .gnu.linkonce.r.*)
 .rodata        0x04012320     0x4750 obj/default/drive/mculcd.o
                0x04012320                asc2_1206
                0x04012794                asc2_1608
                0x04012d84                asc2_2412
                0x04013ae0                asc2_3216
 .rodata        0x04016a70    0xbb86c obj/default/qsys_lcd.o
                0x04016a70                gImage_pic01
 .rodata        0x040d22dc       0x14 d:/quartus13/nios2eds/bin/gnu/h-i686-mingw32/bin/../lib/gcc/nios2-elf/4.7.3\libgcc.a(_thenan_df.o)
                0x040d22dc                __thenan_df
 .rodata        0x040d22f0      0x100 d:/quartus13/nios2eds/bin/gnu/h-i686-mingw32/bin/../lib/gcc/nios2-elf/4.7.3\libgcc.a(_clz.o)
                0x040d22f0                __clz_tab
 .rodata.str1.4
                0x040d23f0        0x2 d:/quartus13/nios2eds/bin/gnu/h-i686-mingw32/bin/../lib/gcc/nios2-elf/4.7.3/../../../../../H-i686-mingw32/nios2-elf/lib\libc.a(lib_a-puts.o)
                                  0x4 (size before relaxing)
 *fill*         0x040d23f2        0x2 
 .rodata.str1.4
                0x040d23f4       0x42 d:/quartus13/nios2eds/bin/gnu/h-i686-mingw32/bin/../lib/gcc/nios2-elf/4.7.3/../../../../../H-i686-mingw32/nios2-elf/lib\libc.a(lib_a-vfprintf.o)
                                 0x44 (size before relaxing)
 .rodata        0x040d2436       0x20 d:/quartus13/nios2eds/bin/gnu/h-i686-mingw32/bin/../lib/gcc/nios2-elf/4.7.3/../../../../../H-i686-mingw32/nios2-elf/lib\libc.a(lib_a-vfprintf.o)
 *fill*         0x040d2456        0x2 
 .rodata.str1.4
                0x040d2458       0x10 d:/quartus13/nios2eds/bin/gnu/h-i686-mingw32/bin/../lib/gcc/nios2-elf/4.7.3/../../../../../H-i686-mingw32/nios2-elf/lib\libc.a(lib_a-dtoa.o)
                                 0x14 (size before relaxing)
 .rodata.str1.4
                0x040d2468        0x2 d:/quartus13/nios2eds/bin/gnu/h-i686-mingw32/bin/../lib/gcc/nios2-elf/4.7.3/../../../../../H-i686-mingw32/nios2-elf/lib\libc.a(lib_a-impure.o)
                                  0x4 (size before relaxing)
 *fill*         0x040d246a        0x2 
 .rodata.str1.4
                0x040d246c       0x10 d:/quartus13/nios2eds/bin/gnu/h-i686-mingw32/bin/../lib/gcc/nios2-elf/4.7.3/../../../../../H-i686-mingw32/nios2-elf/lib\libc.a(lib_a-locale.o)
                                 0x18 (size before relaxing)
 .rodata        0x040d247c       0x30 d:/quartus13/nios2eds/bin/gnu/h-i686-mingw32/bin/../lib/gcc/nios2-elf/4.7.3/../../../../../H-i686-mingw32/nios2-elf/lib\libc.a(lib_a-locale.o)
 .rodata        0x040d24ac      0x124 d:/quartus13/nios2eds/bin/gnu/h-i686-mingw32/bin/../lib/gcc/nios2-elf/4.7.3/../../../../../H-i686-mingw32/nios2-elf/lib\libc.a(lib_a-mprec.o)
                0x040d24ac                __mprec_tinytens
                0x040d24d4                __mprec_bigtens
                0x040d24fc                __mprec_tens
 .rodata        0x040d25d0        0xc ../qsys_lcd_bsp/\libhal_bsp.a(alt_dev.o)
 .rodata        0x040d25dc       0x10 ../qsys_lcd_bsp/\libhal_bsp.a(alt_main.o)
 .rodata        0x040d25ec       0x1c ../qsys_lcd_bsp/\libhal_bsp.a(alt_sys_init.o)
 *(.rodata1)
                0x040d2608                . = ALIGN (0x4)
                0x040d2608                PROVIDE (__ram_rodata_end, ABSOLUTE (.))
                0x04012320                PROVIDE (__flash_rodata_start, LOADADDR (.rodata))

.rwdata         0x040d2608     0x1b30
                0x040d2608                PROVIDE (__ram_rwdata_start, ABSOLUTE (.))
                0x040d2608                . = ALIGN (0x4)
 *(.got.plt)
 *(.got)
 *(.data1)
 *(.data .data.* .gnu.linkonce.d.*)
 .data          0x040d2608        0x0 ../qsys_lcd_bsp//obj/HAL/src/crt0.o
 .data          0x040d2608        0x0 obj/default/drive/mculcd.o
 .data          0x040d2608        0x0 obj/default/qsys_lcd.o
 .data          0x040d2608        0x0 d:/quartus13/nios2eds/bin/gnu/h-i686-mingw32/bin/../lib/gcc/nios2-elf/4.7.3\libgcc.a(_fixunsdfsi.o)
 .data          0x040d2608        0x0 d:/quartus13/nios2eds/bin/gnu/h-i686-mingw32/bin/../lib/gcc/nios2-elf/4.7.3\libgcc.a(_addsub_df.o)
 .data          0x040d2608        0x0 d:/quartus13/nios2eds/bin/gnu/h-i686-mingw32/bin/../lib/gcc/nios2-elf/4.7.3\libgcc.a(_mul_df.o)
 .data          0x040d2608        0x0 d:/quartus13/nios2eds/bin/gnu/h-i686-mingw32/bin/../lib/gcc/nios2-elf/4.7.3\libgcc.a(_ge_df.o)
 .data          0x040d2608        0x0 d:/quartus13/nios2eds/bin/gnu/h-i686-mingw32/bin/../lib/gcc/nios2-elf/4.7.3\libgcc.a(_si_to_df.o)
 .data          0x040d2608        0x0 d:/quartus13/nios2eds/bin/gnu/h-i686-mingw32/bin/../lib/gcc/nios2-elf/4.7.3\libgcc.a(_df_to_si.o)
 .data          0x040d2608        0x0 d:/quartus13/nios2eds/bin/gnu/h-i686-mingw32/bin/../lib/gcc/nios2-elf/4.7.3\libgcc.a(_thenan_df.o)
 .data          0x040d2608        0x0 d:/quartus13/nios2eds/bin/gnu/h-i686-mingw32/bin/../lib/gcc/nios2-elf/4.7.3\libgcc.a(_muldi3.o)
 .data          0x040d2608        0x0 d:/quartus13/nios2eds/bin/gnu/h-i686-mingw32/bin/../lib/gcc/nios2-elf/4.7.3\libgcc.a(_clzsi2.o)
 .data          0x040d2608        0x0 d:/quartus13/nios2eds/bin/gnu/h-i686-mingw32/bin/../lib/gcc/nios2-elf/4.7.3\libgcc.a(_pack_df.o)
 .data          0x040d2608        0x0 d:/quartus13/nios2eds/bin/gnu/h-i686-mingw32/bin/../lib/gcc/nios2-elf/4.7.3\libgcc.a(_unpack_df.o)
 .data          0x040d2608        0x0 d:/quartus13/nios2eds/bin/gnu/h-i686-mingw32/bin/../lib/gcc/nios2-elf/4.7.3\libgcc.a(_fpcmp_parts_df.o)
 .data          0x040d2608        0x0 d:/quartus13/nios2eds/bin/gnu/h-i686-mingw32/bin/../lib/gcc/nios2-elf/4.7.3\libgcc.a(_lshrdi3.o)
 .data          0x040d2608        0x0 d:/quartus13/nios2eds/bin/gnu/h-i686-mingw32/bin/../lib/gcc/nios2-elf/4.7.3\libgcc.a(_ashldi3.o)
 .data          0x040d2608        0x0 d:/quartus13/nios2eds/bin/gnu/h-i686-mingw32/bin/../lib/gcc/nios2-elf/4.7.3\libgcc.a(_clz.o)
 .data          0x040d2608        0x0 d:/quartus13/nios2eds/bin/gnu/h-i686-mingw32/bin/../lib/gcc/nios2-elf/4.7.3/../../../../../H-i686-mingw32/nios2-elf/lib\libc.a(lib_a-printf.o)
 .data          0x040d2608        0x0 d:/quartus13/nios2eds/bin/gnu/h-i686-mingw32/bin/../lib/gcc/nios2-elf/4.7.3/../../../../../H-i686-mingw32/nios2-elf/lib\libc.a(lib_a-puts.o)
 .data          0x040d2608        0x0 d:/quartus13/nios2eds/bin/gnu/h-i686-mingw32/bin/../lib/gcc/nios2-elf/4.7.3/../../../../../H-i686-mingw32/nios2-elf/lib\libc.a(lib_a-strlen.o)
 .data          0x040d2608        0x0 d:/quartus13/nios2eds/bin/gnu/h-i686-mingw32/bin/../lib/gcc/nios2-elf/4.7.3/../../../../../H-i686-mingw32/nios2-elf/lib\libc.a(lib_a-vfprintf.o)
 .data          0x040d2608        0x0 d:/quartus13/nios2eds/bin/gnu/h-i686-mingw32/bin/../lib/gcc/nios2-elf/4.7.3/../../../../../H-i686-mingw32/nios2-elf/lib\libc.a(lib_a-wsetup.o)
 .data          0x040d2608        0x0 d:/quartus13/nios2eds/bin/gnu/h-i686-mingw32/bin/../lib/gcc/nios2-elf/4.7.3/../../../../../H-i686-mingw32/nios2-elf/lib\libc.a(lib_a-dtoa.o)
 .data          0x040d2608        0x0 d:/quartus13/nios2eds/bin/gnu/h-i686-mingw32/bin/../lib/gcc/nios2-elf/4.7.3/../../../../../H-i686-mingw32/nios2-elf/lib\libc.a(lib_a-fflush.o)
 .data          0x040d2608        0x0 d:/quartus13/nios2eds/bin/gnu/h-i686-mingw32/bin/../lib/gcc/nios2-elf/4.7.3/../../../../../H-i686-mingw32/nios2-elf/lib\libc.a(lib_a-findfp.o)
 .data          0x040d2608        0x0 d:/quartus13/nios2eds/bin/gnu/h-i686-mingw32/bin/../lib/gcc/nios2-elf/4.7.3/../../../../../H-i686-mingw32/nios2-elf/lib\libc.a(lib_a-freer.o)
 .data          0x040d2608        0x0 d:/quartus13/nios2eds/bin/gnu/h-i686-mingw32/bin/../lib/gcc/nios2-elf/4.7.3/../../../../../H-i686-mingw32/nios2-elf/lib\libc.a(lib_a-fvwrite.o)
 .data          0x040d2608        0x0 d:/quartus13/nios2eds/bin/gnu/h-i686-mingw32/bin/../lib/gcc/nios2-elf/4.7.3/../../../../../H-i686-mingw32/nios2-elf/lib\libc.a(lib_a-fwalk.o)
 .data          0x040d2608      0x400 d:/quartus13/nios2eds/bin/gnu/h-i686-mingw32/bin/../lib/gcc/nios2-elf/4.7.3/../../../../../H-i686-mingw32/nios2-elf/lib\libc.a(lib_a-impure.o)
 .data          0x040d2a08        0xc d:/quartus13/nios2eds/bin/gnu/h-i686-mingw32/bin/../lib/gcc/nios2-elf/4.7.3/../../../../../H-i686-mingw32/nios2-elf/lib\libc.a(lib_a-locale.o)
                0x040d2a08                __lc_ctype
 .data          0x040d2a14        0x0 d:/quartus13/nios2eds/bin/gnu/h-i686-mingw32/bin/../lib/gcc/nios2-elf/4.7.3/../../../../../H-i686-mingw32/nios2-elf/lib\libc.a(lib_a-makebuf.o)
 .data          0x040d2a14      0x408 d:/quartus13/nios2eds/bin/gnu/h-i686-mingw32/bin/../lib/gcc/nios2-elf/4.7.3/../../../../../H-i686-mingw32/nios2-elf/lib\libc.a(lib_a-mallocr.o)
                0x040d2a14                __malloc_av_
 .data          0x040d2e1c        0x0 d:/quartus13/nios2eds/bin/gnu/h-i686-mingw32/bin/../lib/gcc/nios2-elf/4.7.3/../../../../../H-i686-mingw32/nios2-elf/lib\libc.a(lib_a-memchr.o)
 .data          0x040d2e1c        0x0 d:/quartus13/nios2eds/bin/gnu/h-i686-mingw32/bin/../lib/gcc/nios2-elf/4.7.3/../../../../../H-i686-mingw32/nios2-elf/lib\libc.a(lib_a-memcpy.o)
 .data          0x040d2e1c        0x0 d:/quartus13/nios2eds/bin/gnu/h-i686-mingw32/bin/../lib/gcc/nios2-elf/4.7.3/../../../../../H-i686-mingw32/nios2-elf/lib\libc.a(lib_a-memmove.o)
 .data          0x040d2e1c        0x0 d:/quartus13/nios2eds/bin/gnu/h-i686-mingw32/bin/../lib/gcc/nios2-elf/4.7.3/../../../../../H-i686-mingw32/nios2-elf/lib\libc.a(lib_a-memset.o)
 .data          0x040d2e1c        0x0 d:/quartus13/nios2eds/bin/gnu/h-i686-mingw32/bin/../lib/gcc/nios2-elf/4.7.3/../../../../../H-i686-mingw32/nios2-elf/lib\libc.a(lib_a-mprec.o)
 .data          0x040d2e1c        0x0 d:/quartus13/nios2eds/bin/gnu/h-i686-mingw32/bin/../lib/gcc/nios2-elf/4.7.3/../../../../../H-i686-mingw32/nios2-elf/lib\libc.a(lib_a-reallocr.o)
 .data          0x040d2e1c        0x0 d:/quartus13/nios2eds/bin/gnu/h-i686-mingw32/bin/../lib/gcc/nios2-elf/4.7.3/../../../../../H-i686-mingw32/nios2-elf/lib\libc.a(lib_a-s_isinfd.o)
 .data          0x040d2e1c        0x0 d:/quartus13/nios2eds/bin/gnu/h-i686-mingw32/bin/../lib/gcc/nios2-elf/4.7.3/../../../../../H-i686-mingw32/nios2-elf/lib\libc.a(lib_a-s_isnand.o)
 .data          0x040d2e1c        0x0 d:/quartus13/nios2eds/bin/gnu/h-i686-mingw32/bin/../lib/gcc/nios2-elf/4.7.3/../../../../../H-i686-mingw32/nios2-elf/lib\libc.a(lib_a-sbrkr.o)
 .data          0x040d2e1c        0x0 d:/quartus13/nios2eds/bin/gnu/h-i686-mingw32/bin/../lib/gcc/nios2-elf/4.7.3/../../../../../H-i686-mingw32/nios2-elf/lib\libc.a(lib_a-stdio.o)
 .data          0x040d2e1c        0x0 d:/quartus13/nios2eds/bin/gnu/h-i686-mingw32/bin/../lib/gcc/nios2-elf/4.7.3/../../../../../H-i686-mingw32/nios2-elf/lib\libc.a(lib_a-strcmp.o)
 .data          0x040d2e1c        0x0 d:/quartus13/nios2eds/bin/gnu/h-i686-mingw32/bin/../lib/gcc/nios2-elf/4.7.3/../../../../../H-i686-mingw32/nios2-elf/lib\libc.a(lib_a-writer.o)
 .data          0x040d2e1c        0x0 d:/quartus13/nios2eds/bin/gnu/h-i686-mingw32/bin/../lib/gcc/nios2-elf/4.7.3/../../../../../H-i686-mingw32/nios2-elf/lib\libc.a(lib_a-callocr.o)
 .data          0x040d2e1c        0x0 d:/quartus13/nios2eds/bin/gnu/h-i686-mingw32/bin/../lib/gcc/nios2-elf/4.7.3/../../../../../H-i686-mingw32/nios2-elf/lib\libc.a(lib_a-closer.o)
 .data          0x040d2e1c        0x0 d:/quartus13/nios2eds/bin/gnu/h-i686-mingw32/bin/../lib/gcc/nios2-elf/4.7.3/../../../../../H-i686-mingw32/nios2-elf/lib\libc.a(lib_a-fclose.o)
 .data          0x040d2e1c        0x0 d:/quartus13/nios2eds/bin/gnu/h-i686-mingw32/bin/../lib/gcc/nios2-elf/4.7.3/../../../../../H-i686-mingw32/nios2-elf/lib\libc.a(lib_a-fstatr.o)
 .data          0x040d2e1c        0x0 d:/quartus13/nios2eds/bin/gnu/h-i686-mingw32/bin/../lib/gcc/nios2-elf/4.7.3/../../../../../H-i686-mingw32/nios2-elf/lib\libc.a(lib_a-int_errno.o)
 .data          0x040d2e1c        0x0 d:/quartus13/nios2eds/bin/gnu/h-i686-mingw32/bin/../lib/gcc/nios2-elf/4.7.3/../../../../../H-i686-mingw32/nios2-elf/lib\libc.a(lib_a-isattyr.o)
 .data          0x040d2e1c        0x0 d:/quartus13/nios2eds/bin/gnu/h-i686-mingw32/bin/../lib/gcc/nios2-elf/4.7.3/../../../../../H-i686-mingw32/nios2-elf/lib\libc.a(lib_a-lseekr.o)
 .data          0x040d2e1c        0x0 d:/quartus13/nios2eds/bin/gnu/h-i686-mingw32/bin/../lib/gcc/nios2-elf/4.7.3/../../../../../H-i686-mingw32/nios2-elf/lib\libc.a(lib_a-readr.o)
 .data          0x040d2e1c        0x0 d:/quartus13/nios2eds/bin/gnu/h-i686-mingw32/bin/../lib/gcc/nios2-elf/4.7.3\libgcc.a(_udivdi3.o)
 .data          0x040d2e1c        0x0 d:/quartus13/nios2eds/bin/gnu/h-i686-mingw32/bin/../lib/gcc/nios2-elf/4.7.3\libgcc.a(_umoddi3.o)
 .data          0x040d2e1c        0x0 d:/quartus13/nios2eds/bin/gnu/h-i686-mingw32/bin/../lib/gcc/nios2-elf/4.7.3\libgcc.a(_div_df.o)
 .data          0x040d2e1c        0x0 d:/quartus13/nios2eds/bin/gnu/h-i686-mingw32/bin/../lib/gcc/nios2-elf/4.7.3\libgcc.a(_eq_df.o)
 .data          0x040d2e1c        0x0 d:/quartus13/nios2eds/bin/gnu/h-i686-mingw32/bin/../lib/gcc/nios2-elf/4.7.3\libgcc.a(_ne_df.o)
 .data          0x040d2e1c        0x0 d:/quartus13/nios2eds/bin/gnu/h-i686-mingw32/bin/../lib/gcc/nios2-elf/4.7.3\libgcc.a(_gt_df.o)
 .data          0x040d2e1c        0x0 d:/quartus13/nios2eds/bin/gnu/h-i686-mingw32/bin/../lib/gcc/nios2-elf/4.7.3\libgcc.a(_lt_df.o)
 .data          0x040d2e1c        0x0 d:/quartus13/nios2eds/bin/gnu/h-i686-mingw32/bin/../lib/gcc/nios2-elf/4.7.3\libgcc.a(_usi_to_df.o)
 .data          0x040d2e1c        0x0 d:/quartus13/nios2eds/bin/gnu/h-i686-mingw32/bin/../lib/gcc/nios2-elf/4.7.3\libgcc.a(lib2-divmod.o)
 .data          0x040d2e1c        0x0 ../qsys_lcd_bsp/\libhal_bsp.a(alt_close.o)
 .data          0x040d2e1c      0x1a8 ../qsys_lcd_bsp/\libhal_bsp.a(alt_dev.o)
                0x040d2e1c                alt_dev_null
                0x040d2e44                alt_fd_list
 .data          0x040d2fc4        0x0 ../qsys_lcd_bsp/\libhal_bsp.a(alt_errno.o)
 .data          0x040d2fc4        0x0 ../qsys_lcd_bsp/\libhal_bsp.a(alt_fstat.o)
 .data          0x040d2fc4        0x0 ../qsys_lcd_bsp/\libhal_bsp.a(alt_isatty.o)
 .data          0x040d2fc4        0x0 ../qsys_lcd_bsp/\libhal_bsp.a(alt_lseek.o)
 .data          0x040d2fc4        0x0 ../qsys_lcd_bsp/\libhal_bsp.a(alt_main.o)
 .data          0x040d2fc4        0x0 ../qsys_lcd_bsp/\libhal_bsp.a(alt_malloc_lock.o)
 .data          0x040d2fc4        0x0 ../qsys_lcd_bsp/\libhal_bsp.a(alt_read.o)
 .data          0x040d2fc4        0x0 ../qsys_lcd_bsp/\libhal_bsp.a(alt_release_fd.o)
 .data          0x040d2fc4        0x0 ../qsys_lcd_bsp/\libhal_bsp.a(alt_sbrk.o)
 .data          0x040d2fc4        0x0 ../qsys_lcd_bsp/\libhal_bsp.a(alt_usleep.o)
 .data          0x040d2fc4        0x0 ../qsys_lcd_bsp/\libhal_bsp.a(alt_write.o)
 .data          0x040d2fc4     0x1128 ../qsys_lcd_bsp/\libhal_bsp.a(alt_sys_init.o)
 .data          0x040d40ec        0x0 ../qsys_lcd_bsp/\libhal_bsp.a(altera_avalon_epcs_flash_controller.o)
 .data          0x040d40ec        0x0 ../qsys_lcd_bsp/\libhal_bsp.a(altera_avalon_jtag_uart_fd.o)
 .data          0x040d40ec        0x0 ../qsys_lcd_bsp/\libhal_bsp.a(altera_avalon_jtag_uart_init.o)
 .data          0x040d40ec        0x0 ../qsys_lcd_bsp/\libhal_bsp.a(altera_avalon_jtag_uart_ioctl.o)
 .data          0x040d40ec        0x0 ../qsys_lcd_bsp/\libhal_bsp.a(altera_avalon_jtag_uart_read.o)
 .data          0x040d40ec        0x0 ../qsys_lcd_bsp/\libhal_bsp.a(altera_avalon_jtag_uart_write.o)
 .data          0x040d40ec        0x0 ../qsys_lcd_bsp/\libhal_bsp.a(epcs_commands.o)
 .data          0x040d40ec        0x0 ../qsys_lcd_bsp/\libhal_bsp.a(alt_alarm_start.o)
 .data          0x040d40ec        0x0 ../qsys_lcd_bsp/\libhal_bsp.a(alt_busy_sleep.o)
 .data          0x040d40ec        0x0 ../qsys_lcd_bsp/\libhal_bsp.a(alt_dev_llist_insert.o)
 .data          0x040d40ec        0x0 ../qsys_lcd_bsp/\libhal_bsp.a(alt_do_ctors.o)
 .data          0x040d40ec        0x0 ../qsys_lcd_bsp/\libhal_bsp.a(alt_do_dtors.o)
 .data          0x040d40ec        0x0 ../qsys_lcd_bsp/\libhal_bsp.a(alt_flash_dev.o)
 .data          0x040d40ec        0x0 ../qsys_lcd_bsp/\libhal_bsp.a(alt_iic.o)
 .data          0x040d40ec        0x0 ../qsys_lcd_bsp/\libhal_bsp.a(alt_iic_isr_register.o)
 .data          0x040d40ec        0x0 ../qsys_lcd_bsp/\libhal_bsp.a(alt_io_redirect.o)
 .data          0x040d40ec        0x0 ../qsys_lcd_bsp/\libhal_bsp.a(alt_irq_entry.o)
 .data          0x040d40ec        0x0 ../qsys_lcd_bsp/\libhal_bsp.a(alt_irq_handler.o)
 .data          0x040d40ec        0x0 ../qsys_lcd_bsp/\libhal_bsp.a(alt_irq_vars.o)
 .data          0x040d40ec        0x0 ../qsys_lcd_bsp/\libhal_bsp.a(alt_open.o)
 .data          0x040d40ec        0x0 ../qsys_lcd_bsp/\libhal_bsp.a(alt_tick.o)
 .data          0x040d40ec        0x0 ../qsys_lcd_bsp/\libhal_bsp.a(altera_nios2_qsys_irq.o)
 .data          0x040d40ec        0x0 ../qsys_lcd_bsp/\libhal_bsp.a(altera_avalon_spi.o)
 .data          0x040d40ec        0x0 ../qsys_lcd_bsp/\libhal_bsp.a(alt_exception_entry.o)
 .data          0x040d40ec        0x0 ../qsys_lcd_bsp/\libhal_bsp.a(alt_find_dev.o)
 .data          0x040d40ec        0x0 ../qsys_lcd_bsp/\libhal_bsp.a(alt_find_file.o)
 .data          0x040d40ec        0x0 ../qsys_lcd_bsp/\libhal_bsp.a(alt_get_fd.o)
 .data          0x040d40ec        0x0 d:/quartus13/nios2eds/bin/gnu/h-i686-mingw32/bin/../lib/gcc/nios2-elf/4.7.3/../../../../../H-i686-mingw32/nios2-elf/lib\libc.a(lib_a-atexit.o)
 .data          0x040d40ec        0x0 d:/quartus13/nios2eds/bin/gnu/h-i686-mingw32/bin/../lib/gcc/nios2-elf/4.7.3/../../../../../H-i686-mingw32/nios2-elf/lib\libc.a(lib_a-exit.o)
 .data          0x040d40ec        0x0 d:/quartus13/nios2eds/bin/gnu/h-i686-mingw32/bin/../lib/gcc/nios2-elf/4.7.3/../../../../../H-i686-mingw32/nios2-elf/lib\libc.a(lib_a-memcmp.o)
 .data          0x040d40ec        0x0 d:/quartus13/nios2eds/bin/gnu/h-i686-mingw32/bin/../lib/gcc/nios2-elf/4.7.3/../../../../../H-i686-mingw32/nios2-elf/lib\libc.a(lib_a-__atexit.o)
 .data          0x040d40ec        0x0 d:/quartus13/nios2eds/bin/gnu/h-i686-mingw32/bin/../lib/gcc/nios2-elf/4.7.3/../../../../../H-i686-mingw32/nios2-elf/lib\libc.a(lib_a-__call_atexit.o)
 .data          0x040d40ec        0x0 ../qsys_lcd_bsp/\libhal_bsp.a(alt_exit.o)
                0x040dc0ec                _gp = ABSOLUTE ((. + 0x8000))
                0x040dc0ec                PROVIDE (gp, _gp)
 *(.rwdata .rwdata.*)
 *(.sdata .sdata.* .gnu.linkonce.s.*)
 .sdata         0x040d40ec        0x8 obj/default/drive/mculcd.o
                0x040d40ec                POINT_COLOR
                0x040d40f0                BACK_COLOR
 .sdata         0x040d40f4        0x8 d:/quartus13/nios2eds/bin/gnu/h-i686-mingw32/bin/../lib/gcc/nios2-elf/4.7.3/../../../../../H-i686-mingw32/nios2-elf/lib\libc.a(lib_a-impure.o)
                0x040d40f4                _global_impure_ptr
                0x040d40f8                _impure_ptr
 .sdata         0x040d40fc        0x4 d:/quartus13/nios2eds/bin/gnu/h-i686-mingw32/bin/../lib/gcc/nios2-elf/4.7.3/../../../../../H-i686-mingw32/nios2-elf/lib\libc.a(lib_a-locale.o)
                0x040d40fc                __mb_cur_max
 .sdata         0x040d4100        0x8 d:/quartus13/nios2eds/bin/gnu/h-i686-mingw32/bin/../lib/gcc/nios2-elf/4.7.3/../../../../../H-i686-mingw32/nios2-elf/lib\libc.a(lib_a-mallocr.o)
                0x040d4100                __malloc_sbrk_base
                0x040d4104                __malloc_trim_threshold
 .sdata         0x040d4108       0x14 ../qsys_lcd_bsp/\libhal_bsp.a(alt_dev.o)
                0x040d4108                alt_fs_list
                0x040d4110                alt_dev_list
                0x040d4118                alt_max_fd
 .sdata         0x040d411c        0x4 ../qsys_lcd_bsp/\libhal_bsp.a(alt_errno.o)
                0x040d411c                alt_errno
 .sdata         0x040d4120        0x4 ../qsys_lcd_bsp/\libhal_bsp.a(alt_sbrk.o)
 .sdata         0x040d4124        0x8 ../qsys_lcd_bsp/\libhal_bsp.a(alt_flash_dev.o)
                0x040d4124                alt_flash_dev_list
 .sdata         0x040d412c        0x4 ../qsys_lcd_bsp/\libhal_bsp.a(alt_irq_vars.o)
                0x040d412c                alt_priority_mask
 .sdata         0x040d4130        0x8 ../qsys_lcd_bsp/\libhal_bsp.a(alt_tick.o)
                0x040d4130                alt_alarm_list
 *(.sdata2 .sdata2.* .gnu.linkonce.s2.*)
                0x040d4138                . = ALIGN (0x4)
                0x040d4138                _edata = ABSOLUTE (.)
                0x040d4138                PROVIDE (edata, ABSOLUTE (.))
                0x040d4138                PROVIDE (__ram_rwdata_end, ABSOLUTE (.))
                0x040d2608                PROVIDE (__flash_rwdata_start, LOADADDR (.rwdata))

.bss            0x040d4138      0x308
                0x040d4138                __bss_start = ABSOLUTE (.)
                0x040d4138                PROVIDE (__sbss_start, ABSOLUTE (.))
                0x040d4138                PROVIDE (___sbss_start, ABSOLUTE (.))
 *(.dynsbss)
 *(.sbss .sbss.* .gnu.linkonce.sb.*)
 .sbss          0x040d4138        0xc d:/quartus13/nios2eds/bin/gnu/h-i686-mingw32/bin/../lib/gcc/nios2-elf/4.7.3/../../../../../H-i686-mingw32/nios2-elf/lib\libc.a(lib_a-locale.o)
                0x040d4138                _PathLocale
                0x040d413c                __mlocale_changed
                0x040d4140                __nlocale_changed
 .sbss          0x040d4144        0xc d:/quartus13/nios2eds/bin/gnu/h-i686-mingw32/bin/../lib/gcc/nios2-elf/4.7.3/../../../../../H-i686-mingw32/nios2-elf/lib\libc.a(lib_a-mallocr.o)
                0x040d4144                __malloc_max_total_mem
                0x040d4148                __malloc_max_sbrked_mem
                0x040d414c                __malloc_top_pad
 .sbss          0x040d4150        0x4 d:/quartus13/nios2eds/bin/gnu/h-i686-mingw32/bin/../lib/gcc/nios2-elf/4.7.3/../../../../../H-i686-mingw32/nios2-elf/lib\libc.a(lib_a-int_errno.o)
                0x040d4150                errno
 .sbss          0x040d4154        0xc ../qsys_lcd_bsp/\libhal_bsp.a(alt_main.o)
                0x040d4154                alt_argc
                0x040d4158                alt_argv
                0x040d415c                alt_envp
 .sbss          0x040d4160        0x4 ../qsys_lcd_bsp/\libhal_bsp.a(alt_irq_vars.o)
                0x040d4160                alt_irq_active
 .sbss          0x040d4164        0x8 ../qsys_lcd_bsp/\libhal_bsp.a(alt_tick.o)
                0x040d4164                _alt_tick_rate
                0x040d4168                _alt_nticks
 *(.sbss2 .sbss2.* .gnu.linkonce.sb2.*)
 *(.scommon)
                0x040d416c                PROVIDE (__sbss_end, ABSOLUTE (.))
                0x040d416c                PROVIDE (___sbss_end, ABSOLUTE (.))
 *(.dynbss)
 *(.bss .bss.* .gnu.linkonce.b.*)
 .bss           0x040d416c        0x0 ../qsys_lcd_bsp//obj/HAL/src/crt0.o
 .bss           0x040d416c        0x0 obj/default/drive/mculcd.o
 .bss           0x040d416c        0x0 obj/default/qsys_lcd.o
 .bss           0x040d416c        0x0 d:/quartus13/nios2eds/bin/gnu/h-i686-mingw32/bin/../lib/gcc/nios2-elf/4.7.3\libgcc.a(_fixunsdfsi.o)
 .bss           0x040d416c        0x0 d:/quartus13/nios2eds/bin/gnu/h-i686-mingw32/bin/../lib/gcc/nios2-elf/4.7.3\libgcc.a(_addsub_df.o)
 .bss           0x040d416c        0x0 d:/quartus13/nios2eds/bin/gnu/h-i686-mingw32/bin/../lib/gcc/nios2-elf/4.7.3\libgcc.a(_mul_df.o)
 .bss           0x040d416c        0x0 d:/quartus13/nios2eds/bin/gnu/h-i686-mingw32/bin/../lib/gcc/nios2-elf/4.7.3\libgcc.a(_ge_df.o)
 .bss           0x040d416c        0x0 d:/quartus13/nios2eds/bin/gnu/h-i686-mingw32/bin/../lib/gcc/nios2-elf/4.7.3\libgcc.a(_si_to_df.o)
 .bss           0x040d416c        0x0 d:/quartus13/nios2eds/bin/gnu/h-i686-mingw32/bin/../lib/gcc/nios2-elf/4.7.3\libgcc.a(_df_to_si.o)
 .bss           0x040d416c        0x0 d:/quartus13/nios2eds/bin/gnu/h-i686-mingw32/bin/../lib/gcc/nios2-elf/4.7.3\libgcc.a(_thenan_df.o)
 .bss           0x040d416c        0x0 d:/quartus13/nios2eds/bin/gnu/h-i686-mingw32/bin/../lib/gcc/nios2-elf/4.7.3\libgcc.a(_muldi3.o)
 .bss           0x040d416c        0x0 d:/quartus13/nios2eds/bin/gnu/h-i686-mingw32/bin/../lib/gcc/nios2-elf/4.7.3\libgcc.a(_clzsi2.o)
 .bss           0x040d416c        0x0 d:/quartus13/nios2eds/bin/gnu/h-i686-mingw32/bin/../lib/gcc/nios2-elf/4.7.3\libgcc.a(_pack_df.o)
 .bss           0x040d416c        0x0 d:/quartus13/nios2eds/bin/gnu/h-i686-mingw32/bin/../lib/gcc/nios2-elf/4.7.3\libgcc.a(_unpack_df.o)
 .bss           0x040d416c        0x0 d:/quartus13/nios2eds/bin/gnu/h-i686-mingw32/bin/../lib/gcc/nios2-elf/4.7.3\libgcc.a(_fpcmp_parts_df.o)
 .bss           0x040d416c        0x0 d:/quartus13/nios2eds/bin/gnu/h-i686-mingw32/bin/../lib/gcc/nios2-elf/4.7.3\libgcc.a(_lshrdi3.o)
 .bss           0x040d416c        0x0 d:/quartus13/nios2eds/bin/gnu/h-i686-mingw32/bin/../lib/gcc/nios2-elf/4.7.3\libgcc.a(_ashldi3.o)
 .bss           0x040d416c        0x0 d:/quartus13/nios2eds/bin/gnu/h-i686-mingw32/bin/../lib/gcc/nios2-elf/4.7.3\libgcc.a(_clz.o)
 .bss           0x040d416c        0x0 d:/quartus13/nios2eds/bin/gnu/h-i686-mingw32/bin/../lib/gcc/nios2-elf/4.7.3/../../../../../H-i686-mingw32/nios2-elf/lib\libc.a(lib_a-printf.o)
 .bss           0x040d416c        0x0 d:/quartus13/nios2eds/bin/gnu/h-i686-mingw32/bin/../lib/gcc/nios2-elf/4.7.3/../../../../../H-i686-mingw32/nios2-elf/lib\libc.a(lib_a-puts.o)
 .bss           0x040d416c        0x0 d:/quartus13/nios2eds/bin/gnu/h-i686-mingw32/bin/../lib/gcc/nios2-elf/4.7.3/../../../../../H-i686-mingw32/nios2-elf/lib\libc.a(lib_a-strlen.o)
 .bss           0x040d416c        0x0 d:/quartus13/nios2eds/bin/gnu/h-i686-mingw32/bin/../lib/gcc/nios2-elf/4.7.3/../../../../../H-i686-mingw32/nios2-elf/lib\libc.a(lib_a-vfprintf.o)
 .bss           0x040d416c        0x0 d:/quartus13/nios2eds/bin/gnu/h-i686-mingw32/bin/../lib/gcc/nios2-elf/4.7.3/../../../../../H-i686-mingw32/nios2-elf/lib\libc.a(lib_a-wsetup.o)
 .bss           0x040d416c        0x0 d:/quartus13/nios2eds/bin/gnu/h-i686-mingw32/bin/../lib/gcc/nios2-elf/4.7.3/../../../../../H-i686-mingw32/nios2-elf/lib\libc.a(lib_a-dtoa.o)
 .bss           0x040d416c        0x0 d:/quartus13/nios2eds/bin/gnu/h-i686-mingw32/bin/../lib/gcc/nios2-elf/4.7.3/../../../../../H-i686-mingw32/nios2-elf/lib\libc.a(lib_a-fflush.o)
 .bss           0x040d416c        0x0 d:/quartus13/nios2eds/bin/gnu/h-i686-mingw32/bin/../lib/gcc/nios2-elf/4.7.3/../../../../../H-i686-mingw32/nios2-elf/lib\libc.a(lib_a-findfp.o)
 .bss           0x040d416c        0x0 d:/quartus13/nios2eds/bin/gnu/h-i686-mingw32/bin/../lib/gcc/nios2-elf/4.7.3/../../../../../H-i686-mingw32/nios2-elf/lib\libc.a(lib_a-freer.o)
 .bss           0x040d416c        0x0 d:/quartus13/nios2eds/bin/gnu/h-i686-mingw32/bin/../lib/gcc/nios2-elf/4.7.3/../../../../../H-i686-mingw32/nios2-elf/lib\libc.a(lib_a-fvwrite.o)
 .bss           0x040d416c        0x0 d:/quartus13/nios2eds/bin/gnu/h-i686-mingw32/bin/../lib/gcc/nios2-elf/4.7.3/../../../../../H-i686-mingw32/nios2-elf/lib\libc.a(lib_a-fwalk.o)
 .bss           0x040d416c        0x0 d:/quartus13/nios2eds/bin/gnu/h-i686-mingw32/bin/../lib/gcc/nios2-elf/4.7.3/../../../../../H-i686-mingw32/nios2-elf/lib\libc.a(lib_a-impure.o)
 .bss           0x040d416c        0x0 d:/quartus13/nios2eds/bin/gnu/h-i686-mingw32/bin/../lib/gcc/nios2-elf/4.7.3/../../../../../H-i686-mingw32/nios2-elf/lib\libc.a(lib_a-locale.o)
 .bss           0x040d416c        0x0 d:/quartus13/nios2eds/bin/gnu/h-i686-mingw32/bin/../lib/gcc/nios2-elf/4.7.3/../../../../../H-i686-mingw32/nios2-elf/lib\libc.a(lib_a-makebuf.o)
 .bss           0x040d416c       0x28 d:/quartus13/nios2eds/bin/gnu/h-i686-mingw32/bin/../lib/gcc/nios2-elf/4.7.3/../../../../../H-i686-mingw32/nios2-elf/lib\libc.a(lib_a-mallocr.o)
                0x040d416c                __malloc_current_mallinfo
 .bss           0x040d4194        0x0 d:/quartus13/nios2eds/bin/gnu/h-i686-mingw32/bin/../lib/gcc/nios2-elf/4.7.3/../../../../../H-i686-mingw32/nios2-elf/lib\libc.a(lib_a-memchr.o)
 .bss           0x040d4194        0x0 d:/quartus13/nios2eds/bin/gnu/h-i686-mingw32/bin/../lib/gcc/nios2-elf/4.7.3/../../../../../H-i686-mingw32/nios2-elf/lib\libc.a(lib_a-memcpy.o)
 .bss           0x040d4194        0x0 d:/quartus13/nios2eds/bin/gnu/h-i686-mingw32/bin/../lib/gcc/nios2-elf/4.7.3/../../../../../H-i686-mingw32/nios2-elf/lib\libc.a(lib_a-memmove.o)
 .bss           0x040d4194        0x0 d:/quartus13/nios2eds/bin/gnu/h-i686-mingw32/bin/../lib/gcc/nios2-elf/4.7.3/../../../../../H-i686-mingw32/nios2-elf/lib\libc.a(lib_a-memset.o)
 .bss           0x040d4194        0x0 d:/quartus13/nios2eds/bin/gnu/h-i686-mingw32/bin/../lib/gcc/nios2-elf/4.7.3/../../../../../H-i686-mingw32/nios2-elf/lib\libc.a(lib_a-mprec.o)
 .bss           0x040d4194        0x0 d:/quartus13/nios2eds/bin/gnu/h-i686-mingw32/bin/../lib/gcc/nios2-elf/4.7.3/../../../../../H-i686-mingw32/nios2-elf/lib\libc.a(lib_a-reallocr.o)
 .bss           0x040d4194        0x0 d:/quartus13/nios2eds/bin/gnu/h-i686-mingw32/bin/../lib/gcc/nios2-elf/4.7.3/../../../../../H-i686-mingw32/nios2-elf/lib\libc.a(lib_a-s_isinfd.o)
 .bss           0x040d4194        0x0 d:/quartus13/nios2eds/bin/gnu/h-i686-mingw32/bin/../lib/gcc/nios2-elf/4.7.3/../../../../../H-i686-mingw32/nios2-elf/lib\libc.a(lib_a-s_isnand.o)
 .bss           0x040d4194        0x0 d:/quartus13/nios2eds/bin/gnu/h-i686-mingw32/bin/../lib/gcc/nios2-elf/4.7.3/../../../../../H-i686-mingw32/nios2-elf/lib\libc.a(lib_a-sbrkr.o)
 .bss           0x040d4194        0x0 d:/quartus13/nios2eds/bin/gnu/h-i686-mingw32/bin/../lib/gcc/nios2-elf/4.7.3/../../../../../H-i686-mingw32/nios2-elf/lib\libc.a(lib_a-stdio.o)
 .bss           0x040d4194        0x0 d:/quartus13/nios2eds/bin/gnu/h-i686-mingw32/bin/../lib/gcc/nios2-elf/4.7.3/../../../../../H-i686-mingw32/nios2-elf/lib\libc.a(lib_a-strcmp.o)
 .bss           0x040d4194        0x0 d:/quartus13/nios2eds/bin/gnu/h-i686-mingw32/bin/../lib/gcc/nios2-elf/4.7.3/../../../../../H-i686-mingw32/nios2-elf/lib\libc.a(lib_a-writer.o)
 .bss           0x040d4194        0x0 d:/quartus13/nios2eds/bin/gnu/h-i686-mingw32/bin/../lib/gcc/nios2-elf/4.7.3/../../../../../H-i686-mingw32/nios2-elf/lib\libc.a(lib_a-callocr.o)
 .bss           0x040d4194        0x0 d:/quartus13/nios2eds/bin/gnu/h-i686-mingw32/bin/../lib/gcc/nios2-elf/4.7.3/../../../../../H-i686-mingw32/nios2-elf/lib\libc.a(lib_a-closer.o)
 .bss           0x040d4194        0x0 d:/quartus13/nios2eds/bin/gnu/h-i686-mingw32/bin/../lib/gcc/nios2-elf/4.7.3/../../../../../H-i686-mingw32/nios2-elf/lib\libc.a(lib_a-fclose.o)
 .bss           0x040d4194        0x0 d:/quartus13/nios2eds/bin/gnu/h-i686-mingw32/bin/../lib/gcc/nios2-elf/4.7.3/../../../../../H-i686-mingw32/nios2-elf/lib\libc.a(lib_a-fstatr.o)
 .bss           0x040d4194        0x0 d:/quartus13/nios2eds/bin/gnu/h-i686-mingw32/bin/../lib/gcc/nios2-elf/4.7.3/../../../../../H-i686-mingw32/nios2-elf/lib\libc.a(lib_a-int_errno.o)
 .bss           0x040d4194        0x0 d:/quartus13/nios2eds/bin/gnu/h-i686-mingw32/bin/../lib/gcc/nios2-elf/4.7.3/../../../../../H-i686-mingw32/nios2-elf/lib\libc.a(lib_a-isattyr.o)
 .bss           0x040d4194        0x0 d:/quartus13/nios2eds/bin/gnu/h-i686-mingw32/bin/../lib/gcc/nios2-elf/4.7.3/../../../../../H-i686-mingw32/nios2-elf/lib\libc.a(lib_a-lseekr.o)
 .bss           0x040d4194        0x0 d:/quartus13/nios2eds/bin/gnu/h-i686-mingw32/bin/../lib/gcc/nios2-elf/4.7.3/../../../../../H-i686-mingw32/nios2-elf/lib\libc.a(lib_a-readr.o)
 .bss           0x040d4194        0x0 d:/quartus13/nios2eds/bin/gnu/h-i686-mingw32/bin/../lib/gcc/nios2-elf/4.7.3\libgcc.a(_udivdi3.o)
 .bss           0x040d4194        0x0 d:/quartus13/nios2eds/bin/gnu/h-i686-mingw32/bin/../lib/gcc/nios2-elf/4.7.3\libgcc.a(_umoddi3.o)
 .bss           0x040d4194        0x0 d:/quartus13/nios2eds/bin/gnu/h-i686-mingw32/bin/../lib/gcc/nios2-elf/4.7.3\libgcc.a(_div_df.o)
 .bss           0x040d4194        0x0 d:/quartus13/nios2eds/bin/gnu/h-i686-mingw32/bin/../lib/gcc/nios2-elf/4.7.3\libgcc.a(_eq_df.o)
 .bss           0x040d4194        0x0 d:/quartus13/nios2eds/bin/gnu/h-i686-mingw32/bin/../lib/gcc/nios2-elf/4.7.3\libgcc.a(_ne_df.o)
 .bss           0x040d4194        0x0 d:/quartus13/nios2eds/bin/gnu/h-i686-mingw32/bin/../lib/gcc/nios2-elf/4.7.3\libgcc.a(_gt_df.o)
 .bss           0x040d4194        0x0 d:/quartus13/nios2eds/bin/gnu/h-i686-mingw32/bin/../lib/gcc/nios2-elf/4.7.3\libgcc.a(_lt_df.o)
 .bss           0x040d4194        0x0 d:/quartus13/nios2eds/bin/gnu/h-i686-mingw32/bin/../lib/gcc/nios2-elf/4.7.3\libgcc.a(_usi_to_df.o)
 .bss           0x040d4194        0x0 d:/quartus13/nios2eds/bin/gnu/h-i686-mingw32/bin/../lib/gcc/nios2-elf/4.7.3\libgcc.a(lib2-divmod.o)
 .bss           0x040d4194        0x0 ../qsys_lcd_bsp/\libhal_bsp.a(alt_close.o)
 .bss           0x040d4194        0x0 ../qsys_lcd_bsp/\libhal_bsp.a(alt_dev.o)
 .bss           0x040d4194        0x0 ../qsys_lcd_bsp/\libhal_bsp.a(alt_errno.o)
 .bss           0x040d4194        0x0 ../qsys_lcd_bsp/\libhal_bsp.a(alt_fstat.o)
 .bss           0x040d4194        0x0 ../qsys_lcd_bsp/\libhal_bsp.a(alt_isatty.o)
 .bss           0x040d4194        0x0 ../qsys_lcd_bsp/\libhal_bsp.a(alt_lseek.o)
 .bss           0x040d4194        0x0 ../qsys_lcd_bsp/\libhal_bsp.a(alt_main.o)
 .bss           0x040d4194        0x0 ../qsys_lcd_bsp/\libhal_bsp.a(alt_malloc_lock.o)
 .bss           0x040d4194        0x0 ../qsys_lcd_bsp/\libhal_bsp.a(alt_read.o)
 .bss           0x040d4194        0x0 ../qsys_lcd_bsp/\libhal_bsp.a(alt_release_fd.o)
 .bss           0x040d4194        0x0 ../qsys_lcd_bsp/\libhal_bsp.a(alt_sbrk.o)
 .bss           0x040d4194        0x0 ../qsys_lcd_bsp/\libhal_bsp.a(alt_usleep.o)
 .bss           0x040d4194        0x0 ../qsys_lcd_bsp/\libhal_bsp.a(alt_write.o)
 .bss           0x040d4194        0x0 ../qsys_lcd_bsp/\libhal_bsp.a(alt_sys_init.o)
 .bss           0x040d4194        0x0 ../qsys_lcd_bsp/\libhal_bsp.a(altera_avalon_epcs_flash_controller.o)
 .bss           0x040d4194        0x0 ../qsys_lcd_bsp/\libhal_bsp.a(altera_avalon_jtag_uart_fd.o)
 .bss           0x040d4194        0x0 ../qsys_lcd_bsp/\libhal_bsp.a(altera_avalon_jtag_uart_init.o)
 .bss           0x040d4194        0x0 ../qsys_lcd_bsp/\libhal_bsp.a(altera_avalon_jtag_uart_ioctl.o)
 .bss           0x040d4194        0x0 ../qsys_lcd_bsp/\libhal_bsp.a(altera_avalon_jtag_uart_read.o)
 .bss           0x040d4194        0x0 ../qsys_lcd_bsp/\libhal_bsp.a(altera_avalon_jtag_uart_write.o)
 .bss           0x040d4194        0x0 ../qsys_lcd_bsp/\libhal_bsp.a(epcs_commands.o)
 .bss           0x040d4194        0x0 ../qsys_lcd_bsp/\libhal_bsp.a(alt_alarm_start.o)
 .bss           0x040d4194        0x0 ../qsys_lcd_bsp/\libhal_bsp.a(alt_busy_sleep.o)
 .bss           0x040d4194        0x0 ../qsys_lcd_bsp/\libhal_bsp.a(alt_dev_llist_insert.o)
 .bss           0x040d4194        0x0 ../qsys_lcd_bsp/\libhal_bsp.a(alt_do_ctors.o)
 .bss           0x040d4194        0x0 ../qsys_lcd_bsp/\libhal_bsp.a(alt_do_dtors.o)
 .bss           0x040d4194        0x0 ../qsys_lcd_bsp/\libhal_bsp.a(alt_flash_dev.o)
 .bss           0x040d4194        0x0 ../qsys_lcd_bsp/\libhal_bsp.a(alt_iic.o)
 .bss           0x040d4194        0x0 ../qsys_lcd_bsp/\libhal_bsp.a(alt_iic_isr_register.o)
 .bss           0x040d4194        0x0 ../qsys_lcd_bsp/\libhal_bsp.a(alt_io_redirect.o)
 .bss           0x040d4194        0x0 ../qsys_lcd_bsp/\libhal_bsp.a(alt_irq_entry.o)
 .bss           0x040d4194        0x0 ../qsys_lcd_bsp/\libhal_bsp.a(alt_irq_handler.o)
 .bss           0x040d4194        0x0 ../qsys_lcd_bsp/\libhal_bsp.a(alt_irq_vars.o)
 .bss           0x040d4194        0x0 ../qsys_lcd_bsp/\libhal_bsp.a(alt_open.o)
 .bss           0x040d4194        0x0 ../qsys_lcd_bsp/\libhal_bsp.a(alt_tick.o)
 .bss           0x040d4194        0x0 ../qsys_lcd_bsp/\libhal_bsp.a(altera_nios2_qsys_irq.o)
 .bss           0x040d4194        0x0 ../qsys_lcd_bsp/\libhal_bsp.a(altera_avalon_spi.o)
 .bss           0x040d4194        0x0 ../qsys_lcd_bsp/\libhal_bsp.a(alt_exception_entry.o)
 .bss           0x040d4194        0x0 ../qsys_lcd_bsp/\libhal_bsp.a(alt_find_dev.o)
 .bss           0x040d4194        0x0 ../qsys_lcd_bsp/\libhal_bsp.a(alt_find_file.o)
 .bss           0x040d4194        0x0 ../qsys_lcd_bsp/\libhal_bsp.a(alt_get_fd.o)
 .bss           0x040d4194        0x0 d:/quartus13/nios2eds/bin/gnu/h-i686-mingw32/bin/../lib/gcc/nios2-elf/4.7.3/../../../../../H-i686-mingw32/nios2-elf/lib\libc.a(lib_a-atexit.o)
 .bss           0x040d4194        0x0 d:/quartus13/nios2eds/bin/gnu/h-i686-mingw32/bin/../lib/gcc/nios2-elf/4.7.3/../../../../../H-i686-mingw32/nios2-elf/lib\libc.a(lib_a-exit.o)
 .bss           0x040d4194        0x0 d:/quartus13/nios2eds/bin/gnu/h-i686-mingw32/bin/../lib/gcc/nios2-elf/4.7.3/../../../../../H-i686-mingw32/nios2-elf/lib\libc.a(lib_a-memcmp.o)
 .bss           0x040d4194        0x0 d:/quartus13/nios2eds/bin/gnu/h-i686-mingw32/bin/../lib/gcc/nios2-elf/4.7.3/../../../../../H-i686-mingw32/nios2-elf/lib\libc.a(lib_a-__atexit.o)
 .bss           0x040d4194        0x0 d:/quartus13/nios2eds/bin/gnu/h-i686-mingw32/bin/../lib/gcc/nios2-elf/4.7.3/../../../../../H-i686-mingw32/nios2-elf/lib\libc.a(lib_a-__call_atexit.o)
 .bss           0x040d4194        0x0 ../qsys_lcd_bsp/\libhal_bsp.a(alt_exit.o)
 *(COMMON)
 COMMON         0x040d4194       0x1c obj/default/drive/mculcd.o
                0x040d4194                lcddev
 COMMON         0x040d41b0      0x100 ../qsys_lcd_bsp/\libhal_bsp.a(alt_irq_handler.o)
                0x040d41b0                alt_irq
 COMMON         0x040d42b0      0x190 d:/quartus13/nios2eds/bin/gnu/h-i686-mingw32/bin/../lib/gcc/nios2-elf/4.7.3/../../../../../H-i686-mingw32/nios2-elf/lib\libc.a(lib_a-atexit.o)
                0x040d42b0                _atexit0
                0x040d4440                . = ALIGN (0x4)
                0x040d4440                __bss_end = ABSOLUTE (.)

.epcs           0x00000020        0x0
                0x00000020                PROVIDE (_alt_partition_epcs_start, ABSOLUTE (.))
 *(.epcs .epcs. epcs.*)
                0x00000020                . = ALIGN (0x4)
                0x00000020                PROVIDE (_alt_partition_epcs_end, ABSOLUTE (.))
                0x00000020                PROVIDE (_alt_partition_epcs_load_addr, LOADADDR (.epcs))

.sdram          0x040d4440        0x0
                0x040d4440                PROVIDE (_alt_partition_sdram_start, ABSOLUTE (.))
 *(.sdram .sdram. sdram.*)
                0x040d4440                . = ALIGN (0x4)
                0x040d4440                PROVIDE (_alt_partition_sdram_end, ABSOLUTE (.))
                0x040d4440                _end = ABSOLUTE (.)
                0x040d4440                end = ABSOLUTE (.)
                0x040d4440                __alt_stack_base = ABSOLUTE (.)
                0x040d4440                PROVIDE (_alt_partition_sdram_load_addr, LOADADDR (.sdram))

.stab
 *(.stab)

.stabstr
 *(.stabstr)

.stab.excl
 *(.stab.excl)

.stab.exclstr
 *(.stab.exclstr)

.stab.index
 *(.stab.index)

.stab.indexstr
 *(.stab.indexstr)

.comment        0x00000000       0x23
 *(.comment)
 .comment       0x00000000       0x23 obj/default/drive/mculcd.o
                                 0x24 (size before relaxing)
 .comment       0x00000000       0x24 obj/default/qsys_lcd.o
 .comment       0x00000000       0x24 d:/quartus13/nios2eds/bin/gnu/h-i686-mingw32/bin/../lib/gcc/nios2-elf/4.7.3\libgcc.a(_fixunsdfsi.o)
 .comment       0x00000000       0x24 d:/quartus13/nios2eds/bin/gnu/h-i686-mingw32/bin/../lib/gcc/nios2-elf/4.7.3\libgcc.a(_addsub_df.o)
 .comment       0x00000000       0x24 d:/quartus13/nios2eds/bin/gnu/h-i686-mingw32/bin/../lib/gcc/nios2-elf/4.7.3\libgcc.a(_mul_df.o)
 .comment       0x00000000       0x24 d:/quartus13/nios2eds/bin/gnu/h-i686-mingw32/bin/../lib/gcc/nios2-elf/4.7.3\libgcc.a(_ge_df.o)
 .comment       0x00000000       0x24 d:/quartus13/nios2eds/bin/gnu/h-i686-mingw32/bin/../lib/gcc/nios2-elf/4.7.3\libgcc.a(_si_to_df.o)
 .comment       0x00000000       0x24 d:/quartus13/nios2eds/bin/gnu/h-i686-mingw32/bin/../lib/gcc/nios2-elf/4.7.3\libgcc.a(_df_to_si.o)
 .comment       0x00000000       0x24 d:/quartus13/nios2eds/bin/gnu/h-i686-mingw32/bin/../lib/gcc/nios2-elf/4.7.3\libgcc.a(_thenan_df.o)
 .comment       0x00000000       0x24 d:/quartus13/nios2eds/bin/gnu/h-i686-mingw32/bin/../lib/gcc/nios2-elf/4.7.3\libgcc.a(_muldi3.o)
 .comment       0x00000000       0x24 d:/quartus13/nios2eds/bin/gnu/h-i686-mingw32/bin/../lib/gcc/nios2-elf/4.7.3\libgcc.a(_clzsi2.o)
 .comment       0x00000000       0x24 d:/quartus13/nios2eds/bin/gnu/h-i686-mingw32/bin/../lib/gcc/nios2-elf/4.7.3\libgcc.a(_pack_df.o)
 .comment       0x00000000       0x24 d:/quartus13/nios2eds/bin/gnu/h-i686-mingw32/bin/../lib/gcc/nios2-elf/4.7.3\libgcc.a(_unpack_df.o)
 .comment       0x00000000       0x24 d:/quartus13/nios2eds/bin/gnu/h-i686-mingw32/bin/../lib/gcc/nios2-elf/4.7.3\libgcc.a(_fpcmp_parts_df.o)
 .comment       0x00000000       0x24 d:/quartus13/nios2eds/bin/gnu/h-i686-mingw32/bin/../lib/gcc/nios2-elf/4.7.3\libgcc.a(_lshrdi3.o)
 .comment       0x00000000       0x24 d:/quartus13/nios2eds/bin/gnu/h-i686-mingw32/bin/../lib/gcc/nios2-elf/4.7.3\libgcc.a(_ashldi3.o)
 .comment       0x00000000       0x24 d:/quartus13/nios2eds/bin/gnu/h-i686-mingw32/bin/../lib/gcc/nios2-elf/4.7.3\libgcc.a(_clz.o)
 .comment       0x00000000       0x24 d:/quartus13/nios2eds/bin/gnu/h-i686-mingw32/bin/../lib/gcc/nios2-elf/4.7.3/../../../../../H-i686-mingw32/nios2-elf/lib\libc.a(lib_a-printf.o)
 .comment       0x00000000       0x24 d:/quartus13/nios2eds/bin/gnu/h-i686-mingw32/bin/../lib/gcc/nios2-elf/4.7.3/../../../../../H-i686-mingw32/nios2-elf/lib\libc.a(lib_a-puts.o)
 .comment       0x00000000       0x24 d:/quartus13/nios2eds/bin/gnu/h-i686-mingw32/bin/../lib/gcc/nios2-elf/4.7.3/../../../../../H-i686-mingw32/nios2-elf/lib\libc.a(lib_a-strlen.o)
 .comment       0x00000000       0x24 d:/quartus13/nios2eds/bin/gnu/h-i686-mingw32/bin/../lib/gcc/nios2-elf/4.7.3/../../../../../H-i686-mingw32/nios2-elf/lib\libc.a(lib_a-vfprintf.o)
 .comment       0x00000000       0x24 d:/quartus13/nios2eds/bin/gnu/h-i686-mingw32/bin/../lib/gcc/nios2-elf/4.7.3/../../../../../H-i686-mingw32/nios2-elf/lib\libc.a(lib_a-wsetup.o)
 .comment       0x00000000       0x24 d:/quartus13/nios2eds/bin/gnu/h-i686-mingw32/bin/../lib/gcc/nios2-elf/4.7.3/../../../../../H-i686-mingw32/nios2-elf/lib\libc.a(lib_a-dtoa.o)
 .comment       0x00000000       0x24 d:/quartus13/nios2eds/bin/gnu/h-i686-mingw32/bin/../lib/gcc/nios2-elf/4.7.3/../../../../../H-i686-mingw32/nios2-elf/lib\libc.a(lib_a-fflush.o)
 .comment       0x00000000       0x24 d:/quartus13/nios2eds/bin/gnu/h-i686-mingw32/bin/../lib/gcc/nios2-elf/4.7.3/../../../../../H-i686-mingw32/nios2-elf/lib\libc.a(lib_a-findfp.o)
 .comment       0x00000000       0x24 d:/quartus13/nios2eds/bin/gnu/h-i686-mingw32/bin/../lib/gcc/nios2-elf/4.7.3/../../../../../H-i686-mingw32/nios2-elf/lib\libc.a(lib_a-freer.o)
 .comment       0x00000000       0x24 d:/quartus13/nios2eds/bin/gnu/h-i686-mingw32/bin/../lib/gcc/nios2-elf/4.7.3/../../../../../H-i686-mingw32/nios2-elf/lib\libc.a(lib_a-fvwrite.o)
 .comment       0x00000000       0x24 d:/quartus13/nios2eds/bin/gnu/h-i686-mingw32/bin/../lib/gcc/nios2-elf/4.7.3/../../../../../H-i686-mingw32/nios2-elf/lib\libc.a(lib_a-fwalk.o)
 .comment       0x00000000       0x24 d:/quartus13/nios2eds/bin/gnu/h-i686-mingw32/bin/../lib/gcc/nios2-elf/4.7.3/../../../../../H-i686-mingw32/nios2-elf/lib\libc.a(lib_a-impure.o)
 .comment       0x00000000       0x24 d:/quartus13/nios2eds/bin/gnu/h-i686-mingw32/bin/../lib/gcc/nios2-elf/4.7.3/../../../../../H-i686-mingw32/nios2-elf/lib\libc.a(lib_a-locale.o)
 .comment       0x00000000       0x24 d:/quartus13/nios2eds/bin/gnu/h-i686-mingw32/bin/../lib/gcc/nios2-elf/4.7.3/../../../../../H-i686-mingw32/nios2-elf/lib\libc.a(lib_a-makebuf.o)
 .comment       0x00000000       0x24 d:/quartus13/nios2eds/bin/gnu/h-i686-mingw32/bin/../lib/gcc/nios2-elf/4.7.3/../../../../../H-i686-mingw32/nios2-elf/lib\libc.a(lib_a-mallocr.o)
 .comment       0x00000000       0x24 d:/quartus13/nios2eds/bin/gnu/h-i686-mingw32/bin/../lib/gcc/nios2-elf/4.7.3/../../../../../H-i686-mingw32/nios2-elf/lib\libc.a(lib_a-memchr.o)
 .comment       0x00000000       0x24 d:/quartus13/nios2eds/bin/gnu/h-i686-mingw32/bin/../lib/gcc/nios2-elf/4.7.3/../../../../../H-i686-mingw32/nios2-elf/lib\libc.a(lib_a-memcpy.o)
 .comment       0x00000000       0x24 d:/quartus13/nios2eds/bin/gnu/h-i686-mingw32/bin/../lib/gcc/nios2-elf/4.7.3/../../../../../H-i686-mingw32/nios2-elf/lib\libc.a(lib_a-memmove.o)
 .comment       0x00000000       0x24 d:/quartus13/nios2eds/bin/gnu/h-i686-mingw32/bin/../lib/gcc/nios2-elf/4.7.3/../../../../../H-i686-mingw32/nios2-elf/lib\libc.a(lib_a-memset.o)
 .comment       0x00000000       0x24 d:/quartus13/nios2eds/bin/gnu/h-i686-mingw32/bin/../lib/gcc/nios2-elf/4.7.3/../../../../../H-i686-mingw32/nios2-elf/lib\libc.a(lib_a-mprec.o)
 .comment       0x00000000       0x24 d:/quartus13/nios2eds/bin/gnu/h-i686-mingw32/bin/../lib/gcc/nios2-elf/4.7.3/../../../../../H-i686-mingw32/nios2-elf/lib\libc.a(lib_a-reallocr.o)
 .comment       0x00000000       0x24 d:/quartus13/nios2eds/bin/gnu/h-i686-mingw32/bin/../lib/gcc/nios2-elf/4.7.3/../../../../../H-i686-mingw32/nios2-elf/lib\libc.a(lib_a-s_isinfd.o)
 .comment       0x00000000       0x24 d:/quartus13/nios2eds/bin/gnu/h-i686-mingw32/bin/../lib/gcc/nios2-elf/4.7.3/../../../../../H-i686-mingw32/nios2-elf/lib\libc.a(lib_a-s_isnand.o)
 .comment       0x00000000       0x24 d:/quartus13/nios2eds/bin/gnu/h-i686-mingw32/bin/../lib/gcc/nios2-elf/4.7.3/../../../../../H-i686-mingw32/nios2-elf/lib\libc.a(lib_a-sbrkr.o)
 .comment       0x00000000       0x24 d:/quartus13/nios2eds/bin/gnu/h-i686-mingw32/bin/../lib/gcc/nios2-elf/4.7.3/../../../../../H-i686-mingw32/nios2-elf/lib\libc.a(lib_a-stdio.o)
 .comment       0x00000000       0x24 d:/quartus13/nios2eds/bin/gnu/h-i686-mingw32/bin/../lib/gcc/nios2-elf/4.7.3/../../../../../H-i686-mingw32/nios2-elf/lib\libc.a(lib_a-strcmp.o)
 .comment       0x00000000       0x24 d:/quartus13/nios2eds/bin/gnu/h-i686-mingw32/bin/../lib/gcc/nios2-elf/4.7.3/../../../../../H-i686-mingw32/nios2-elf/lib\libc.a(lib_a-writer.o)
 .comment       0x00000000       0x24 d:/quartus13/nios2eds/bin/gnu/h-i686-mingw32/bin/../lib/gcc/nios2-elf/4.7.3/../../../../../H-i686-mingw32/nios2-elf/lib\libc.a(lib_a-callocr.o)
 .comment       0x00000000       0x24 d:/quartus13/nios2eds/bin/gnu/h-i686-mingw32/bin/../lib/gcc/nios2-elf/4.7.3/../../../../../H-i686-mingw32/nios2-elf/lib\libc.a(lib_a-closer.o)
 .comment       0x00000000       0x24 d:/quartus13/nios2eds/bin/gnu/h-i686-mingw32/bin/../lib/gcc/nios2-elf/4.7.3/../../../../../H-i686-mingw32/nios2-elf/lib\libc.a(lib_a-fclose.o)
 .comment       0x00000000       0x24 d:/quartus13/nios2eds/bin/gnu/h-i686-mingw32/bin/../lib/gcc/nios2-elf/4.7.3/../../../../../H-i686-mingw32/nios2-elf/lib\libc.a(lib_a-fstatr.o)
 .comment       0x00000000       0x24 d:/quartus13/nios2eds/bin/gnu/h-i686-mingw32/bin/../lib/gcc/nios2-elf/4.7.3/../../../../../H-i686-mingw32/nios2-elf/lib\libc.a(lib_a-int_errno.o)
 .comment       0x00000000       0x24 d:/quartus13/nios2eds/bin/gnu/h-i686-mingw32/bin/../lib/gcc/nios2-elf/4.7.3/../../../../../H-i686-mingw32/nios2-elf/lib\libc.a(lib_a-isattyr.o)
 .comment       0x00000000       0x24 d:/quartus13/nios2eds/bin/gnu/h-i686-mingw32/bin/../lib/gcc/nios2-elf/4.7.3/../../../../../H-i686-mingw32/nios2-elf/lib\libc.a(lib_a-lseekr.o)
 .comment       0x00000000       0x24 d:/quartus13/nios2eds/bin/gnu/h-i686-mingw32/bin/../lib/gcc/nios2-elf/4.7.3/../../../../../H-i686-mingw32/nios2-elf/lib\libc.a(lib_a-readr.o)
 .comment       0x00000000       0x24 d:/quartus13/nios2eds/bin/gnu/h-i686-mingw32/bin/../lib/gcc/nios2-elf/4.7.3\libgcc.a(_udivdi3.o)
 .comment       0x00000000       0x24 d:/quartus13/nios2eds/bin/gnu/h-i686-mingw32/bin/../lib/gcc/nios2-elf/4.7.3\libgcc.a(_umoddi3.o)
 .comment       0x00000000       0x24 d:/quartus13/nios2eds/bin/gnu/h-i686-mingw32/bin/../lib/gcc/nios2-elf/4.7.3\libgcc.a(_div_df.o)
 .comment       0x00000000       0x24 d:/quartus13/nios2eds/bin/gnu/h-i686-mingw32/bin/../lib/gcc/nios2-elf/4.7.3\libgcc.a(_eq_df.o)
 .comment       0x00000000       0x24 d:/quartus13/nios2eds/bin/gnu/h-i686-mingw32/bin/../lib/gcc/nios2-elf/4.7.3\libgcc.a(_ne_df.o)
 .comment       0x00000000       0x24 d:/quartus13/nios2eds/bin/gnu/h-i686-mingw32/bin/../lib/gcc/nios2-elf/4.7.3\libgcc.a(_gt_df.o)
 .comment       0x00000000       0x24 d:/quartus13/nios2eds/bin/gnu/h-i686-mingw32/bin/../lib/gcc/nios2-elf/4.7.3\libgcc.a(_lt_df.o)
 .comment       0x00000000       0x24 d:/quartus13/nios2eds/bin/gnu/h-i686-mingw32/bin/../lib/gcc/nios2-elf/4.7.3\libgcc.a(_usi_to_df.o)
 .comment       0x00000000       0x24 d:/quartus13/nios2eds/bin/gnu/h-i686-mingw32/bin/../lib/gcc/nios2-elf/4.7.3\libgcc.a(lib2-divmod.o)
 .comment       0x00000000       0x24 ../qsys_lcd_bsp/\libhal_bsp.a(alt_close.o)
 .comment       0x00000000       0x24 ../qsys_lcd_bsp/\libhal_bsp.a(alt_dev.o)
 .comment       0x00000000       0x24 ../qsys_lcd_bsp/\libhal_bsp.a(alt_errno.o)
 .comment       0x00000000       0x24 ../qsys_lcd_bsp/\libhal_bsp.a(alt_fstat.o)
 .comment       0x00000000       0x24 ../qsys_lcd_bsp/\libhal_bsp.a(alt_isatty.o)
 .comment       0x00000000       0x24 ../qsys_lcd_bsp/\libhal_bsp.a(alt_lseek.o)
 .comment       0x00000000       0x24 ../qsys_lcd_bsp/\libhal_bsp.a(alt_main.o)
 .comment       0x00000000       0x24 ../qsys_lcd_bsp/\libhal_bsp.a(alt_malloc_lock.o)
 .comment       0x00000000       0x24 ../qsys_lcd_bsp/\libhal_bsp.a(alt_read.o)
 .comment       0x00000000       0x24 ../qsys_lcd_bsp/\libhal_bsp.a(alt_release_fd.o)
 .comment       0x00000000       0x24 ../qsys_lcd_bsp/\libhal_bsp.a(alt_sbrk.o)
 .comment       0x00000000       0x24 ../qsys_lcd_bsp/\libhal_bsp.a(alt_usleep.o)
 .comment       0x00000000       0x24 ../qsys_lcd_bsp/\libhal_bsp.a(alt_write.o)
 .comment       0x00000000       0x24 ../qsys_lcd_bsp/\libhal_bsp.a(alt_sys_init.o)
 .comment       0x00000000       0x24 ../qsys_lcd_bsp/\libhal_bsp.a(altera_avalon_epcs_flash_controller.o)
 .comment       0x00000000       0x24 ../qsys_lcd_bsp/\libhal_bsp.a(altera_avalon_jtag_uart_fd.o)
 .comment       0x00000000       0x24 ../qsys_lcd_bsp/\libhal_bsp.a(altera_avalon_jtag_uart_init.o)
 .comment       0x00000000       0x24 ../qsys_lcd_bsp/\libhal_bsp.a(altera_avalon_jtag_uart_ioctl.o)
 .comment       0x00000000       0x24 ../qsys_lcd_bsp/\libhal_bsp.a(altera_avalon_jtag_uart_read.o)
 .comment       0x00000000       0x24 ../qsys_lcd_bsp/\libhal_bsp.a(altera_avalon_jtag_uart_write.o)
 .comment       0x00000000       0x24 ../qsys_lcd_bsp/\libhal_bsp.a(epcs_commands.o)
 .comment       0x00000000       0x24 ../qsys_lcd_bsp/\libhal_bsp.a(alt_alarm_start.o)
 .comment       0x00000000       0x24 ../qsys_lcd_bsp/\libhal_bsp.a(alt_busy_sleep.o)
 .comment       0x00000000       0x24 ../qsys_lcd_bsp/\libhal_bsp.a(alt_dev_llist_insert.o)
 .comment       0x00000000       0x24 ../qsys_lcd_bsp/\libhal_bsp.a(alt_do_ctors.o)
 .comment       0x00000000       0x24 ../qsys_lcd_bsp/\libhal_bsp.a(alt_do_dtors.o)
 .comment       0x00000000       0x24 ../qsys_lcd_bsp/\libhal_bsp.a(alt_flash_dev.o)
 .comment       0x00000000       0x24 ../qsys_lcd_bsp/\libhal_bsp.a(alt_iic.o)
 .comment       0x00000000       0x24 ../qsys_lcd_bsp/\libhal_bsp.a(alt_iic_isr_register.o)
 .comment       0x00000000       0x24 ../qsys_lcd_bsp/\libhal_bsp.a(alt_io_redirect.o)
 .comment       0x00000000       0x24 ../qsys_lcd_bsp/\libhal_bsp.a(alt_irq_handler.o)
 .comment       0x00000000       0x24 ../qsys_lcd_bsp/\libhal_bsp.a(alt_irq_vars.o)
 .comment       0x00000000       0x24 ../qsys_lcd_bsp/\libhal_bsp.a(alt_open.o)
 .comment       0x00000000       0x24 ../qsys_lcd_bsp/\libhal_bsp.a(alt_tick.o)
 .comment       0x00000000       0x24 ../qsys_lcd_bsp/\libhal_bsp.a(altera_nios2_qsys_irq.o)
 .comment       0x00000000       0x24 ../qsys_lcd_bsp/\libhal_bsp.a(altera_avalon_spi.o)
 .comment       0x00000000       0x24 ../qsys_lcd_bsp/\libhal_bsp.a(alt_find_dev.o)
 .comment       0x00000000       0x24 ../qsys_lcd_bsp/\libhal_bsp.a(alt_find_file.o)
 .comment       0x00000000       0x24 ../qsys_lcd_bsp/\libhal_bsp.a(alt_get_fd.o)
 .comment       0x00000000       0x24 d:/quartus13/nios2eds/bin/gnu/h-i686-mingw32/bin/../lib/gcc/nios2-elf/4.7.3/../../../../../H-i686-mingw32/nios2-elf/lib\libc.a(lib_a-atexit.o)
 .comment       0x00000000       0x24 d:/quartus13/nios2eds/bin/gnu/h-i686-mingw32/bin/../lib/gcc/nios2-elf/4.7.3/../../../../../H-i686-mingw32/nios2-elf/lib\libc.a(lib_a-exit.o)
 .comment       0x00000000       0x24 d:/quartus13/nios2eds/bin/gnu/h-i686-mingw32/bin/../lib/gcc/nios2-elf/4.7.3/../../../../../H-i686-mingw32/nios2-elf/lib\libc.a(lib_a-memcmp.o)
 .comment       0x00000000       0x24 d:/quartus13/nios2eds/bin/gnu/h-i686-mingw32/bin/../lib/gcc/nios2-elf/4.7.3/../../../../../H-i686-mingw32/nios2-elf/lib\libc.a(lib_a-__atexit.o)
 .comment       0x00000000       0x24 d:/quartus13/nios2eds/bin/gnu/h-i686-mingw32/bin/../lib/gcc/nios2-elf/4.7.3/../../../../../H-i686-mingw32/nios2-elf/lib\libc.a(lib_a-__call_atexit.o)
 .comment       0x00000000       0x24 ../qsys_lcd_bsp/\libhal_bsp.a(alt_exit.o)

.debug
 *(.debug)

.line
 *(.line)

.debug_srcinfo
 *(.debug_srcinfo)

.debug_sfnames
 *(.debug_sfnames)

.debug_aranges  0x00000000      0xd98
 *(.debug_aranges)
 .debug_aranges
                0x00000000       0x20 ../qsys_lcd_bsp//obj/HAL/src/crt0.o
 .debug_aranges
                0x00000020       0x20 obj/default/drive/mculcd.o
 .debug_aranges
                0x00000040       0x20 obj/default/qsys_lcd.o
 .debug_aranges
                0x00000060       0x20 d:/quartus13/nios2eds/bin/gnu/h-i686-mingw32/bin/../lib/gcc/nios2-elf/4.7.3\libgcc.a(_fixunsdfsi.o)
 .debug_aranges
                0x00000080       0x20 d:/quartus13/nios2eds/bin/gnu/h-i686-mingw32/bin/../lib/gcc/nios2-elf/4.7.3\libgcc.a(_addsub_df.o)
 .debug_aranges
                0x000000a0       0x20 d:/quartus13/nios2eds/bin/gnu/h-i686-mingw32/bin/../lib/gcc/nios2-elf/4.7.3\libgcc.a(_mul_df.o)
 .debug_aranges
                0x000000c0       0x20 d:/quartus13/nios2eds/bin/gnu/h-i686-mingw32/bin/../lib/gcc/nios2-elf/4.7.3\libgcc.a(_ge_df.o)
 .debug_aranges
                0x000000e0       0x20 d:/quartus13/nios2eds/bin/gnu/h-i686-mingw32/bin/../lib/gcc/nios2-elf/4.7.3\libgcc.a(_si_to_df.o)
 .debug_aranges
                0x00000100       0x20 d:/quartus13/nios2eds/bin/gnu/h-i686-mingw32/bin/../lib/gcc/nios2-elf/4.7.3\libgcc.a(_df_to_si.o)
 .debug_aranges
                0x00000120       0x18 d:/quartus13/nios2eds/bin/gnu/h-i686-mingw32/bin/../lib/gcc/nios2-elf/4.7.3\libgcc.a(_thenan_df.o)
 .debug_aranges
                0x00000138       0x20 d:/quartus13/nios2eds/bin/gnu/h-i686-mingw32/bin/../lib/gcc/nios2-elf/4.7.3\libgcc.a(_muldi3.o)
 .debug_aranges
                0x00000158       0x20 d:/quartus13/nios2eds/bin/gnu/h-i686-mingw32/bin/../lib/gcc/nios2-elf/4.7.3\libgcc.a(_clzsi2.o)
 .debug_aranges
                0x00000178       0x20 d:/quartus13/nios2eds/bin/gnu/h-i686-mingw32/bin/../lib/gcc/nios2-elf/4.7.3\libgcc.a(_pack_df.o)
 .debug_aranges
                0x00000198       0x20 d:/quartus13/nios2eds/bin/gnu/h-i686-mingw32/bin/../lib/gcc/nios2-elf/4.7.3\libgcc.a(_unpack_df.o)
 .debug_aranges
                0x000001b8       0x20 d:/quartus13/nios2eds/bin/gnu/h-i686-mingw32/bin/../lib/gcc/nios2-elf/4.7.3\libgcc.a(_fpcmp_parts_df.o)
 .debug_aranges
                0x000001d8       0x20 d:/quartus13/nios2eds/bin/gnu/h-i686-mingw32/bin/../lib/gcc/nios2-elf/4.7.3\libgcc.a(_lshrdi3.o)
 .debug_aranges
                0x000001f8       0x20 d:/quartus13/nios2eds/bin/gnu/h-i686-mingw32/bin/../lib/gcc/nios2-elf/4.7.3\libgcc.a(_ashldi3.o)
 .debug_aranges
                0x00000218       0x18 d:/quartus13/nios2eds/bin/gnu/h-i686-mingw32/bin/../lib/gcc/nios2-elf/4.7.3\libgcc.a(_clz.o)
 .debug_aranges
                0x00000230       0x20 d:/quartus13/nios2eds/bin/gnu/h-i686-mingw32/bin/../lib/gcc/nios2-elf/4.7.3/../../../../../H-i686-mingw32/nios2-elf/lib\libc.a(lib_a-printf.o)
 .debug_aranges
                0x00000250       0x20 d:/quartus13/nios2eds/bin/gnu/h-i686-mingw32/bin/../lib/gcc/nios2-elf/4.7.3/../../../../../H-i686-mingw32/nios2-elf/lib\libc.a(lib_a-puts.o)
 .debug_aranges
                0x00000270       0x20 d:/quartus13/nios2eds/bin/gnu/h-i686-mingw32/bin/../lib/gcc/nios2-elf/4.7.3/../../../../../H-i686-mingw32/nios2-elf/lib\libc.a(lib_a-strlen.o)
 .debug_aranges
                0x00000290       0x20 d:/quartus13/nios2eds/bin/gnu/h-i686-mingw32/bin/../lib/gcc/nios2-elf/4.7.3/../../../../../H-i686-mingw32/nios2-elf/lib\libc.a(lib_a-vfprintf.o)
 .debug_aranges
                0x000002b0       0x20 d:/quartus13/nios2eds/bin/gnu/h-i686-mingw32/bin/../lib/gcc/nios2-elf/4.7.3/../../../../../H-i686-mingw32/nios2-elf/lib\libc.a(lib_a-wsetup.o)
 .debug_aranges
                0x000002d0       0x20 d:/quartus13/nios2eds/bin/gnu/h-i686-mingw32/bin/../lib/gcc/nios2-elf/4.7.3/../../../../../H-i686-mingw32/nios2-elf/lib\libc.a(lib_a-dtoa.o)
 .debug_aranges
                0x000002f0       0x20 d:/quartus13/nios2eds/bin/gnu/h-i686-mingw32/bin/../lib/gcc/nios2-elf/4.7.3/../../../../../H-i686-mingw32/nios2-elf/lib\libc.a(lib_a-fflush.o)
 .debug_aranges
                0x00000310       0x20 d:/quartus13/nios2eds/bin/gnu/h-i686-mingw32/bin/../lib/gcc/nios2-elf/4.7.3/../../../../../H-i686-mingw32/nios2-elf/lib\libc.a(lib_a-findfp.o)
 .debug_aranges
                0x00000330       0x20 d:/quartus13/nios2eds/bin/gnu/h-i686-mingw32/bin/../lib/gcc/nios2-elf/4.7.3/../../../../../H-i686-mingw32/nios2-elf/lib\libc.a(lib_a-freer.o)
 .debug_aranges
                0x00000350       0x20 d:/quartus13/nios2eds/bin/gnu/h-i686-mingw32/bin/../lib/gcc/nios2-elf/4.7.3/../../../../../H-i686-mingw32/nios2-elf/lib\libc.a(lib_a-fvwrite.o)
 .debug_aranges
                0x00000370       0x20 d:/quartus13/nios2eds/bin/gnu/h-i686-mingw32/bin/../lib/gcc/nios2-elf/4.7.3/../../../../../H-i686-mingw32/nios2-elf/lib\libc.a(lib_a-fwalk.o)
 .debug_aranges
                0x00000390       0x18 d:/quartus13/nios2eds/bin/gnu/h-i686-mingw32/bin/../lib/gcc/nios2-elf/4.7.3/../../../../../H-i686-mingw32/nios2-elf/lib\libc.a(lib_a-impure.o)
 .debug_aranges
                0x000003a8       0x20 d:/quartus13/nios2eds/bin/gnu/h-i686-mingw32/bin/../lib/gcc/nios2-elf/4.7.3/../../../../../H-i686-mingw32/nios2-elf/lib\libc.a(lib_a-locale.o)
 .debug_aranges
                0x000003c8       0x20 d:/quartus13/nios2eds/bin/gnu/h-i686-mingw32/bin/../lib/gcc/nios2-elf/4.7.3/../../../../../H-i686-mingw32/nios2-elf/lib\libc.a(lib_a-makebuf.o)
 .debug_aranges
                0x000003e8       0x20 d:/quartus13/nios2eds/bin/gnu/h-i686-mingw32/bin/../lib/gcc/nios2-elf/4.7.3/../../../../../H-i686-mingw32/nios2-elf/lib\libc.a(lib_a-mallocr.o)
 .debug_aranges
                0x00000408       0x20 d:/quartus13/nios2eds/bin/gnu/h-i686-mingw32/bin/../lib/gcc/nios2-elf/4.7.3/../../../../../H-i686-mingw32/nios2-elf/lib\libc.a(lib_a-memchr.o)
 .debug_aranges
                0x00000428       0x20 d:/quartus13/nios2eds/bin/gnu/h-i686-mingw32/bin/../lib/gcc/nios2-elf/4.7.3/../../../../../H-i686-mingw32/nios2-elf/lib\libc.a(lib_a-memcpy.o)
 .debug_aranges
                0x00000448       0x20 d:/quartus13/nios2eds/bin/gnu/h-i686-mingw32/bin/../lib/gcc/nios2-elf/4.7.3/../../../../../H-i686-mingw32/nios2-elf/lib\libc.a(lib_a-memmove.o)
 .debug_aranges
                0x00000468       0x20 d:/quartus13/nios2eds/bin/gnu/h-i686-mingw32/bin/../lib/gcc/nios2-elf/4.7.3/../../../../../H-i686-mingw32/nios2-elf/lib\libc.a(lib_a-memset.o)
 .debug_aranges
                0x00000488       0x20 d:/quartus13/nios2eds/bin/gnu/h-i686-mingw32/bin/../lib/gcc/nios2-elf/4.7.3/../../../../../H-i686-mingw32/nios2-elf/lib\libc.a(lib_a-mprec.o)
 .debug_aranges
                0x000004a8       0x20 d:/quartus13/nios2eds/bin/gnu/h-i686-mingw32/bin/../lib/gcc/nios2-elf/4.7.3/../../../../../H-i686-mingw32/nios2-elf/lib\libc.a(lib_a-reallocr.o)
 .debug_aranges
                0x000004c8       0x20 d:/quartus13/nios2eds/bin/gnu/h-i686-mingw32/bin/../lib/gcc/nios2-elf/4.7.3/../../../../../H-i686-mingw32/nios2-elf/lib\libc.a(lib_a-s_isinfd.o)
 .debug_aranges
                0x000004e8       0x20 d:/quartus13/nios2eds/bin/gnu/h-i686-mingw32/bin/../lib/gcc/nios2-elf/4.7.3/../../../../../H-i686-mingw32/nios2-elf/lib\libc.a(lib_a-s_isnand.o)
 .debug_aranges
                0x00000508       0x20 d:/quartus13/nios2eds/bin/gnu/h-i686-mingw32/bin/../lib/gcc/nios2-elf/4.7.3/../../../../../H-i686-mingw32/nios2-elf/lib\libc.a(lib_a-sbrkr.o)
 .debug_aranges
                0x00000528       0x20 d:/quartus13/nios2eds/bin/gnu/h-i686-mingw32/bin/../lib/gcc/nios2-elf/4.7.3/../../../../../H-i686-mingw32/nios2-elf/lib\libc.a(lib_a-stdio.o)
 .debug_aranges
                0x00000548       0x20 d:/quartus13/nios2eds/bin/gnu/h-i686-mingw32/bin/../lib/gcc/nios2-elf/4.7.3/../../../../../H-i686-mingw32/nios2-elf/lib\libc.a(lib_a-strcmp.o)
 .debug_aranges
                0x00000568       0x20 d:/quartus13/nios2eds/bin/gnu/h-i686-mingw32/bin/../lib/gcc/nios2-elf/4.7.3/../../../../../H-i686-mingw32/nios2-elf/lib\libc.a(lib_a-writer.o)
 .debug_aranges
                0x00000588       0x20 d:/quartus13/nios2eds/bin/gnu/h-i686-mingw32/bin/../lib/gcc/nios2-elf/4.7.3/../../../../../H-i686-mingw32/nios2-elf/lib\libc.a(lib_a-callocr.o)
 .debug_aranges