------------------------------------------------------------
TimeQuest Timing Analyzer Summary
------------------------------------------------------------

Type  : Slow 1200mV 85C Model Setup 'ext_clk'
Slack : 4.385
TNS   : 0.000

Type  : Slow 1200mV 85C Model Setup 'cam_pclk'
Slack : 13.499
TNS   : 0.000

Type  : Slow 1200mV 85C Model Setup 'altera_reserved_tck'
Slack : 45.115
TNS   : 0.000

Type  : Slow 1200mV 85C Model Hold 'ext_clk'
Slack : 0.211
TNS   : 0.000

Type  : Slow 1200mV 85C Model Hold 'cam_pclk'
Slack : 0.435
TNS   : 0.000

Type  : Slow 1200mV 85C Model Hold 'altera_reserved_tck'
Slack : 0.452
TNS   : 0.000

Type  : Slow 1200mV 85C Model Recovery 'ext_clk'
Slack : 13.513
TNS   : 0.000

Type  : Slow 1200mV 85C Model Recovery 'cam_pclk'
Slack : 14.899
TNS   : 0.000

Type  : Slow 1200mV 85C Model Recovery 'altera_reserved_tck'
Slack : 47.335
TNS   : 0.000

Type  : Slow 1200mV 85C Model Removal 'altera_reserved_tck'
Slack : 1.602
TNS   : 0.000

Type  : Slow 1200mV 85C Model Removal 'ext_clk'
Slack : 1.928
TNS   : 0.000

Type  : Slow 1200mV 85C Model Removal 'cam_pclk'
Slack : 2.044
TNS   : 0.000

Type  : Slow 1200mV 85C Model Minimum Pulse Width 'ext_clk'
Slack : 9.514
TNS   : 0.000

Type  : Slow 1200mV 85C Model Minimum Pulse Width 'cam_pclk'
Slack : 9.693
TNS   : 0.000

Type  : Slow 1200mV 85C Model Minimum Pulse Width 'altera_reserved_tck'
Slack : 49.654
TNS   : 0.000

Type  : Slow 1200mV 0C Model Setup 'ext_clk'
Slack : 5.152
TNS   : 0.000

Type  : Slow 1200mV 0C Model Setup 'cam_pclk'
Slack : 13.788
TNS   : 0.000

Type  : Slow 1200mV 0C Model Setup 'altera_reserved_tck'
Slack : 45.518
TNS   : 0.000

Type  : Slow 1200mV 0C Model Hold 'ext_clk'
Slack : -0.030
TNS   : -0.030

Type  : Slow 1200mV 0C Model Hold 'cam_pclk'
Slack : 0.389
TNS   : 0.000

Type  : Slow 1200mV 0C Model Hold 'altera_reserved_tck'
Slack : 0.401
TNS   : 0.000

Type  : Slow 1200mV 0C Model Recovery 'ext_clk'
Slack : 13.977
TNS   : 0.000

Type  : Slow 1200mV 0C Model Recovery 'cam_pclk'
Slack : 15.231
TNS   : 0.000

Type  : Slow 1200mV 0C Model Recovery 'altera_reserved_tck'
Slack : 47.599
TNS   : 0.000

Type  : Slow 1200mV 0C Model Removal 'altera_reserved_tck'
Slack : 1.435
TNS   : 0.000

Type  : Slow 1200mV 0C Model Removal 'ext_clk'
Slack : 1.705
TNS   : 0.000

Type  : Slow 1200mV 0C Model Removal 'cam_pclk'
Slack : 1.874
TNS   : 0.000

Type  : Slow 1200mV 0C Model Minimum Pulse Width 'ext_clk'
Slack : 9.525
TNS   : 0.000

Type  : Slow 1200mV 0C Model Minimum Pulse Width 'cam_pclk'
Slack : 9.610
TNS   : 0.000

Type  : Slow 1200mV 0C Model Minimum Pulse Width 'altera_reserved_tck'
Slack : 49.577
TNS   : 0.000

Type  : Fast 1200mV 0C Model Setup 'ext_clk'
Slack : 13.203
TNS   : 0.000

Type  : Fast 1200mV 0C Model Setup 'cam_pclk'
Slack : 16.991
TNS   : 0.000

Type  : Fast 1200mV 0C Model Setup 'altera_reserved_tck'
Slack : 47.969
TNS   : 0.000

Type  : Fast 1200mV 0C Model Hold 'ext_clk'
Slack : 0.062
TNS   : 0.000

Type  : Fast 1200mV 0C Model Hold 'cam_pclk'
Slack : 0.128
TNS   : 0.000

Type  : Fast 1200mV 0C Model Hold 'altera_reserved_tck'
Slack : 0.185
TNS   : 0.000

Type  : Fast 1200mV 0C Model Recovery 'ext_clk'
Slack : 17.005
TNS   : 0.000

Type  : Fast 1200mV 0C Model Recovery 'cam_pclk'
Slack : 17.621
TNS   : 0.000

Type  : Fast 1200mV 0C Model Recovery 'altera_reserved_tck'
Slack : 49.000
TNS   : 0.000

Type  : Fast 1200mV 0C Model Removal 'altera_reserved_tck'
Slack : 0.667
TNS   : 0.000

Type  : Fast 1200mV 0C Model Removal 'ext_clk'
Slack : 0.813
TNS   : 0.000

Type  : Fast 1200mV 0C Model Removal 'cam_pclk'
Slack : 0.886
TNS   : 0.000

Type  : Fast 1200mV 0C Model Minimum Pulse Width 'cam_pclk'
Slack : 9.123
TNS   : 0.000

Type  : Fast 1200mV 0C Model Minimum Pulse Width 'ext_clk'
Slack : 9.133
TNS   : 0.000

Type  : Fast 1200mV 0C Model Minimum Pulse Width 'altera_reserved_tck'
Slack : 49.500
TNS   : 0.000

------------------------------------------------------------
