Archive member included because of file (symbol)

d:/altera/13.1/nios2eds/bin/gnu/h-i686-mingw32/bin/../lib/gcc/nios2-elf/4.7.3/../../../../../H-i686-mingw32/nios2-elf/lib\libc.a(lib_a-printf.o)
                              obj/default/ucosii_task_time.o (printf)
d:/altera/13.1/nios2eds/bin/gnu/h-i686-mingw32/bin/../lib/gcc/nios2-elf/4.7.3/../../../../../H-i686-mingw32/nios2-elf/lib\libc.a(lib_a-vfprintf.o)
                              d:/altera/13.1/nios2eds/bin/gnu/h-i686-mingw32/bin/../lib/gcc/nios2-elf/4.7.3/../../../../../H-i686-mingw32/nios2-elf/lib\libc.a(lib_a-printf.o) (___vfprintf_internal_r)
d:/altera/13.1/nios2eds/bin/gnu/h-i686-mingw32/bin/../lib/gcc/nios2-elf/4.7.3/../../../../../H-i686-mingw32/nios2-elf/lib\libc.a(lib_a-wsetup.o)
                              d:/altera/13.1/nios2eds/bin/gnu/h-i686-mingw32/bin/../lib/gcc/nios2-elf/4.7.3/../../../../../H-i686-mingw32/nios2-elf/lib\libc.a(lib_a-vfprintf.o) (__swsetup_r)
d:/altera/13.1/nios2eds/bin/gnu/h-i686-mingw32/bin/../lib/gcc/nios2-elf/4.7.3/../../../../../H-i686-mingw32/nios2-elf/lib\libc.a(lib_a-dtoa.o)
                              d:/altera/13.1/nios2eds/bin/gnu/h-i686-mingw32/bin/../lib/gcc/nios2-elf/4.7.3/../../../../../H-i686-mingw32/nios2-elf/lib\libc.a(lib_a-vfprintf.o) (_dtoa_r)
d:/altera/13.1/nios2eds/bin/gnu/h-i686-mingw32/bin/../lib/gcc/nios2-elf/4.7.3/../../../../../H-i686-mingw32/nios2-elf/lib\libc.a(lib_a-fflush.o)
                              d:/altera/13.1/nios2eds/bin/gnu/h-i686-mingw32/bin/../lib/gcc/nios2-elf/4.7.3/../../../../../H-i686-mingw32/nios2-elf/lib\libc.a(lib_a-vfprintf.o) (_fflush_r)
d:/altera/13.1/nios2eds/bin/gnu/h-i686-mingw32/bin/../lib/gcc/nios2-elf/4.7.3/../../../../../H-i686-mingw32/nios2-elf/lib\libc.a(lib_a-findfp.o)
                              d:/altera/13.1/nios2eds/bin/gnu/h-i686-mingw32/bin/../lib/gcc/nios2-elf/4.7.3/../../../../../H-i686-mingw32/nios2-elf/lib\libc.a(lib_a-vfprintf.o) (__sinit)
d:/altera/13.1/nios2eds/bin/gnu/h-i686-mingw32/bin/../lib/gcc/nios2-elf/4.7.3/../../../../../H-i686-mingw32/nios2-elf/lib\libc.a(lib_a-freer.o)
                              d:/altera/13.1/nios2eds/bin/gnu/h-i686-mingw32/bin/../lib/gcc/nios2-elf/4.7.3/../../../../../H-i686-mingw32/nios2-elf/lib\libc.a(lib_a-wsetup.o) (_free_r)
d:/altera/13.1/nios2eds/bin/gnu/h-i686-mingw32/bin/../lib/gcc/nios2-elf/4.7.3/../../../../../H-i686-mingw32/nios2-elf/lib\libc.a(lib_a-fvwrite.o)
                              d:/altera/13.1/nios2eds/bin/gnu/h-i686-mingw32/bin/../lib/gcc/nios2-elf/4.7.3/../../../../../H-i686-mingw32/nios2-elf/lib\libc.a(lib_a-vfprintf.o) (__sfvwrite_r)
d:/altera/13.1/nios2eds/bin/gnu/h-i686-mingw32/bin/../lib/gcc/nios2-elf/4.7.3/../../../../../H-i686-mingw32/nios2-elf/lib\libc.a(lib_a-fwalk.o)
                              d:/altera/13.1/nios2eds/bin/gnu/h-i686-mingw32/bin/../lib/gcc/nios2-elf/4.7.3/../../../../../H-i686-mingw32/nios2-elf/lib\libc.a(lib_a-findfp.o) (_fwalk)
d:/altera/13.1/nios2eds/bin/gnu/h-i686-mingw32/bin/../lib/gcc/nios2-elf/4.7.3/../../../../../H-i686-mingw32/nios2-elf/lib\libc.a(lib_a-impure.o)
                              d:/altera/13.1/nios2eds/bin/gnu/h-i686-mingw32/bin/../lib/gcc/nios2-elf/4.7.3/../../../../../H-i686-mingw32/nios2-elf/lib\libc.a(lib_a-fflush.o) (_global_impure_ptr)
d:/altera/13.1/nios2eds/bin/gnu/h-i686-mingw32/bin/../lib/gcc/nios2-elf/4.7.3/../../../../../H-i686-mingw32/nios2-elf/lib\libc.a(lib_a-locale.o)
                              d:/altera/13.1/nios2eds/bin/gnu/h-i686-mingw32/bin/../lib/gcc/nios2-elf/4.7.3/../../../../../H-i686-mingw32/nios2-elf/lib\libc.a(lib_a-vfprintf.o) (_localeconv_r)
d:/altera/13.1/nios2eds/bin/gnu/h-i686-mingw32/bin/../lib/gcc/nios2-elf/4.7.3/../../../../../H-i686-mingw32/nios2-elf/lib\libc.a(lib_a-makebuf.o)
                              d:/altera/13.1/nios2eds/bin/gnu/h-i686-mingw32/bin/../lib/gcc/nios2-elf/4.7.3/../../../../../H-i686-mingw32/nios2-elf/lib\libc.a(lib_a-wsetup.o) (__smakebuf_r)
d:/altera/13.1/nios2eds/bin/gnu/h-i686-mingw32/bin/../lib/gcc/nios2-elf/4.7.3/../../../../../H-i686-mingw32/nios2-elf/lib\libc.a(lib_a-mallocr.o)
                              d:/altera/13.1/nios2eds/bin/gnu/h-i686-mingw32/bin/../lib/gcc/nios2-elf/4.7.3/../../../../../H-i686-mingw32/nios2-elf/lib\libc.a(lib_a-findfp.o) (_malloc_r)
d:/altera/13.1/nios2eds/bin/gnu/h-i686-mingw32/bin/../lib/gcc/nios2-elf/4.7.3/../../../../../H-i686-mingw32/nios2-elf/lib\libc.a(lib_a-memchr.o)
                              d:/altera/13.1/nios2eds/bin/gnu/h-i686-mingw32/bin/../lib/gcc/nios2-elf/4.7.3/../../../../../H-i686-mingw32/nios2-elf/lib\libc.a(lib_a-vfprintf.o) (memchr)
d:/altera/13.1/nios2eds/bin/gnu/h-i686-mingw32/bin/../lib/gcc/nios2-elf/4.7.3/../../../../../H-i686-mingw32/nios2-elf/lib\libc.a(lib_a-memcpy.o)
                              d:/altera/13.1/nios2eds/bin/gnu/h-i686-mingw32/bin/../lib/gcc/nios2-elf/4.7.3/../../../../../H-i686-mingw32/nios2-elf/lib\libc.a(lib_a-dtoa.o) (memcpy)
[...]
Memory Configuration

Name             Origin             Length             Attributes
sdram_BEFORE_EXCEPTION 0x00000000         0x00000020
sdram            0x00000020         0x01ffffe0
reset            0x02001000         0x00000020
epcs             0x02001020         0x000007e0
*default*        0x00000000         0xffffffff

Linker script and memory map

LOAD F:/project/qsys_ucosii_task_time/qsys/software/uCosii_bsp//obj/HAL/src/crt0.o
LOAD obj/default/ucosii_task_time.o
LOAD d:/altera/13.1/nios2eds/bin/gnu/h-i686-mingw32/bin/../lib/gcc/nios2-elf/4.7.3/../../../../../H-i686-mingw32/nios2-elf/lib\libstdc++.a
LOAD d:/altera/13.1/nios2eds/bin/gnu/h-i686-mingw32/bin/../lib/gcc/nios2-elf/4.7.3/../../../../../H-i686-mingw32/nios2-elf/lib\libm.a
LOAD d:/altera/13.1/nios2eds/bin/gnu/h-i686-mingw32/bin/../lib/gcc/nios2-elf/4.7.3\libgcc.a
START GROUP
LOAD d:/altera/13.1/nios2eds/bin/gnu/h-i686-mingw32/bin/../lib/gcc/nios2-elf/4.7.3/../../../../../H-i686-mingw32/nios2-elf/lib\libc.a
LOAD d:/altera/13.1/nios2eds/bin/gnu/h-i686-mingw32/bin/../lib/gcc/nios2-elf/4.7.3\libgcc.a
LOAD F:/project/qsys_ucosii_task_time/qsys/software/uCosii_bsp/\libucosii_bsp.a
END GROUP
LOAD d:/altera/13.1/nios2eds/bin/gnu/h-i686-mingw32/bin/../lib/gcc/nios2-elf/4.7.3\libgcc.a
                0x00000000                __alt_mem_sdram = 0x0
                0x02001000                __alt_mem_epcs = 0x2001000

.entry          0x02001000        0x0
 *(.entry)
 .entry         0x02001000        0x0 F:/project/qsys_ucosii_task_time/qsys/software/uCosii_bsp//obj/HAL/src/crt0.o
                0x02001000                __reset

.exceptions     0x00000020      0x19c
                0x00000020                PROVIDE (__ram_exceptions_start, ABSOLUTE (.))
                0x00000020                . = ALIGN (0x20)
 *(.irq)
 *(.exceptions.entry.label)
 .exceptions.entry.label
                0x00000020        0x0 F:/project/qsys_ucosii_task_time/qsys/software/uCosii_bsp/\libucosii_bsp.a(alt_irq_entry.o)
                0x00000020                alt_irq_entry
 .exceptions.entry.label
                0x00000020        0x0 F:/project/qsys_ucosii_task_time/qsys/software/uCosii_bsp/\libucosii_bsp.a(alt_exception_entry.o)
                0x00000020                alt_exception
 *(.exceptions.entry.user)
 *(.exceptions.entry.ecc_fatal)
 *(.exceptions.entry)
 .exceptions.entry
                0x00000020       0x54 F:/project/qsys_ucosii_task_time/qsys/software/uCosii_bsp/\libucosii_bsp.a(alt_exception_entry.o)
 *(.exceptions.irqtest.user)
 *(.exceptions.irqtest)
 .exceptions.irqtest
                0x00000074       0x10 F:/project/qsys_ucosii_task_time/qsys/software/uCosii_bsp/\libucosii_bsp.a(alt_irq_entry.o)
 *(.exceptions.irqhandler.user)
 *(.exceptions.irqhandler)
 .exceptions.irqhandler
                0x00000084        0x4 F:/project/qsys_ucosii_task_time/qsys/software/uCosii_bsp/\libucosii_bsp.a(alt_irq_entry.o)
 *(.exceptions.irqreturn.user)
 *(.exceptions.irqreturn)
 .exceptions.irqreturn
                0x00000088        0x4 F:/project/qsys_ucosii_task_time/qsys/software/uCosii_bsp/\libucosii_bsp.a(alt_irq_entry.o)
 *(.exceptions.notirq.label)
 .exceptions.notirq.label
                0x0000008c        0x0 F:/project/qsys_ucosii_task_time/qsys/software/uCosii_bsp/\libucosii_bsp.a(alt_irq_entry.o)
 *(.exceptions.notirq.user)
 *(.exceptions.notirq)
 .exceptions.notirq
                0x0000008c        0x8 F:/project/qsys_ucosii_task_time/qsys/software/uCosii_bsp/\libucosii_bsp.a(alt_exception_entry.o)
 *(.exceptions.soft.user)
 *(.exceptions.soft)
 *(.exceptions.unknown.user)
 *(.exceptions.unknown)
 .exceptions.unknown
                0x00000094        0x4 F:/project/qsys_ucosii_task_time/qsys/software/uCosii_bsp/\libucosii_bsp.a(alt_exception_entry.o)
 *(.exceptions.exit.label)
 .exceptions.exit.label
                0x00000098        0x0 F:/project/qsys_ucosii_task_time/qsys/software/uCosii_bsp/\libucosii_bsp.a(alt_irq_entry.o)
 .exceptions.exit.label
                0x00000098        0x0 F:/project/qsys_ucosii_task_time/qsys/software/uCosii_bsp/\libucosii_bsp.a(alt_exception_entry.o)
 *(.exceptions.exit.user)
 *(.exceptions.exit)
 .exceptions.exit
                0x00000098       0x54 F:/project/qsys_ucosii_task_time/qsys/software/uCosii_bsp/\libucosii_bsp.a(alt_exception_entry.o)
 *(.exceptions)
 .exceptions    0x000000ec       0xd0 F:/project/qsys_ucosii_task_time/qsys/software/uCosii_bsp/\libucosii_bsp.a(alt_irq_handler.o)
                0x000000ec                alt_irq_handler
                0x000001bc                PROVIDE (__ram_exceptions_end, ABSOLUTE (.))
                0x00000020                PROVIDE (__flash_exceptions_start, LOADADDR (.exceptions))

.text           0x000001bc    0x1588c
                0x000001bc                PROVIDE (stext, ABSOLUTE (.))
 *(.interp)
 *(.hash)
 *(.dynsym)
 *(.dynstr)
 *(.gnu.version)
 *(.gnu.version_d)
 *(.gnu.version_r)
 *(.rel.init)
 *(.rela.init)
 *(.rel.text .rel.text.* .rel.gnu.linkonce.t.*)
 *(.rela.text .rela.text.* .rela.gnu.linkonce.t.*)
 *(.rel.fini)
 *(.rela.fini)
 *(.rel.rodata .rel.rodata.* .rel.gnu.linkonce.r.*)
 *(.rela.rodata .rela.rodata.* .rela.gnu.linkonce.r.*)
 *(.rel.data .rel.data.* .rel.gnu.linkonce.d.*)
 *(.rela.data .rela.data.* .rela.gnu.linkonce.d.*)
 *(.rel.tdata .rel.tdata.* .rel.gnu.linkonce.td.*)
 *(.rela.tdata .rela.tdata.* .rela.gnu.linkonce.td.*)
 *(.rel.tbss .rel.tbss.* .rel.gnu.linkonce.tb.*)
 *(.rela.tbss .rela.tbss.* .rela.gnu.linkonce.tb.*)
 *(.rel.ctors)
 *(.rela.ctors)
 *(.rel.dtors)
 *(.rela.dtors)
 *(.rel.got)
 *(.rela.got)
 *(.rel.sdata .rel.sdata.* .rel.gnu.linkonce.s.*)
 *(.rela.sdata .rela.sdata.* .rela.gnu.linkonce.s.*)
 *(.rel.sbss .rel.sbss.* .rel.gnu.linkonce.sb.*)
 *(.rela.sbss .rela.sbss.* .rela.gnu.linkonce.sb.*)
 *(.rel.sdata2 .rel.sdata2.* .rel.gnu.linkonce.s2.*)
 *(.rela.sdata2 .rela.sdata2.* .rela.gnu.linkonce.s2.*)
 *(.rel.sbss2 .rel.sbss2.* .rel.gnu.linkonce.sb2.*)
 *(.rela.sbss2 .rela.sbss2.* .rela.gnu.linkonce.sb2.*)
 *(.rel.bss .rel.bss.* .rel.gnu.linkonce.b.*)
 *(.rela.bss .rela.bss.* .rela.gnu.linkonce.b.*)
 *(.rel.plt)
 *(.rela.plt)
 *(.rel.dyn)
 *(.init)
 *(.plt)
 *(.text .stub .text.* .gnu.linkonce.t.*)
 .text          0x000001bc       0x48 F:/project/qsys_ucosii_task_time/qsys/software/uCosii_bsp//obj/HAL/src/crt0.o
                0x000001bc                _start
 .text          0x00000204      0x1a8 obj/default/ucosii_task_time.o
                0x00000204                start_task
                0x000002b4                time_task
                0x000002f4                CPUInfo_task
                0x00000340                main
 .text          0x000003ac       0x68 d:/altera/13.1/nios2eds/bin/gnu/h-i686-mingw32/bin/../lib/gcc/nios2-elf/4.7.3/../../../../../H-i686-mingw32/nios2-elf/lib\libc.a(lib_a-printf.o)
                0x000003ac                _printf_r
                0x000003d8                printf
 .text          0x00000414     0x1e50 d:/altera/13.1/nios2eds/bin/gnu/h-i686-mingw32/bin/../lib/gcc/nios2-elf/4.7.3/../../../../../H-i686-mingw32/nios2-elf/lib\libc.a(lib_a-vfprintf.o)
                0x00000448                ___vfprintf_internal_r
                0x00002240                __vfprintf_internal
 .text          0x00002264      0x174 d:/altera/13.1/nios2eds/bin/gnu/h-i686-mingw32/bin/../lib/gcc/nios2-elf/4.7.3/../../../../../H-i686-mingw32/nios2-elf/lib\libc.a(lib_a-wsetup.o)
                0x00002264                __swsetup_r
 .text          0x000023d8     0x1824 d:/altera/13.1/nios2eds/bin/gnu/h-i686-mingw32/bin/../lib/gcc/nios2-elf/4.7.3/../../../../../H-i686-mingw32/nios2-elf/lib\libc.a(lib_a-dtoa.o)
                0x000025e0                _dtoa_r
 .text          0x00003bfc      0x218 d:/altera/13.1/nios2eds/bin/gnu/h-i686-mingw32/bin/../lib/gcc/nios2-elf/4.7.3/../../../../../H-i686-mingw32/nios2-elf/lib\libc.a(lib_a-fflush.o)
                0x00003bfc                _fflush_r
                0x00003de4                fflush
 .text          0x00003e14      0x2d8 d:/altera/13.1/nios2eds/bin/gnu/h-i686-mingw32/bin/../lib/gcc/nios2-elf/4.7.3/../../../../../H-i686-mingw32/nios2-elf/lib\libc.a(lib_a-findfp.o)
                0x00003e24                _cleanup_r
                0x00003e30                __sfmoreglue
                0x00003e94                _cleanup
                0x00003ea4                __sinit
                0x00003fb0                __sfp
                0x000040ac                __sfp_lock_acquire
                0x000040b0                __sfp_lock_release
                0x000040b4                __sinit_lock_acquire
                0x000040b8                __sinit_lock_release
                0x000040bc                __fp_lock_all
                0x000040d4                __fp_unlock_all
 .text          0x000040ec      0x40c d:/altera/13.1/nios2eds/bin/gnu/h-i686-mingw32/bin/../lib/gcc/nios2-elf/4.7.3/../../../../../H-i686-mingw32/nios2-elf/lib\libc.a(lib_a-freer.o)
                0x000040ec                _malloc_trim_r
                0x00004228                _free_r
 .text          0x000044f8      0x4e4 d:/altera/13.1/nios2eds/bin/gnu/h-i686-mingw32/bin/../lib/gcc/nios2-elf/4.7.3/../../../../../H-i686-mingw32/nios2-elf/lib\libc.a(lib_a-fvwrite.o)
                0x000044f8                __sfvwrite_r
 .text          0x000049dc      0x160 d:/altera/13.1/nios2eds/bin/gnu/h-i686-mingw32/bin/../lib/gcc/nios2-elf/4.7.3/../../../../../H-i686-mingw32/nios2-elf/lib\libc.a(lib_a-fwalk.o)
                0x000049dc                _fwalk
                0x00004a84                _fwalk_reent
 .text          0x00004b3c        0x0 d:/altera/13.1/nios2eds/bin/gnu/h-i686-mingw32/bin/../lib/gcc/nios2-elf/4.7.3/../../../../../H-i686-mingw32/nios2-elf/lib\libc.a(lib_a-impure.o)
 .text          0x00004b3c       0xdc d:/altera/13.1/nios2eds/bin/gnu/h-i686-mingw32/bin/../lib/gcc/nios2-elf/4.7.3/../../../../../H-i686-mingw32/nios2-elf/lib\libc.a(lib_a-locale.o)
                0x00004b3c                _setlocale_r
                0x00004bd8                __locale_charset
                0x00004be4                _localeconv_r
                0x00004bf0                setlocale
                0x00004c0c                localeconv
 .text          0x00004c18      0x1a8 d:/altera/13.1/nios2eds/bin/gnu/h-i686-mingw32/bin/../lib/gcc/nios2-elf/4.7.3/../../../../../H-i686-mingw32/nios2-elf/lib\libc.a(lib_a-makebuf.o)
                0x00004c18                __smakebuf_r
 .text          0x00004dc0      0x784 d:/altera/13.1/nios2eds/bin/gnu/h-i686-mingw32/bin/../lib/gcc/nios2-elf/4.7.3/../../../../../H-i686-mingw32/nios2-elf/lib\libc.a(lib_a-mallocr.o)
                0x00004dc0                _malloc_r
 .text          0x00005544       0xf8 d:/altera/13.1/nios2eds/bin/gnu/h-i686-mingw32/bin/../lib/gcc/nios2-elf/4.7.3/../../../../../H-i686-mingw32/nios2-elf/lib\libc.a(lib_a-memchr.o)
                0x00005544                memchr
 .text          0x0000563c       0xf8 d:/altera/13.1/nios2eds/bin/gnu/h-i686-mingw32/bin/../lib/gcc/nios2-elf/4.7.3/../../../../../H-i686-mingw32/nios2-elf/lib\libc.a(lib_a-memcpy.o)
                0x0000563c                memcpy
 .text          0x00005734      0x128 d:/altera/13.1/nios2eds/bin/gnu/h-i686-mingw32/bin/../lib/gcc/nios2-elf/4.7.3/../../../../../H-i686-mingw32/nios2-elf/lib\libc.a(lib_a-memmove.o)
                0x00005734                memmove
 .text          0x0000585c       0xdc d:/altera/13.1/nios2eds/bin/gnu/h-i686-mingw32/bin/../lib/gcc/nios2-elf/4.7.3/../../../../../H-i686-mingw32/nios2-elf/lib\libc.a(lib_a-memset.o)
                0x0000585c                memset
 .text          0x00005938      0xfa8 d:/altera/13.1/nios2eds/bin/gnu/h-i686-mingw32/bin/../lib/gcc/nios2-elf/4.7.3/../../../../../H-i686-mingw32/nios2-elf/lib\libc.a(lib_a-mprec.o)
                0x00005938                _Balloc
                0x000059e0                _Bfree
                0x00005a08                __multadd
                0x00005b1c                __s2b
                0x00005c20                __hi0bits
                0x00005c88                __lo0bits
                0x00005d38                __i2b
                0x00005d74                __multiply
                0x00005f54                __pow5mult
                0x00006080                __lshift
                0x000061dc                __mcmp
                0x00006234                __mdiff
                0x000063dc                __ulp
                0x0000643c                __b2d
                0x00006584                __d2b
                0x000066c8                __ratio
                0x0000676c                _mprec_log10
                0x000067e0                __copybits
                0x0000685c                __any_on
 .text          0x000068e0      0x5fc d:/altera/13.1/nios2eds/bin/gnu/h-i686-mingw32/bin/../lib/gcc/nios2-elf/4.7.3/../../../../../H-i686-mingw32/nios2-elf/lib\libc.a(lib_a-reallocr.o)
                0x000068e0                _realloc_r
 .text          0x00006edc       0x38 d:/altera/13.1/nios2eds/bin/gnu/h-i686-mingw32/bin/../lib/gcc/nios2-elf/4.7.3/../../../../../H-i686-mingw32/nios2-elf/lib\libc.a(lib_a-s_isinfd.o)
                0x00006edc                __isinfd
 .text          0x00006f14       0x2c d:/altera/13.1/nios2eds/bin/gnu/h-i686-mingw32/bin/../lib/gcc/nios2-elf/4.7.3/../../../../../H-i686-mingw32/nios2-elf/lib\libc.a(lib_a-s_isnand.o)
                0x00006f14                __isnand
 .text          0x00006f40       0x64 d:/altera/13.1/nios2eds/bin/gnu/h-i686-mingw32/bin/../lib/gcc/nios2-elf/4.7.3/../../../../../H-i686-mingw32/nios2-elf/lib\libc.a(lib_a-sbrkr.o)
                0x00006f40                _sbrk_r
 .text          0x00006fa4      0x140 d:/altera/13.1/nios2eds/bin/gnu/h-i686-mingw32/bin/../lib/gcc/nios2-elf/4.7.3/../../../../../H-i686-mingw32/nios2-elf/lib\libc.a(lib_a-stdio.o)
                0x00006fa4                __sread
                0x00006ff8                __swrite
                0x00007080                __sseek
                0x000070dc                __sclose
 .text          0x000070e4       0xa4 d:/altera/13.1/nios2eds/bin/gnu/h-i686-mingw32/bin/../lib/gcc/nios2-elf/4.7.3/../../../../../H-i686-mingw32/nios2-elf/lib\libc.a(lib_a-strcmp.o)
                0x000070e4                strcmp
 .text          0x00007188       0x8c d:/altera/13.1/nios2eds/bin/gnu/h-i686-mingw32/bin/../lib/gcc/nios2-elf/4.7.3/../../../../../H-i686-mingw32/nios2-elf/lib\libc.a(lib_a-strlen.o)
                0x00007188                strlen
 .text          0x00007214       0x6c d:/altera/13.1/nios2eds/bin/gnu/h-i686-mingw32/bin/../lib/gcc/nios2-elf/4.7.3/../../../../../H-i686-mingw32/nios2-elf/lib\libc.a(lib_a-writer.o)
                0x00007214                _write_r
 .text          0x00007280       0xbc d:/altera/13.1/nios2eds/bin/gnu/h-i686-mingw32/bin/../lib/gcc/nios2-elf/4.7.3/../../../../../H-i686-mingw32/nios2-elf/lib\libc.a(lib_a-callocr.o)
                0x00007280                _calloc_r
 .text          0x0000733c       0x64 d:/altera/13.1/nios2eds/bin/gnu/h-i686-mingw32/bin/../lib/gcc/nios2-elf/4.7.3/../../../../../H-i686-mingw32/nios2-elf/lib\libc.a(lib_a-closer.o)
                0x0000733c                _close_r
 .text          0x000073a0      0x150 d:/altera/13.1/nios2eds/bin/gnu/h-i686-mingw32/bin/../lib/gcc/nios2-elf/4.7.3/../../../../../H-i686-mingw32/nios2-elf/lib\libc.a(lib_a-fclose.o)
                0x000073a0                _fclose_r
                0x000074dc                fclose
 .text          0x000074f0       0x68 d:/altera/13.1/nios2eds/bin/gnu/h-i686-mingw32/bin/../lib/gcc/nios2-elf/4.7.3/../../../../../H-i686-mingw32/nios2-elf/lib\libc.a(lib_a-fstatr.o)
                0x000074f0                _fstat_r
 .text          0x00007558        0x0 d:/altera/13.1/nios2eds/bin/gnu/h-i686-mingw32/bin/../lib/gcc/nios2-elf/4.7.3/../../../../../H-i686-mingw32/nios2-elf/lib\libc.a(lib_a-int_errno.o)
 .text          0x00007558       0x64 d:/altera/13.1/nios2eds/bin/gnu/h-i686-mingw32/bin/../lib/gcc/nios2-elf/4.7.3/../../../../../H-i686-mingw32/nios2-elf/lib\libc.a(lib_a-isattyr.o)
                0x00007558                _isatty_r
 .text          0x000075bc       0x6c d:/altera/13.1/nios2eds/bin/gnu/h-i686-mingw32/bin/../lib/gcc/nios2-elf/4.7.3/../../../../../H-i686-mingw32/nios2-elf/lib\libc.a(lib_a-lseekr.o)
                0x000075bc                _lseek_r
 .text          0x00007628       0x6c d:/altera/13.1/nios2eds/bin/gnu/h-i686-mingw32/bin/../lib/gcc/nios2-elf/4.7.3/../../../../../H-i686-mingw32/nios2-elf/lib\libc.a(lib_a-readr.o)
                0x00007628                _read_r
 .text          0x00007694      0x5c8 d:/altera/13.1/nios2eds/bin/gnu/h-i686-mingw32/bin/../lib/gcc/nios2-elf/4.7.3\libgcc.a(_udivdi3.o)
                0x00007694                __udivdi3
 .text          0x00007c5c      0x58c d:/altera/13.1/nios2eds/bin/gnu/h-i686-mingw32/bin/../lib/gcc/nios2-elf/4.7.3\libgcc.a(_umoddi3.o)
                0x00007c5c                __umoddi3
 .text          0x000081e8      0x408 d:/altera/13.1/nios2eds/bin/gnu/h-i686-mingw32/bin/../lib/gcc/nios2-elf/4.7.3\libgcc.a(_addsub_df.o)
                0x0000853c                __adddf3
                0x00008590                __subdf3
 .text          0x000085f0      0x2e4 d:/altera/13.1/nios2eds/bin/gnu/h-i686-mingw32/bin/../lib/gcc/nios2-elf/4.7.3\libgcc.a(_mul_df.o)
                0x000085f0                __muldf3
 .text          0x000088d4      0x1b4 d:/altera/13.1/nios2eds/bin/gnu/h-i686-mingw32/bin/../lib/gcc/nios2-elf/4.7.3\libgcc.a(_div_df.o)
                0x000088d4                __divdf3
 .text          0x00008a88       0x5c d:/altera/13.1/nios2eds/bin/gnu/h-i686-mingw32/bin/../lib/gcc/nios2-elf/4.7.3\libgcc.a(_eq_df.o)
                0x00008a88                __eqdf2
 .text          0x00008ae4       0x5c d:/altera/13.1/nios2eds/bin/gnu/h-i686-mingw32/bin/../lib/gcc/nios2-elf/4.7.3\libgcc.a(_ne_df.o)
                0x00008ae4                __nedf2
 .text          0x00008b40       0x64 d:/altera/13.1/nios2eds/bin/gnu/h-i686-mingw32/bin/../lib/gcc/nios2-elf/4.7.3\libgcc.a(_gt_df.o)
                0x00008b40                __gtdf2
 .text          0x00008ba4       0x64 d:/altera/13.1/nios2eds/bin/gnu/h-i686-mingw32/bin/../lib/gcc/nios2-elf/4.7.3\libgcc.a(_ge_df.o)
                0x00008ba4                __gedf2
 .text          0x00008c08       0x5c d:/altera/13.1/nios2eds/bin/gnu/h-i686-mingw32/bin/../lib/gcc/nios2-elf/4.7.3\libgcc.a(_lt_df.o)
                0x00008c08                __ltdf2
 .text          0x00008c64       0xd4 d:/altera/13.1/nios2eds/bin/gnu/h-i686-mingw32/bin/../lib/gcc/nios2-elf/4.7.3\libgcc.a(_si_to_df.o)
                0x00008c64                __floatsidf
 .text          0x00008d38       0xd4 d:/altera/13.1/nios2eds/bin/gnu/h-i686-mingw32/bin/../lib/gcc/nios2-elf/4.7.3\libgcc.a(_df_to_si.o)
                0x00008d38                __fixdfsi
 .text          0x00008e0c        0x0 d:/altera/13.1/nios2eds/bin/gnu/h-i686-mingw32/bin/../lib/gcc/nios2-elf/4.7.3\libgcc.a(_thenan_df.o)
 .text          0x00008e0c      0x11c d:/altera/13.1/nios2eds/bin/gnu/h-i686-mingw32/bin/../lib/gcc/nios2-elf/4.7.3\libgcc.a(_usi_to_df.o)
                0x00008e0c                __floatunsidf
 .text          0x00008f28      0x130 d:/altera/13.1/nios2eds/bin/gnu/h-i686-mingw32/bin/../lib/gcc/nios2-elf/4.7.3\libgcc.a(lib2-divmod.o)
                0x00008f9c                __divsi3
                0x00008fec                __modsi3
                0x00009048                __udivsi3
                0x00009050                __umodsi3
 .text          0x00009058       0x60 d:/altera/13.1/nios2eds/bin/gnu/h-i686-mingw32/bin/../lib/gcc/nios2-elf/4.7.3\libgcc.a(_muldi3.o)
                0x00009058                __muldi3
 .text          0x000090b8        0x0 d:/altera/13.1/nios2eds/bin/gnu/h-i686-mingw32/bin/../lib/gcc/nios2-elf/4.7.3\libgcc.a(_clz.o)
 .text          0x000090b8       0xac d:/altera/13.1/nios2eds/bin/gnu/h-i686-mingw32/bin/../lib/gcc/nios2-elf/4.7.3\libgcc.a(_clzsi2.o)
                0x000090b8                __clzsi2
 .text          0x00009164      0x224 d:/altera/13.1/nios2eds/bin/gnu/h-i686-mingw32/bin/../lib/gcc/nios2-elf/4.7.3\libgcc.a(_pack_df.o)
                0x00009164                __pack_d
 .text          0x00009388      0x104 d:/altera/13.1/nios2eds/bin/gnu/h-i686-mingw32/bin/../lib/gcc/nios2-elf/4.7.3\libgcc.a(_unpack_df.o)
                0x00009388                __unpack_d
 .text          0x0000948c       0xd0 d:/altera/13.1/nios2eds/bin/gnu/h-i686-mingw32/bin/../lib/gcc/nios2-elf/4.7.3\libgcc.a(_fpcmp_parts_df.o)
                0x0000948c                __fpcmp_parts_d
 .text          0x0000955c       0x44 d:/altera/13.1/nios2eds/bin/gnu/h-i686-mingw32/bin/../lib/gcc/nios2-elf/4.7.3\libgcc.a(_lshrdi3.o)
                0x0000955c                __lshrdi3
 .text          0x000095a0       0x44 d:/altera/13.1/nios2eds/bin/gnu/h-i686-mingw32/bin/../lib/gcc/nios2-elf/4.7.3\libgcc.a(_ashldi3.o)
                0x000095a0                __ashldi3
 .text          0x000095e4      0x118 F:/project/qsys_ucosii_task_time/qsys/software/uCosii_bsp/\libucosii_bsp.a(alt_close.o)
                0x00009634                close
 .text          0x000096fc       0x2c F:/project/qsys_ucosii_task_time/qsys/software/uCosii_bsp/\libucosii_bsp.a(alt_dev.o)
 .text          0x00009728        0x0 F:/project/qsys_ucosii_task_time/qsys/software/uCosii_bsp/\libucosii_bsp.a(alt_errno.o)
 .text          0x00009728       0xfc F:/project/qsys_ucosii_task_time/qsys/software/uCosii_bsp/\libucosii_bsp.a(alt_fstat.o)
                0x00009778                fstat
 .text          0x00009824       0xf0 F:/project/qsys_ucosii_task_time/qsys/software/uCosii_bsp/\libucosii_bsp.a(alt_isatty.o)
                0x00009874                isatty
 .text          0x00009914      0x120 F:/project/qsys_ucosii_task_time/qsys/software/uCosii_bsp/\libucosii_bsp.a(alt_lseek.o)
                0x00009964                lseek
 .text          0x00009a34       0xcc F:/project/qsys_ucosii_task_time/qsys/software/uCosii_bsp/\libucosii_bsp.a(alt_main.o)
                0x00009a34                alt_main
 .text          0x00009b00      0x140 F:/project/qsys_ucosii_task_time/qsys/software/uCosii_bsp/\libucosii_bsp.a(alt_read.o)
                0x00009b50                read
 .text          0x00009c40       0x60 F:/project/qsys_ucosii_task_time/qsys/software/uCosii_bsp/\libucosii_bsp.a(alt_release_fd.o)
                0x00009c40                alt_release_fd
 .text          0x00009ca0       0xb0 F:/project/qsys_ucosii_task_time/qsys/software/uCosii_bsp/\libucosii_bsp.a(alt_sbrk.o)
                0x00009ca0                sbrk
 .text          0x00009d50      0x13c F:/project/qsys_ucosii_task_time/qsys/software/uCosii_bsp/\libucosii_bsp.a(alt_write.o)
                0x00009da0                write
 .text          0x00009e8c      0x118 F:/project/qsys_ucosii_task_time/qsys/software/uCosii_bsp/\libucosii_bsp.a(alt_env_lock.o)
                0x00009e8c                __env_lock
                0x00009f44                __env_unlock
 .text          0x00009fa4      0x1e8 F:/project/qsys_ucosii_task_time/qsys/software/uCosii_bsp/\libucosii_bsp.a(alt_malloc_lock.o)
                0x00009fa4                __malloc_lock
                0x0000a0b8                __malloc_unlock
 .text          0x0000a18c     0x2200 F:/project/qsys_ucosii_task_time/qsys/software/uCosii_bsp/\libucosii_bsp.a(os_core.o)
                0x0000a18c                OSEventNameGet
                0x0000a2ac                OSEventNameSet
                0x0000a3f0                OSEventPendMulti
                0x0000aa2c                OSInit
                0x0000aa80                OSIntEnter
                0x0000aafc                OSIntExit
                0x0000abf0                OSSchedLock
                0x0000ac78                OSSchedUnlock
                0x0000ad50                OSStart
                0x0000adbc                OSStatInit
                0x0000ae68                OSTimeTick
                0x0000b094                OSVersion
                0x0000b0b4                OS_Dummy
                0x0000b0d0                OS_EventTaskRdy
                0x0000b318                OS_EventTaskWait
                0x0000b440                OS_EventTaskWaitMulti
                0x0000b5a8                OS_EventTaskRemove
                0x0000b668                OS_EventTaskRemoveMulti
                0x0000b770                OS_EventWaitListInit
                0x0000bb40                OS_MemClr
                0x0000bb94                OS_MemCopy
                0x0000bc00                OS_Sched
                0x0000bdec                OS_StrCopy
                0x0000be68                OS_StrLen
                0x0000bebc                OS_TaskIdle
                0x0000bf18                OS_TaskStat
                0x0000bfe0                OS_TaskStatStkChk
                0x0000c0a8                OS_TCBInit
 .text          0x0000c38c      0x18c F:/project/qsys_ucosii_task_time/qsys/software/uCosii_bsp/\libucosii_bsp.a(os_dbg.o)
                0x0000c38c                OSDebugInit
 .text          0x0000c518     0x1848 F:/project/qsys_ucosii_task_time/qsys/software/uCosii_bsp/\libucosii_bsp.a(os_flag.o)
                0x0000c518                OSFlagAccept
                0x0000c820                OSFlagCreate
                0x0000c948                OSFlagDel
                0x0000cbb8                OSFlagNameGet
                0x0000cce8                OSFlagNameSet
                0x0000ce3c                OSFlagPend
                0x0000d43c                OSFlagPendGetFlagsRdy
                0x0000d4a4                OSFlagPost
                0x0000d838                OSFlagQuery
                0x0000dac8                OS_FlagInit
                0x0000dcc0                OS_FlagUnlink
 .text          0x0000dd60      0x788 F:/project/qsys_ucosii_task_time/qsys/software/uCosii_bsp/\libucosii_bsp.a(os_mem.o)
                0x0000dd60                OSMemCreate
                0x0000df54                OSMemGet
                0x0000e044                OSMemNameGet
                0x0000e13c                OSMemNameSet
                0x0000e258                OSMemPut
                0x0000e330                OSMemQuery
                0x0000e418                OS_MemInit
 .text          0x0000e4e8     0x1224 F:/project/qsys_ucosii_task_time/qsys/software/uCosii_bsp/\libucosii_bsp.a(os_q.o)
                0x0000e4e8                OSQAccept
                0x0000e628                OSQCreate
                0x0000e820                OSQDel
                0x0000eaf0                OSQFlush
                0x0000eba8                OSQPend
                0x0000eea4                OSQPendAbort
                0x0000f018                OSQPost
                0x0000f180                OSQPostFront
                0x0000f2f0                OSQPostOpt
                0x0000f4fc                OSQQuery
                0x0000f660                OS_QInit
 .text          0x0000f70c      0xb28 F:/project/qsys_ucosii_task_time/qsys/software/uCosii_bsp/\libucosii_bsp.a(os_sem.o)
                0x0000f70c                OSSemAccept
                0x0000f7bc                OSSemCreate
                0x0000f8bc                OSSemDel
                0x0000fb2c                OSSemPend
                0x0000fd98                OSSemPendAbort
                0x0000ff0c                OSSemPost
                0x0001001c                OSSemQuery
                0x00010134                OSSemSet
 .text          0x00010234     0x195c F:/project/qsys_ucosii_task_time/qsys/software/uCosii_bsp/\libucosii_bsp.a(os_task.o)
                0x00010234                OSTaskChangePrio
                0x000107ac                OSTaskCreate
                0x00010968                OSTaskCreateExt
                0x00010b5c                OSTaskDel
                0x00010f44                OSTaskDelReq
                0x0001109c                OSTaskNameGet
                0x00011244                OSTaskNameSet
                0x00011408                OSTaskResume
                0x00011604                OSTaskStkChk
                0x000117d8                OSTaskSuspend
                0x000119f4                OSTaskQuery
                0x00011b20                OS_TaskStkClr
 .text          0x00011b90      0x648 F:/project/qsys_ucosii_task_time/qsys/software/uCosii_bsp/\libucosii_bsp.a(os_time.o)
                0x00011b90                OSTimeDly
                0x00011ce4                OSTimeDlyHMSM
                0x00011f1c                OSTimeDlyResume
                0x00012110                OSTimeGet
                0x00012174                OSTimeSet
 .text          0x000121d8       0xd8 F:/project/qsys_ucosii_task_time/qsys/software/uCosii_bsp/\libucosii_bsp.a(alt_sys_init.o)
                0x00012210                alt_irq_init
                0x00012244                alt_sys_init
 .text          0x000122b0      0x990 F:/project/qsys_ucosii_task_time/qsys/software/uCosii_bsp/\libucosii_bsp.a(altera_avalon_epcs_flash_controller.o)
                0x000122e8                alt_epcs_flash_init
                0x000126b0                alt_epcs_flash_write
                0x00012910                alt_epcs_flash_get_info
                0x00012a30                alt_epcs_flash_erase_block
                0x00012aa4                alt_epcs_flash_write_block
                0x00012ba8                alt_epcs_flash_read
 .text          0x00012c40      0x164 F:/project/qsys_ucosii_task_time/qsys/software/uCosii_bsp/\libucosii_bsp.a(altera_avalon_jtag_uart_fd.o)
                0x00012c40                altera_avalon_jtag_uart_read_fd
                0x00012ca0                altera_avalon_jtag_uart_write_fd
                0x00012d00                altera_avalon_jtag_uart_close_fd
                0x00012d50                altera_avalon_jtag_uart_ioctl_fd
 .text          0x00012da4      0x55c F:/project/qsys_ucosii_task_time/qsys/software/uCosii_bsp/\libucosii_bsp.a(altera_avalon_jtag_uart_init.o)
                0x00012da4                altera_avalon_jtag_uart_init
                0x00013298                altera_avalon_jtag_uart_close
 .text          0x00013300       0xf4 F:/project/qsys_ucosii_task_time/qsys/software/uCosii_bsp/\libucosii_bsp.a(altera_avalon_jtag_uart_ioctl.o)
                0x00013300                altera_avalon_jtag_uart_ioctl
 .text          0x000133f4      0x2c4 F:/project/qsys_ucosii_task_time/qsys/software/uCosii_bsp/\libucosii_bsp.a(altera_avalon_jtag_uart_read.o)
                0x000133f4                altera_avalon_jtag_uart_read
 .text          0x000136b8      0x2d0 F:/project/qsys_ucosii_task_time/qsys/software/uCosii_bsp/\libucosii_bsp.a(altera_avalon_jtag_uart_write.o)
                0x000136b8                altera_avalon_jtag_uart_write
 .text          0x00013988       0xfc F:/project/qsys_ucosii_task_time/qsys/software/uCosii_bsp/\libucosii_bsp.a(altera_avalon_timer_sc.o)
                0x000139fc                alt_avalon_timer_sc_init
 .text          0x00013a84      0x624 F:/project/qsys_ucosii_task_time/qsys/software/uCosii_bsp/\libucosii_bsp.a(epcs_commands.o)
                0x00013a84                epcs_read_status_register
                0x00013b50                epcs_sector_erase
                0x00013c48                epcs_read_buffer
                0x00013d3c                epcs_write_enable
                0x00013d8c                epcs_write_status_register
                0x00013df4                epcs_write_buffer
                0x00013f10                epcs_read_electronic_signature
                0x00013f78                epcs_read_device_id
                0x00013ff8                epcs_enter_4_bytes_mode
                0x00014050                epcs_exit_4_bytes_mode
 .text          0x000140a8      0x140 F:/project/qsys_ucosii_task_time/qsys/software/uCosii_bsp/\libucosii_bsp.a(alt_alarm_start.o)
                0x000140a8                alt_alarm_start
 .text          0x000141e8       0xf0 F:/project/qsys_ucosii_task_time/qsys/software/uCosii_bsp/\libucosii_bsp.a(alt_dev_llist_insert.o)
                0x00014238                alt_dev_llist_insert
 .text          0x000142d8       0x5c F:/project/qsys_ucosii_task_time/qsys/software/uCosii_bsp/\libucosii_bsp.a(alt_do_ctors.o)
                0x000142d8                _do_ctors
 .text          0x00014334       0x5c F:/project/qsys_ucosii_task_time/qsys/software/uCosii_bsp/\libucosii_bsp.a(alt_do_dtors.o)
                0x00014334                _do_dtors
 .text          0x00014390       0xb8 F:/project/qsys_ucosii_task_time/qsys/software/uCosii_bsp/\libucosii_bsp.a(alt_flash_dev.o)
                0x00014390                alt_flash_open_dev
                0x000143f8                alt_flash_close_dev
 .text          0x00014448      0x1d8 F:/project/qsys_ucosii_task_time/qsys/software/uCosii_bsp/\libucosii_bsp.a(alt_iic.o)
                0x00014448                alt_ic_isr_register
                0x00014498                alt_ic_irq_enable
                0x00014534                alt_ic_irq_disable
                0x000145d4                alt_ic_irq_enabled
 .text          0x00014620       0xf0 F:/project/qsys_ucosii_task_time/qsys/software/uCosii_bsp/\libucosii_bsp.a(alt_iic_isr_register.o)
                0x00014620                alt_iic_isr_register
 .text          0x00014710      0x138 F:/project/qsys_ucosii_task_time/qsys/software/uCosii_bsp/\libucosii_bsp.a(alt_io_redirect.o)
                0x000147d0                alt_io_redirect
 .text          0x00014848        0x0 F:/project/qsys_ucosii_task_time/qsys/software/uCosii_bsp/\libucosii_bsp.a(alt_irq_entry.o)
 .text          0x00014848        0x0 F:/project/qsys_ucosii_task_time/qsys/software/uCosii_bsp/\libucosii_bsp.a(alt_irq_handler.o)
 .text          0x00014848        0x0 F:/project/qsys_ucosii_task_time/qsys/software/uCosii_bsp/\libucosii_bsp.a(alt_irq_vars.o)
 .text          0x00014848      0x270 F:/project/qsys_ucosii_task_time/qsys/software/uCosii_bsp/\libucosii_bsp.a(alt_open.o)
                0x00014964                open
 .text          0x00014ab8      0x19c F:/project/qsys_ucosii_task_time/qsys/software/uCosii_bsp/\libucosii_bsp.a(alt_tick.o)
                0x00014ab8                alt_alarm_stop
                0x00014b50                alt_tick
 .text          0x00014c54       0x20 F:/project/qsys_ucosii_task_time/qsys/software/uCosii_bsp/\libucosii_bsp.a(altera_nios2_qsys_irq.o)
                0x00014c54                altera_nios2_qsys_irq_init
 .text          0x00014c74       0xd0 F:/project/qsys_ucosii_task_time/qsys/software/uCosii_bsp/\libucosii_bsp.a(os_cpu_a.o)
                0x00014c74                OSCtxSw
                0x00014c74                OSIntCtxSw
                0x00014d00                OSStartHighRdy
                0x00014d20                OSStartTsk
 .text          0x00014d44      0x3fc F:/project/qsys_ucosii_task_time/qsys/software/uCosii_bsp/\libucosii_bsp.a(os_cpu_c.o)
                0x00014d44                OSTaskStkInit
                0x00015038                OSTaskCreateHook
                0x00015058                OSTaskDelHook
                0x00015078                OSTaskSwHook
                0x00015094                OSTaskStatHook
                0x000150b0                OSTimeTickHook
                0x000150cc                OSInitHookBegin
                0x000150e8                OSInitHookEnd
                0x00015104                OSTaskIdleHook
                0x00015120                OSTCBInitHook
 .text          0x00015140      0x208 F:/project/qsys_ucosii_task_time/qsys/software/uCosii_bsp/\libucosii_bsp.a(altera_avalon_spi.o)
                0x00015140                alt_avalon_spi_command
 .text          0x00015348        0x0 F:/project/qsys_ucosii_task_time/qsys/software/uCosii_bsp/\libucosii_bsp.a(alt_exception_entry.o)
 .text          0x00015348       0x90 F:/project/qsys_ucosii_task_time/qsys/software/uCosii_bsp/\libucosii_bsp.a(alt_find_dev.o)
                0x00015348                alt_find_dev
 .text          0x000153d8      0x114 F:/project/qsys_ucosii_task_time/qsys/software/uCosii_bsp/\libucosii_bsp.a(alt_find_file.o)
                0x000153d8                alt_find_file
 .text          0x000154ec       0xfc F:/project/qsys_ucosii_task_time/qsys/software/uCosii_bsp/\libucosii_bsp.a(alt_get_fd.o)
                0x000154ec                alt_get_fd
 .text          0x000155e8       0x14 d:/altera/13.1/nios2eds/bin/gnu/h-i686-mingw32/bin/../lib/gcc/nios2-elf/4.7.3/../../../../../H-i686-mingw32/nios2-elf/lib\libc.a(lib_a-atexit.o)
                0x000155e8                atexit
 .text          0x000155fc       0x38 d:/altera/13.1/nios2eds/bin/gnu/h-i686-mingw32/bin/../lib/gcc/nios2-elf/4.7.3/../../../../../H-i686-mingw32/nios2-elf/lib\libc.a(lib_a-exit.o)
                0x000155fc                exit
 .text          0x00015634       0x7c d:/altera/13.1/nios2eds/bin/gnu/h-i686-mingw32/bin/../lib/gcc/nios2-elf/4.7.3/../../../../../H-i686-mingw32/nios2-elf/lib\libc.a(lib_a-memcmp.o)
                0x00015634                memcmp
 .text          0x000156b0      0x130 d:/altera/13.1/nios2eds/bin/gnu/h-i686-mingw32/bin/../lib/gcc/nios2-elf/4.7.3/../../../../../H-i686-mingw32/nios2-elf/lib\libc.a(lib_a-__atexit.o)
                0x000156b0                __register_exitproc
 .text          0x000157e0      0x1a0 d:/altera/13.1/nios2eds/bin/gnu/h-i686-mingw32/bin/../lib/gcc/nios2-elf/4.7.3/../../../../../H-i686-mingw32/nios2-elf/lib\libc.a(lib_a-__call_atexit.o)
                0x000157e0                __call_exitprocs
 .text          0x00015980       0x84 d:/altera/13.1/nios2eds/bin/gnu/h-i686-mingw32/bin/../lib/gcc/nios2-elf/4.7.3\libgcc.a(_fixunsdfsi.o)
                0x00015980                __fixunsdfsi
 .text          0x00015a04       0x44 F:/project/qsys_ucosii_task_time/qsys/software/uCosii_bsp/\libucosii_bsp.a(alt_exit.o)
                0x00015a04                _exit
 *(.gnu.warning.*)
 *(.fini)
                0x00015a48                PROVIDE (__etext, ABSOLUTE (.))
                0x00015a48                PROVIDE (_etext, ABSOLUTE (.))
                0x00015a48                PROVIDE (etext, ABSOLUTE (.))
 *(.eh_frame_hdr)
                0x00015a48                . = ALIGN (0x4)
                0x00015a48                PROVIDE (__preinit_array_start, ABSOLUTE (.))
 *(.preinit_array)
                0x00015a48                PROVIDE (__preinit_array_end, ABSOLUTE (.))
                0x00015a48                PROVIDE (__init_array_start, ABSOLUTE (.))
 *(.init_array)
                0x00015a48                PROVIDE (__init_array_end, ABSOLUTE (.))
                0x00015a48                PROVIDE (__fini_array_start, ABSOLUTE (.))
 *(.fini_array)
                0x00015a48                PROVIDE (__fini_array_end, ABSOLUTE (.))
 *(.eh_frame)
 *(.gcc_except_table .gcc_except_table.*)
 *(.dynamic)
                0x00015a48                PROVIDE (__CTOR_LIST__, ABSOLUTE (.))
 *(.ctors)
 *(SORT(.ctors.*))
                0x00015a48                PROVIDE (__CTOR_END__, ABSOLUTE (.))
                0x00015a48                PROVIDE (__DTOR_LIST__, ABSOLUTE (.))
 *(.dtors)
 *(SORT(.dtors.*))
                0x00015a48                PROVIDE (__DTOR_END__, ABSOLUTE (.))
 *(.jcr)
                0x00015a48                . = ALIGN (0x4)

.rodata         0x00015a48      0x47c
                0x00015a48                PROVIDE (__ram_rodata_start, ABSOLUTE (.))
                0x00015a48                . = ALIGN (0x4)
 *(.rodata .rodata.* .gnu.linkonce.r.*)
 .rodata        0x00015a48       0x30 obj/default/ucosii_task_time.o
 .rodata.str1.4
                0x00015a78       0x42 d:/altera/13.1/nios2eds/bin/gnu/h-i686-mingw32/bin/../lib/gcc/nios2-elf/4.7.3/../../../../../H-i686-mingw32/nios2-elf/lib\libc.a(lib_a-vfprintf.o)
                                 0x44 (size before relaxing)
 .rodata        0x00015aba       0x20 d:/altera/13.1/nios2eds/bin/gnu/h-i686-mingw32/bin/../lib/gcc/nios2-elf/4.7.3/../../../../../H-i686-mingw32/nios2-elf/lib\libc.a(lib_a-vfprintf.o)
 *fill*         0x00015ada        0x2 
 .rodata.str1.4
                0x00015adc       0x10 d:/altera/13.1/nios2eds/bin/gnu/h-i686-mingw32/bin/../lib/gcc/nios2-elf/4.7.3/../../../../../H-i686-mingw32/nios2-elf/lib\libc.a(lib_a-dtoa.o)
                                 0x14 (size before relaxing)
 .rodata.str1.4
                0x00015aec        0x2 d:/altera/13.1/nios2eds/bin/gnu/h-i686-mingw32/bin/../lib/gcc/nios2-elf/4.7.3/../../../../../H-i686-mingw32/nios2-elf/lib\libc.a(lib_a-impure.o)
                                  0x4 (size before relaxing)
 *fill*         0x00015aee        0x2 
 .rodata.str1.4
                0x00015af0       0x10 d:/altera/13.1/nios2eds/bin/gnu/h-i686-mingw32/bin/../lib/gcc/nios2-elf/4.7.3/../../../../../H-i686-mingw32/nios2-elf/lib\libc.a(lib_a-locale.o)
                                 0x18 (size before relaxing)
 .rodata        0x00015b00       0x30 d:/altera/13.1/nios2eds/bin/gnu/h-i686-mingw32/bin/../lib/gcc/nios2-elf/4.7.3/../../../../../H-i686-mingw32/nios2-elf/lib\libc.a(lib_a-locale.o)
 .rodata        0x00015b30      0x124 d:/altera/13.1/nios2eds/bin/gnu/h-i686-mingw32/bin/../lib/gcc/nios2-elf/4.7.3/../../../../../H-i686-mingw32/nios2-elf/lib\libc.a(lib_a-mprec.o)
                0x00015b30                __mprec_tinytens
                0x00015b58                __mprec_bigtens
                0x00015b80                __mprec_tens
 .rodata        0x00015c54       0x14 d:/altera/13.1/nios2eds/bin/gnu/h-i686-mingw32/bin/../lib/gcc/nios2-elf/4.7.3\libgcc.a(_thenan_df.o)
                0x00015c54                __thenan_df
 .rodata        0x00015c68      0x100 d:/altera/13.1/nios2eds/bin/gnu/h-i686-mingw32/bin/../lib/gcc/nios2-elf/4.7.3\libgcc.a(_clz.o)
                0x00015c68                __clz_tab
 .rodata        0x00015d68        0xc F:/project/qsys_ucosii_task_time/qsys/software/uCosii_bsp/\libucosii_bsp.a(alt_dev.o)
 .rodata        0x00015d74       0x10 F:/project/qsys_ucosii_task_time/qsys/software/uCosii_bsp/\libucosii_bsp.a(alt_main.o)
 .rodata        0x00015d84      0x120 F:/project/qsys_ucosii_task_time/qsys/software/uCosii_bsp/\libucosii_bsp.a(os_core.o)
                0x00015d84                OSUnMapTbl
 .rodata        0x00015ea4       0x1c F:/project/qsys_ucosii_task_time/qsys/software/uCosii_bsp/\libucosii_bsp.a(alt_sys_init.o)
 .rodata        0x00015ec0        0x4 F:/project/qsys_ucosii_task_time/qsys/software/uCosii_bsp/\libucosii_bsp.a(os_cpu_c.o)
 *(.rodata1)
                0x00015ec4                . = ALIGN (0x4)
                0x00015ec4                PROVIDE (__ram_rodata_end, ABSOLUTE (.))
                0x00015a48                PROVIDE (__flash_rodata_start, LOADADDR (.rodata))

.rwdata         0x00015ec4     0x1bb0
                0x00015ec4                PROVIDE (__ram_rwdata_start, ABSOLUTE (.))
                0x00015ec4                . = ALIGN (0x4)
 *(.got.plt)
 *(.got)
 *(.data1)
 *(.data .data.* .gnu.linkonce.d.*)
 .data          0x00015ec4        0x0 F:/project/qsys_ucosii_task_time/qsys/software/uCosii_bsp//obj/HAL/src/crt0.o
 .data          0x00015ec4        0x0 obj/default/ucosii_task_time.o
 .data          0x00015ec4        0x0 d:/altera/13.1/nios2eds/bin/gnu/h-i686-mingw32/bin/../lib/gcc/nios2-elf/4.7.3/../../../../../H-i686-mingw32/nios2-elf/lib\libc.a(lib_a-printf.o)
 .data          0x00015ec4        0x0 d:/altera/13.1/nios2eds/bin/gnu/h-i686-mingw32/bin/../lib/gcc/nios2-elf/4.7.3/../../../../../H-i686-mingw32/nios2-elf/lib\libc.a(lib_a-vfprintf.o)
 .data          0x00015ec4        0x0 d:/altera/13.1/nios2eds/bin/gnu/h-i686-mingw32/bin/../lib/gcc/nios2-elf/4.7.3/../../../../../H-i686-mingw32/nios2-elf/lib\libc.a(lib_a-wsetup.o)
 .data          0x00015ec4        0x0 d:/altera/13.1/nios2eds/bin/gnu/h-i686-mingw32/bin/../lib/gcc/nios2-elf/4.7.3/../../../../../H-i686-mingw32/nios2-elf/lib\libc.a(lib_a-dtoa.o)
 .data          0x00015ec4        0x0 d:/altera/13.1/nios2eds/bin/gnu/h-i686-mingw32/bin/../lib/gcc/nios2-elf/4.7.3/../../../../../H-i686-mingw32/nios2-elf/lib\libc.a(lib_a-fflush.o)
 .data          0x00015ec4        0x0 d:/altera/13.1/nios2eds/bin/gnu/h-i686-mingw32/bin/../lib/gcc/nios2-elf/4.7.3/../../../../../H-i686-mingw32/nios2-elf/lib\libc.a(lib_a-findfp.o)
 .data          0x00015ec4        0x0 d:/altera/13.1/nios2eds/bin/gnu/h-i686-mingw32/bin/../lib/gcc/nios2-elf/4.7.3/../../../../../H-i686-mingw32/nios2-elf/lib\libc.a(lib_a-freer.o)
 .data          0x00015ec4        0x0 d:/altera/13.1/nios2eds/bin/gnu/h-i686-mingw32/bin/../lib/gcc/nios2-elf/4.7.3/../../../../../H-i686-mingw32/nios2-elf/lib\libc.a(lib_a-fvwrite.o)
 .data          0x00015ec4        0x0 d:/altera/13.1/nios2eds/bin/gnu/h-i686-mingw32/bin/../lib/gcc/nios2-elf/4.7.3/../../../../../H-i686-mingw32/nios2-elf/lib\libc.a(lib_a-fwalk.o)
 .data          0x00015ec4      0x400 d:/altera/13.1/nios2eds/bin/gnu/h-i686-mingw32/bin/../lib/gcc/nios2-elf/4.7.3/../../../../../H-i686-mingw32/nios2-elf/lib\libc.a(lib_a-impure.o)
 .data          0x000162c4        0xc d:/altera/13.1/nios2eds/bin/gnu/h-i686-mingw32/bin/../lib/gcc/nios2-elf/4.7.3/../../../../../H-i686-mingw32/nios2-elf/lib\libc.a(lib_a-locale.o)
                0x000162c4                __lc_ctype
 .data          0x000162d0        0x0 d:/altera/13.1/nios2eds/bin/gnu/h-i686-mingw32/bin/../lib/gcc/nios2-elf/4.7.3/../../../../../H-i686-mingw32/nios2-elf/lib\libc.a(lib_a-makebuf.o)
 .data          0x000162d0      0x408 d:/altera/13.1/nios2eds/bin/gnu/h-i686-mingw32/bin/../lib/gcc/nios2-elf/4.7.3/../../../../../H-i686-mingw32/nios2-elf/lib\libc.a(lib_a-mallocr.o)
                0x000162d0                __malloc_av_
 .data          0x000166d8        0x0 d:/altera/13.1/nios2eds/bin/gnu/h-i686-mingw32/bin/../lib/gcc/nios2-elf/4.7.3/../../../../../H-i686-mingw32/nios2-elf/lib\libc.a(lib_a-memchr.o)
 .data          0x000166d8        0x0 d:/altera/13.1/nios2eds/bin/gnu/h-i686-mingw32/bin/../lib/gcc/nios2-elf/4.7.3/../../../../../H-i686-mingw32/nios2-elf/lib\libc.a(lib_a-memcpy.o)
 .data          0x000166d8        0x0 d:/altera/13.1/nios2eds/bin/gnu/h-i686-mingw32/bin/../lib/gcc/nios2-elf/4.7.3/../../../../../H-i686-mingw32/nios2-elf/lib\libc.a(lib_a-memmove.o)
 .data          0x000166d8        0x0 d:/altera/13.1/nios2eds/bin/gnu/h-i686-mingw32/bin/../lib/gcc/nios2-elf/4.7.3/../../../../../H-i686-mingw32/nios2-elf/lib\libc.a(lib_a-memset.o)
 .data          0x000166d8        0x0 d:/altera/13.1/nios2eds/bin/gnu/h-i686-mingw32/bin/../lib/gcc/nios2-elf/4.7.3/../../../../../H-i686-mingw32/nios2-elf/lib\libc.a(lib_a-mprec.o)
 .data          0x000166d8        0x0 d:/altera/13.1/nios2eds/bin/gnu/h-i686-mingw32/bin/../lib/gcc/nios2-elf/4.7.3/../../../../../H-i686-mingw32/nios2-elf/lib\libc.a(lib_a-reallocr.o)
 .data          0x000166d8        0x0 d:/altera/13.1/nios2eds/bin/gnu/h-i686-mingw32/bin/../lib/gcc/nios2-elf/4.7.3/../../../../../H-i686-mingw32/nios2-elf/lib\libc.a(lib_a-s_isinfd.o)
 .data          0x000166d8        0x0 d:/altera/13.1/nios2eds/bin/gnu/h-i686-mingw32/bin/../lib/gcc/nios2-elf/4.7.3/../../../../../H-i686-mingw32/nios2-elf/lib\libc.a(lib_a-s_isnand.o)
 .data          0x000166d8        0x0 d:/altera/13.1/nios2eds/bin/gnu/h-i686-mingw32/bin/../lib/gcc/nios2-elf/4.7.3/../../../../../H-i686-mingw32/nios2-elf/lib\libc.a(lib_a-sbrkr.o)
 .data          0x000166d8        0x0 d:/altera/13.1/nios2eds/bin/gnu/h-i686-mingw32/bin/../lib/gcc/nios2-elf/4.7.3/../../../../../H-i686-mingw32/nios2-elf/lib\libc.a(lib_a-stdio.o)
 .data          0x000166d8        0x0 d:/altera/13.1/nios2eds/bin/gnu/h-i686-mingw32/bin/../lib/gcc/nios2-elf/4.7.3/../../../../../H-i686-mingw32/nios2-elf/lib\libc.a(lib_a-strcmp.o)
 .data          0x000166d8        0x0 d:/altera/13.1/nios2eds/bin/gnu/h-i686-mingw32/bin/../lib/gcc/nios2-elf/4.7.3/../../../../../H-i686-mingw32/nios2-elf/lib\libc.a(lib_a-strlen.o)
 .data          0x000166d8        0x0 d:/altera/13.1/nios2eds/bin/gnu/h-i686-mingw32/bin/../lib/gcc/nios2-elf/4.7.3/../../../../../H-i686-mingw32/nios2-elf/lib\libc.a(lib_a-writer.o)
 .data          0x000166d8        0x0 d:/altera/13.1/nios2eds/bin/gnu/h-i686-mingw32/bin/../lib/gcc/nios2-elf/4.7.3/../../../../../H-i686-mingw32/nios2-elf/lib\libc.a(lib_a-callocr.o)
 .data          0x000166d8        0x0 d:/altera/13.1/nios2eds/bin/gnu/h-i686-mingw32/bin/../lib/gcc/nios2-elf/4.7.3/../../../../../H-i686-mingw32/nios2-elf/lib\libc.a(lib_a-closer.o)
 .data          0x000166d8        0x0 d:/altera/13.1/nios2eds/bin/gnu/h-i686-mingw32/bin/../lib/gcc/nios2-elf/4.7.3/../../../../../H-i686-mingw32/nios2-elf/lib\libc.a(lib_a-fclose.o)
 .data          0x000166d8        0x0 d:/altera/13.1/nios2eds/bin/gnu/h-i686-mingw32/bin/../lib/gcc/nios2-elf/4.7.3/../../../../../H-i686-mingw32/nios2-elf/lib\libc.a(lib_a-fstatr.o)
 .data          0x000166d8        0x0 d:/altera/13.1/nios2eds/bin/gnu/h-i686-mingw32/bin/../lib/gcc/nios2-elf/4.7.3/../../../../../H-i686-mingw32/nios2-elf/lib\libc.a(lib_a-int_errno.o)
 .data          0x000166d8        0x0 d:/altera/13.1/nios2eds/bin/gnu/h-i686-mingw32/bin/../lib/gcc/nios2-elf/4.7.3/../../../../../H-i686-mingw32/nios2-elf/lib\libc.a(lib_a-isattyr.o)
 .data          0x000166d8        0x0 d:/altera/13.1/nios2eds/bin/gnu/h-i686-mingw32/bin/../lib/gcc/nios2-elf/4.7.3/../../../../../H-i686-mingw32/nios2-elf/lib\libc.a(lib_a-lseekr.o)
 .data          0x000166d8        0x0 d:/altera/13.1/nios2eds/bin/gnu/h-i686-mingw32/bin/../lib/gcc/nios2-elf/4.7.3/../../../../../H-i686-mingw32/nios2-elf/lib\libc.a(lib_a-readr.o)
 .data          0x000166d8        0x0 d:/altera/13.1/nios2eds/bin/gnu/h-i686-mingw32/bin/../lib/gcc/nios2-elf/4.7.3\libgcc.a(_udivdi3.o)
 .data          0x000166d8        0x0 d:/altera/13.1/nios2eds/bin/gnu/h-i686-mingw32/bin/../lib/gcc/nios2-elf/4.7.3\libgcc.a(_umoddi3.o)
 .data          0x000166d8        0x0 d:/altera/13.1/nios2eds/bin/gnu/h-i686-mingw32/bin/../lib/gcc/nios2-elf/4.7.3\libgcc.a(_addsub_df.o)
 .data          0x000166d8        0x0 d:/altera/13.1/nios2eds/bin/gnu/h-i686-mingw32/bin/../lib/gcc/nios2-elf/4.7.3\libgcc.a(_mul_df.o)
 .data          0x000166d8        0x0 d:/altera/13.1/nios2eds/bin/gnu/h-i686-mingw32/bin/../lib/gcc/nios2-elf/4.7.3\libgcc.a(_div_df.o)
 .data          0x000166d8        0x0 d:/altera/13.1/nios2eds/bin/gnu/h-i686-mingw32/bin/../lib/gcc/nios2-elf/4.7.3\libgcc.a(_eq_df.o)
 .data          0x000166d8        0x0 d:/altera/13.1/nios2eds/bin/gnu/h-i686-mingw32/bin/../lib/gcc/nios2-elf/4.7.3\libgcc.a(_ne_df.o)
 .data          0x000166d8        0x0 d:/altera/13.1/nios2eds/bin/gnu/h-i686-mingw32/bin/../lib/gcc/nios2-elf/4.7.3\libgcc.a(_gt_df.o)
 .data          0x000166d8        0x0 d:/altera/13.1/nios2eds/bin/gnu/h-i686-mingw32/bin/../lib/gcc/nios2-elf/4.7.3\libgcc.a(_ge_df.o)
 .data          0x000166d8        0x0 d:/altera/13.1/nios2eds/bin/gnu/h-i686-mingw32/bin/../lib/gcc/nios2-elf/4.7.3\libgcc.a(_lt_df.o)
 .data          0x000166d8        0x0 d:/altera/13.1/nios2eds/bin/gnu/h-i686-mingw32/bin/../lib/gcc/nios2-elf/4.7.3\libgcc.a(_si_to_df.o)
 .data          0x000166d8        0x0 d:/altera/13.1/nios2eds/bin/gnu/h-i686-mingw32/bin/../lib/gcc/nios2-elf/4.7.3\libgcc.a(_df_to_si.o)
 .data          0x000166d8        0x0 d:/altera/13.1/nios2eds/bin/gnu/h-i686-mingw32/bin/../lib/gcc/nios2-elf/4.7.3\libgcc.a(_thenan_df.o)
 .data          0x000166d8        0x0 d:/altera/13.1/nios2eds/bin/gnu/h-i686-mingw32/bin/../lib/gcc/nios2-elf/4.7.3\libgcc.a(_usi_to_df.o)
 .data          0x000166d8        0x0 d:/altera/13.1/nios2eds/bin/gnu/h-i686-mingw32/bin/../lib/gcc/nios2-elf/4.7.3\libgcc.a(lib2-divmod.o)
 .data          0x000166d8        0x0 d:/altera/13.1/nios2eds/bin/gnu/h-i686-mingw32/bin/../lib/gcc/nios2-elf/4.7.3\libgcc.a(_muldi3.o)
 .data          0x000166d8        0x0 d:/altera/13.1/nios2eds/bin/gnu/h-i686-mingw32/bin/../lib/gcc/nios2-elf/4.7.3\libgcc.a(_clz.o)
 .data          0x000166d8        0x0 d:/altera/13.1/nios2eds/bin/gnu/h-i686-mingw32/bin/../lib/gcc/nios2-elf/4.7.3\libgcc.a(_clzsi2.o)
 .data          0x000166d8        0x0 d:/altera/13.1/nios2eds/bin/gnu/h-i686-mingw32/bin/../lib/gcc/nios2-elf/4.7.3\libgcc.a(_pack_df.o)
 .data          0x000166d8        0x0 d:/altera/13.1/nios2eds/bin/gnu/h-i686-mingw32/bin/../lib/gcc/nios2-elf/4.7.3\libgcc.a(_unpack_df.o)
 .data          0x000166d8        0x0 d:/altera/13.1/nios2eds/bin/gnu/h-i686-mingw32/bin/../lib/gcc/nios2-elf/4.7.3\libgcc.a(_fpcmp_parts_df.o)
 .data          0x000166d8        0x0 d:/altera/13.1/nios2eds/bin/gnu/h-i686-mingw32/bin/../lib/gcc/nios2-elf/4.7.3\libgcc.a(_lshrdi3.o)
 .data          0x000166d8        0x0 d:/altera/13.1/nios2eds/bin/gnu/h-i686-mingw32/bin/../lib/gcc/nios2-elf/4.7.3\libgcc.a(_ashldi3.o)
 .data          0x000166d8        0x0 F:/project/qsys_ucosii_task_time/qsys/software/uCosii_bsp/\libucosii_bsp.a(alt_close.o)
 .data          0x000166d8      0x1a8 F:/project/qsys_ucosii_task_time/qsys/software/uCosii_bsp/\libucosii_bsp.a(alt_dev.o)
                0x000166d8                alt_dev_null
                0x00016700                alt_fd_list
 .data          0x00016880        0x0 F:/project/qsys_ucosii_task_time/qsys/software/uCosii_bsp/\libucosii_bsp.a(alt_errno.o)
 .data          0x00016880        0x0 F:/project/qsys_ucosii_task_time/qsys/software/uCosii_bsp/\libucosii_bsp.a(alt_fstat.o)
 .data          0x00016880        0x0 F:/project/qsys_ucosii_task_time/qsys/software/uCosii_bsp/\libucosii_bsp.a(alt_isatty.o)
 .data          0x00016880        0x0 F:/project/qsys_ucosii_task_time/qsys/software/uCosii_bsp/\libucosii_bsp.a(alt_lseek.o)
 .data          0x00016880        0x0 F:/project/qsys_ucosii_task_time/qsys/software/uCosii_bsp/\libucosii_bsp.a(alt_main.o)
 .data          0x00016880        0x0 F:/project/qsys_ucosii_task_time/qsys/software/uCosii_bsp/\libucosii_bsp.a(alt_read.o)
 .data          0x00016880        0x0 F:/project/qsys_ucosii_task_time/qsys/software/uCosii_bsp/\libucosii_bsp.a(alt_release_fd.o)
 .data          0x00016880        0x0 F:/project/qsys_ucosii_task_time/qsys/software/uCosii_bsp/\libucosii_bsp.a(alt_sbrk.o)
 .data          0x00016880        0x0 F:/project/qsys_ucosii_task_time/qsys/software/uCosii_bsp/\libucosii_bsp.a(alt_write.o)
 .data          0x00016880        0x0 F:/project/qsys_ucosii_task_time/qsys/software/uCosii_bsp/\libucosii_bsp.a(alt_env_lock.o)
 .data          0x00016880        0x0 F:/project/qsys_ucosii_task_time/qsys/software/uCosii_bsp/\libucosii_bsp.a(alt_malloc_lock.o)
 .data          0x00016880        0x0 F:/project/qsys_ucosii_task_time/qsys/software/uCosii_bsp/\libucosii_bsp.a(os_core.o)
 .data          0x00016880        0x0 F:/project/qsys_ucosii_task_time/qsys/software/uCosii_bsp/\libucosii_bsp.a(os_dbg.o)
 .data          0x00016880        0x0 F:/project/qsys_ucosii_task_time/qsys/software/uCosii_bsp/\libucosii_bsp.a(os_flag.o)
 .data          0x00016880        0x0 F:/project/qsys_ucosii_task_time/qsys/software/uCosii_bsp/\libucosii_bsp.a(os_mem.o)
 .data          0x00016880        0x0 F:/project/qsys_ucosii_task_time/qsys/software/uCosii_bsp/\libucosii_bsp.a(os_q.o)
 .data          0x00016880        0x0 F:/project/qsys_ucosii_task_time/qsys/software/uCosii_bsp/\libucosii_bsp.a(os_sem.o)
 .data          0x00016880        0x0 F:/project/qsys_ucosii_task_time/qsys/software/uCosii_bsp/\libucosii_bsp.a(os_task.o)
 .data          0x00016880        0x0 F:/project/qsys_ucosii_task_time/qsys/software/uCosii_bsp/\libucosii_bsp.a(os_time.o)
 .data          0x00016880     0x1134 F:/project/qsys_ucosii_task_time/qsys/software/uCosii_bsp/\libucosii_bsp.a(alt_sys_init.o)
 .data          0x000179b4        0x0 F:/project/qsys_ucosii_task_time/qsys/software/uCosii_bsp/\libucosii_bsp.a(altera_avalon_epcs_flash_controller.o)
 .data          0x000179b4        0x0 F:/project/qsys_ucosii_task_time/qsys/software/uCosii_bsp/\libucosii_bsp.a(altera_avalon_jtag_uart_fd.o)
 .data          0x000179b4        0x0 F:/project/qsys_ucosii_task_time/qsys/software/uCosii_bsp/\libucosii_bsp.a(altera_avalon_jtag_uart_init.o)
 .data          0x000179b4        0x0 F:/project/qsys_ucosii_task_time/qsys/software/uCosii_bsp/\libucosii_bsp.a(altera_avalon_jtag_uart_ioctl.o)
 .data          0x000179b4        0x0 F:/project/qsys_ucosii_task_time/qsys/software/uCosii_bsp/\libucosii_bsp.a(altera_avalon_jtag_uart_read.o)
 .data          0x000179b4        0x0 F:/project/qsys_ucosii_task_time/qsys/software/uCosii_bsp/\libucosii_bsp.a(altera_avalon_jtag_uart_write.o)
 .data          0x000179b4        0x0 F:/project/qsys_ucosii_task_time/qsys/software/uCosii_bsp/\libucosii_bsp.a(altera_avalon_timer_sc.o)
 .data          0x000179b4        0x0 F:/project/qsys_ucosii_task_time/qsys/software/uCosii_bsp/\libucosii_bsp.a(epcs_commands.o)
 .data          0x000179b4        0x0 F:/project/qsys_ucosii_task_time/qsys/software/uCosii_bsp/\libucosii_bsp.a(alt_alarm_start.o)
 .data          0x000179b4        0x0 F:/project/qsys_ucosii_task_time/qsys/software/uCosii_bsp/\libucosii_bsp.a(alt_dev_llist_insert.o)
 .data          0x000179b4        0x0 F:/project/qsys_ucosii_task_time/qsys/software/uCosii_bsp/\libucosii_bsp.a(alt_do_ctors.o)
 .data          0x000179b4        0x0 F:/project/qsys_ucosii_task_time/qsys/software/uCosii_bsp/\libucosii_bsp.a(alt_do_dtors.o)
 .data          0x000179b4        0x0 F:/project/qsys_ucosii_task_time/qsys/software/uCosii_bsp/\libucosii_bsp.a(alt_flash_dev.o)
 .data          0x000179b4        0x0 F:/project/qsys_ucosii_task_time/qsys/software/uCosii_bsp/\libucosii_bsp.a(alt_iic.o)
 .data          0x000179b4        0x0 F:/project/qsys_ucosii_task_time/qsys/software/uCosii_bsp/\libucosii_bsp.a(alt_iic_isr_register.o)
 .data          0x000179b4        0x0 F:/project/qsys_ucosii_task_time/qsys/software/uCosii_bsp/\libucosii_bsp.a(alt_io_redirect.o)
 .data          0x000179b4        0x0 F:/project/qsys_ucosii_task_time/qsys/software/uCosii_bsp/\libucosii_bsp.a(alt_irq_entry.o)
 .data          0x000179b4        0x0 F:/project/qsys_ucosii_task_time/qsys/software/uCosii_bsp/\libucosii_bsp.a(alt_irq_handler.o)
 .data          0x000179b4        0x0 F:/project/qsys_ucosii_task_time/qsys/software/uCosii_bsp/\libucosii_bsp.a(alt_irq_vars.o)
 .data          0x000179b4        0x0 F:/project/qsys_ucosii_task_time/qsys/software/uCosii_bsp/\libucosii_bsp.a(alt_open.o)
 .data          0x000179b4        0x0 F:/project/qsys_ucosii_task_time/qsys/software/uCosii_bsp/\libucosii_bsp.a(alt_tick.o)
 .data          0x000179b4        0x0 F:/project/qsys_ucosii_task_time/qsys/software/uCosii_bsp/\libucosii_bsp.a(altera_nios2_qsys_irq.o)
 .data          0x000179b4        0x0 F:/project/qsys_ucosii_task_time/qsys/software/uCosii_bsp/\libucosii_bsp.a(os_cpu_a.o)
 .data          0x000179b4        0x0 F:/project/qsys_ucosii_task_time/qsys/software/uCosii_bsp/\libucosii_bsp.a(os_cpu_c.o)
 .data          0x000179b4        0x0 F:/project/qsys_ucosii_task_time/qsys/software/uCosii_bsp/\libucosii_bsp.a(altera_avalon_spi.o)
 .data          0x000179b4        0x0 F:/project/qsys_ucosii_task_time/qsys/software/uCosii_bsp/\libucosii_bsp.a(alt_exception_entry.o)
 .data          0x000179b4        0x0 F:/project/qsys_ucosii_task_time/qsys/software/uCosii_bsp/\libucosii_bsp.a(alt_find_dev.o)
 .data          0x000179b4        0x0 F:/project/qsys_ucosii_task_time/qsys/software/uCosii_bsp/\libucosii_bsp.a(alt_find_file.o)
 .data          0x000179b4        0x0 F:/project/qsys_ucosii_task_time/qsys/software/uCosii_bsp/\libucosii_bsp.a(alt_get_fd.o)
 .data          0x000179b4        0x0 d:/altera/13.1/nios2eds/bin/gnu/h-i686-mingw32/bin/../lib/gcc/nios2-elf/4.7.3/../../../../../H-i686-mingw32/nios2-elf/lib\libc.a(lib_a-atexit.o)
 .data          0x000179b4        0x0 d:/altera/13.1/nios2eds/bin/gnu/h-i686-mingw32/bin/../lib/gcc/nios2-elf/4.7.3/../../../../../H-i686-mingw32/nios2-elf/lib\libc.a(lib_a-exit.o)
 .data          0x000179b4        0x0 d:/altera/13.1/nios2eds/bin/gnu/h-i686-mingw32/bin/../lib/gcc/nios2-elf/4.7.3/../../../../../H-i686-mingw32/nios2-elf/lib\libc.a(lib_a-memcmp.o)
 .data          0x000179b4        0x0 d:/altera/13.1/nios2eds/bin/gnu/h-i686-mingw32/bin/../lib/gcc/nios2-elf/4.7.3/../../../../../H-i686-mingw32/nios2-elf/lib\libc.a(lib_a-__atexit.o)
 .data          0x000179b4        0x0 d:/altera/13.1/nios2eds/bin/gnu/h-i686-mingw32/bin/../lib/gcc/nios2-elf/4.7.3/../../../../../H-i686-mingw32/nios2-elf/lib\libc.a(lib_a-__call_atexit.o)
 .data          0x000179b4        0x0 d:/altera/13.1/nios2eds/bin/gnu/h-i686-mingw32/bin/../lib/gcc/nios2-elf/4.7.3\libgcc.a(_fixunsdfsi.o)
 .data          0x000179b4        0x0 F:/project/qsys_ucosii_task_time/qsys/software/uCosii_bsp/\libucosii_bsp.a(alt_exit.o)
                0x0001f9b4                _gp = ABSOLUTE ((. + 0x8000))
                0x0001f9b4                PROVIDE (gp, _gp)
 *(.rwdata .rwdata.*)
 *(.sdata .sdata.* .gnu.linkonce.s.*)
 .sdata         0x000179b4        0x8 d:/altera/13.1/nios2eds/bin/gnu/h-i686-mingw32/bin/../lib/gcc/nios2-elf/4.7.3/../../../../../H-i686-mingw32/nios2-elf/lib\libc.a(lib_a-impure.o)
                0x000179b4                _global_impure_ptr
                0x000179b8                _impure_ptr
 .sdata         0x000179bc        0x4 d:/altera/13.1/nios2eds/bin/gnu/h-i686-mingw32/bin/../lib/gcc/nios2-elf/4.7.3/../../../../../H-i686-mingw32/nios2-elf/lib\libc.a(lib_a-locale.o)
                0x000179bc                __mb_cur_max
 .sdata         0x000179c0        0x8 d:/altera/13.1/nios2eds/bin/gnu/h-i686-mingw32/bin/../lib/gcc/nios2-elf/4.7.3/../../../../../H-i686-mingw32/nios2-elf/lib\libc.a(lib_a-mallocr.o)
                0x000179c0                __malloc_sbrk_base
                0x000179c4                __malloc_trim_threshold
 .sdata         0x000179c8       0x14 F:/project/qsys_ucosii_task_time/qsys/software/uCosii_bsp/\libucosii_bsp.a(alt_dev.o)
                0x000179c8                alt_fs_list
                0x000179d0                alt_dev_list
                0x000179d8                alt_max_fd
 .sdata         0x000179dc        0x4 F:/project/qsys_ucosii_task_time/qsys/software/uCosii_bsp/\libucosii_bsp.a(alt_errno.o)
                0x000179dc                alt_errno
 .sdata         0x000179e0        0x4 F:/project/qsys_ucosii_task_time/qsys/software/uCosii_bsp/\libucosii_bsp.a(alt_sbrk.o)
 .sdata         0x000179e4        0x4 F:/project/qsys_ucosii_task_time/qsys/software/uCosii_bsp/\libucosii_bsp.a(alt_env_lock.o)
 .sdata         0x000179e8        0x4 F:/project/qsys_ucosii_task_time/qsys/software/uCosii_bsp/\libucosii_bsp.a(alt_malloc_lock.o)
 .sdata         0x000179ec       0x74 F:/project/qsys_ucosii_task_time/qsys/software/uCosii_bsp/\libucosii_bsp.a(os_dbg.o)
                0x000179ec                OSDebugEn
                0x000179f0                OSEndiannessTest
                0x000179f4                OSEventEn
                0x000179f6                OSEventMax
                0x000179f8                OSEventNameSize
                0x000179fa                OSEventSize
                0x000179fc                OSEventTblSize
                0x000179fe                OSEventMultiEn
                0x00017a00                OSFlagEn
                0x00017a02                OSFlagGrpSize
                0x00017a04                OSFlagNodeSize
                0x00017a06                OSFlagWidth
                0x00017a08                OSFlagMax
                0x00017a0a                OSFlagNameSize
                0x00017a0c                OSLowestPrio
                0x00017a0e                OSMboxEn
                0x00017a10                OSMemEn
                0x00017a12                OSMemMax
                0x00017a14                OSMemNameSize
                0x00017a16                OSMemSize
                0x00017a18                OSMemTblSize
                0x00017a1a                OSMutexEn
                0x00017a1c                OSPtrSize
                0x00017a1e                OSQEn
                0x00017a20                OSQMax
                0x00017a22                OSQSize
                0x00017a24                OSRdyTblSize
                0x00017a26                OSSemEn
                0x00017a28                OSStkWidth
                0x00017a2a                OSTaskCreateEn
                0x00017a2c                OSTaskCreateExtEn
                0x00017a2e                OSTaskDelEn
                0x00017a30                OSTaskIdleStkSize
                0x00017a32                OSTaskProfileEn
                0x00017a34                OSTaskMax
                0x00017a36                OSTaskNameSize
                0x00017a38                OSTaskStatEn
                0x00017a3a                OSTaskStatStkSize
                0x00017a3c                OSTaskStatStkChkEn
                0x00017a3e                OSTaskSwHookEn
                0x00017a40                OSTCBPrioTblMax
                0x00017a42                OSTCBSize
                0x00017a44                OSTicksPerSec
                0x00017a46                OSTimeTickHookEn
                0x00017a48                OSVersionNbr
                0x00017a4a                OSTmrEn
                0x00017a4c                OSTmrCfgMax
                0x00017a4e                OSTmrCfgNameSize
                0x00017a50                OSTmrCfgWheelSize
                0x00017a52                OSTmrCfgTicksPerSec
                0x00017a54                OSTmrSize
                0x00017a56                OSTmrTblSize
                0x00017a58                OSTmrWheelSize
                0x00017a5a                OSTmrWheelTblSize
                0x00017a5c                OSDataSize
 .sdata         0x00017a60        0x8 F:/project/qsys_ucosii_task_time/qsys/software/uCosii_bsp/\libucosii_bsp.a(alt_flash_dev.o)
                0x00017a60                alt_flash_dev_list
 .sdata         0x00017a68        0x4 F:/project/qsys_ucosii_task_time/qsys/software/uCosii_bsp/\libucosii_bsp.a(alt_irq_vars.o)
                0x00017a68                alt_priority_mask
 .sdata         0x00017a6c        0x8 F:/project/qsys_ucosii_task_time/qsys/software/uCosii_bsp/\libucosii_bsp.a(alt_tick.o)
                0x00017a6c                alt_alarm_list
 *(.sdata2 .sdata2.* .gnu.linkonce.s2.*)
                0x00017a74                . = ALIGN (0x4)
                0x00017a74                _edata = ABSOLUTE (.)
                0x00017a74                PROVIDE (edata, ABSOLUTE (.))
                0x00017a74                PROVIDE (__ram_rwdata_end, ABSOLUTE (.))
                0x00015ec4                PROVIDE (__flash_rwdata_start, LOADADDR (.rwdata))

.bss            0x00017a74     0x9e30
                0x00017a74                __bss_start = ABSOLUTE (.)
                0x00017a74                PROVIDE (__sbss_start, ABSOLUTE (.))
                0x00017a74                PROVIDE (___sbss_start, ABSOLUTE (.))
 *(.dynsbss)
 *(.sbss .sbss.* .gnu.linkonce.sb.*)
 .sbss          0x00017a74        0xc d:/altera/13.1/nios2eds/bin/gnu/h-i686-mingw32/bin/../lib/gcc/nios2-elf/4.7.3/../../../../../H-i686-mingw32/nios2-elf/lib\libc.a(lib_a-locale.o)
                0x00017a74                _PathLocale
                0x00017a78                __mlocale_changed
                0x00017a7c                __nlocale_changed
 .sbss          0x00017a80        0xc d:/altera/13.1/nios2eds/bin/gnu/h-i686-mingw32/bin/../lib/gcc/nios2-elf/4.7.3/../../../../../H-i686-mingw32/nios2-elf/lib\libc.a(lib_a-mallocr.o)
                0x00017a80                __malloc_max_total_mem
                0x00017a84                __malloc_max_sbrked_mem
                0x00017a88                __malloc_top_pad
 .sbss          0x00017a8c        0x4 d:/altera/13.1/nios2eds/bin/gnu/h-i686-mingw32/bin/../lib/gcc/nios2-elf/4.7.3/../../../../../H-i686-mingw32/nios2-elf/lib\libc.a(lib_a-int_errno.o)
                0x00017a8c                errno
 .sbss          0x00017a90        0x4 F:/project/qsys_ucosii_task_time/qsys/software/uCosii_bsp/\libucosii_bsp.a(alt_dev.o)
                0x00017a90                alt_fd_list_lock
 .sbss          0x00017a94        0xc F:/project/qsys_ucosii_task_time/qsys/software/uCosii_bsp/\libucosii_bsp.a(alt_main.o)
                0x00017a94                alt_argc
                0x00017a98                alt_argv
                0x00017a9c                alt_envp
 .sbss          0x00017aa0        0x8 F:/project/qsys_ucosii_task_time/qsys/software/uCosii_bsp/\libucosii_bsp.a(alt_env_lock.o)
                0x00017aa4                alt_envsem
 .sbss          0x00017aa8        0x8 F:/project/qsys_ucosii_task_time/qsys/software/uCosii_bsp/\libucosii_bsp.a(alt_malloc_lock.o)
                0x00017aac                alt_heapsem
 .sbss          0x00017ab0       0x50 F:/project/qsys_ucosii_task_time/qsys/software/uCosii_bsp/\libucosii_bsp.a(os_core.o)
                0x00017ab0                OSLockNesting
                0x00017ab1                OSRunning
                0x00017ab4                OSIdleCtr
                0x00017ab8                OSPrioHighRdy
                0x00017ab9                OSPrioCur
                0x00017abc                OSTCBList
                0x00017ac0                OSTickStepState
                0x00017ac4                OSCtxSwCtr
                0x00017ac8                OSIdleCtrMax
                0x00017acc                OSTCBFreeList
                0x00017ad0                OSCPUUsage
                0x00017ad1                OSTaskCtr
                0x00017ad4                OSMemFreeList
                0x00017ad8                OSTCBHighRdy
                0x00017adc                OSQFreeList
                0x00017ae0                OSRdyGrp
                0x00017ae4                OSEventFreeList
                0x00017ae8                OSIntNesting
                0x00017aec                OSTCBCur
                0x00017af0                OSTime
                0x00017af4                OSFlagFreeList
                0x00017af8                OSStatRdy
                0x00017afc                OSIdleCtrRun
 .sbss          0x00017b00        0x4 F:/project/qsys_ucosii_task_time/qsys/software/uCosii_bsp/\libucosii_bsp.a(alt_irq_vars.o)
                0x00017b00                alt_irq_active
 .sbss          0x00017b04        0x8 F:/project/qsys_ucosii_task_time/qsys/software/uCosii_bsp/\libucosii_bsp.a(alt_tick.o)
                0x00017b04                _alt_tick_rate
                0x00017b08                _alt_nticks
 *(.sbss2 .sbss2.* .gnu.linkonce.sb2.*)
 *(.scommon)
                0x00017b0c                PROVIDE (__sbss_end, ABSOLUTE (.))
                0x00017b0c                PROVIDE (___sbss_end, ABSOLUTE (.))
 *(.dynbss)
 *(.bss .bss.* .gnu.linkonce.b.*)
 .bss           0x00017b0c        0x0 F:/project/qsys_ucosii_task_time/qsys/software/uCosii_bsp//obj/HAL/src/crt0.o
 .bss           0x00017b0c        0x0 obj/default/ucosii_task_time.o
 .bss           0x00017b0c        0x0 d:/altera/13.1/nios2eds/bin/gnu/h-i686-mingw32/bin/../lib/gcc/nios2-elf/4.7.3/../../../../../H-i686-mingw32/nios2-elf/lib\libc.a(lib_a-printf.o)
 .bss           0x00017b0c        0x0 d:/altera/13.1/nios2eds/bin/gnu/h-i686-mingw32/bin/../lib/gcc/nios2-elf/4.7.3/../../../../../H-i686-mingw32/nios2-elf/lib\libc.a(lib_a-vfprintf.o)
 .bss           0x00017b0c        0x0 d:/altera/13.1/nios2eds/bin/gnu/h-i686-mingw32/bin/../lib/gcc/nios2-elf/4.7.3/../../../../../H-i686-mingw32/nios2-elf/lib\libc.a(lib_a-wsetup.o)
 .bss           0x00017b0c        0x0 d:/altera/13.1/nios2eds/bin/gnu/h-i686-mingw32/bin/../lib/gcc/nios2-elf/4.7.3/../../../../../H-i686-mingw32/nios2-elf/lib\libc.a(lib_a-dtoa.o)
 .bss           0x00017b0c        0x0 d:/altera/13.1/nios2eds/bin/gnu/h-i686-mingw32/bin/../lib/gcc/nios2-elf/4.7.3/../../../../../H-i686-mingw32/nios2-elf/lib\libc.a(lib_a-fflush.o)
 .bss           0x00017b0c        0x0 d:/altera/13.1/nios2eds/bin/gnu/h-i686-mingw32/bin/../lib/gcc/nios2-elf/4.7.3/../../../../../H-i686-mingw32/nios2-elf/lib\libc.a(lib_a-findfp.o)
 .bss           0x00017b0c        0x0 d:/altera/13.1/nios2eds/bin/gnu/h-i686-mingw32/bin/../lib/gcc/nios2-elf/4.7.3/../../../../../H-i686-mingw32/nios2-elf/lib\libc.a(lib_a-freer.o)
 .bss           0x00017b0c        0x0 d:/altera/13.1/nios2eds/bin/gnu/h-i686-mingw32/bin/../lib/gcc/nios2-elf/4.7.3/../../../../../H-i686-mingw32/nios2-elf/lib\libc.a(lib_a-fvwrite.o)
 .bss           0x00017b0c        0x0 d:/altera/13.1/nios2eds/bin/gnu/h-i686-mingw32/bin/../lib/gcc/nios2-elf/4.7.3/../../../../../H-i686-mingw32/nios2-elf/lib\libc.a(lib_a-fwalk.o)
 .bss           0x00017b0c        0x0 d:/altera/13.1/nios2eds/bin/gnu/h-i686-mingw32/bin/../lib/gcc/nios2-elf/4.7.3/../../../../../H-i686-mingw32/nios2-elf/lib\libc.a(lib_a-impure.o)
 .bss           0x00017b0c        0x0 d:/altera/13.1/nios2eds/bin/gnu/h-i686-mingw32/bin/../lib/gcc/nios2-elf/4.7.3/../../../../../H-i686-mingw32/nios2-elf/lib\libc.a(lib_a-locale.o)
 .bss           0x00017b0c        0x0 d:/altera/13.1/nios2eds/bin/gnu/h-i686-mingw32/bin/../lib/gcc/nios2-elf/4.7.3/../../../../../H-i686-mingw32/nios2-elf/lib\libc.a(lib_a-makebuf.o)
 .bss           0x00017b0c       0x28 d:/altera/13.1/nios2eds/bin/gnu/h-i686-mingw32/bin/../lib/gcc/nios2-elf/4.7.3/../../../../../H-i686-mingw32/nios2-elf/lib\libc.a(lib_a-mallocr.o)
                0x00017b0c                __malloc_current_mallinfo
 .bss           0x00017b34        0x0 d:/altera/13.1/nios2eds/bin/gnu/h-i686-mingw32/bin/../lib/gcc/nios2-elf/4.7.3/../../../../../H-i686-mingw32/nios2-elf/lib\libc.a(lib_a-memchr.o)
 .bss           0x00017b34        0x0 d:/altera/13.1/nios2eds/bin/gnu/h-i686-mingw32/bin/../lib/gcc/nios2-elf/4.7.3/../../../../../H-i686-mingw32/nios2-elf/lib\libc.a(lib_a-memcpy.o)
 .bss           0x00017b34        0x0 d:/altera/13.1/nios2eds/bin/gnu/h-i686-mingw32/bin/../lib/gcc/nios2-elf/4.7.3/../../../../../H-i686-mingw32/nios2-elf/lib\libc.a(lib_a-memmove.o)
 .bss           0x00017b34        0x0 d:/altera/13.1/nios2eds/bin/gnu/h-i686-mingw32/bin/../lib/gcc/nios2-elf/4.7.3/../../../../../H-i686-mingw32/nios2-elf/lib\libc.a(lib_a-memset.o)
 .bss           0x00017b34        0x0 d:/altera/13.1/nios2eds/bin/gnu/h-i686-mingw32/bin/../lib/gcc/nios2-elf/4.7.3/../../../../../H-i686-mingw32/nios2-elf/lib\libc.a(lib_a-mprec.o)
 .bss           0x00017b34        0x0 d:/altera/13.1/nios2eds/bin/gnu/h-i686-mingw32/bin/../lib/gcc/nios2-elf/4.7.3/../../../../../H-i686-mingw32/nios2-elf/lib\libc.a(lib_a-reallocr.o)
 .bss           0x00017b34        0x0 d:/altera/13.1/nios2eds/bin/gnu/h-i686-mingw32/bin/../lib/gcc/nios2-elf/4.7.3/../../../../../H-i686-mingw32/nios2-elf/lib\libc.a(lib_a-s_isinfd.o)
 .bss           0x00017b34        0x0 d:/altera/13.1/nios2eds/bin/gnu/h-i686-mingw32/bin/../lib/gcc/nios2-elf/4.7.3/../../../../../H-i686-mingw32/nios2-elf/lib\libc.a(lib_a-s_isnand.o)
 .bss           0x00017b34        0x0 d:/altera/13.1/nios2eds/bin/gnu/h-i686-mingw32/bin/../lib/gcc/nios2-elf/4.7.3/../../../../../H-i686-mingw32/nios2-elf/lib\libc.a(lib_a-sbrkr.o)
 .bss           0x00017b34        0x0 d:/altera/13.1/nios2eds/bin/gnu/h-i686-mingw32/bin/../lib/gcc/nios2-elf/4.7.3/../../../../../H-i686-mingw32/nios2-elf/lib\libc.a(lib_a-stdio.o)
 .bss           0x00017b34        0x0 d:/altera/13.1/nios2eds/bin/gnu/h-i686-mingw32/bin/../lib/gcc/nios2-elf/4.7.3/../../../../../H-i686-mingw32/nios2-elf/lib\libc.a(lib_a-strcmp.o)
 .bss           0x00017b34        0x0 d:/altera/13.1/nios2eds/bin/gnu/h-i686-mingw32/bin/../lib/gcc/nios2-elf/4.7.3/../../../../../H-i686-mingw32/nios2-elf/lib\libc.a(lib_a-strlen.o)
 .bss           0x00017b34        0x0 d:/altera/13.1/nios2eds/bin/gnu/h-i686-mingw32/bin/../lib/gcc/nios2-elf/4.7.3/../../../../../H-i686-mingw32/nios2-elf/lib\libc.a(lib_a-writer.o)
 .bss           0x00017b34        0x0 d:/altera/13.1/nios2eds/bin/gnu/h-i686-mingw32/bin/../lib/gcc/nios2-elf/4.7.3/../../../../../H-i686-mingw32/nios2-elf/lib\libc.a(lib_a-callocr.o)
 .bss           0x00017b34        0x0 d:/altera/13.1/nios2eds/bin/gnu/h-i686-mingw32/bin/../lib/gcc/nios2-elf/4.7.3/../../../../../H-i686-mingw32/nios2-elf/lib\libc.a(lib_a-closer.o)
 .bss           0x00017b34        0x0 d:/altera/13.1/nios2eds/bin/gnu/h-i686-mingw32/bin/../lib/gcc/nios2-elf/4.7.3/../../../../../H-i686-mingw32/nios2-elf/lib\libc.a(lib_a-fclose.o)
 .bss           0x00017b34        0x0 d:/altera/13.1/nios2eds/bin/gnu/h-i686-mingw32/bin/../lib/gcc/nios2-elf/4.7.3/../../../../../H-i686-mingw32/nios2-elf/lib\libc.a(lib_a-fstatr.o)
 .bss           0x00017b34        0x0 d:/altera/13.1/nios2eds/bin/gnu/h-i686-mingw32/bin/../lib/gcc/nios2-elf/4.7.3/../../../../../H-i686-mingw32/nios2-elf/lib\libc.a(lib_a-int_errno.o)
 .bss           0x00017b34        0x0 d:/altera/13.1/nios2eds/bin/gnu/h-i686-mingw32/bin/../lib/gcc/nios2-elf/4.7.3/../../../../../H-i686-mingw32/nios2-elf/lib\libc.a(lib_a-isattyr.o)
 .bss           0x00017b34        0x0 d:/altera/13.1/nios2eds/bin/gnu/h-i686-mingw32/bin/../lib/gcc/nios2-elf/4.7.3/../../../../../H-i686-mingw32/nios2-elf/lib\libc.a(lib_a-lseekr.o)
 .bss           0x00017b34        0x0 d:/altera/13.1/nios2eds/bin/gnu/h-i686-mingw32/bin/../lib/gcc/nios2-elf/4.7.3/../../../../../H-i686-mingw32/nios2-elf/lib\libc.a(lib_a-readr.o)
 .bss           0x00017b34        0x0 d:/altera/13.1/nios2eds/bin/gnu/h-i686-mingw32/bin/../lib/gcc/nios2-elf/4.7.3\libgcc.a(_udivdi3.o)
 .bss           0x00017b34        0x0 d:/altera/13.1/nios2eds/bin/gnu/h-i686-mingw32/bin/../lib/gcc/nios2-elf/4.7.3\libgcc.a(_umoddi3.o)
 .bss           0x00017b34        0x0 d:/altera/13.1/nios2eds/bin/gnu/h-i686-mingw32/bin/../lib/gcc/nios2-elf/4.7.3\libgcc.a(_addsub_df.o)
 .bss           0x00017b34        0x0 d:/altera/13.1/nios2eds/bin/gnu/h-i686-mingw32/bin/../lib/gcc/nios2-elf/4.7.3\libgcc.a(_mul_df.o)
 .bss           0x00017b34        0x0 d:/altera/13.1/nios2eds/bin/gnu/h-i686-mingw32/bin/../lib/gcc/nios2-elf/4.7.3\libgcc.a(_div_df.o)
 .bss           0x00017b34        0x0 d:/altera/13.1/nios2eds/bin/gnu/h-i686-mingw32/bin/../lib/gcc/nios2-elf/4.7.3\libgcc.a(_eq_df.o)
 .bss           0x00017b34        0x0 d:/altera/13.1/nios2eds/bin/gnu/h-i686-mingw32/bin/../lib/gcc/nios2-elf/4.7.3\libgcc.a(_ne_df.o)
 .bss           0x00017b34        0x0 d:/altera/13.1/nios2eds/bin/gnu/h-i686-mingw32/bin/../lib/gcc/nios2-elf/4.7.3\libgcc.a(_gt_df.o)
 .bss           0x00017b34        0x0 d:/altera/13.1/nios2eds/bin/gnu/h-i686-mingw32/bin/../lib/gcc/nios2-elf/4.7.3\libgcc.a(_ge_df.o)
 .bss           0x00017b34        0x0 d:/altera/13.1/nios2eds/bin/gnu/h-i686-mingw32/bin/../lib/gcc/nios2-elf/4.7.3\libgcc.a(_lt_df.o)
 .bss           0x00017b34        0x0 d:/altera/13.1/nios2eds/bin/gnu/h-i686-mingw32/bin/../lib/gcc/nios2-elf/4.7.3\libgcc.a(_si_to_df.o)
 .bss           0x00017b34        0x0 d:/altera/13.1/nios2eds/bin/gnu/h-i686-mingw32/bin/../lib/gcc/nios2-elf/4.7.3\libgcc.a(_df_to_si.o)
 .bss           0x00017b34        0x0 d:/altera/13.1/nios2eds/bin/gnu/h-i686-mingw32/bin/../lib/gcc/nios2-elf/4.7.3\libgcc.a(_thenan_df.o)
 .bss           0x00017b34        0x0 d:/altera/13.1/nios2eds/bin/gnu/h-i686-mingw32/bin/../lib/gcc/nios2-elf/4.7.3\libgcc.a(_usi_to_df.o)
 .bss           0x00017b34        0x0 d:/altera/13.1/nios2eds/bin/gnu/h-i686-mingw32/bin/../lib/gcc/nios2-elf/4.7.3\libgcc.a(lib2-divmod.o)
 .bss           0x00017b34        0x0 d:/altera/13.1/nios2eds/bin/gnu/h-i686-mingw32/bin/../lib/gcc/nios2-elf/4.7.3\libgcc.a(_muldi3.o)
 .bss           0x00017b34        0x0 d:/altera/13.1/nios2eds/bin/gnu/h-i686-mingw32/bin/../lib/gcc/nios2-elf/4.7.3\libgcc.a(_clz.o)
 .bss           0x00017b34        0x0 d:/altera/13.1/nios2eds/bin/gnu/h-i686-mingw32/bin/../lib/gcc/nios2-elf/4.7.3\libgcc.a(_clzsi2.o)
 .bss           0x00017b34        0x0 d:/altera/13.1/nios2eds/bin/gnu/h-i686-mingw32/bin/../lib/gcc/nios2-elf/4.7.3\libgcc.a(_pack_df.o)
 .bss           0x00017b34        0x0 d:/altera/13.1/nios2eds/bin/gnu/h-i686-mingw32/bin/../lib/gcc/nios2-elf/4.7.3\libgcc.a(_unpack_df.o)
 .bss           0x00017b34        0x0 d:/altera/13.1/nios2eds/bin/gnu/h-i686-mingw32/bin/../lib/gcc/nios2-elf/4.7.3\libgcc.a(_fpcmp_parts_df.o)
 .bss           0x00017b34        0x0 d:/altera/13.1/nios2eds/bin/gnu/h-i686-mingw32/bin/../lib/gcc/nios2-elf/4.7.3\libgcc.a(_lshrdi3.o)
 .bss           0x00017b34        0x0 d:/altera/13.1/nios2eds/bin/gnu/h-i686-mingw32/bin/../lib/gcc/nios2-elf/4.7.3\libgcc.a(_ashldi3.o)
 .bss           0x00017b34        0x0 F:/project/qsys_ucosii_task_time/qsys/software/uCosii_bsp/\libucosii_bsp.a(alt_close.o)
 .bss           0x00017b34        0x0 F:/project/qsys_ucosii_task_time/qsys/software/uCosii_bsp/\libucosii_bsp.a(alt_dev.o)
 .bss           0x00017b34        0x0 F:/project/qsys_ucosii_task_time/qsys/software/uCosii_bsp/\libucosii_bsp.a(alt_errno.o)
 .bss           0x00017b34        0x0 F:/project/qsys_ucosii_task_time/qsys/software/uCosii_bsp/\libucosii_bsp.a(alt_fstat.o)
 .bss           0x00017b34        0x0 F:/project/qsys_ucosii_task_time/qsys/software/uCosii_bsp/\libucosii_bsp.a(alt_isatty.o)
 .bss           0x00017b34        0x0 F:/project/qsys_ucosii_task_time/qsys/software/uCosii_bsp/\libucosii_bsp.a(alt_lseek.o)
 .bss           0x00017b34        0x0 F:/project/qsys_ucosii_task_time/qsys/software/uCosii_bsp/\libucosii_bsp.a(alt_main.o)
 .bss           0x00017b34        0x0 F:/project/qsys_ucosii_task_time/qsys/software/uCosii_bsp/\libucosii_bsp.a(alt_read.o)
 .bss           0x00017b34        0x0 F:/project/qsys_ucosii_task_time/qsys/software/uCosii_bsp/\libucosii_bsp.a(alt_release_fd.o)
 .bss           0x00017b34        0x0 F:/project/qsys_ucosii_task_time/qsys/software/uCosii_bsp/\libucosii_bsp.a(alt_sbrk.o)
 .bss           0x00017b34        0x0 F:/project/qsys_ucosii_task_time/qsys/software/uCosii_bsp/\libucosii_bsp.a(alt_write.o)
 .bss           0x00017b34        0x0 F:/project/qsys_ucosii_task_time/qsys/software/uCosii_bsp/\libucosii_bsp.a(alt_env_lock.o)
 .bss           0x00017b34        0x0 F:/project/qsys_ucosii_task_time/qsys/software/uCosii_bsp/\libucosii_bsp.a(alt_malloc_lock.o)
 .bss           0x00017b34        0x0 F:/project/qsys_ucosii_task_time/qsys/software/uCosii_bsp/\libucosii_bsp.a(os_core.o)
 .bss           0x00017b34        0x0 F:/project/qsys_ucosii_task_time/qsys/software/uCosii_bsp/\libucosii_bsp.a(os_dbg.o)
 .bss           0x00017b34        0x0 F:/project/qsys_ucosii_task_time/qsys/software/uCosii_bsp/\libucosii_bsp.a(os_flag.o)
 .bss           0x00017b34        0x0 F:/project/qsys_ucosii_task_time/qsys/software/uCosii_bsp/\libucosii_bsp.a(os_mem.o)
 .bss           0x00017b34        0x0 F:/project/qsys_ucosii_task_time/qsys/software/uCosii_bsp/\libucosii_bsp.a(os_q.o)
 .bss           0x00017b34        0x0 F:/project/qsys_ucosii_task_time/qsys/software/uCosii_bsp/\libucosii_bsp.a(os_sem.o)
 .bss           0x00017b34        0x0 F:/project/qsys_ucosii_task_time/qsys/software/uCosii_bsp/\libucosii_bsp.a(os_task.o)
 .bss           0x00017b34        0x0 F:/project/qsys_ucosii_task_time/qsys/software/uCosii_bsp/\libucosii_bsp.a(os_time.o)
 .bss           0x00017b34        0x0 F:/project/qsys_ucosii_task_time/qsys/software/uCosii_bsp/\libucosii_bsp.a(alt_sys_init.o)
 .bss           0x00017b34        0x0 F:/project/qsys_ucosii_task_time/qsys/software/uCosii_bsp/\libucosii_bsp.a(altera_avalon_epcs_flash_controller.o)
 .bss           0x00017b34        0x0 F:/project/qsys_ucosii_task_time/qsys/software/uCosii_bsp/\libucosii_bsp.a(altera_avalon_jtag_uart_fd.o)
 .bss           0x00017b34        0x0 F:/project/qsys_ucosii_task_time/qsys/software/uCosii_bsp/\libucosii_bsp.a(altera_avalon_jtag_uart_init.o)
 .bss           0x00017b34        0x0 F:/project/qsys_ucosii_task_time/qsys/software/uCosii_bsp/\libucosii_bsp.a(altera_avalon_jtag_uart_ioctl.o)
 .bss           0x00017b34        0x0 F:/project/qsys_ucosii_task_time/qsys/software/uCosii_bsp/\libucosii_bsp.a(altera_avalon_jtag_uart_read.o)
 .bss           0x00017b34        0x0 F:/project/qsys_ucosii_task_time/qsys/software/uCosii_bsp/\libucosii_bsp.a(altera_avalon_jtag_uart_write.o)
 .bss           0x00017b34        0x0 F:/project/qsys_ucosii_task_time/qsys/software/uCosii_bsp/\libucosii_bsp.a(altera_avalon_timer_sc.o)
 .bss           0x00017b34        0x0 F:/project/qsys_ucosii_task_time/qsys/software/uCosii_bsp/\libucosii_bsp.a(epcs_commands.o)
 .bss           0x00017b34        0x0 F:/project/qsys_ucosii_task_time/qsys/software/uCosii_bsp/\libucosii_bsp.a(alt_alarm_start.o)
 .bss           0x00017b34        0x0 F:/project/qsys_ucosii_task_time/qsys/software/uCosii_bsp/\libucosii_bsp.a(alt_dev_llist_insert.o)
 .bss           0x00017b34        0x0 F:/project/qsys_ucosii_task_time/qsys/software/uCosii_bsp/\libucosii_bsp.a(alt_do_ctors.o)
 .bss           0x00017b34        0x0 F:/project/qsys_ucosii_task_time/qsys/software/uCosii_bsp/\libucosii_bsp.a(alt_do_dtors.o)
 .bss           0x00017b34        0x0 F:/project/qsys_ucosii_task_time/qsys/software/uCosii_bsp/\libucosii_bsp.a(alt_flash_dev.o)
 .bss           0x00017b34        0x0 F:/project/qsys_ucosii_task_time/qsys/software/uCosii_bsp/\libucosii_bsp.a(alt_iic.o)
 .bss           0x00017b34        0x0 F:/project/qsys_ucosii_task_time/qsys/software/uCosii_bsp/\libucosii_bsp.a(alt_iic_isr_register.o)
 .bss           0x00017b34        0x0 F:/project/qsys_ucosii_task_time/qsys/software/uCosii_bsp/\libucosii_bsp.a(alt_io_redirect.o)
 .bss           0x00017b34        0x0 F:/project/qsys_ucosii_task_time/qsys/software/uCosii_bsp/\libucosii_bsp.a(alt_irq_entry.o)
 .bss           0x00017b34        0x0 F:/project/qsys_ucosii_task_time/qsys/software/uCosii_bsp/\libucosii_bsp.a(alt_irq_handler.o)
 .bss           0x00017b34        0x0 F:/project/qsys_ucosii_task_time/qsys/software/uCosii_bsp/\libucosii_bsp.a(alt_irq_vars.o)
 .bss           0x00017b34        0x0 F:/project/qsys_ucosii_task_time/qsys/software/uCosii_bsp/\libucosii_bsp.a(alt_open.o)
 .bss           0x00017b34        0x0 F:/project/qsys_ucosii_task_time/qsys/software/uCosii_bsp/\libucosii_bsp.a(alt_tick.o)
 .bss           0x00017b34        0x0 F:/project/qsys_ucosii_task_time/qsys/software/uCosii_bsp/\libucosii_bsp.a(altera_nios2_qsys_irq.o)
 .bss           0x00017b34        0x0 F:/project/qsys_ucosii_task_time/qsys/software/uCosii_bsp/\libucosii_bsp.a(os_cpu_a.o)
 .bss           0x00017b34        0x0 F:/project/qsys_ucosii_task_time/qsys/software/uCosii_bsp/\libucosii_bsp.a(os_cpu_c.o)
 .bss           0x00017b34        0x0 F:/project/qsys_ucosii_task_time/qsys/software/uCosii_bsp/\libucosii_bsp.a(altera_avalon_spi.o)
 .bss           0x00017b34        0x0 F:/project/qsys_ucosii_task_time/qsys/software/uCosii_bsp/\libucosii_bsp.a(alt_exception_entry.o)
 .bss           0x00017b34        0x0 F:/project/qsys_ucosii_task_time/qsys/software/uCosii_bsp/\libucosii_bsp.a(alt_find_dev.o)
 .bss           0x00017b34        0x0 F:/project/qsys_ucosii_task_time/qsys/software/uCosii_bsp/\libucosii_bsp.a(alt_find_file.o)
 .bss           0x00017b34        0x0 F:/project/qsys_ucosii_task_time/qsys/software/uCosii_bsp/\libucosii_bsp.a(alt_get_fd.o)
 .bss           0x00017b34        0x0 d:/altera/13.1/nios2eds/bin/gnu/h-i686-mingw32/bin/../lib/gcc/nios2-elf/4.7.3/../../../../../H-i686-mingw32/nios2-elf/lib\libc.a(lib_a-atexit.o)
 .bss           0x00017b34        0x0 d:/altera/13.1/nios2eds/bin/gnu/h-i686-mingw32/bin/../lib/gcc/nios2-elf/4.7.3/../../../../../H-i686-mingw32/nios2-elf/lib\libc.a(lib_a-exit.o)
 .bss           0x00017b34        0x0 d:/altera/13.1/nios2eds/bin/gnu/h-i686-mingw32/bin/../lib/gcc/nios2-elf/4.7.3/../../../../../H-i686-mingw32/nios2-elf/lib\libc.a(lib_a-memcmp.o)
 .bss           0x00017b34        0x0 d:/altera/13.1/nios2eds/bin/gnu/h-i686-mingw32/bin/../lib/gcc/nios2-elf/4.7.3/../../../../../H-i686-mingw32/nios2-elf/lib\libc.a(lib_a-__atexit.o)
 .bss           0x00017b34        0x0 d:/altera/13.1/nios2eds/bin/gnu/h-i686-mingw32/bin/../lib/gcc/nios2-elf/4.7.3/../../../../../H-i686-mingw32/nios2-elf/lib\libc.a(lib_a-__call_atexit.o)
 .bss           0x00017b34        0x0 d:/altera/13.1/nios2eds/bin/gnu/h-i686-mingw32/bin/../lib/gcc/nios2-elf/4.7.3\libgcc.a(_fixunsdfsi.o)
 .bss           0x00017b34        0x0 F:/project/qsys_ucosii_task_time/qsys/software/uCosii_bsp/\libucosii_bsp.a(alt_exit.o)
 *(COMMON)
 COMMON         0x00017b34     0x6000 obj/default/ucosii_task_time.o
                0x00017b34                time_stk
                0x00019b34                start_stk
                0x0001bb34                CPUInfo_stk
 COMMON         0x0001db34     0x3ae0 F:/project/qsys_ucosii_task_time/qsys/software/uCosii_bsp/\libucosii_bsp.a(os_core.o)
                0x0001db34                OSFlagTbl
                0x0001dea4                OSMemTbl
                0x0001ead4                OSTaskStatStk
                0x0001f2d4                OSQTbl
                0x0001f4b4                OSRdyTbl
                0x0001f4d0                OSTaskIdleStk
                0x0001fcd0                OSEventTbl
                0x00020db0                OSTCBTbl
                0x000212f0                OSTCBPrioTbl
 COMMON         0x00021614      0x100 F:/project/qsys_ucosii_task_time/qsys/software/uCosii_bsp/\libucosii_bsp.a(alt_irq_handler.o)
                0x00021614                alt_irq
 COMMON         0x00021714      0x190 d:/altera/13.1/nios2eds/bin/gnu/h-i686-mingw32/bin/../lib/gcc/nios2-elf/4.7.3/../../../../../H-i686-mingw32/nios2-elf/lib\libc.a(lib_a-atexit.o)
                0x00021714                _atexit0
                0x000218a4                . = ALIGN (0x4)
                0x000218a4                __bss_end = ABSOLUTE (.)

.sdram          0x000218a4        0x0
                0x000218a4                PROVIDE (_alt_partition_sdram_start, ABSOLUTE (.))
 *(.sdram .sdram. sdram.*)
                0x000218a4                . = ALIGN (0x4)
                0x000218a4                PROVIDE (_alt_partition_sdram_end, ABSOLUTE (.))
                0x000218a4                _end = ABSOLUTE (.)
                0x000218a4                end = ABSOLUTE (.)
                0x000218a4                __alt_stack_base = ABSOLUTE (.)
                0x000218a4                PROVIDE (_alt_partition_sdram_load_addr, LOADADDR (.sdram))

.epcs           0x02001020        0x0
                0x02001020                PROVIDE (_alt_partition_epcs_start, ABSOLUTE (.))
 *(.epcs .epcs. epcs.*)
                0x02001020                . = ALIGN (0x4)
                0x02001020                PROVIDE (_alt_partition_epcs_end, ABSOLUTE (.))
                0x02001020                PROVIDE (_alt_partition_epcs_load_addr, LOADADDR (.epcs))

.stab
 *(.stab)

.stabstr
 *(.stabstr)

.stab.excl
 *(.stab.excl)

.stab.exclstr
 *(.stab.exclstr)

.stab.index
 *(.stab.index)

.stab.indexstr
 *(.stab.indexstr)

.comment        0x00000000       0x23
 *(.comment)
 .comment       0x00000000       0x23 obj/default/ucosii_task_time.o
                                 0x24 (size before relaxing)
 .comment       0x00000000       0x24 d:/altera/13.1/nios2eds/bin/gnu/h-i686-mingw32/bin/../lib/gcc/nios2-elf/4.7.3/../../../../../H-i686-mingw32/nios2-elf/lib\libc.a(lib_a-printf.o)
 .comment       0x00000000       0x24 d:/altera/13.1/nios2eds/bin/gnu/h-i686-mingw32/bin/../lib/gcc/nios2-elf/4.7.3/../../../../../H-i686-mingw32/nios2-elf/lib\libc.a(lib_a-vfprintf.o)
 .comment       0x00000000       0x24 d:/altera/13.1/nios2eds/bin/gnu/h-i686-mingw32/bin/../lib/gcc/nios2-elf/4.7.3/../../../../../H-i686-mingw32/nios2-elf/lib\libc.a(lib_a-wsetup.o)
 .comment       0x00000000       0x24 d:/altera/13.1/nios2eds/bin/gnu/h-i686-mingw32/bin/../lib/gcc/nios2-elf/4.7.3/../../../../../H-i686-mingw32/nios2-elf/lib\libc.a(lib_a-dtoa.o)
 .comment       0x00000000       0x24 d:/altera/13.1/nios2eds/bin/gnu/h-i686-mingw32/bin/../lib/gcc/nios2-elf/4.7.3/../../../../../H-i686-mingw32/nios2-elf/lib\libc.a(lib_a-fflush.o)
 .comment       0x00000000       0x24 d:/altera/13.1/nios2eds/bin/gnu/h-i686-mingw32/bin/../lib/gcc/nios2-elf/4.7.3/../../../../../H-i686-mingw32/nios2-elf/lib\libc.a(lib_a-findfp.o)
 .comment       0x00000000       0x24 d:/altera/13.1/nios2eds/bin/gnu/h-i686-mingw32/bin/../lib/gcc/nios2-elf/4.7.3/../../../../../H-i686-mingw32/nios2-elf/lib\libc.a(lib_a-freer.o)
 .comment       0x00000000       0x24 d:/altera/13.1/nios2eds/bin/gnu/h-i686-mingw32/bin/../lib/gcc/nios2-elf/4.7.3/../../../../../H-i686-mingw32/nios2-elf/lib\libc.a(lib_a-fvwrite.o)
 .comment       0x00000000       0x24 d:/altera/13.1/nios2eds/bin/gnu/h-i686-mingw32/bin/../lib/gcc/nios2-elf/4.7.3/../../../../../H-i686-mingw32/nios2-elf/lib\libc.a(lib_a-fwalk.o)
 .comment       0x00000000       0x24 d:/altera/13.1/nios2eds/bin/gnu/h-i686-mingw32/bin/../lib/gcc/nios2-elf/4.7.3/../../../../../H-i686-mingw32/nios2-elf/lib\libc.a(lib_a-impure.o)
 .comment       0x00000000       0x24 d:/altera/13.1/nios2eds/bin/gnu/h-i686-mingw32/bin/../lib/gcc/nios2-elf/4.7.3/../../../../../H-i686-mingw32/nios2-elf/lib\libc.a(lib_a-locale.o)
 .comment       0x00000000       0x24 d:/altera/13.1/nios2eds/bin/gnu/h-i686-mingw32/bin/../lib/gcc/nios2-elf/4.7.3/../../../../../H-i686-mingw32/nios2-elf/lib\libc.a(lib_a-makebuf.o)
 .comment       0x00000000       0x24 d:/altera/13.1/nios2eds/bin/gnu/h-i686-mingw32/bin/../lib/gcc/nios2-elf/4.7.3/../../../../../H-i686-mingw32/nios2-elf/lib\libc.a(lib_a-mallocr.o)