Archive member included because of file (symbol)

d:/altera/13.1/nios2eds/bin/gnu/h-i686-mingw32/bin/../lib/gcc/nios2-elf/4.7.3\libgcc.a(_fixunsdfsi.o)
                              obj/default/drives/LCD/mculcd.o (__fixunsdfsi)
d:/altera/13.1/nios2eds/bin/gnu/h-i686-mingw32/bin/../lib/gcc/nios2-elf/4.7.3\libgcc.a(_addsub_df.o)
                              d:/altera/13.1/nios2eds/bin/gnu/h-i686-mingw32/bin/../lib/gcc/nios2-elf/4.7.3\libgcc.a(_fixunsdfsi.o) (__subdf3)
d:/altera/13.1/nios2eds/bin/gnu/h-i686-mingw32/bin/../lib/gcc/nios2-elf/4.7.3\libgcc.a(_mul_df.o)
                              obj/default/drives/LCD/mculcd.o (__muldf3)
d:/altera/13.1/nios2eds/bin/gnu/h-i686-mingw32/bin/../lib/gcc/nios2-elf/4.7.3\libgcc.a(_ge_df.o)
                              d:/altera/13.1/nios2eds/bin/gnu/h-i686-mingw32/bin/../lib/gcc/nios2-elf/4.7.3\libgcc.a(_fixunsdfsi.o) (__gedf2)
d:/altera/13.1/nios2eds/bin/gnu/h-i686-mingw32/bin/../lib/gcc/nios2-elf/4.7.3\libgcc.a(_si_to_df.o)
                              obj/default/drives/LCD/mculcd.o (__floatsidf)
d:/altera/13.1/nios2eds/bin/gnu/h-i686-mingw32/bin/../lib/gcc/nios2-elf/4.7.3\libgcc.a(_df_to_si.o)
                              d:/altera/13.1/nios2eds/bin/gnu/h-i686-mingw32/bin/../lib/gcc/nios2-elf/4.7.3\libgcc.a(_fixunsdfsi.o) (__fixdfsi)
d:/altera/13.1/nios2eds/bin/gnu/h-i686-mingw32/bin/../lib/gcc/nios2-elf/4.7.3\libgcc.a(_thenan_df.o)
                              d:/altera/13.1/nios2eds/bin/gnu/h-i686-mingw32/bin/../lib/gcc/nios2-elf/4.7.3\libgcc.a(_addsub_df.o) (__thenan_df)
d:/altera/13.1/nios2eds/bin/gnu/h-i686-mingw32/bin/../lib/gcc/nios2-elf/4.7.3\libgcc.a(_muldi3.o)
                              d:/altera/13.1/nios2eds/bin/gnu/h-i686-mingw32/bin/../lib/gcc/nios2-elf/4.7.3\libgcc.a(_mul_df.o) (__muldi3)
d:/altera/13.1/nios2eds/bin/gnu/h-i686-mingw32/bin/../lib/gcc/nios2-elf/4.7.3\libgcc.a(_clzsi2.o)
                              d:/altera/13.1/nios2eds/bin/gnu/h-i686-mingw32/bin/../lib/gcc/nios2-elf/4.7.3\libgcc.a(_si_to_df.o) (__clzsi2)
d:/altera/13.1/nios2eds/bin/gnu/h-i686-mingw32/bin/../lib/gcc/nios2-elf/4.7.3\libgcc.a(_pack_df.o)
                              d:/altera/13.1/nios2eds/bin/gnu/h-i686-mingw32/bin/../lib/gcc/nios2-elf/4.7.3\libgcc.a(_addsub_df.o) (__pack_d)
d:/altera/13.1/nios2eds/bin/gnu/h-i686-mingw32/bin/../lib/gcc/nios2-elf/4.7.3\libgcc.a(_unpack_df.o)
                              d:/altera/13.1/nios2eds/bin/gnu/h-i686-mingw32/bin/../lib/gcc/nios2-elf/4.7.3\libgcc.a(_addsub_df.o) (__unpack_d)
d:/altera/13.1/nios2eds/bin/gnu/h-i686-mingw32/bin/../lib/gcc/nios2-elf/4.7.3\libgcc.a(_fpcmp_parts_df.o)
                              d:/altera/13.1/nios2eds/bin/gnu/h-i686-mingw32/bin/../lib/gcc/nios2-elf/4.7.3\libgcc.a(_ge_df.o) (__fpcmp_parts_d)
d:/altera/13.1/nios2eds/bin/gnu/h-i686-mingw32/bin/../lib/gcc/nios2-elf/4.7.3\libgcc.a(_lshrdi3.o)
                              d:/altera/13.1/nios2eds/bin/gnu/h-i686-mingw32/bin/../lib/gcc/nios2-elf/4.7.3\libgcc.a(_pack_df.o) (__lshrdi3)
d:/altera/13.1/nios2eds/bin/gnu/h-i686-mingw32/bin/../lib/gcc/nios2-elf/4.7.3\libgcc.a(_ashldi3.o)
                              d:/altera/13.1/nios2eds/bin/gnu/h-i686-mingw32/bin/../lib/gcc/nios2-elf/4.7.3\libgcc.a(_pack_df.o) (__ashldi3)
d:/altera/13.1/nios2eds/bin/gnu/h-i686-mingw32/bin/../lib/gcc/nios2-elf/4.7.3\libgcc.a(_clz.o)
                              d:/altera/13.1/nios2eds/bin/gnu/h-i686-mingw32/bin/../lib/gcc/nios2-elf/4.7.3\libgcc.a(_clzsi2.o) (__clz_tab)
d:/altera/13.1/nios2eds/bin/gnu/h-i686-mingw32/bin/../lib/gcc/nios2-elf/4.7.3/../../../../../H-i686-mingw32/nios2-elf/lib\libc.a(lib_a-printf.o)
                              obj/default/drives/LCD/mculcd.o (printf)
d:/altera/13.1/nios2eds/bin/gnu/h-i686-mingw32/bin/../lib/gcc/nios2-elf/4.7.3/../../../../../H-i686-mingw32/nios2-elf/lib\libc.a(lib_a-puts.o)
                              obj/default/qsys_touch.o (puts)
d:/altera/13.1/nios2eds/bin/gnu/h-i686-mingw32/bin/../lib/gcc/nios2-elf/4.7.3/../../../../../H-i686-mingw32/nios2-elf/lib\libc.a(lib_a-strcmp.o)
                              obj/default/drives/TOUCH/gt9147.o (strcmp)
d:/altera/13.1/nios2eds/bin/gnu/h-i686-mingw32/bin/../lib/gcc/nios2-elf/4.7.3/../../../../../H-i686-mingw32/nios2-elf/lib\libc.a(lib_a-strlen.o)
                              d:/altera/13.1/nios2eds/bin/gnu/h-i686-mingw32/bin/../lib/gcc/nios2-elf/4.7.3/../../../../../H-i686-mingw32/nios2-elf/lib\libc.a(lib_a-puts.o) (strlen)
d:/altera/13.1/nios2eds/bin/gnu/h-i686-mingw32/bin/../lib/gcc/nios2-elf/4.7.3/../../../../../H-i686-mingw32/nios2-elf/lib\libc.a(lib_a-vfprintf.o)
                              d:/altera/13.1/nios2eds/bin/gnu/h-i686-mingw32/bin/../lib/gcc/nios2-elf/4.7.3/../../../../../H-i686-mingw32/nios2-elf/lib\libc.a(lib_a-printf.o) (___vfprintf_internal_r)
d:/altera/13.1/nios2eds/bin/gnu/h-i686-mingw32/bin/../lib/gcc/nios2-elf/4.7.3/../../../../../H-i686-mingw32/nios2-elf/lib\libc.a(lib_a-wsetup.o)
[...]
Memory Configuration

Name             Origin             Length             Attributes
sdram_BEFORE_EXCEPTION 0x00000000         0x00000020
sdram            0x00000020         0x01ffffe0
reset            0x02001000         0x00000020
epcs             0x02001020         0x000007e0
*default*        0x00000000         0xffffffff

Linker script and memory map

LOAD ../qsys_touch_bsp//obj/HAL/src/crt0.o
LOAD obj/default/APP/delay.o
LOAD obj/default/drives/LCD/mculcd.o
LOAD obj/default/drives/TOUCH/ft5206.o
LOAD obj/default/drives/TOUCH/gt9147.o
LOAD obj/default/drives/TOUCH/gt9271.o
LOAD obj/default/drives/TOUCH/myiic.o
LOAD obj/default/drives/TOUCH/touch.o
LOAD obj/default/qsys_touch.o
LOAD d:/altera/13.1/nios2eds/bin/gnu/h-i686-mingw32/bin/../lib/gcc/nios2-elf/4.7.3/../../../../../H-i686-mingw32/nios2-elf/lib\libstdc++.a
LOAD d:/altera/13.1/nios2eds/bin/gnu/h-i686-mingw32/bin/../lib/gcc/nios2-elf/4.7.3/../../../../../H-i686-mingw32/nios2-elf/lib\libm.a
LOAD d:/altera/13.1/nios2eds/bin/gnu/h-i686-mingw32/bin/../lib/gcc/nios2-elf/4.7.3\libgcc.a
START GROUP
LOAD d:/altera/13.1/nios2eds/bin/gnu/h-i686-mingw32/bin/../lib/gcc/nios2-elf/4.7.3/../../../../../H-i686-mingw32/nios2-elf/lib\libc.a
LOAD d:/altera/13.1/nios2eds/bin/gnu/h-i686-mingw32/bin/../lib/gcc/nios2-elf/4.7.3\libgcc.a
LOAD ../qsys_touch_bsp/\libhal_bsp.a
END GROUP
LOAD d:/altera/13.1/nios2eds/bin/gnu/h-i686-mingw32/bin/../lib/gcc/nios2-elf/4.7.3\libgcc.a
                0x00000000                __alt_mem_sdram = 0x0
                0x02001000                __alt_mem_epcs = 0x2001000

.entry          0x02001000        0x0
 *(.entry)
 .entry         0x02001000        0x0 ../qsys_touch_bsp//obj/HAL/src/crt0.o
                0x02001000                __reset

.exceptions     0x00000020      0x198
                0x00000020                PROVIDE (__ram_exceptions_start, ABSOLUTE (.))
                0x00000020                . = ALIGN (0x20)
 *(.irq)
 *(.exceptions.entry.label)
 .exceptions.entry.label
                0x00000020        0x0 ../qsys_touch_bsp/\libhal_bsp.a(alt_irq_entry.o)
                0x00000020                alt_irq_entry
 .exceptions.entry.label
                0x00000020        0x0 ../qsys_touch_bsp/\libhal_bsp.a(alt_exception_entry.o)
                0x00000020                alt_exception
 *(.exceptions.entry.user)
 *(.exceptions.entry.ecc_fatal)
 *(.exceptions.entry)
 .exceptions.entry
                0x00000020       0x54 ../qsys_touch_bsp/\libhal_bsp.a(alt_exception_entry.o)
 *(.exceptions.irqtest.user)
 *(.exceptions.irqtest)
 .exceptions.irqtest
                0x00000074       0x10 ../qsys_touch_bsp/\libhal_bsp.a(alt_irq_entry.o)
 *(.exceptions.irqhandler.user)
 *(.exceptions.irqhandler)
 .exceptions.irqhandler
                0x00000084        0x4 ../qsys_touch_bsp/\libhal_bsp.a(alt_irq_entry.o)
 *(.exceptions.irqreturn.user)
 *(.exceptions.irqreturn)
 .exceptions.irqreturn
                0x00000088        0x4 ../qsys_touch_bsp/\libhal_bsp.a(alt_irq_entry.o)
 *(.exceptions.notirq.label)
 .exceptions.notirq.label
                0x0000008c        0x0 ../qsys_touch_bsp/\libhal_bsp.a(alt_irq_entry.o)
 *(.exceptions.notirq.user)
 *(.exceptions.notirq)
 .exceptions.notirq
                0x0000008c        0x8 ../qsys_touch_bsp/\libhal_bsp.a(alt_exception_entry.o)
 *(.exceptions.soft.user)
 *(.exceptions.soft)
 *(.exceptions.unknown.user)
 *(.exceptions.unknown)
 .exceptions.unknown
                0x00000094        0x4 ../qsys_touch_bsp/\libhal_bsp.a(alt_exception_entry.o)
 *(.exceptions.exit.label)
 .exceptions.exit.label
                0x00000098        0x0 ../qsys_touch_bsp/\libhal_bsp.a(alt_irq_entry.o)
 .exceptions.exit.label
                0x00000098        0x0 ../qsys_touch_bsp/\libhal_bsp.a(alt_exception_entry.o)
 *(.exceptions.exit.user)
 *(.exceptions.exit)
 .exceptions.exit
                0x00000098       0x54 ../qsys_touch_bsp/\libhal_bsp.a(alt_exception_entry.o)
 *(.exceptions)
 .exceptions    0x000000ec       0xcc ../qsys_touch_bsp/\libhal_bsp.a(alt_irq_handler.o)
                0x000000ec                alt_irq_handler
                0x000001b8                PROVIDE (__ram_exceptions_end, ABSOLUTE (.))
                0x00000020                PROVIDE (__flash_exceptions_start, LOADADDR (.exceptions))

.text           0x000001b8    0x14f4c
                0x000001b8                PROVIDE (stext, ABSOLUTE (.))
 *(.interp)
 *(.hash)
 *(.dynsym)
 *(.dynstr)
 *(.gnu.version)
 *(.gnu.version_d)
 *(.gnu.version_r)
 *(.rel.init)
 *(.rela.init)
 *(.rel.text .rel.text.* .rel.gnu.linkonce.t.*)
 *(.rela.text .rela.text.* .rela.gnu.linkonce.t.*)
 *(.rel.fini)
 *(.rela.fini)
 *(.rel.rodata .rel.rodata.* .rel.gnu.linkonce.r.*)
 *(.rela.rodata .rela.rodata.* .rela.gnu.linkonce.r.*)
 *(.rel.data .rel.data.* .rel.gnu.linkonce.d.*)
 *(.rela.data .rela.data.* .rela.gnu.linkonce.d.*)
 *(.rel.tdata .rel.tdata.* .rel.gnu.linkonce.td.*)
 *(.rela.tdata .rela.tdata.* .rela.gnu.linkonce.td.*)
 *(.rel.tbss .rel.tbss.* .rel.gnu.linkonce.tb.*)
 *(.rela.tbss .rela.tbss.* .rela.gnu.linkonce.tb.*)
 *(.rel.ctors)
 *(.rela.ctors)
 *(.rel.dtors)
 *(.rela.dtors)
 *(.rel.got)
 *(.rela.got)
 *(.rel.sdata .rel.sdata.* .rel.gnu.linkonce.s.*)
 *(.rela.sdata .rela.sdata.* .rela.gnu.linkonce.s.*)
 *(.rel.sbss .rel.sbss.* .rel.gnu.linkonce.sb.*)
 *(.rela.sbss .rela.sbss.* .rela.gnu.linkonce.sb.*)
 *(.rel.sdata2 .rel.sdata2.* .rel.gnu.linkonce.s2.*)
 *(.rela.sdata2 .rela.sdata2.* .rela.gnu.linkonce.s2.*)
 *(.rel.sbss2 .rel.sbss2.* .rel.gnu.linkonce.sb2.*)
 *(.rela.sbss2 .rela.sbss2.* .rela.gnu.linkonce.sb2.*)
 *(.rel.bss .rel.bss.* .rel.gnu.linkonce.b.*)
 *(.rela.bss .rela.bss.* .rela.gnu.linkonce.b.*)
 *(.rel.plt)
 *(.rela.plt)
 *(.rel.dyn)
 *(.init)
 *(.plt)
 *(.text .stub .text.* .gnu.linkonce.t.*)
 .text          0x000001b8       0x48 ../qsys_touch_bsp//obj/HAL/src/crt0.o
                0x000001b8                _start
 .text          0x00000200       0x68 obj/default/APP/delay.o
                0x00000200                delay_ms
                0x00000238                delay_us
 .text          0x00000268     0x5858 obj/default/drives/LCD/mculcd.o
                0x00000268                LCD_WR_CMD
                0x000002ec                LCD_WR_DATA
                0x00000360                LCD_RD_DATA
                0x000003e4                LCD_WriteReg
                0x00000430                LCD_ReadReg
                0x00000474                LCD_WriteRAM_Prepare
                0x000004b0                LCD_WriteRAM
                0x000004e8                LCD_BGR2RGB
                0x00000560                LCD_ReadPoint
                0x000006e4                LCD_DisplayOn
                0x0000077c                LCD_DisplayOff
                0x00000814                LCD_SetCursor
                0x00000b58                LCD_Scan_Dir
                0x00001190                LCD_DrawPoint
                0x000011ec                LCD_Fast_DrawPoint
                0x000014cc                LCD_SSD_BackLightSet
                0x00001580                LCD_Display_Dir
                0x000018fc                LCD_Set_Window
                0x00001d3c                MCULCD_Init
                0x00004b98                LCD_Clear
                0x00004c34                LCD_Fill
                0x00004cfc                LCD_Color_Fill
                0x00004dfc                LCD_DrawLine
                0x00004fc0                LCD_DrawRectangle
                0x00005074                LCD_Draw_Circle
                0x000052c0                LCD_ShowChar
                0x00005540                LCD_Pow
                0x000055a8                LCD_ShowNum
                0x00005700                LCD_ShowxNum
                0x000058d0                LCD_ShowString
                0x00005a00                LCD_DisplayPic
 .text          0x00005ac0      0x66c obj/default/drives/TOUCH/ft5206.o
                0x00005ac0                FT5206_WR_Reg
                0x00005b7c                FT5206_RD_Reg
                0x00005c40                FT5206_Init
                0x00005d70                FT5206_Scan
 .text          0x0000612c      0x988 obj/default/drives/TOUCH/gt9147.o
                0x0000612c                GT9147_Send_Cfg
                0x000061e0                GT9147_WR_Reg
                0x000062b4                GT9147_RD_Reg
                0x00006390                GT9147_Init
                0x000064d8                GT9147_Scan
 .text          0x00006ab4      0x840 obj/default/drives/TOUCH/gt9271.o
                0x00006ab4                GT9271_Send_Cfg
                0x00006b68                GT9271_WR_Reg
                0x00006c3c                GT9271_RD_Reg
                0x00006d18                GT9271_Init
                0x00006e60                GT9271_Scan
 .text          0x000072f4      0x4a0 obj/default/drives/TOUCH/myiic.o
                0x000072f4                IIC_Init
                0x00007330                IIC_Start
                0x000073b4                IIC_Stop
                0x00007440                IIC_Wait_Ack
                0x000074f4                IIC_Ack
                0x00007578                IIC_NAck
                0x000075fc                IIC_Send_Byte
                0x000076c4                IIC_Read_Byte
 .text          0x00007794      0x318 obj/default/drives/TOUCH/touch.o
                0x00007794                TP_Scan
                0x000078a0                TP_Init
 .text          0x00007aac      0xa44 obj/default/qsys_touch.o
                0x00007aac                main
                0x00007bdc                Load_Drow_Dialog
                0x00007c68                gui_draw_hline
                0x00007d5c                gui_fill_circle
                0x00007f78                ctp_test
                0x000082cc                lcd_draw_bline
 .text          0x000084f0       0x84 d:/altera/13.1/nios2eds/bin/gnu/h-i686-mingw32/bin/../lib/gcc/nios2-elf/4.7.3\libgcc.a(_fixunsdfsi.o)
                0x000084f0                __fixunsdfsi
 .text          0x00008574      0x408 d:/altera/13.1/nios2eds/bin/gnu/h-i686-mingw32/bin/../lib/gcc/nios2-elf/4.7.3\libgcc.a(_addsub_df.o)
                0x000088c8                __adddf3
                0x0000891c                __subdf3
 .text          0x0000897c      0x2e4 d:/altera/13.1/nios2eds/bin/gnu/h-i686-mingw32/bin/../lib/gcc/nios2-elf/4.7.3\libgcc.a(_mul_df.o)
                0x0000897c                __muldf3
 .text          0x00008c60       0x64 d:/altera/13.1/nios2eds/bin/gnu/h-i686-mingw32/bin/../lib/gcc/nios2-elf/4.7.3\libgcc.a(_ge_df.o)
                0x00008c60                __gedf2
 .text          0x00008cc4       0xd4 d:/altera/13.1/nios2eds/bin/gnu/h-i686-mingw32/bin/../lib/gcc/nios2-elf/4.7.3\libgcc.a(_si_to_df.o)
                0x00008cc4                __floatsidf
 .text          0x00008d98       0xd4 d:/altera/13.1/nios2eds/bin/gnu/h-i686-mingw32/bin/../lib/gcc/nios2-elf/4.7.3\libgcc.a(_df_to_si.o)
                0x00008d98                __fixdfsi
 .text          0x00008e6c        0x0 d:/altera/13.1/nios2eds/bin/gnu/h-i686-mingw32/bin/../lib/gcc/nios2-elf/4.7.3\libgcc.a(_thenan_df.o)
 .text          0x00008e6c       0x60 d:/altera/13.1/nios2eds/bin/gnu/h-i686-mingw32/bin/../lib/gcc/nios2-elf/4.7.3\libgcc.a(_muldi3.o)
                0x00008e6c                __muldi3
 .text          0x00008ecc       0xac d:/altera/13.1/nios2eds/bin/gnu/h-i686-mingw32/bin/../lib/gcc/nios2-elf/4.7.3\libgcc.a(_clzsi2.o)
                0x00008ecc                __clzsi2
 .text          0x00008f78      0x224 d:/altera/13.1/nios2eds/bin/gnu/h-i686-mingw32/bin/../lib/gcc/nios2-elf/4.7.3\libgcc.a(_pack_df.o)
                0x00008f78                __pack_d
 .text          0x0000919c      0x104 d:/altera/13.1/nios2eds/bin/gnu/h-i686-mingw32/bin/../lib/gcc/nios2-elf/4.7.3\libgcc.a(_unpack_df.o)
                0x0000919c                __unpack_d
 .text          0x000092a0       0xd0 d:/altera/13.1/nios2eds/bin/gnu/h-i686-mingw32/bin/../lib/gcc/nios2-elf/4.7.3\libgcc.a(_fpcmp_parts_df.o)
                0x000092a0                __fpcmp_parts_d
 .text          0x00009370       0x44 d:/altera/13.1/nios2eds/bin/gnu/h-i686-mingw32/bin/../lib/gcc/nios2-elf/4.7.3\libgcc.a(_lshrdi3.o)
                0x00009370                __lshrdi3
 .text          0x000093b4       0x44 d:/altera/13.1/nios2eds/bin/gnu/h-i686-mingw32/bin/../lib/gcc/nios2-elf/4.7.3\libgcc.a(_ashldi3.o)
                0x000093b4                __ashldi3
 .text          0x000093f8        0x0 d:/altera/13.1/nios2eds/bin/gnu/h-i686-mingw32/bin/../lib/gcc/nios2-elf/4.7.3\libgcc.a(_clz.o)
 .text          0x000093f8       0x68 d:/altera/13.1/nios2eds/bin/gnu/h-i686-mingw32/bin/../lib/gcc/nios2-elf/4.7.3/../../../../../H-i686-mingw32/nios2-elf/lib\libc.a(lib_a-printf.o)
                0x000093f8                _printf_r
                0x00009424                printf
 .text          0x00009460       0x98 d:/altera/13.1/nios2eds/bin/gnu/h-i686-mingw32/bin/../lib/gcc/nios2-elf/4.7.3/../../../../../H-i686-mingw32/nios2-elf/lib\libc.a(lib_a-puts.o)
                0x00009460                _puts_r
                0x000094e4                puts
 .text          0x000094f8       0xa4 d:/altera/13.1/nios2eds/bin/gnu/h-i686-mingw32/bin/../lib/gcc/nios2-elf/4.7.3/../../../../../H-i686-mingw32/nios2-elf/lib\libc.a(lib_a-strcmp.o)
                0x000094f8                strcmp
 .text          0x0000959c       0x8c d:/altera/13.1/nios2eds/bin/gnu/h-i686-mingw32/bin/../lib/gcc/nios2-elf/4.7.3/../../../../../H-i686-mingw32/nios2-elf/lib\libc.a(lib_a-strlen.o)
                0x0000959c                strlen
 .text          0x00009628     0x1e50 d:/altera/13.1/nios2eds/bin/gnu/h-i686-mingw32/bin/../lib/gcc/nios2-elf/4.7.3/../../../../../H-i686-mingw32/nios2-elf/lib\libc.a(lib_a-vfprintf.o)
                0x0000965c                ___vfprintf_internal_r
                0x0000b454                __vfprintf_internal
 .text          0x0000b478      0x174 d:/altera/13.1/nios2eds/bin/gnu/h-i686-mingw32/bin/../lib/gcc/nios2-elf/4.7.3/../../../../../H-i686-mingw32/nios2-elf/lib\libc.a(lib_a-wsetup.o)
                0x0000b478                __swsetup_r
 .text          0x0000b5ec     0x1824 d:/altera/13.1/nios2eds/bin/gnu/h-i686-mingw32/bin/../lib/gcc/nios2-elf/4.7.3/../../../../../H-i686-mingw32/nios2-elf/lib\libc.a(lib_a-dtoa.o)
                0x0000b7f4                _dtoa_r
 .text          0x0000ce10      0x218 d:/altera/13.1/nios2eds/bin/gnu/h-i686-mingw32/bin/../lib/gcc/nios2-elf/4.7.3/../../../../../H-i686-mingw32/nios2-elf/lib\libc.a(lib_a-fflush.o)
                0x0000ce10                _fflush_r
                0x0000cff8                fflush
 .text          0x0000d028      0x2d8 d:/altera/13.1/nios2eds/bin/gnu/h-i686-mingw32/bin/../lib/gcc/nios2-elf/4.7.3/../../../../../H-i686-mingw32/nios2-elf/lib\libc.a(lib_a-findfp.o)
                0x0000d038                _cleanup_r
                0x0000d044                __sfmoreglue
                0x0000d0a8                _cleanup
                0x0000d0b8                __sinit
                0x0000d1c4                __sfp
                0x0000d2c0                __sfp_lock_acquire
                0x0000d2c4                __sfp_lock_release
                0x0000d2c8                __sinit_lock_acquire
                0x0000d2cc                __sinit_lock_release
                0x0000d2d0                __fp_lock_all
                0x0000d2e8                __fp_unlock_all
 .text          0x0000d300      0x40c d:/altera/13.1/nios2eds/bin/gnu/h-i686-mingw32/bin/../lib/gcc/nios2-elf/4.7.3/../../../../../H-i686-mingw32/nios2-elf/lib\libc.a(lib_a-freer.o)
                0x0000d300                _malloc_trim_r
                0x0000d43c                _free_r
 .text          0x0000d70c      0x4e4 d:/altera/13.1/nios2eds/bin/gnu/h-i686-mingw32/bin/../lib/gcc/nios2-elf/4.7.3/../../../../../H-i686-mingw32/nios2-elf/lib\libc.a(lib_a-fvwrite.o)
                0x0000d70c                __sfvwrite_r
 .text          0x0000dbf0      0x160 d:/altera/13.1/nios2eds/bin/gnu/h-i686-mingw32/bin/../lib/gcc/nios2-elf/4.7.3/../../../../../H-i686-mingw32/nios2-elf/lib\libc.a(lib_a-fwalk.o)
                0x0000dbf0                _fwalk
                0x0000dc98                _fwalk_reent
 .text          0x0000dd50        0x0 d:/altera/13.1/nios2eds/bin/gnu/h-i686-mingw32/bin/../lib/gcc/nios2-elf/4.7.3/../../../../../H-i686-mingw32/nios2-elf/lib\libc.a(lib_a-impure.o)
 .text          0x0000dd50       0xdc d:/altera/13.1/nios2eds/bin/gnu/h-i686-mingw32/bin/../lib/gcc/nios2-elf/4.7.3/../../../../../H-i686-mingw32/nios2-elf/lib\libc.a(lib_a-locale.o)
                0x0000dd50                _setlocale_r
                0x0000ddec                __locale_charset
                0x0000ddf8                _localeconv_r
                0x0000de04                setlocale
                0x0000de20                localeconv
 .text          0x0000de2c      0x1a8 d:/altera/13.1/nios2eds/bin/gnu/h-i686-mingw32/bin/../lib/gcc/nios2-elf/4.7.3/../../../../../H-i686-mingw32/nios2-elf/lib\libc.a(lib_a-makebuf.o)
                0x0000de2c                __smakebuf_r
 .text          0x0000dfd4      0x784 d:/altera/13.1/nios2eds/bin/gnu/h-i686-mingw32/bin/../lib/gcc/nios2-elf/4.7.3/../../../../../H-i686-mingw32/nios2-elf/lib\libc.a(lib_a-mallocr.o)
                0x0000dfd4                _malloc_r
 .text          0x0000e758       0xf8 d:/altera/13.1/nios2eds/bin/gnu/h-i686-mingw32/bin/../lib/gcc/nios2-elf/4.7.3/../../../../../H-i686-mingw32/nios2-elf/lib\libc.a(lib_a-memchr.o)
                0x0000e758                memchr
 .text          0x0000e850       0xf8 d:/altera/13.1/nios2eds/bin/gnu/h-i686-mingw32/bin/../lib/gcc/nios2-elf/4.7.3/../../../../../H-i686-mingw32/nios2-elf/lib\libc.a(lib_a-memcpy.o)
                0x0000e850                memcpy
 .text          0x0000e948      0x128 d:/altera/13.1/nios2eds/bin/gnu/h-i686-mingw32/bin/../lib/gcc/nios2-elf/4.7.3/../../../../../H-i686-mingw32/nios2-elf/lib\libc.a(lib_a-memmove.o)
                0x0000e948                memmove
 .text          0x0000ea70       0xdc d:/altera/13.1/nios2eds/bin/gnu/h-i686-mingw32/bin/../lib/gcc/nios2-elf/4.7.3/../../../../../H-i686-mingw32/nios2-elf/lib\libc.a(lib_a-memset.o)
                0x0000ea70                memset
 .text          0x0000eb4c      0xfa8 d:/altera/13.1/nios2eds/bin/gnu/h-i686-mingw32/bin/../lib/gcc/nios2-elf/4.7.3/../../../../../H-i686-mingw32/nios2-elf/lib\libc.a(lib_a-mprec.o)
                0x0000eb4c                _Balloc
                0x0000ebf4                _Bfree
                0x0000ec1c                __multadd
                0x0000ed30                __s2b
                0x0000ee34                __hi0bits
                0x0000ee9c                __lo0bits
                0x0000ef4c                __i2b
                0x0000ef88                __multiply
                0x0000f168                __pow5mult
                0x0000f294                __lshift
                0x0000f3f0                __mcmp
                0x0000f448                __mdiff
                0x0000f5f0                __ulp
                0x0000f650                __b2d
                0x0000f798                __d2b
                0x0000f8dc                __ratio
                0x0000f980                _mprec_log10
                0x0000f9f4                __copybits
                0x0000fa70                __any_on
 .text          0x0000faf4      0x5fc d:/altera/13.1/nios2eds/bin/gnu/h-i686-mingw32/bin/../lib/gcc/nios2-elf/4.7.3/../../../../../H-i686-mingw32/nios2-elf/lib\libc.a(lib_a-reallocr.o)
                0x0000faf4                _realloc_r
 .text          0x000100f0       0x38 d:/altera/13.1/nios2eds/bin/gnu/h-i686-mingw32/bin/../lib/gcc/nios2-elf/4.7.3/../../../../../H-i686-mingw32/nios2-elf/lib\libc.a(lib_a-s_isinfd.o)
                0x000100f0                __isinfd
 .text          0x00010128       0x2c d:/altera/13.1/nios2eds/bin/gnu/h-i686-mingw32/bin/../lib/gcc/nios2-elf/4.7.3/../../../../../H-i686-mingw32/nios2-elf/lib\libc.a(lib_a-s_isnand.o)
                0x00010128                __isnand
 .text          0x00010154       0x64 d:/altera/13.1/nios2eds/bin/gnu/h-i686-mingw32/bin/../lib/gcc/nios2-elf/4.7.3/../../../../../H-i686-mingw32/nios2-elf/lib\libc.a(lib_a-sbrkr.o)
                0x00010154                _sbrk_r
 .text          0x000101b8      0x140 d:/altera/13.1/nios2eds/bin/gnu/h-i686-mingw32/bin/../lib/gcc/nios2-elf/4.7.3/../../../../../H-i686-mingw32/nios2-elf/lib\libc.a(lib_a-stdio.o)
                0x000101b8                __sread
                0x0001020c                __swrite
                0x00010294                __sseek
                0x000102f0                __sclose
 .text          0x000102f8       0x6c d:/altera/13.1/nios2eds/bin/gnu/h-i686-mingw32/bin/../lib/gcc/nios2-elf/4.7.3/../../../../../H-i686-mingw32/nios2-elf/lib\libc.a(lib_a-writer.o)
                0x000102f8                _write_r
 .text          0x00010364       0xbc d:/altera/13.1/nios2eds/bin/gnu/h-i686-mingw32/bin/../lib/gcc/nios2-elf/4.7.3/../../../../../H-i686-mingw32/nios2-elf/lib\libc.a(lib_a-callocr.o)
                0x00010364                _calloc_r
 .text          0x00010420       0x64 d:/altera/13.1/nios2eds/bin/gnu/h-i686-mingw32/bin/../lib/gcc/nios2-elf/4.7.3/../../../../../H-i686-mingw32/nios2-elf/lib\libc.a(lib_a-closer.o)
                0x00010420                _close_r
 .text          0x00010484      0x150 d:/altera/13.1/nios2eds/bin/gnu/h-i686-mingw32/bin/../lib/gcc/nios2-elf/4.7.3/../../../../../H-i686-mingw32/nios2-elf/lib\libc.a(lib_a-fclose.o)
                0x00010484                _fclose_r
                0x000105c0                fclose
 .text          0x000105d4       0x68 d:/altera/13.1/nios2eds/bin/gnu/h-i686-mingw32/bin/../lib/gcc/nios2-elf/4.7.3/../../../../../H-i686-mingw32/nios2-elf/lib\libc.a(lib_a-fstatr.o)
                0x000105d4                _fstat_r
 .text          0x0001063c        0x0 d:/altera/13.1/nios2eds/bin/gnu/h-i686-mingw32/bin/../lib/gcc/nios2-elf/4.7.3/../../../../../H-i686-mingw32/nios2-elf/lib\libc.a(lib_a-int_errno.o)
 .text          0x0001063c       0x64 d:/altera/13.1/nios2eds/bin/gnu/h-i686-mingw32/bin/../lib/gcc/nios2-elf/4.7.3/../../../../../H-i686-mingw32/nios2-elf/lib\libc.a(lib_a-isattyr.o)
                0x0001063c                _isatty_r
 .text          0x000106a0       0x6c d:/altera/13.1/nios2eds/bin/gnu/h-i686-mingw32/bin/../lib/gcc/nios2-elf/4.7.3/../../../../../H-i686-mingw32/nios2-elf/lib\libc.a(lib_a-lseekr.o)
                0x000106a0                _lseek_r
 .text          0x0001070c       0x6c d:/altera/13.1/nios2eds/bin/gnu/h-i686-mingw32/bin/../lib/gcc/nios2-elf/4.7.3/../../../../../H-i686-mingw32/nios2-elf/lib\libc.a(lib_a-readr.o)
                0x0001070c                _read_r
 .text          0x00010778      0x5c8 d:/altera/13.1/nios2eds/bin/gnu/h-i686-mingw32/bin/../lib/gcc/nios2-elf/4.7.3\libgcc.a(_udivdi3.o)
                0x00010778                __udivdi3
 .text          0x00010d40      0x58c d:/altera/13.1/nios2eds/bin/gnu/h-i686-mingw32/bin/../lib/gcc/nios2-elf/4.7.3\libgcc.a(_umoddi3.o)
                0x00010d40                __umoddi3
 .text          0x000112cc      0x1b4 d:/altera/13.1/nios2eds/bin/gnu/h-i686-mingw32/bin/../lib/gcc/nios2-elf/4.7.3\libgcc.a(_div_df.o)
                0x000112cc                __divdf3
 .text          0x00011480       0x5c d:/altera/13.1/nios2eds/bin/gnu/h-i686-mingw32/bin/../lib/gcc/nios2-elf/4.7.3\libgcc.a(_eq_df.o)
                0x00011480                __eqdf2
 .text          0x000114dc       0x5c d:/altera/13.1/nios2eds/bin/gnu/h-i686-mingw32/bin/../lib/gcc/nios2-elf/4.7.3\libgcc.a(_ne_df.o)
                0x000114dc                __nedf2
 .text          0x00011538       0x64 d:/altera/13.1/nios2eds/bin/gnu/h-i686-mingw32/bin/../lib/gcc/nios2-elf/4.7.3\libgcc.a(_gt_df.o)
                0x00011538                __gtdf2
 .text          0x0001159c       0x5c d:/altera/13.1/nios2eds/bin/gnu/h-i686-mingw32/bin/../lib/gcc/nios2-elf/4.7.3\libgcc.a(_lt_df.o)
                0x0001159c                __ltdf2
 .text          0x000115f8      0x11c d:/altera/13.1/nios2eds/bin/gnu/h-i686-mingw32/bin/../lib/gcc/nios2-elf/4.7.3\libgcc.a(_usi_to_df.o)
                0x000115f8                __floatunsidf
 .text          0x00011714      0x130 d:/altera/13.1/nios2eds/bin/gnu/h-i686-mingw32/bin/../lib/gcc/nios2-elf/4.7.3\libgcc.a(lib2-divmod.o)
                0x00011788                __divsi3
                0x000117d8                __modsi3
                0x00011834                __udivsi3
                0x0001183c                __umodsi3
 .text          0x00011844      0x118 ../qsys_touch_bsp/\libhal_bsp.a(alt_close.o)
                0x00011894                close
 .text          0x0001195c       0x2c ../qsys_touch_bsp/\libhal_bsp.a(alt_dev.o)
 .text          0x00011988        0x0 ../qsys_touch_bsp/\libhal_bsp.a(alt_errno.o)
 .text          0x00011988       0xfc ../qsys_touch_bsp/\libhal_bsp.a(alt_fstat.o)
                0x000119d8                fstat
 .text          0x00011a84       0xf0 ../qsys_touch_bsp/\libhal_bsp.a(alt_isatty.o)
                0x00011ad4                isatty
 .text          0x00011b74      0x120 ../qsys_touch_bsp/\libhal_bsp.a(alt_lseek.o)
                0x00011bc4                lseek
 .text          0x00011c94       0x78 ../qsys_touch_bsp/\libhal_bsp.a(alt_main.o)
                0x00011c94                alt_main
 .text          0x00011d0c       0x40 ../qsys_touch_bsp/\libhal_bsp.a(alt_malloc_lock.o)
                0x00011d0c                __malloc_lock
                0x00011d2c                __malloc_unlock
 .text          0x00011d4c      0x140 ../qsys_touch_bsp/\libhal_bsp.a(alt_read.o)
                0x00011d9c                read
 .text          0x00011e8c       0x60 ../qsys_touch_bsp/\libhal_bsp.a(alt_release_fd.o)
                0x00011e8c                alt_release_fd
 .text          0x00011eec       0xb0 ../qsys_touch_bsp/\libhal_bsp.a(alt_sbrk.o)
                0x00011eec                sbrk
 .text          0x00011f9c       0x30 ../qsys_touch_bsp/\libhal_bsp.a(alt_usleep.o)
                0x00011f9c                usleep
 .text          0x00011fcc      0x13c ../qsys_touch_bsp/\libhal_bsp.a(alt_write.o)
                0x0001201c                write
 .text          0x00012108       0xbc ../qsys_touch_bsp/\libhal_bsp.a(alt_sys_init.o)
                0x00012140                alt_irq_init
                0x00012174                alt_sys_init
 .text          0x000121c4      0x990 ../qsys_touch_bsp/\libhal_bsp.a(altera_avalon_epcs_flash_controller.o)
                0x000121fc                alt_epcs_flash_init
                0x000125c4                alt_epcs_flash_write
                0x00012824                alt_epcs_flash_get_info
                0x00012944                alt_epcs_flash_erase_block
                0x000129b8                alt_epcs_flash_write_block
                0x00012abc                alt_epcs_flash_read
 .text          0x00012b54      0x164 ../qsys_touch_bsp/\libhal_bsp.a(altera_avalon_jtag_uart_fd.o)
                0x00012b54                altera_avalon_jtag_uart_read_fd
                0x00012bb4                altera_avalon_jtag_uart_write_fd
                0x00012c14                altera_avalon_jtag_uart_close_fd
                0x00012c64                altera_avalon_jtag_uart_ioctl_fd
 .text          0x00012cb8      0x3d0 ../qsys_touch_bsp/\libhal_bsp.a(altera_avalon_jtag_uart_init.o)
                0x00012cb8                altera_avalon_jtag_uart_init
                0x00013020                altera_avalon_jtag_uart_close
 .text          0x00013088       0xf4 ../qsys_touch_bsp/\libhal_bsp.a(altera_avalon_jtag_uart_ioctl.o)
                0x00013088                altera_avalon_jtag_uart_ioctl
 .text          0x0001317c      0x218 ../qsys_touch_bsp/\libhal_bsp.a(altera_avalon_jtag_uart_read.o)
                0x0001317c                altera_avalon_jtag_uart_read
 .text          0x00013394      0x224 ../qsys_touch_bsp/\libhal_bsp.a(altera_avalon_jtag_uart_write.o)
                0x00013394                altera_avalon_jtag_uart_write
 .text          0x000135b8      0x624 ../qsys_touch_bsp/\libhal_bsp.a(epcs_commands.o)
                0x000135b8                epcs_read_status_register
                0x00013684                epcs_sector_erase
                0x0001377c                epcs_read_buffer
                0x00013870                epcs_write_enable
                0x000138c0                epcs_write_status_register
                0x00013928                epcs_write_buffer
                0x00013a44                epcs_read_electronic_signature
                0x00013aac                epcs_read_device_id
                0x00013b2c                epcs_enter_4_bytes_mode
                0x00013b84                epcs_exit_4_bytes_mode
 .text          0x00013bdc      0x140 ../qsys_touch_bsp/\libhal_bsp.a(alt_alarm_start.o)
                0x00013bdc                alt_alarm_start
 .text          0x00013d1c      0x128 ../qsys_touch_bsp/\libhal_bsp.a(alt_busy_sleep.o)
                0x00013d1c                alt_busy_sleep
 .text          0x00013e44       0xf0 ../qsys_touch_bsp/\libhal_bsp.a(alt_dev_llist_insert.o)
                0x00013e94                alt_dev_llist_insert
 .text          0x00013f34       0x5c ../qsys_touch_bsp/\libhal_bsp.a(alt_do_ctors.o)
                0x00013f34                _do_ctors
 .text          0x00013f90       0x5c ../qsys_touch_bsp/\libhal_bsp.a(alt_do_dtors.o)
                0x00013f90                _do_dtors
 .text          0x00013fec       0xb8 ../qsys_touch_bsp/\libhal_bsp.a(alt_flash_dev.o)
                0x00013fec                alt_flash_open_dev
                0x00014054                alt_flash_close_dev
 .text          0x000140a4      0x1d8 ../qsys_touch_bsp/\libhal_bsp.a(alt_iic.o)
                0x000140a4                alt_ic_isr_register
                0x000140f4                alt_ic_irq_enable
                0x00014190                alt_ic_irq_disable
                0x00014230                alt_ic_irq_enabled
 .text          0x0001427c       0xf0 ../qsys_touch_bsp/\libhal_bsp.a(alt_iic_isr_register.o)
                0x0001427c                alt_iic_isr_register
 .text          0x0001436c      0x138 ../qsys_touch_bsp/\libhal_bsp.a(alt_io_redirect.o)
                0x0001442c                alt_io_redirect
 .text          0x000144a4        0x0 ../qsys_touch_bsp/\libhal_bsp.a(alt_irq_entry.o)
 .text          0x000144a4        0x0 ../qsys_touch_bsp/\libhal_bsp.a(alt_irq_handler.o)
 .text          0x000144a4        0x0 ../qsys_touch_bsp/\libhal_bsp.a(alt_irq_vars.o)
 .text          0x000144a4      0x270 ../qsys_touch_bsp/\libhal_bsp.a(alt_open.o)
                0x000145c0                open
 .text          0x00014714      0x19c ../qsys_touch_bsp/\libhal_bsp.a(alt_tick.o)
                0x00014714                alt_alarm_stop
                0x000147ac                alt_tick
 .text          0x000148b0       0x20 ../qsys_touch_bsp/\libhal_bsp.a(altera_nios2_qsys_irq.o)
                0x000148b0                altera_nios2_qsys_irq_init
 .text          0x000148d0      0x208 ../qsys_touch_bsp/\libhal_bsp.a(altera_avalon_spi.o)
                0x000148d0                alt_avalon_spi_command
 .text          0x00014ad8        0x0 ../qsys_touch_bsp/\libhal_bsp.a(alt_exception_entry.o)
 .text          0x00014ad8       0x90 ../qsys_touch_bsp/\libhal_bsp.a(alt_find_dev.o)
                0x00014ad8                alt_find_dev
 .text          0x00014b68      0x114 ../qsys_touch_bsp/\libhal_bsp.a(alt_find_file.o)
                0x00014b68                alt_find_file
 .text          0x00014c7c       0xb4 ../qsys_touch_bsp/\libhal_bsp.a(alt_get_fd.o)
                0x00014c7c                alt_get_fd
 .text          0x00014d30       0x14 d:/altera/13.1/nios2eds/bin/gnu/h-i686-mingw32/bin/../lib/gcc/nios2-elf/4.7.3/../../../../../H-i686-mingw32/nios2-elf/lib\libc.a(lib_a-atexit.o)
                0x00014d30                atexit
 .text          0x00014d44       0x38 d:/altera/13.1/nios2eds/bin/gnu/h-i686-mingw32/bin/../lib/gcc/nios2-elf/4.7.3/../../../../../H-i686-mingw32/nios2-elf/lib\libc.a(lib_a-exit.o)
                0x00014d44                exit
 .text          0x00014d7c       0x7c d:/altera/13.1/nios2eds/bin/gnu/h-i686-mingw32/bin/../lib/gcc/nios2-elf/4.7.3/../../../../../H-i686-mingw32/nios2-elf/lib\libc.a(lib_a-memcmp.o)
                0x00014d7c                memcmp
 .text          0x00014df8      0x130 d:/altera/13.1/nios2eds/bin/gnu/h-i686-mingw32/bin/../lib/gcc/nios2-elf/4.7.3/../../../../../H-i686-mingw32/nios2-elf/lib\libc.a(lib_a-__atexit.o)
                0x00014df8                __register_exitproc
 .text          0x00014f28      0x1a0 d:/altera/13.1/nios2eds/bin/gnu/h-i686-mingw32/bin/../lib/gcc/nios2-elf/4.7.3/../../../../../H-i686-mingw32/nios2-elf/lib\libc.a(lib_a-__call_atexit.o)
                0x00014f28                __call_exitprocs
 .text          0x000150c8       0x3c ../qsys_touch_bsp/\libhal_bsp.a(alt_exit.o)
                0x000150c8                _exit
 *(.gnu.warning.*)
 *(.fini)
                0x00015104                PROVIDE (__etext, ABSOLUTE (.))
                0x00015104                PROVIDE (_etext, ABSOLUTE (.))
                0x00015104                PROVIDE (etext, ABSOLUTE (.))
 *(.eh_frame_hdr)
                0x00015104                . = ALIGN (0x4)
                0x00015104                PROVIDE (__preinit_array_start, ABSOLUTE (.))
 *(.preinit_array)
                0x00015104                PROVIDE (__preinit_array_end, ABSOLUTE (.))
                0x00015104                PROVIDE (__init_array_start, ABSOLUTE (.))
 *(.init_array)
                0x00015104                PROVIDE (__init_array_end, ABSOLUTE (.))
                0x00015104                PROVIDE (__fini_array_start, ABSOLUTE (.))
 *(.fini_array)
                0x00015104                PROVIDE (__fini_array_end, ABSOLUTE (.))
 *(.eh_frame)
 *(.gcc_except_table .gcc_except_table.*)
 *(.dynamic)
                0x00015104                PROVIDE (__CTOR_LIST__, ABSOLUTE (.))
 *(.ctors)
 *(SORT(.ctors.*))
                0x00015104                PROVIDE (__CTOR_END__, ABSOLUTE (.))
                0x00015104                PROVIDE (__DTOR_LIST__, ABSOLUTE (.))
 *(.dtors)
 *(SORT(.dtors.*))
                0x00015104                PROVIDE (__DTOR_END__, ABSOLUTE (.))
 *(.jcr)
                0x00015104                . = ALIGN (0x4)

.rodata         0x00015104     0x4ce8
                0x00015104                PROVIDE (__ram_rodata_start, ABSOLUTE (.))
                0x00015104                . = ALIGN (0x4)
 *(.rodata .rodata.* .gnu.linkonce.r.*)
 .rodata        0x00015104     0x4750 obj/default/drives/LCD/mculcd.o
                0x00015104                asc2_1206
                0x00015578                asc2_1608
                0x00015b68                asc2_2412
                0x000168c4                asc2_3216
 .rodata        0x00019854       0x18 obj/default/drives/TOUCH/ft5206.o
                0x00019860                FT5206_TPX_TBL
 .rodata        0x0001986c       0xd4 obj/default/drives/TOUCH/gt9147.o
                0x0001986c                GT9147_CFG_TBL
                0x00019936                GT9147_TPX_TBL
 .rodata        0x00019940       0xfc obj/default/drives/TOUCH/gt9271.o
                0x00019940                GT9271_CFG_TBL
                0x00019a26                GT9271_TPX_TBL
 .rodata        0x00019a3c       0x84 obj/default/qsys_touch.o
                0x00019a3c                POINT_COLOR_TBL
 .rodata        0x00019ac0       0x14 d:/altera/13.1/nios2eds/bin/gnu/h-i686-mingw32/bin/../lib/gcc/nios2-elf/4.7.3\libgcc.a(_thenan_df.o)
                0x00019ac0                __thenan_df
 .rodata        0x00019ad4      0x100 d:/altera/13.1/nios2eds/bin/gnu/h-i686-mingw32/bin/../lib/gcc/nios2-elf/4.7.3\libgcc.a(_clz.o)
                0x00019ad4                __clz_tab
 .rodata.str1.4
                0x00019bd4        0x2 d:/altera/13.1/nios2eds/bin/gnu/h-i686-mingw32/bin/../lib/gcc/nios2-elf/4.7.3/../../../../../H-i686-mingw32/nios2-elf/lib\libc.a(lib_a-puts.o)
                                  0x4 (size before relaxing)
 *fill*         0x00019bd6        0x2 
 .rodata.str1.4
                0x00019bd8       0x42 d:/altera/13.1/nios2eds/bin/gnu/h-i686-mingw32/bin/../lib/gcc/nios2-elf/4.7.3/../../../../../H-i686-mingw32/nios2-elf/lib\libc.a(lib_a-vfprintf.o)
                                 0x44 (size before relaxing)
 .rodata        0x00019c1a       0x20 d:/altera/13.1/nios2eds/bin/gnu/h-i686-mingw32/bin/../lib/gcc/nios2-elf/4.7.3/../../../../../H-i686-mingw32/nios2-elf/lib\libc.a(lib_a-vfprintf.o)
 *fill*         0x00019c3a        0x2 
 .rodata.str1.4
                0x00019c3c       0x10 d:/altera/13.1/nios2eds/bin/gnu/h-i686-mingw32/bin/../lib/gcc/nios2-elf/4.7.3/../../../../../H-i686-mingw32/nios2-elf/lib\libc.a(lib_a-dtoa.o)
                                 0x14 (size before relaxing)
 .rodata.str1.4
                0x00019c4c        0x2 d:/altera/13.1/nios2eds/bin/gnu/h-i686-mingw32/bin/../lib/gcc/nios2-elf/4.7.3/../../../../../H-i686-mingw32/nios2-elf/lib\libc.a(lib_a-impure.o)
                                  0x4 (size before relaxing)
 *fill*         0x00019c4e        0x2 
 .rodata.str1.4
                0x00019c50       0x10 d:/altera/13.1/nios2eds/bin/gnu/h-i686-mingw32/bin/../lib/gcc/nios2-elf/4.7.3/../../../../../H-i686-mingw32/nios2-elf/lib\libc.a(lib_a-locale.o)
                                 0x18 (size before relaxing)
 .rodata        0x00019c60       0x30 d:/altera/13.1/nios2eds/bin/gnu/h-i686-mingw32/bin/../lib/gcc/nios2-elf/4.7.3/../../../../../H-i686-mingw32/nios2-elf/lib\libc.a(lib_a-locale.o)
 .rodata        0x00019c90      0x124 d:/altera/13.1/nios2eds/bin/gnu/h-i686-mingw32/bin/../lib/gcc/nios2-elf/4.7.3/../../../../../H-i686-mingw32/nios2-elf/lib\libc.a(lib_a-mprec.o)
                0x00019c90                __mprec_tinytens
                0x00019cb8                __mprec_bigtens
                0x00019ce0                __mprec_tens
 .rodata        0x00019db4        0xc ../qsys_touch_bsp/\libhal_bsp.a(alt_dev.o)
 .rodata        0x00019dc0       0x10 ../qsys_touch_bsp/\libhal_bsp.a(alt_main.o)
 .rodata        0x00019dd0       0x1c ../qsys_touch_bsp/\libhal_bsp.a(alt_sys_init.o)
 *(.rodata1)
                0x00019dec                . = ALIGN (0x4)
                0x00019dec                PROVIDE (__ram_rodata_end, ABSOLUTE (.))
                0x00015104                PROVIDE (__flash_rodata_start, LOADADDR (.rodata))

.rwdata         0x00019dec     0x1b64
                0x00019dec                PROVIDE (__ram_rwdata_start, ABSOLUTE (.))
                0x00019dec                . = ALIGN (0x4)
 *(.got.plt)
 *(.got)
 *(.data1)
 *(.data .data.* .gnu.linkonce.d.*)
 .data          0x00019dec        0x0 ../qsys_touch_bsp//obj/HAL/src/crt0.o
 .data          0x00019dec        0x0 obj/default/APP/delay.o
 .data          0x00019dec        0x0 obj/default/drives/LCD/mculcd.o
 .data          0x00019dec        0x0 obj/default/drives/TOUCH/ft5206.o
 .data          0x00019dec        0x0 obj/default/drives/TOUCH/gt9147.o
 .data          0x00019dec        0x0 obj/default/drives/TOUCH/gt9271.o
 .data          0x00019dec        0x0 obj/default/drives/TOUCH/myiic.o
 .data          0x00019dec       0x34 obj/default/drives/TOUCH/touch.o
                0x00019dec                tp_dev
 .data          0x00019e20        0x0 obj/default/qsys_touch.o
 .data          0x00019e20        0x0 d:/altera/13.1/nios2eds/bin/gnu/h-i686-mingw32/bin/../lib/gcc/nios2-elf/4.7.3\libgcc.a(_fixunsdfsi.o)
 .data          0x00019e20        0x0 d:/altera/13.1/nios2eds/bin/gnu/h-i686-mingw32/bin/../lib/gcc/nios2-elf/4.7.3\libgcc.a(_addsub_df.o)
 .data          0x00019e20        0x0 d:/altera/13.1/nios2eds/bin/gnu/h-i686-mingw32/bin/../lib/gcc/nios2-elf/4.7.3\libgcc.a(_mul_df.o)
 .data          0x00019e20        0x0 d:/altera/13.1/nios2eds/bin/gnu/h-i686-mingw32/bin/../lib/gcc/nios2-elf/4.7.3\libgcc.a(_ge_df.o)
 .data          0x00019e20        0x0 d:/altera/13.1/nios2eds/bin/gnu/h-i686-mingw32/bin/../lib/gcc/nios2-elf/4.7.3\libgcc.a(_si_to_df.o)
 .data          0x00019e20        0x0 d:/altera/13.1/nios2eds/bin/gnu/h-i686-mingw32/bin/../lib/gcc/nios2-elf/4.7.3\libgcc.a(_df_to_si.o)
 .data          0x00019e20        0x0 d:/altera/13.1/nios2eds/bin/gnu/h-i686-mingw32/bin/../lib/gcc/nios2-elf/4.7.3\libgcc.a(_thenan_df.o)
 .data          0x00019e20        0x0 d:/altera/13.1/nios2eds/bin/gnu/h-i686-mingw32/bin/../lib/gcc/nios2-elf/4.7.3\libgcc.a(_muldi3.o)
 .data          0x00019e20        0x0 d:/altera/13.1/nios2eds/bin/gnu/h-i686-mingw32/bin/../lib/gcc/nios2-elf/4.7.3\libgcc.a(_clzsi2.o)
 .data          0x00019e20        0x0 d:/altera/13.1/nios2eds/bin/gnu/h-i686-mingw32/bin/../lib/gcc/nios2-elf/4.7.3\libgcc.a(_pack_df.o)
 .data          0x00019e20        0x0 d:/altera/13.1/nios2eds/bin/gnu/h-i686-mingw32/bin/../lib/gcc/nios2-elf/4.7.3\libgcc.a(_unpack_df.o)
 .data          0x00019e20        0x0 d:/altera/13.1/nios2eds/bin/gnu/h-i686-mingw32/bin/../lib/gcc/nios2-elf/4.7.3\libgcc.a(_fpcmp_parts_df.o)
 .data          0x00019e20        0x0 d:/altera/13.1/nios2eds/bin/gnu/h-i686-mingw32/bin/../lib/gcc/nios2-elf/4.7.3\libgcc.a(_lshrdi3.o)
 .data          0x00019e20        0x0 d:/altera/13.1/nios2eds/bin/gnu/h-i686-mingw32/bin/../lib/gcc/nios2-elf/4.7.3\libgcc.a(_ashldi3.o)
 .data          0x00019e20        0x0 d:/altera/13.1/nios2eds/bin/gnu/h-i686-mingw32/bin/../lib/gcc/nios2-elf/4.7.3\libgcc.a(_clz.o)
 .data          0x00019e20        0x0 d:/altera/13.1/nios2eds/bin/gnu/h-i686-mingw32/bin/../lib/gcc/nios2-elf/4.7.3/../../../../../H-i686-mingw32/nios2-elf/lib\libc.a(lib_a-printf.o)
 .data          0x00019e20        0x0 d:/altera/13.1/nios2eds/bin/gnu/h-i686-mingw32/bin/../lib/gcc/nios2-elf/4.7.3/../../../../../H-i686-mingw32/nios2-elf/lib\libc.a(lib_a-puts.o)
 .data          0x00019e20        0x0 d:/altera/13.1/nios2eds/bin/gnu/h-i686-mingw32/bin/../lib/gcc/nios2-elf/4.7.3/../../../../../H-i686-mingw32/nios2-elf/lib\libc.a(lib_a-strcmp.o)
 .data          0x00019e20        0x0 d:/altera/13.1/nios2eds/bin/gnu/h-i686-mingw32/bin/../lib/gcc/nios2-elf/4.7.3/../../../../../H-i686-mingw32/nios2-elf/lib\libc.a(lib_a-strlen.o)
 .data          0x00019e20        0x0 d:/altera/13.1/nios2eds/bin/gnu/h-i686-mingw32/bin/../lib/gcc/nios2-elf/4.7.3/../../../../../H-i686-mingw32/nios2-elf/lib\libc.a(lib_a-vfprintf.o)
 .data          0x00019e20        0x0 d:/altera/13.1/nios2eds/bin/gnu/h-i686-mingw32/bin/../lib/gcc/nios2-elf/4.7.3/../../../../../H-i686-mingw32/nios2-elf/lib\libc.a(lib_a-wsetup.o)
 .data          0x00019e20        0x0 d:/altera/13.1/nios2eds/bin/gnu/h-i686-mingw32/bin/../lib/gcc/nios2-elf/4.7.3/../../../../../H-i686-mingw32/nios2-elf/lib\libc.a(lib_a-dtoa.o)
 .data          0x00019e20        0x0 d:/altera/13.1/nios2eds/bin/gnu/h-i686-mingw32/bin/../lib/gcc/nios2-elf/4.7.3/../../../../../H-i686-mingw32/nios2-elf/lib\libc.a(lib_a-fflush.o)
 .data          0x00019e20        0x0 d:/altera/13.1/nios2eds/bin/gnu/h-i686-mingw32/bin/../lib/gcc/nios2-elf/4.7.3/../../../../../H-i686-mingw32/nios2-elf/lib\libc.a(lib_a-findfp.o)
 .data          0x00019e20        0x0 d:/altera/13.1/nios2eds/bin/gnu/h-i686-mingw32/bin/../lib/gcc/nios2-elf/4.7.3/../../../../../H-i686-mingw32/nios2-elf/lib\libc.a(lib_a-freer.o)
 .data          0x00019e20        0x0 d:/altera/13.1/nios2eds/bin/gnu/h-i686-mingw32/bin/../lib/gcc/nios2-elf/4.7.3/../../../../../H-i686-mingw32/nios2-elf/lib\libc.a(lib_a-fvwrite.o)
 .data          0x00019e20        0x0 d:/altera/13.1/nios2eds/bin/gnu/h-i686-mingw32/bin/../lib/gcc/nios2-elf/4.7.3/../../../../../H-i686-mingw32/nios2-elf/lib\libc.a(lib_a-fwalk.o)
 .data          0x00019e20      0x400 d:/altera/13.1/nios2eds/bin/gnu/h-i686-mingw32/bin/../lib/gcc/nios2-elf/4.7.3/../../../../../H-i686-mingw32/nios2-elf/lib\libc.a(lib_a-impure.o)
 .data          0x0001a220        0xc d:/altera/13.1/nios2eds/bin/gnu/h-i686-mingw32/bin/../lib/gcc/nios2-elf/4.7.3/../../../../../H-i686-mingw32/nios2-elf/lib\libc.a(lib_a-locale.o)
                0x0001a220                __lc_ctype
 .data          0x0001a22c        0x0 d:/altera/13.1/nios2eds/bin/gnu/h-i686-mingw32/bin/../lib/gcc/nios2-elf/4.7.3/../../../../../H-i686-mingw32/nios2-elf/lib\libc.a(lib_a-makebuf.o)
 .data          0x0001a22c      0x408 d:/altera/13.1/nios2eds/bin/gnu/h-i686-mingw32/bin/../lib/gcc/nios2-elf/4.7.3/../../../../../H-i686-mingw32/nios2-elf/lib\libc.a(lib_a-mallocr.o)
                0x0001a22c                __malloc_av_
 .data          0x0001a634        0x0 d:/altera/13.1/nios2eds/bin/gnu/h-i686-mingw32/bin/../lib/gcc/nios2-elf/4.7.3/../../../../../H-i686-mingw32/nios2-elf/lib\libc.a(lib_a-memchr.o)
 .data          0x0001a634        0x0 d:/altera/13.1/nios2eds/bin/gnu/h-i686-mingw32/bin/../lib/gcc/nios2-elf/4.7.3/../../../../../H-i686-mingw32/nios2-elf/lib\libc.a(lib_a-memcpy.o)
 .data          0x0001a634        0x0 d:/altera/13.1/nios2eds/bin/gnu/h-i686-mingw32/bin/../lib/gcc/nios2-elf/4.7.3/../../../../../H-i686-mingw32/nios2-elf/lib\libc.a(lib_a-memmove.o)
 .data          0x0001a634        0x0 d:/altera/13.1/nios2eds/bin/gnu/h-i686-mingw32/bin/../lib/gcc/nios2-elf/4.7.3/../../../../../H-i686-mingw32/nios2-elf/lib\libc.a(lib_a-memset.o)
 .data          0x0001a634        0x0 d:/altera/13.1/nios2eds/bin/gnu/h-i686-mingw32/bin/../lib/gcc/nios2-elf/4.7.3/../../../../../H-i686-mingw32/nios2-elf/lib\libc.a(lib_a-mprec.o)
 .data          0x0001a634        0x0 d:/altera/13.1/nios2eds/bin/gnu/h-i686-mingw32/bin/../lib/gcc/nios2-elf/4.7.3/../../../../../H-i686-mingw32/nios2-elf/lib\libc.a(lib_a-reallocr.o)
 .data          0x0001a634        0x0 d:/altera/13.1/nios2eds/bin/gnu/h-i686-mingw32/bin/../lib/gcc/nios2-elf/4.7.3/../../../../../H-i686-mingw32/nios2-elf/lib\libc.a(lib_a-s_isinfd.o)
 .data          0x0001a634        0x0 d:/altera/13.1/nios2eds/bin/gnu/h-i686-mingw32/bin/../lib/gcc/nios2-elf/4.7.3/../../../../../H-i686-mingw32/nios2-elf/lib\libc.a(lib_a-s_isnand.o)
 .data          0x0001a634        0x0 d:/altera/13.1/nios2eds/bin/gnu/h-i686-mingw32/bin/../lib/gcc/nios2-elf/4.7.3/../../../../../H-i686-mingw32/nios2-elf/lib\libc.a(lib_a-sbrkr.o)
 .data          0x0001a634        0x0 d:/altera/13.1/nios2eds/bin/gnu/h-i686-mingw32/bin/../lib/gcc/nios2-elf/4.7.3/../../../../../H-i686-mingw32/nios2-elf/lib\libc.a(lib_a-stdio.o)
 .data          0x0001a634        0x0 d:/altera/13.1/nios2eds/bin/gnu/h-i686-mingw32/bin/../lib/gcc/nios2-elf/4.7.3/../../../../../H-i686-mingw32/nios2-elf/lib\libc.a(lib_a-writer.o)
 .data          0x0001a634        0x0 d:/altera/13.1/nios2eds/bin/gnu/h-i686-mingw32/bin/../lib/gcc/nios2-elf/4.7.3/../../../../../H-i686-mingw32/nios2-elf/lib\libc.a(lib_a-callocr.o)
 .data          0x0001a634        0x0 d:/altera/13.1/nios2eds/bin/gnu/h-i686-mingw32/bin/../lib/gcc/nios2-elf/4.7.3/../../../../../H-i686-mingw32/nios2-elf/lib\libc.a(lib_a-closer.o)
 .data          0x0001a634        0x0 d:/altera/13.1/nios2eds/bin/gnu/h-i686-mingw32/bin/../lib/gcc/nios2-elf/4.7.3/../../../../../H-i686-mingw32/nios2-elf/lib\libc.a(lib_a-fclose.o)
 .data          0x0001a634        0x0 d:/altera/13.1/nios2eds/bin/gnu/h-i686-mingw32/bin/../lib/gcc/nios2-elf/4.7.3/../../../../../H-i686-mingw32/nios2-elf/lib\libc.a(lib_a-fstatr.o)
 .data          0x0001a634        0x0 d:/altera/13.1/nios2eds/bin/gnu/h-i686-mingw32/bin/../lib/gcc/nios2-elf/4.7.3/../../../../../H-i686-mingw32/nios2-elf/lib\libc.a(lib_a-int_errno.o)
 .data          0x0001a634        0x0 d:/altera/13.1/nios2eds/bin/gnu/h-i686-mingw32/bin/../lib/gcc/nios2-elf/4.7.3/../../../../../H-i686-mingw32/nios2-elf/lib\libc.a(lib_a-isattyr.o)
 .data          0x0001a634        0x0 d:/altera/13.1/nios2eds/bin/gnu/h-i686-mingw32/bin/../lib/gcc/nios2-elf/4.7.3/../../../../../H-i686-mingw32/nios2-elf/lib\libc.a(lib_a-lseekr.o)
 .data          0x0001a634        0x0 d:/altera/13.1/nios2eds/bin/gnu/h-i686-mingw32/bin/../lib/gcc/nios2-elf/4.7.3/../../../../../H-i686-mingw32/nios2-elf/lib\libc.a(lib_a-readr.o)
 .data          0x0001a634        0x0 d:/altera/13.1/nios2eds/bin/gnu/h-i686-mingw32/bin/../lib/gcc/nios2-elf/4.7.3\libgcc.a(_udivdi3.o)
 .data          0x0001a634        0x0 d:/altera/13.1/nios2eds/bin/gnu/h-i686-mingw32/bin/../lib/gcc/nios2-elf/4.7.3\libgcc.a(_umoddi3.o)
 .data          0x0001a634        0x0 d:/altera/13.1/nios2eds/bin/gnu/h-i686-mingw32/bin/../lib/gcc/nios2-elf/4.7.3\libgcc.a(_div_df.o)
 .data          0x0001a634        0x0 d:/altera/13.1/nios2eds/bin/gnu/h-i686-mingw32/bin/../lib/gcc/nios2-elf/4.7.3\libgcc.a(_eq_df.o)
 .data          0x0001a634        0x0 d:/altera/13.1/nios2eds/bin/gnu/h-i686-mingw32/bin/../lib/gcc/nios2-elf/4.7.3\libgcc.a(_ne_df.o)
 .data          0x0001a634        0x0 d:/altera/13.1/nios2eds/bin/gnu/h-i686-mingw32/bin/../lib/gcc/nios2-elf/4.7.3\libgcc.a(_gt_df.o)
 .data          0x0001a634        0x0 d:/altera/13.1/nios2eds/bin/gnu/h-i686-mingw32/bin/../lib/gcc/nios2-elf/4.7.3\libgcc.a(_lt_df.o)
 .data          0x0001a634        0x0 d:/altera/13.1/nios2eds/bin/gnu/h-i686-mingw32/bin/../lib/gcc/nios2-elf/4.7.3\libgcc.a(_usi_to_df.o)
 .data          0x0001a634        0x0 d:/altera/13.1/nios2eds/bin/gnu/h-i686-mingw32/bin/../lib/gcc/nios2-elf/4.7.3\libgcc.a(lib2-divmod.o)
 .data          0x0001a634        0x0 ../qsys_touch_bsp/\libhal_bsp.a(alt_close.o)
 .data          0x0001a634      0x1a8 ../qsys_touch_bsp/\libhal_bsp.a(alt_dev.o)
                0x0001a634                alt_dev_null
                0x0001a65c                alt_fd_list
 .data          0x0001a7dc        0x0 ../qsys_touch_bsp/\libhal_bsp.a(alt_errno.o)
 .data          0x0001a7dc        0x0 ../qsys_touch_bsp/\libhal_bsp.a(alt_fstat.o)
 .data          0x0001a7dc        0x0 ../qsys_touch_bsp/\libhal_bsp.a(alt_isatty.o)
 .data          0x0001a7dc        0x0 ../qsys_touch_bsp/\libhal_bsp.a(alt_lseek.o)
 .data          0x0001a7dc        0x0 ../qsys_touch_bsp/\libhal_bsp.a(alt_main.o)
 .data          0x0001a7dc        0x0 ../qsys_touch_bsp/\libhal_bsp.a(alt_malloc_lock.o)
 .data          0x0001a7dc        0x0 ../qsys_touch_bsp/\libhal_bsp.a(alt_read.o)
 .data          0x0001a7dc        0x0 ../qsys_touch_bsp/\libhal_bsp.a(alt_release_fd.o)
 .data          0x0001a7dc        0x0 ../qsys_touch_bsp/\libhal_bsp.a(alt_sbrk.o)
 .data          0x0001a7dc        0x0 ../qsys_touch_bsp/\libhal_bsp.a(alt_usleep.o)
 .data          0x0001a7dc        0x0 ../qsys_touch_bsp/\libhal_bsp.a(alt_write.o)
 .data          0x0001a7dc     0x1128 ../qsys_touch_bsp/\libhal_bsp.a(alt_sys_init.o)
 .data          0x0001b904        0x0 ../qsys_touch_bsp/\libhal_bsp.a(altera_avalon_epcs_flash_controller.o)
 .data          0x0001b904        0x0 ../qsys_touch_bsp/\libhal_bsp.a(altera_avalon_jtag_uart_fd.o)
 .data          0x0001b904        0x0 ../qsys_touch_bsp/\libhal_bsp.a(altera_avalon_jtag_uart_init.o)
 .data          0x0001b904        0x0 ../qsys_touch_bsp/\libhal_bsp.a(altera_avalon_jtag_uart_ioctl.o)
 .data          0x0001b904        0x0 ../qsys_touch_bsp/\libhal_bsp.a(altera_avalon_jtag_uart_read.o)
 .data          0x0001b904        0x0 ../qsys_touch_bsp/\libhal_bsp.a(altera_avalon_jtag_uart_write.o)
 .data          0x0001b904        0x0 ../qsys_touch_bsp/\libhal_bsp.a(epcs_commands.o)
 .data          0x0001b904        0x0 ../qsys_touch_bsp/\libhal_bsp.a(alt_alarm_start.o)
 .data          0x0001b904        0x0 ../qsys_touch_bsp/\libhal_bsp.a(alt_busy_sleep.o)
 .data          0x0001b904        0x0 ../qsys_touch_bsp/\libhal_bsp.a(alt_dev_llist_insert.o)
 .data          0x0001b904        0x0 ../qsys_touch_bsp/\libhal_bsp.a(alt_do_ctors.o)
 .data          0x0001b904        0x0 ../qsys_touch_bsp/\libhal_bsp.a(alt_do_dtors.o)
 .data          0x0001b904        0x0 ../qsys_touch_bsp/\libhal_bsp.a(alt_flash_dev.o)
 .data          0x0001b904        0x0 ../qsys_touch_bsp/\libhal_bsp.a(alt_iic.o)
 .data          0x0001b904        0x0 ../qsys_touch_bsp/\libhal_bsp.a(alt_iic_isr_register.o)
 .data          0x0001b904        0x0 ../qsys_touch_bsp/\libhal_bsp.a(alt_io_redirect.o)
 .data          0x0001b904        0x0 ../qsys_touch_bsp/\libhal_bsp.a(alt_irq_entry.o)
 .data          0x0001b904        0x0 ../qsys_touch_bsp/\libhal_bsp.a(alt_irq_handler.o)
 .data          0x0001b904        0x0 ../qsys_touch_bsp/\libhal_bsp.a(alt_irq_vars.o)
 .data          0x0001b904        0x0 ../qsys_touch_bsp/\libhal_bsp.a(alt_open.o)
 .data          0x0001b904        0x0 ../qsys_touch_bsp/\libhal_bsp.a(alt_tick.o)
 .data          0x0001b904        0x0 ../qsys_touch_bsp/\libhal_bsp.a(altera_nios2_qsys_irq.o)
 .data          0x0001b904        0x0 ../qsys_touch_bsp/\libhal_bsp.a(altera_avalon_spi.o)
 .data          0x0001b904        0x0 ../qsys_touch_bsp/\libhal_bsp.a(alt_exception_entry.o)
 .data          0x0001b904        0x0 ../qsys_touch_bsp/\libhal_bsp.a(alt_find_dev.o)
 .data          0x0001b904        0x0 ../qsys_touch_bsp/\libhal_bsp.a(alt_find_file.o)
 .data          0x0001b904        0x0 ../qsys_touch_bsp/\libhal_bsp.a(alt_get_fd.o)
 .data          0x0001b904        0x0 d:/altera/13.1/nios2eds/bin/gnu/h-i686-mingw32/bin/../lib/gcc/nios2-elf/4.7.3/../../../../../H-i686-mingw32/nios2-elf/lib\libc.a(lib_a-atexit.o)
 .data          0x0001b904        0x0 d:/altera/13.1/nios2eds/bin/gnu/h-i686-mingw32/bin/../lib/gcc/nios2-elf/4.7.3/../../../../../H-i686-mingw32/nios2-elf/lib\libc.a(lib_a-exit.o)
 .data          0x0001b904        0x0 d:/altera/13.1/nios2eds/bin/gnu/h-i686-mingw32/bin/../lib/gcc/nios2-elf/4.7.3/../../../../../H-i686-mingw32/nios2-elf/lib\libc.a(lib_a-memcmp.o)
 .data          0x0001b904        0x0 d:/altera/13.1/nios2eds/bin/gnu/h-i686-mingw32/bin/../lib/gcc/nios2-elf/4.7.3/../../../../../H-i686-mingw32/nios2-elf/lib\libc.a(lib_a-__atexit.o)
 .data          0x0001b904        0x0 d:/altera/13.1/nios2eds/bin/gnu/h-i686-mingw32/bin/../lib/gcc/nios2-elf/4.7.3/../../../../../H-i686-mingw32/nios2-elf/lib\libc.a(lib_a-__call_atexit.o)
 .data          0x0001b904        0x0 ../qsys_touch_bsp/\libhal_bsp.a(alt_exit.o)
                0x00023904                _gp = ABSOLUTE ((. + 0x8000))
                0x00023904                PROVIDE (gp, _gp)
 *(.rwdata .rwdata.*)
 *(.sdata .sdata.* .gnu.linkonce.s.*)
 .sdata         0x0001b904        0x8 obj/default/drives/LCD/mculcd.o
                0x0001b904                POINT_COLOR
                0x0001b908                BACK_COLOR
 .sdata         0x0001b90c        0x8 d:/altera/13.1/nios2eds/bin/gnu/h-i686-mingw32/bin/../lib/gcc/nios2-elf/4.7.3/../../../../../H-i686-mingw32/nios2-elf/lib\libc.a(lib_a-impure.o)
                0x0001b90c                _global_impure_ptr
                0x0001b910                _impure_ptr
 .sdata         0x0001b914        0x4 d:/altera/13.1/nios2eds/bin/gnu/h-i686-mingw32/bin/../lib/gcc/nios2-elf/4.7.3/../../../../../H-i686-mingw32/nios2-elf/lib\libc.a(lib_a-locale.o)
                0x0001b914                __mb_cur_max
 .sdata         0x0001b918        0x8 d:/altera/13.1/nios2eds/bin/gnu/h-i686-mingw32/bin/../lib/gcc/nios2-elf/4.7.3/../../../../../H-i686-mingw32/nios2-elf/lib\libc.a(lib_a-mallocr.o)
                0x0001b918                __malloc_sbrk_base
                0x0001b91c                __malloc_trim_threshold
 .sdata         0x0001b920       0x14 ../qsys_touch_bsp/\libhal_bsp.a(alt_dev.o)
                0x0001b920                alt_fs_list
                0x0001b928                alt_dev_list
                0x0001b930                alt_max_fd
 .sdata         0x0001b934        0x4 ../qsys_touch_bsp/\libhal_bsp.a(alt_errno.o)
                0x0001b934                alt_errno
 .sdata         0x0001b938        0x4 ../qsys_touch_bsp/\libhal_bsp.a(alt_sbrk.o)
 .sdata         0x0001b93c        0x8 ../qsys_touch_bsp/\libhal_bsp.a(alt_flash_dev.o)
                0x0001b93c                alt_flash_dev_list
 .sdata         0x0001b944        0x4 ../qsys_touch_bsp/\libhal_bsp.a(alt_irq_vars.o)
                0x0001b944                alt_priority_mask
 .sdata         0x0001b948        0x8 ../qsys_touch_bsp/\libhal_bsp.a(alt_tick.o)
                0x0001b948                alt_alarm_list
 *(.sdata2 .sdata2.* .gnu.linkonce.s2.*)
                0x0001b950                . = ALIGN (0x4)
                0x0001b950                _edata = ABSOLUTE (.)
                0x0001b950                PROVIDE (edata, ABSOLUTE (.))
                0x0001b950                PROVIDE (__ram_rwdata_end, ABSOLUTE (.))
                0x00019dec                PROVIDE (__flash_rwdata_start, LOADADDR (.rwdata))

.bss            0x0001b950      0x300
                0x0001b950                __bss_start = ABSOLUTE (.)
                0x0001b950                PROVIDE (__sbss_start, ABSOLUTE (.))
                0x0001b950                PROVIDE (___sbss_start, ABSOLUTE (.))
 *(.dynsbss)
 *(.sbss .sbss.* .gnu.linkonce.sb.*)
 .sbss          0x0001b950        0x1 obj/default/drives/TOUCH/ft5206.o
 .sbss          0x0001b951        0x1 obj/default/drives/TOUCH/gt9147.o
 .sbss          0x0001b952        0x1 obj/default/drives/TOUCH/gt9271.o
 *fill*         0x0001b953        0x1 
 .sbss          0x0001b954        0xc d:/altera/13.1/nios2eds/bin/gnu/h-i686-mingw32/bin/../lib/gcc/nios2-elf/4.7.3/../../../../../H-i686-mingw32/nios2-elf/lib\libc.a(lib_a-locale.o)
                0x0001b954                _PathLocale
                0x0001b958                __mlocale_changed
                0x0001b95c                __nlocale_changed
 .sbss          0x0001b960        0xc d:/altera/13.1/nios2eds/bin/gnu/h-i686-mingw32/bin/../lib/gcc/nios2-elf/4.7.3/../../../../../H-i686-mingw32/nios2-elf/lib\libc.a(lib_a-mallocr.o)
                0x0001b960                __malloc_max_total_mem
                0x0001b964                __malloc_max_sbrked_mem
                0x0001b968                __malloc_top_pad
 .sbss          0x0001b96c        0x4 d:/altera/13.1/nios2eds/bin/gnu/h-i686-mingw32/bin/../lib/gcc/nios2-elf/4.7.3/../../../../../H-i686-mingw32/nios2-elf/lib\libc.a(lib_a-int_errno.o)
                0x0001b96c                errno
 .sbss          0x0001b970        0xc ../qsys_touch_bsp/\libhal_bsp.a(alt_main.o)
                0x0001b970                alt_argc
                0x0001b974                alt_argv
                0x0001b978                alt_envp
 .sbss          0x0001b97c        0x4 ../qsys_touch_bsp/\libhal_bsp.a(alt_irq_vars.o)
                0x0001b97c                alt_irq_active
 .sbss          0x0001b980        0x8 ../qsys_touch_bsp/\libhal_bsp.a(alt_tick.o)
                0x0001b980                _alt_tick_rate
                0x0001b984                _alt_nticks
 *(.sbss2 .sbss2.* .gnu.linkonce.sb2.*)
 *(.scommon)
                0x0001b988                PROVIDE (__sbss_end, ABSOLUTE (.))
                0x0001b988                PROVIDE (___sbss_end, ABSOLUTE (.))
 *(.dynbss)
 *(.bss .bss.* .gnu.linkonce.b.*)
 .bss           0x0001b988        0x0 ../qsys_touch_bsp//obj/HAL/src/crt0.o
 .bss           0x0001b988        0x0 obj/default/APP/delay.o
 .bss           0x0001b988        0x0 obj/default/drives/LCD/mculcd.o
 .bss           0x0001b988        0x0 obj/default/drives/TOUCH/ft5206.o
 .bss           0x0001b988        0x0 obj/default/drives/TOUCH/gt9147.o
 .bss           0x0001b988        0x0 obj/default/drives/TOUCH/gt9271.o
 .bss           0x0001b988        0x0 obj/default/drives/TOUCH/myiic.o
 .bss           0x0001b988        0x0 obj/default/drives/TOUCH/touch.o
 .bss           0x0001b988        0x0 obj/default/qsys_touch.o
 .bss           0x0001b988        0x0 d:/altera/13.1/nios2eds/bin/gnu/h-i686-mingw32/bin/../lib/gcc/nios2-elf/4.7.3\libgcc.a(_fixunsdfsi.o)
 .bss           0x0001b988        0x0 d:/altera/13.1/nios2eds/bin/gnu/h-i686-mingw32/bin/../lib/gcc/nios2-elf/4.7.3\libgcc.a(_addsub_df.o)
 .bss           0x0001b988        0x0 d:/altera/13.1/nios2eds/bin/gnu/h-i686-mingw32/bin/../lib/gcc/nios2-elf/4.7.3\libgcc.a(_mul_df.o)
 .bss           0x0001b988        0x0 d:/altera/13.1/nios2eds/bin/gnu/h-i686-mingw32/bin/../lib/gcc/nios2-elf/4.7.3\libgcc.a(_ge_df.o)
 .bss           0x0001b988        0x0 d:/altera/13.1/nios2eds/bin/gnu/h-i686-mingw32/bin/../lib/gcc/nios2-elf/4.7.3\libgcc.a(_si_to_df.o)
 .bss           0x0001b988        0x0 d:/altera/13.1/nios2eds/bin/gnu/h-i686-mingw32/bin/../lib/gcc/nios2-elf/4.7.3\libgcc.a(_df_to_si.o)
 .bss           0x0001b988        0x0 d:/altera/13.1/nios2eds/bin/gnu/h-i686-mingw32/bin/../lib/gcc/nios2-elf/4.7.3\libgcc.a(_thenan_df.o)
 .bss           0x0001b988        0x0 d:/altera/13.1/nios2eds/bin/gnu/h-i686-mingw32/bin/../lib/gcc/nios2-elf/4.7.3\libgcc.a(_muldi3.o)
 .bss           0x0001b988        0x0 d:/altera/13.1/nios2eds/bin/gnu/h-i686-mingw32/bin/../lib/gcc/nios2-elf/4.7.3\libgcc.a(_clzsi2.o)
 .bss           0x0001b988        0x0 d:/altera/13.1/nios2eds/bin/gnu/h-i686-mingw32/bin/../lib/gcc/nios2-elf/4.7.3\libgcc.a(_pack_df.o)
 .bss           0x0001b988        0x0 d:/altera/13.1/nios2eds/bin/gnu/h-i686-mingw32/bin/../lib/gcc/nios2-elf/4.7.3\libgcc.a(_unpack_df.o)
 .bss           0x0001b988        0x0 d:/altera/13.1/nios2eds/bin/gnu/h-i686-mingw32/bin/../lib/gcc/nios2-elf/4.7.3\libgcc.a(_fpcmp_parts_df.o)
 .bss           0x0001b988        0x0 d:/altera/13.1/nios2eds/bin/gnu/h-i686-mingw32/bin/../lib/gcc/nios2-elf/4.7.3\libgcc.a(_lshrdi3.o)
 .bss           0x0001b988        0x0 d:/altera/13.1/nios2eds/bin/gnu/h-i686-mingw32/bin/../lib/gcc/nios2-elf/4.7.3\libgcc.a(_ashldi3.o)
 .bss           0x0001b988        0x0 d:/altera/13.1/nios2eds/bin/gnu/h-i686-mingw32/bin/../lib/gcc/nios2-elf/4.7.3\libgcc.a(_clz.o)
 .bss           0x0001b988        0x0 d:/altera/13.1/nios2eds/bin/gnu/h-i686-mingw32/bin/../lib/gcc/nios2-elf/4.7.3/../../../../../H-i686-mingw32/nios2-elf/lib\libc.a(lib_a-printf.o)
 .bss           0x0001b988        0x0 d:/altera/13.1/nios2eds/bin/gnu/h-i686-mingw32/bin/../lib/gcc/nios2-elf/4.7.3/../../../../../H-i686-mingw32/nios2-elf/lib\libc.a(lib_a-puts.o)
 .bss           0x0001b988        0x0 d:/altera/13.1/nios2eds/bin/gnu/h-i686-mingw32/bin/../lib/gcc/nios2-elf/4.7.3/../../../../../H-i686-mingw32/nios2-elf/lib\libc.a(lib_a-strcmp.o)
 .bss           0x0001b988        0x0 d:/altera/13.1/nios2eds/bin/gnu/h-i686-mingw32/bin/../lib/gcc/nios2-elf/4.7.3/../../../../../H-i686-mingw32/nios2-elf/lib\libc.a(lib_a-strlen.o)
 .bss           0x0001b988        0x0 d:/altera/13.1/nios2eds/bin/gnu/h-i686-mingw32/bin/../lib/gcc/nios2-elf/4.7.3/../../../../../H-i686-mingw32/nios2-elf/lib\libc.a(lib_a-vfprintf.o)
 .bss           0x0001b988        0x0 d:/altera/13.1/nios2eds/bin/gnu/h-i686-mingw32/bin/../lib/gcc/nios2-elf/4.7.3/../../../../../H-i686-mingw32/nios2-elf/lib\libc.a(lib_a-wsetup.o)
 .bss           0x0001b988        0x0 d:/altera/13.1/nios2eds/bin/gnu/h-i686-mingw32/bin/../lib/gcc/nios2-elf/4.7.3/../../../../../H-i686-mingw32/nios2-elf/lib\libc.a(lib_a-dtoa.o)
 .bss           0x0001b988        0x0 d:/altera/13.1/nios2eds/bin/gnu/h-i686-mingw32/bin/../lib/gcc/nios2-elf/4.7.3/../../../../../H-i686-mingw32/nios2-elf/lib\libc.a(lib_a-fflush.o)
 .bss           0x0001b988        0x0 d:/altera/13.1/nios2eds/bin/gnu/h-i686-mingw32/bin/../lib/gcc/nios2-elf/4.7.3/../../../../../H-i686-mingw32/nios2-elf/lib\libc.a(lib_a-findfp.o)
 .bss           0x0001b988        0x0 d:/altera/13.1/nios2eds/bin/gnu/h-i686-mingw32/bin/../lib/gcc/nios2-elf/4.7.3/../../../../../H-i686-mingw32/nios2-elf/lib\libc.a(lib_a-freer.o)
 .bss           0x0001b988        0x0 d:/altera/13.1/nios2eds/bin/gnu/h-i686-mingw32/bin/../lib/gcc/nios2-elf/4.7.3/../../../../../H-i686-mingw32/nios2-elf/lib\libc.a(lib_a-fvwrite.o)
 .bss           0x0001b988        0x0 d:/altera/13.1/nios2eds/bin/gnu/h-i686-mingw32/bin/../lib/gcc/nios2-elf/4.7.3/../../../../../H-i686-mingw32/nios2-elf/lib\libc.a(lib_a-fwalk.o)
 .bss           0x0001b988        0x0 d:/altera/13.1/nios2eds/bin/gnu/h-i686-mingw32/bin/../lib/gcc/nios2-elf/4.7.3/../../../../../H-i686-mingw32/nios2-elf/lib\libc.a(lib_a-impure.o)
 .bss           0x0001b988        0x0 d:/altera/13.1/nios2eds/bin/gnu/h-i686-mingw32/bin/../lib/gcc/nios2-elf/4.7.3/../../../../../H-i686-mingw32/nios2-elf/lib\libc.a(lib_a-locale.o)
 .bss           0x0001b988        0x0 d:/altera/13.1/nios2eds/bin/gnu/h-i686-mingw32/bin/../lib/gcc/nios2-elf/4.7.3/../../../../../H-i686-mingw32/nios2-elf/lib\libc.a(lib_a-makebuf.o)
 .bss           0x0001b988       0x28 d:/altera/13.1/nios2eds/bin/gnu/h-i686-mingw32/bin/../lib/gcc/nios2-elf/4.7.3/../../../../../H-i686-mingw32/nios2-elf/lib\libc.a(lib_a-mallocr.o)
                0x0001b988                __malloc_current_mallinfo
 .bss           0x0001b9b0        0x0 d:/altera/13.1/nios2eds/bin/gnu/h-i686-mingw32/bin/../lib/gcc/nios2-elf/4.7.3/../../../../../H-i686-mingw32/nios2-elf/lib\libc.a(lib_a-memchr.o)
 .bss           0x0001b9b0        0x0 d:/altera/13.1/nios2eds/bin/gnu/h-i686-mingw32/bin/../lib/gcc/nios2-elf/4.7.3/../../../../../H-i686-mingw32/nios2-elf/lib\libc.a(lib_a-memcpy.o)
 .bss           0x0001b9b0        0x0 d:/altera/13.1/nios2eds/bin/gnu/h-i686-mingw32/bin/../lib/gcc/nios2-elf/4.7.3/../../../../../H-i686-mingw32/nios2-elf/lib\libc.a(lib_a-memmove.o)
 .bss           0x0001b9b0        0x0 d:/altera/13.1/nios2eds/bin/gnu/h-i686-mingw32/bin/../lib/gcc/nios2-elf/4.7.3/../../../../../H-i686-mingw32/nios2-elf/lib\libc.a(lib_a-memset.o)
 .bss           0x0001b9b0        0x0 d:/altera/13.1/nios2eds/bin/gnu/h-i686-mingw32/bin/../lib/gcc/nios2-elf/4.7.3/../../../../../H-i686-mingw32/nios2-elf/lib\libc.a(lib_a-mprec.o)
 .bss           0x0001b9b0        0x0 d:/altera/13.1/nios2eds/bin/gnu/h-i686-mingw32/bin/../lib/gcc/nios2-elf/4.7.3/../../../../../H-i686-mingw32/nios2-elf/lib\libc.a(lib_a-reallocr.o)
 .bss           0x0001b9b0        0x0 d:/altera/13.1/nios2eds/bin/gnu/h-i686-mingw32/bin/../lib/gcc/nios2-elf/4.7.3/../../../../../H-i686-mingw32/nios2-elf/lib\libc.a(lib_a-s_isinfd.o)
 .bss           0x0001b9b0        0x0 d:/altera/13.1/nios2eds/bin/gnu/h-i686-mingw32/bin/../lib/gcc/nios2-elf/4.7.3/../../../../../H-i686-mingw32/nios2-elf/lib\libc.a(lib_a-s_isnand.o)
 .bss           0x0001b9b0        0x0 d:/altera/13.1/nios2eds/bin/gnu/h-i686-mingw32/bin/../lib/gcc/nios2-elf/4.7.3/../../../../../H-i686-mingw32/nios2-elf/lib\libc.a(lib_a-sbrkr.o)
 .bss           0x0001b9b0        0x0 d:/altera/13.1/nios2eds/bin/gnu/h-i686-mingw32/bin/../lib/gcc/nios2-elf/4.7.3/../../../../../H-i686-mingw32/nios2-elf/lib\libc.a(lib_a-stdio.o)
 .bss           0x0001b9b0        0x0 d:/altera/13.1/nios2eds/bin/gnu/h-i686-mingw32/bin/../lib/gcc/nios2-elf/4.7.3/../../../../../H-i686-mingw32/nios2-elf/lib\libc.a(lib_a-writer.o)
 .bss           0x0001b9b0        0x0 d:/altera/13.1/nios2eds/bin/gnu/h-i686-mingw32/bin/../lib/gcc/nios2-elf/4.7.3/../../../../../H-i686-mingw32/nios2-elf/lib\libc.a(lib_a-callocr.o)
 .bss           0x0001b9b0        0x0 d:/altera/13.1/nios2eds/bin/gnu/h-i686-mingw32/bin/../lib/gcc/nios2-elf/4.7.3/../../../../../H-i686-mingw32/nios2-elf/lib\libc.a(lib_a-closer.o)
 .bss           0x0001b9b0        0x0 d:/altera/13.1/nios2eds/bin/gnu/h-i686-mingw32/bin/../lib/gcc/nios2-elf/4.7.3/../../../../../H-i686-mingw32/nios2-elf/lib\libc.a(lib_a-fclose.o)
 .bss           0x0001b9b0        0x0 d:/altera/13.1/nios2eds/bin/gnu/h-i686-mingw32/bin/../lib/gcc/nios2-elf/4.7.3/../../../../../H-i686-mingw32/nios2-elf/lib\libc.a(lib_a-fstatr.o)
 .bss           0x0001b9b0        0x0 d:/altera/13.1/nios2eds/bin/gnu/h-i686-mingw32/bin/../lib/gcc/nios2-elf/4.7.3/../../../../../H-i686-mingw32/nios2-elf/lib\libc.a(lib_a-int_errno.o)
 .bss           0x0001b9b0        0x0 d:/altera/13.1/nios2eds/bin/gnu/h-i686-mingw32/bin/../lib/gcc/nios2-elf/4.7.3/../../../../../H-i686-mingw32/nios2-elf/lib\libc.a(lib_a-isattyr.o)
 .bss           0x0001b9b0        0x0 d:/altera/13.1/nios2eds/bin/gnu/h-i686-mingw32/bin/../lib/gcc/nios2-elf/4.7.3/../../../../../H-i686-mingw32/nios2-elf/lib\libc.a(lib_a-lseekr.o)
 .bss           0x0001b9b0        0x0 d:/altera/13.1/nios2eds/bin/gnu/h-i686-mingw32/bin/../lib/gcc/nios2-elf/4.7.3/../../../../../H-i686-mingw32/nios2-elf/lib\libc.a(lib_a-readr.o)
 .bss           0x0001b9b0        0x0 d:/altera/13.1/nios2eds/bin/gnu/h-i686-mingw32/bin/../lib/gcc/nios2-elf/4.7.3\libgcc.a(_udivdi3.o)
 .bss           0x0001b9b0        0x0 d:/altera/13.1/nios2eds/bin/gnu/h-i686-mingw32/bin/../lib/gcc/nios2-elf/4.7.3\libgcc.a(_umoddi3.o)
 .bss           0x0001b9b0        0x0 d:/altera/13.1/nios2eds/bin/gnu/h-i686-mingw32/bin/../lib/gcc/nios2-elf/4.7.3\libgcc.a(_div_df.o)
 .bss           0x0001b9b0        0x0 d:/altera/13.1/nios2eds/bin/gnu/h-i686-mingw32/bin/../lib/gcc/nios2-elf/4.7.3\libgcc.a(_eq_df.o)
 .bss           0x0001b9b0        0x0 d:/altera/13.1/nios2eds/bin/gnu/h-i686-mingw32/bin/../lib/gcc/nios2-elf/4.7.3\libgcc.a(_ne_df.o)
 .bss           0x0001b9b0        0x0 d:/altera/13.1/nios2eds/bin/gnu/h-i686-mingw32/bin/../lib/gcc/nios2-elf/4.7.3\libgcc.a(_gt_df.o)
 .bss           0x0001b9b0        0x0 d:/altera/13.1/nios2eds/bin/gnu/h-i686-mingw32/bin/../lib/gcc/nios2-elf/4.7.3\libgcc.a(_lt_df.o)
 .bss           0x0001b9b0        0x0 d:/altera/13.1/nios2eds/bin/gnu/h-i686-mingw32/bin/../lib/gcc/nios2-elf/4.7.3\libgcc.a(_usi_to_df.o)
 .bss           0x0001b9b0        0x0 d:/altera/13.1/nios2eds/bin/gnu/h-i686-mingw32/bin/../lib/gcc/nios2-elf/4.7.3\libgcc.a(lib2-divmod.o)
 .bss           0x0001b9b0        0x0 ../qsys_touch_bsp/\libhal_bsp.a(alt_close.o)
 .bss           0x0001b9b0        0x0 ../qsys_touch_bsp/\libhal_bsp.a(alt_dev.o)
 .bss           0x0001b9b0        0x0 ../qsys_touch_bsp/\libhal_bsp.a(alt_errno.o)
 .bss           0x0001b9b0        0x0 ../qsys_touch_bsp/\libhal_bsp.a(alt_fstat.o)
 .bss           0x0001b9b0        0x0 ../qsys_touch_bsp/\libhal_bsp.a(alt_isatty.o)
 .bss           0x0001b9b0        0x0 ../qsys_touch_bsp/\libhal_bsp.a(alt_lseek.o)
 .bss           0x0001b9b0        0x0 ../qsys_touch_bsp/\libhal_bsp.a(alt_main.o)
 .bss           0x0001b9b0        0x0 ../qsys_touch_bsp/\libhal_bsp.a(alt_malloc_lock.o)
 .bss           0x0001b9b0        0x0 ../qsys_touch_bsp/\libhal_bsp.a(alt_read.o)
 .bss           0x0001b9b0        0x0 ../qsys_touch_bsp/\libhal_bsp.a(alt_release_fd.o)
 .bss           0x0001b9b0        0x0 ../qsys_touch_bsp/\libhal_bsp.a(alt_sbrk.o)
 .bss           0x0001b9b0        0x0 ../qsys_touch_bsp/\libhal_bsp.a(alt_usleep.o)
 .bss           0x0001b9b0        0x0 ../qsys_touch_bsp/\libhal_bsp.a(alt_write.o)
 .bss           0x0001b9b0        0x0 ../qsys_touch_bsp/\libhal_bsp.a(alt_sys_init.o)
 .bss           0x0001b9b0        0x0 ../qsys_touch_bsp/\libhal_bsp.a(altera_avalon_epcs_flash_controller.o)
 .bss           0x0001b9b0        0x0 ../qsys_touch_bsp/\libhal_bsp.a(altera_avalon_jtag_uart_fd.o)
 .bss           0x0001b9b0        0x0 ../qsys_touch_bsp/\libhal_bsp.a(altera_avalon_jtag_uart_init.o)
 .bss           0x0001b9b0        0x0 ../qsys_touch_bsp/\libhal_bsp.a(altera_avalon_jtag_uart_ioctl.o)
 .bss           0x0001b9b0        0x0 ../qsys_touch_bsp/\libhal_bsp.a(altera_avalon_jtag_uart_read.o)
 .bss           0x0001b9b0        0x0 ../qsys_touch_bsp/\libhal_bsp.a(altera_avalon_jtag_uart_write.o)
 .bss           0x0001b9b0        0x0 ../qsys_touch_bsp/\libhal_bsp.a(epcs_commands.o)
 .bss           0x0001b9b0        0x0 ../qsys_touch_bsp/\libhal_bsp.a(alt_alarm_start.o)
 .bss           0x0001b9b0        0x0 ../qsys_touch_bsp/\libhal_bsp.a(alt_busy_sleep.o)
 .bss           0x0001b9b0        0x0 ../qsys_touch_bsp/\libhal_bsp.a(alt_dev_llist_insert.o)
 .bss           0x0001b9b0        0x0 ../qsys_touch_bsp/\libhal_bsp.a(alt_do_ctors.o)
 .bss           0x0001b9b0        0x0 ../qsys_touch_bsp/\libhal_bsp.a(alt_do_dtors.o)
 .bss           0x0001b9b0        0x0 ../qsys_touch_bsp/\libhal_bsp.a(alt_flash_dev.o)
 .bss           0x0001b9b0        0x0 ../qsys_touch_bsp/\libhal_bsp.a(alt_iic.o)
 .bss           0x0001b9b0        0x0 ../qsys_touch_bsp/\libhal_bsp.a(alt_iic_isr_register.o)
 .bss           0x0001b9b0        0x0 ../qsys_touch_bsp/\libhal_bsp.a(alt_io_redirect.o)
 .bss           0x0001b9b0        0x0 ../qsys_touch_bsp/\libhal_bsp.a(alt_irq_entry.o)
 .bss           0x0001b9b0        0x0 ../qsys_touch_bsp/\libhal_bsp.a(alt_irq_handler.o)
 .bss           0x0001b9b0        0x0 ../qsys_touch_bsp/\libhal_bsp.a(alt_irq_vars.o)
 .bss           0x0001b9b0        0x0 ../qsys_touch_bsp/\libhal_bsp.a(alt_open.o)
 .bss           0x0001b9b0        0x0 ../qsys_touch_bsp/\libhal_bsp.a(alt_tick.o)
 .bss           0x0001b9b0        0x0 ../qsys_touch_bsp/\libhal_bsp.a(altera_nios2_qsys_irq.o)
 .bss           0x0001b9b0        0x0 ../qsys_touch_bsp/\libhal_bsp.a(altera_avalon_spi.o)
 .bss           0x0001b9b0        0x0 ../qsys_touch_bsp/\libhal_bsp.a(alt_exception_entry.o)
 .bss           0x0001b9b0        0x0 ../qsys_touch_bsp/\libhal_bsp.a(alt_find_dev.o)
 .bss           0x0001b9b0        0x0 ../qsys_touch_bsp/\libhal_bsp.a(alt_find_file.o)
 .bss           0x0001b9b0        0x0 ../qsys_touch_bsp/\libhal_bsp.a(alt_get_fd.o)
 .bss           0x0001b9b0        0x0 d:/altera/13.1/nios2eds/bin/gnu/h-i686-mingw32/bin/../lib/gcc/nios2-elf/4.7.3/../../../../../H-i686-mingw32/nios2-elf/lib\libc.a(lib_a-atexit.o)
 .bss           0x0001b9b0        0x0 d:/altera/13.1/nios2eds/bin/gnu/h-i686-mingw32/bin/../lib/gcc/nios2-elf/4.7.3/../../../../../H-i686-mingw32/nios2-elf/lib\libc.a(lib_a-exit.o)
 .bss           0x0001b9b0        0x0 d:/altera/13.1/nios2eds/bin/gnu/h-i686-mingw32/bin/../lib/gcc/nios2-elf/4.7.3/../../../../../H-i686-mingw32/nios2-elf/lib\libc.a(lib_a-memcmp.o)
 .bss           0x0001b9b0        0x0 d:/altera/13.1/nios2eds/bin/gnu/h-i686-mingw32/bin/../lib/gcc/nios2-elf/4.7.3/../../../../../H-i686-mingw32/nios2-elf/lib\libc.a(lib_a-__atexit.o)
 .bss           0x0001b9b0        0x0 d:/altera/13.1/nios2eds/bin/gnu/h-i686-mingw32/bin/../lib/gcc/nios2-elf/4.7.3/../../../../../H-i686-mingw32/nios2-elf/lib\libc.a(lib_a-__call_atexit.o)
 .bss           0x0001b9b0        0x0 ../qsys_touch_bsp/\libhal_bsp.a(alt_exit.o)
 *(COMMON)
 COMMON         0x0001b9b0        0xe obj/default/drives/LCD/mculcd.o
                0x0001b9b0                lcddev
 *fill*         0x0001b9be        0x2 
 COMMON         0x0001b9c0      0x100 ../qsys_touch_bsp/\libhal_bsp.a(alt_irq_handler.o)
                0x0001b9c0                alt_irq
 COMMON         0x0001bac0      0x190 d:/altera/13.1/nios2eds/bin/gnu/h-i686-mingw32/bin/../lib/gcc/nios2-elf/4.7.3/../../../../../H-i686-mingw32/nios2-elf/lib\libc.a(lib_a-atexit.o)
                0x0001bac0                _atexit0
                0x0001bc50                . = ALIGN (0x4)
                0x0001bc50                __bss_end = ABSOLUTE (.)

.sdram          0x0001bc50        0x0
                0x0001bc50                PROVIDE (_alt_partition_sdram_start, ABSOLUTE (.))
 *(.sdram .sdram. sdram.*)
                0x0001bc50                . = ALIGN (0x4)
                0x0001bc50                PROVIDE (_alt_partition_sdram_end, ABSOLUTE (.))
                0x0001bc50                _end = ABSOLUTE (.)
                0x0001bc50                end = ABSOLUTE (.)
                0x0001bc50                __alt_stack_base = ABSOLUTE (.)
                0x0001bc50                PROVIDE (_alt_partition_sdram_load_addr, LOADADDR (.sdram))

.epcs           0x02001020        0x0
                0x02001020                PROVIDE (_alt_partition_epcs_start, ABSOLUTE (.))
 *(.epcs .epcs. epcs.*)
                0x02001020                . = ALIGN (0x4)
                0x02001020                PROVIDE (_alt_partition_epcs_end, ABSOLUTE (.))
                0x02001020                PROVIDE (_alt_partition_epcs_load_addr, LOADADDR (.epcs))

.stab
 *(.stab)

.stabstr
 *(.stabstr)

.stab.excl
 *(.stab.excl)

.stab.exclstr
 *(.stab.exclstr)

.stab.index
 *(.stab.index)

.stab.indexstr
 *(.stab.indexstr)

.comment        0x00000000       0x23
 *(.comment)
 .comment       0x00000000       0x23 obj/default/APP/delay.o
                                 0x24 (size before relaxing)
 .comment       0x00000000       0x24 obj/default/drives/LCD/mculcd.o
 .comment       0x00000000       0x24 obj/default/drives/TOUCH/ft5206.o
 .comment       0x00000000       0x24 obj/default/drives/TOUCH/gt9147.o
 .comment       0x00000000       0x24 obj/default/drives/TOUCH/gt9271.o
 .comment       0x00000000       0x24 obj/default/drives/TOUCH/myiic.o
 .comment       0x00000000       0x24 obj/default/drives/TOUCH/touch.o
 .comment       0x00000000       0x24 obj/default/qsys_touch.o
 .comment       0x00000000       0x24 d:/altera/13.1/nios2eds/bin/gnu/h-i686-mingw32/bin/../lib/gcc/nios2-elf/4.7.3\libgcc.a(_fixunsdfsi.o)
 .comment       0x00000000       0x24 d:/altera/13.1/nios2eds/bin/gnu/h-i686-mingw32/bin/../lib/gcc/nios2-elf/4.7.3\libgcc.a(_addsub_df.o)
 .comment       0x00000000       0x24 d:/altera/13.1/nios2eds/bin/gnu/h-i686-mingw32/bin/../lib/gcc/nios2-elf/4.7.3\libgcc.a(_mul_df.o)
 .comment       0x00000000       0x24 d:/altera/13.1/nios2eds/bin/gnu/h-i686-mingw32/bin/../lib/gcc/nios2-elf/4.7.3\libgcc.a(_ge_df.o)
 .comment       0x00000000       0x24 d:/altera/13.1/nios2eds/bin/gnu/h-i686-mingw32/bin/../lib/gcc/nios2-elf/4.7.3\libgcc.a(_si_to_df.o)
 .comment       0x00000000       0x24 d:/altera/13.1/nios2eds/bin/gnu/h-i686-mingw32/bin/../lib/gcc/nios2-elf/4.7.3\libgcc.a(_df_to_si.o)
 .comment       0x00000000       0x24 d:/altera/13.1/nios2eds/bin/gnu/h-i686-mingw32/bin/../lib/gcc/nios2-elf/4.7.3\libgcc.a(_thenan_df.o)
 .comment       0x00000000       0x24 d:/altera/13.1/nios2eds/bin/gnu/h-i686-mingw32/bin/../lib/gcc/nios2-elf/4.7.3\libgcc.a(_muldi3.o)
 .comment       0x00000000       0x24 d:/altera/13.1/nios2eds/bin/gnu/h-i686-mingw32/bin/../lib/gcc/nios2-elf/4.7.3\libgcc.a(_clzsi2.o)
 .comment       0x00000000       0x24 d:/altera/13.1/nios2eds/bin/gnu/h-i686-mingw32/bin/../lib/gcc/nios2-elf/4.7.3\libgcc.a(_pack_df.o)
 .comment       0x00000000       0x24 d:/altera/13.1/nios2eds/bin/gnu/h-i686-mingw32/bin/../lib/gcc/nios2-elf/4.7.3\libgcc.a(_unpack_df.o)
 .comment       0x00000000       0x24 d:/altera/13.1/nios2eds/bin/gnu/h-i686-mingw32/bin/../lib/gcc/nios2-elf/4.7.3\libgcc.a(_fpcmp_parts_df.o)
 .comment       0x00000000       0x24 d:/altera/13.1/nios2eds/bin/gnu/h-i686-mingw32/bin/../lib/gcc/nios2-elf/4.7.3\libgcc.a(_lshrdi3.o)
 .comment       0x00000000       0x24 d:/altera/13.1/nios2eds/bin/gnu/h-i686-mingw32/bin/../lib/gcc/nios2-elf/4.7.3\libgcc.a(_ashldi3.o)
 .comment       0x00000000       0x24 d:/altera/13.1/nios2eds/bin/gnu/h-i686-mingw32/bin/../lib/gcc/nios2-elf/4.7.3\libgcc.a(_clz.o)
 .comment       0x00000000       0x24 d:/altera/13.1/nios2eds/bin/gnu/h-i686-mingw32/bin/../lib/gcc/nios2-elf/4.7.3/../../../../../H-i686-mingw32/nios2-elf/lib\libc.a(lib_a-printf.o)
 .comment       0x00000000       0x24 d:/altera/13.1/nios2eds/bin/gnu/h-i686-mingw32/bin/../lib/gcc/nios2-elf/4.7.3/../../../../../H-i686-mingw32/nios2-elf/lib\libc.a(lib_a-puts.o)
 .comment       0x00000000       0x24 d:/altera/13.1/nios2eds/bin/gnu/h-i686-mingw32/bin/../lib/gcc/nios2-elf/4.7.3/../../../../../H-i686-mingw32/nios2-elf/lib\libc.a(lib_a-strcmp.o)
 .comment       0x00000000       0x24 d:/altera/13.1/nios2eds/bin/gnu/h-i686-mingw32/bin/../lib/gcc/nios2-elf/4.7.3/../../../../../H-i686-mingw32/nios2-elf/lib\libc.a(lib_a-strlen.o)
 .comment       0x00000000       0x24 d:/altera/13.1/nios2eds/bin/gnu/h-i686-mingw32/bin/../lib/gcc/nios2-elf/4.7.3/../../../../../H-i686-mingw32/nios2-elf/lib\libc.a(lib_a-vfprintf.o)
 .comment       0x00000000       0x24 d:/altera/13.1/nios2eds/bin/gnu/h-i686-mingw32/bin/../lib/gcc/nios2-elf/4.7.3/../../../../../H-i686-mingw32/nios2-elf/lib\libc.a(lib_a-wsetup.o)
 .comment       0x00000000       0x24 d:/altera/13.1/nios2eds/bin/gnu/h-i686-mingw32/bin/../lib/gcc/nios2-elf/4.7.3/../../../../../H-i686-mingw32/nios2-elf/lib\libc.a(lib_a-dtoa.o)
 .comment       0x00000000       0x24 d:/altera/13.1/nios2eds/bin/gnu/h-i686-mingw32/bin/../lib/gcc/nios2-elf/4.7.3/../../../../../H-i686-mingw32/nios2-elf/lib\libc.a(lib_a-fflush.o)
 .comment       0x00000000       0x24 d:/altera/13.1/nios2eds/bin/gnu/h-i686-mingw32/bin/../lib/gcc/nios2-elf/4.7.3/../../../../../H-i686-mingw32/nios2-elf/lib\libc.a(lib_a-findfp.o)
 .comment       0x00000000       0x24 d:/altera/13.1/nios2eds/bin/gnu/h-i686-mingw32/bin/../lib/gcc/nios2-elf/4.7.3/../../../../../H-i686-mingw32/nios2-elf/lib\libc.a(lib_a-freer.o)
 .comment       0x00000000       0x24 d:/altera/13.1/nios2eds/bin/gnu/h-i686-mingw32/bin/../lib/gcc/nios2-elf/4.7.3/../../../../../H-i686-mingw32/nios2-elf/lib\libc.a(lib_a-fvwrite.o)
 .comment       0x00000000       0x24 d:/altera/13.1/nios2eds/bin/gnu/h-i686-mingw32/bin/../lib/gcc/nios2-elf/4.7.3/../../../../../H-i686-mingw32/nios2-elf/lib\libc.a(lib_a-fwalk.o)
 .comment       0x00000000       0x24 d:/altera/13.1/nios2eds/bin/gnu/h-i686-mingw32/bin/../lib/gcc/nios2-elf/4.7.3/../../../../../H-i686-mingw32/nios2-elf/lib\libc.a(lib_a-impure.o)
 .comment       0x00000000       0x24 d:/altera/13.1/nios2eds/bin/gnu/h-i686-mingw32/bin/../lib/gcc/nios2-elf/4.7.3/../../../../../H-i686-mingw32/nios2-elf/lib\libc.a(lib_a-locale.o)
 .comment       0x00000000       0x24 d:/altera/13.1/nios2eds/bin/gnu/h-i686-mingw32/bin/../lib/gcc/nios2-elf/4.7.3/../../../../../H-i686-mingw32/nios2-elf/lib\libc.a(lib_a-makebuf.o)
 .comment       0x00000000       0x24 d:/altera/13.1/nios2eds/bin/gnu/h-i686-mingw32/bin/../lib/gcc/nios2-elf/4.7.3/../../../../../H-i686-mingw32/nios2-elf/lib\libc.a(lib_a-mallocr.o)
 .comment       0x00000000       0x24 d:/altera/13.1/nios2eds/bin/gnu/h-i686-mingw32/bin/../lib/gcc/nios2-elf/4.7.3/../../../../../H-i686-mingw32/nios2-elf/lib\libc.a(lib_a-memchr.o)
 .comment       0x00000000       0x24 d:/altera/13.1/nios2eds/bin/gnu/h-i686-mingw32/bin/../lib/gcc/nios2-elf/4.7.3/../../../../../H-i686-mingw32/nios2-elf/lib\libc.a(lib_a-memcpy.o)
 .comment       0x00000000       0x24 d:/altera/13.1/nios2eds/bin/gnu/h-i686-mingw32/bin/../lib/gcc/nios2-elf/4.7.3/../../../../../H-i686-mingw32/nios2-elf/lib\libc.a(lib_a-memmove.o)
 .comment       0x00000000       0x24 d:/altera/13.1/nios2eds/bin/gnu/h-i686-mingw32/bin/../lib/gcc/nios2-elf/4.7.3/../../../../../H-i686-mingw32/nios2-elf/lib\libc.a(lib_a-memset.o)
 .comment       0x00000000       0x24 d:/altera/13.1/nios2eds/bin/gnu/h-i686-mingw32/bin/../lib/gcc/nios2-elf/4.7.3/../../../../../H-i686-mingw32/nios2-elf/lib\libc.a(lib_a-mprec.o)
 .comment       0x00000000       0x24 d:/altera/13.1/nios2eds/bin/gnu/h-i686-mingw32/bin/../lib/gcc/nios2-elf/4.7.3/../../../../../H-i686-mingw32/nios2-elf/lib\libc.a(lib_a-reallocr.o)
 .comment       0x00000000       0x24 d:/altera/13.1/nios2eds/bin/gnu/h-i686-mingw32/bin/../lib/gcc/nios2-elf/4.7.3/../../../../../H-i686-mingw32/nios2-elf/lib\libc.a(lib_a-s_isinfd.o)
 .comment       0x00000000       0x24 d:/altera/13.1/nios2eds/bin/gnu/h-i686-mingw32/bin/../lib/gcc/nios2-elf/4.7.3/../../../../../H-i686-mingw32/nios2-elf/lib\libc.a(lib_a-s_isnand.o)
 .comment       0x00000000       0x24 d:/altera/13.1/nios2eds/bin/gnu/h-i686-mingw32/bin/../lib/gcc/nios2-elf/4.7.3/../../../../../H-i686-mingw32/nios2-elf/lib\libc.a(lib_a-sbrkr.o)
 .comment       0x00000000       0x24 d:/altera/13.1/nios2eds/bin/gnu/h-i686-mingw32/bin/../lib/gcc/nios2-elf/4.7.3/../../../../../H-i686-mingw32/nios2-elf/lib\libc.a(lib_a-stdio.o)
 .comment       0x00000000       0x24 d:/altera/13.1/nios2eds/bin/gnu/h-i686-mingw32/bin/../lib/gcc/nios2-elf/4.7.3/../../../../../H-i686-mingw32/nios2-elf/lib\libc.a(lib_a-writer.o)
 .comment       0x00000000       0x24 d:/altera/13.1/nios2eds/bin/gnu/h-i686-mingw32/bin/../lib/gcc/nios2-elf/4.7.3/../../../../../H-i686-mingw32/nios2-elf/lib\libc.a(lib_a-callocr.o)
 .comment       0x00000000       0x24 d:/altera/13.1/nios2eds/bin/gnu/h-i686-mingw32/bin/../lib/gcc/nios2-elf/4.7.3/../../../../../H-i686-mingw32/nios2-elf/lib\libc.a(lib_a-closer.o)
 .comment       0x00000000       0x24 d:/altera/13.1/nios2eds/bin/gnu/h-i686-mingw32/bin/../lib/gcc/nios2-elf/4.7.3/../../../../../H-i686-mingw32/nios2-elf/lib\libc.a(lib_a-fclose.o)
 .comment       0x00000000       0x24 d:/altera/13.1/nios2eds/bin/gnu/h-i686-mingw32/bin/../lib/gcc/nios2-elf/4.7.3/../../../../../H-i686-mingw32/nios2-elf/lib\libc.a(lib_a-fstatr.o)
 .comment       0x00000000       0x24 d:/altera/13.1/nios2eds/bin/gnu/h-i686-mingw32/bin/../lib/gcc/nios2-elf/4.7.3/../../../../../H-i686-mingw32/nios2-elf/lib\libc.a(lib_a-int_errno.o)
 .comment       0x00000000       0x24 d:/altera/13.1/nios2eds/bin/gnu/h-i686-mingw32/bin/../lib/gcc/nios2-elf/4.7.3/../../../../../H-i686-mingw32/nios2-elf/lib\libc.a(lib_a-isattyr.o)
 .comment       0x00000000       0x24 d:/altera/13.1/nios2eds/bin/gnu/h-i686-mingw32/bin/../lib/gcc/nios2-elf/4.7.3/../../../../../H-i686-mingw32/nios2-elf/lib\libc.a(lib_a-lseekr.o)
 .comment       0x00000000       0x24 d:/altera/13.1/nios2eds/bin/gnu/h-i686-mingw32/bin/../lib/gcc/nios2-elf/4.7.3/../../../../../H-i686-mingw32/nios2-elf/lib\libc.a(lib_a-readr.o)
 .comment       0x00000000       0x24 d:/altera/13.1/nios2eds/bin/gnu/h-i686-mingw32/bin/../lib/gcc/nios2-elf/4.7.3\libgcc.a(_udivdi3.o)
 .comment       0x00000000       0x24 d:/altera/13.1/nios2eds/bin/gnu/h-i686-mingw32/bin/../lib/gcc/nios2-elf/4.7.3\libgcc.a(_umoddi3.o)
 .comment       0x00000000       0x24 d:/altera/13.1/nios2eds/bin/gnu/h-i686-mingw32/bin/../lib/gcc/nios2-elf/4.7.3\libgcc.a(_div_df.o)
 .comment       0x00000000       0x24 d:/altera/13.1/nios2eds/bin/gnu/h-i686-mingw32/bin/../lib/gcc/nios2-elf/4.7.3\libgcc.a(_eq_df.o)
 .comment       0x00000000       0x24 d:/altera/13.1/nios2eds/bin/gnu/h-i686-mingw32/bin/../lib/gcc/nios2-elf/4.7.3\libgcc.a(_ne_df.o)
 .comment       0x00000000       0x24 d:/altera/13.1/nios2eds/bin/gnu/h-i686-mingw32/bin/../lib/gcc/nios2-elf/4.7.3\libgcc.a(_gt_df.o)
 .comment       0x00000000       0x24 d:/altera/13.1/nios2eds/bin/gnu/h-i686-mingw32/bin/../lib/gcc/nios2-elf/4.7.3\libgcc.a(_lt_df.o)
 .comment       0x00000000       0x24 d:/altera/13.1/nios2eds/bin/gnu/h-i686-mingw32/bin/../lib/gcc/nios2-elf/4.7.3\libgcc.a(_usi_to_df.o)
 .comment       0x00000000       0x24 d:/altera/13.1/nios2eds/bin/gnu/h-i686-mingw32/bin/../lib/gcc/nios2-elf/4.7.3\libgcc.a(lib2-divmod.o)
 .comment       0x00000000       0x24 ../qsys_touch_bsp/\libhal_bsp.a(alt_close.o)
 .comment       0x00000000       0x24 ../qsys_touch_bsp/\libhal_bsp.a(alt_dev.o)
 .comment       0x00000000       0x24 ../qsys_touch_bsp/\libhal_bsp.a(alt_errno.o)
 .comment       0x00000000       0x24 ../qsys_touch_bsp/\libhal_bsp.a(alt_fstat.o)
 .comment       0x00000000       0x24 ../qsys_touch_bsp/\libhal_bsp.a(alt_isatty.o)
 .comment       0x00000000       0x24 ../qsys_touch_bsp/\libhal_bsp.a(alt_lseek.o)
 .comment       0x00000000       0x24 ../qsys_touch_bsp/\libhal_bsp.a(alt_main.o)
 .comment       0x00000000       0x24 ../qsys_touch_bsp/\libhal_bsp.a(alt_malloc_lock.o)
 .comment       0x00000000       0x24 ../qsys_touch_bsp/\libhal_bsp.a(alt_read.o)
 .comment       0x00000000       0x24 ../qsys_touch_bsp/\libhal_bsp.a(alt_release_fd.o)
 .comment       0x00000000       0x24 ../qsys_touch_bsp/\libhal_bsp.a(alt_sbrk.o)
 .comment       0x00000000       0x24 ../qsys_touch_bsp/\libhal_bsp.a(alt_usleep.o)
 .comment       0x00000000       0x24 ../qsys_touch_bsp/\libhal_bsp.a(alt_write.o)
 .comment       0x00000000       0x24 ../qsys_touch_bsp/\libhal_bsp.a(alt_sys_init.o)
 .comment       0x00000000       0x24 ../qsys_touch_bsp/\libhal_bsp.a(altera_avalon_epcs_flash_controller.o)
 .comment       0x00000000       0x24 ../qsys_touch_bsp/\libhal_bsp.a(altera_avalon_jtag_uart_fd.o)
 .comment       0x00000000       0x24 ../qsys_touch_bsp/\libhal_bsp.a(altera_avalon_jtag_uart_init.o)
 .comment       0x00000000       0x24 ../qsys_touch_bsp/\libhal_bsp.a(altera_avalon_jtag_uart_ioctl.o)
 .comment       0x00000000       0x24 ../qsys_touch_bsp/\libhal_bsp.a(altera_avalon_jtag_uart_read.o)
 .comment       0x00000000       0x24 ../qsys_touch_bsp/\libhal_bsp.a(altera_avalon_jtag_uart_write.o)
 .comment       0x00000000       0x24 ../qsys_touch_bsp/\libhal_bsp.a(epcs_commands.o)
 .comment       0x00000000       0x24 ../qsys_touch_bsp/\libhal_bsp.a(alt_alarm_start.o)
 .comment       0x00000000       0x24 ../qsys_touch_bsp/\libhal_bsp.a(alt_busy_sleep.o)
 .comment       0x00000000       0x24 ../qsys_touch_bsp/\libhal_bsp.a(alt_dev_llist_insert.o)
 .comment       0x00000000       0x24 ../qsys_touch_bsp/\libhal_bsp.a(alt_do_ctors.o)
 .comment       0x00000000       0x24 ../qsys_touch_bsp/\libhal_bsp.a(alt_do_dtors.o)
 .comment       0x00000000       0x24 ../qsys_touch_bsp/\libhal_bsp.a(alt_flash_dev.o)
 .comment       0x00000000       0x24 ../qsys_touch_bsp/\libhal_bsp.a(alt_iic.o)
 .comment       0x00000000       0x24 ../qsys_touch_bsp/\libhal_bsp.a(alt_iic_isr_register.o)
 .comment       0x00000000       0x24 ../qsys_touch_bsp/\libhal_bsp.a(alt_io_redirect.o)
 .comment       0x00000000       0x24 ../qsys_touch_bsp/\libhal_bsp.a(alt_irq_handler.o)
 .comment       0x00000000       0x24 ../qsys_touch_bsp/\libhal_bsp.a(alt_irq_vars.o)
 .comment       0x00000000       0x24 ../qsys_touch_bsp/\libhal_bsp.a(alt_open.o)
 .comment       0x00000000       0x24 ../qsys_touch_bsp/\libhal_bsp.a(alt_tick.o)
 .comment       0x00000000       0x24 ../qsys_touch_bsp/\libhal_bsp.a(altera_nios2_qsys_irq.o)
 .comment       0x00000000       0x24 ../qsys_touch_bsp/\libhal_bsp.a(altera_avalon_spi.o)
 .comment       0x00000000       0x24 ../qsys_touch_bsp/\libhal_bsp.a(alt_find_dev.o)
 .comment       0x00000000       0x24 ../qsys_touch_bsp/\libhal_bsp.a(alt_find_file.o)
 .comment       0x00000000       0x24 ../qsys_touch_bsp/\libhal_bsp.a(alt_get_fd.o)
 .comment       0x00000000       0x24 d:/altera/13.1/nios2eds/bin/gnu/h-i686-mingw32/bin/../lib/gcc/nios2-elf/4.7.3/../../../../../H-i686-mingw32/nios2-elf/lib\libc.a(lib_a-atexit.o)
 .comment       0x00000000       0x24 d:/altera/13.1/nios2eds/bin/gnu/h-i686-mingw32/bin/../lib/gcc/nios2-elf/4.7.3/../../../../../H-i686-mingw32/nios2-elf/lib\libc.a(lib_a-exit.o)
 .comment       0x00000000       0x24 d:/altera/13.1/nios2eds/bin/gnu/h-i686-mingw32/bin/../lib/gcc/nios2-elf/4.7.3/../../../../../H-i686-mingw32/nios2-elf/lib\libc.a(lib_a-memcmp.o)
 .comment       0x00000000       0x24 d:/altera/13.1/nios2eds/bin/gnu/h-i686-mingw32/bin/../lib/gcc/nios2-elf/4.7.3/../../../../../H-i686-mingw32/nios2-elf/lib\libc.a(lib_a-__atexit.o)
 .comment       0x00000000       0x24 d:/altera/13.1/nios2eds/bin/gnu/h-i686-mingw32/bin/../lib/gcc/nios2-elf/4.7.3/../../../../../H-i686-mingw32/nios2-elf/lib\libc.a(lib_a-__call_atexit.o)
 .comment       0x00000000       0x24 ../qsys_touch_bsp/\libhal_bsp.a(alt_exit.o)

.debug
 *(.debug)

.line
 *(.line)

.debug_srcinfo
 *(.debug_srcinfo)

.debug_sfnames
 *(.debug_sfnames)

.debug_aranges  0x00000000      0xe58
 *(.debug_aranges)
 .debug_aranges
                0x00000000       0x20 ../qsys_touch_bsp//obj/HAL/src/crt0.o
 .debug_aranges
                0x00000020       0x20 obj/default/APP/delay.o
 .debug_aranges
                0x00000040       0x20 obj/default/drives/LCD/mculcd.o
 .debug_aranges
                0x00000060       0x20 obj/default/drives/TOUCH/ft5206.o
 .debug_aranges
                0x00000080       0x20 obj/default/drives/TOUCH/gt9147.o
 .debug_aranges
                0x000000a0       0x20 obj/default/drives/TOUCH/gt9271.o
 .debug_aranges
                0x000000c0       0x20 obj/default/drives/TOUCH/myiic.o
 .debug_aranges
                0x000000e0       0x20 obj/default/drives/TOUCH/touch.o
 .debug_aranges
                0x00000100       0x20 obj/default/qsys_touch.o
 .debug_aranges
                0x00000120       0x20 d:/altera/13.1/nios2eds/bin/gnu/h-i686-mingw32/bin/../lib/gcc/nios2-elf/4.7.3\libgcc.a(_fixunsdfsi.o)
 .debug_aranges
                0x00000140       0x20 d:/altera/13.1/nios2eds/bin/gnu/h-i686-mingw32/bin/../lib/gcc/nios2-elf/4.7.3\libgcc.a(_addsub_df.o)
 .debug_aranges
                0x00000160       0x20 d:/altera/13.1/nios2eds/bin/gnu/h-i686-mingw32/bin/../lib/gcc/nios2-elf/4.7.3\libgcc.a(_mul_df.o)
 .debug_aranges
                0x00000180       0x20 d:/altera/13.1/nios2eds/bin/gnu/h-i686-mingw32/bin/../lib/gcc/nios2-elf/4.7.3\libgcc.a(_ge_df.o)
 .debug_aranges
                0x000001a0       0x20 d:/altera/13.1/nios2eds/bin/gnu/h-i686-mingw32/bin/../lib/gcc/nios2-elf/4.7.3\libgcc.a(_si_to_df.o)
 .debug_aranges
                0x000001c0       0x20 d:/altera/13.1/nios2eds/bin/gnu/h-i686-mingw32/bin/../lib/gcc/nios2-elf/4.7.3\libgcc.a(_df_to_si.o)
 .debug_aranges
                0x000001e0       0x18 d:/altera/13.1/nios2eds/bin/gnu/h-i686-mingw32/bin/../lib/gcc/nios2-elf/4.7.3\libgcc.a(_thenan_df.o)
 .debug_aranges
                0x000001f8       0x20 d:/altera/13.1/nios2eds/bin/gnu/h-i686-mingw32/bin/../lib/gcc/nios2-elf/4.7.3\libgcc.a(_muldi3.o)
 .debug_aranges
                0x00000218       0x20 d:/altera/13.1/nios2eds/bin/gnu/h-i686-mingw32/bin/../lib/gcc/nios2-elf/4.7.3\libgcc.a(_clzsi2.o)
 .debug_aranges
                0x00000238       0x20 d:/altera/13.1/nios2eds/bin/gnu/h-i686-mingw32/bin/../lib/gcc/nios2-elf/4.7.3\libgcc.a(_pack_df.o)
 .debug_aranges
                0x00000258       0x20 d:/altera/13.1/nios2eds/bin/gnu/h-i686-mingw32/bin/../lib/gcc/nios2-elf/4.7.3\libgcc.a(_unpack_df.o)
 .debug_aranges
                0x00000278       0x20 d:/altera/13.1/nios2eds/bin/gnu/h-i686-mingw32/bin/../lib/gcc/nios2-elf/4.7.3\libgcc.a(_fpcmp_parts_df.o)
 .debug_aranges