Archive member included because of file (symbol)

d:/altera/13.1/nios2eds/bin/gnu/h-i686-mingw32/bin/../lib/gcc/nios2-elf/4.7.3/../../../../../H-i686-mingw32/nios2-elf/lib\libc.a(lib_a-printf.o)
                              obj/default/ucosii_mail_msg.o (printf)
d:/altera/13.1/nios2eds/bin/gnu/h-i686-mingw32/bin/../lib/gcc/nios2-elf/4.7.3/../../../../../H-i686-mingw32/nios2-elf/lib\libc.a(lib_a-vfprintf.o)
                              d:/altera/13.1/nios2eds/bin/gnu/h-i686-mingw32/bin/../lib/gcc/nios2-elf/4.7.3/../../../../../H-i686-mingw32/nios2-elf/lib\libc.a(lib_a-printf.o) (___vfprintf_internal_r)
d:/altera/13.1/nios2eds/bin/gnu/h-i686-mingw32/bin/../lib/gcc/nios2-elf/4.7.3/../../../../../H-i686-mingw32/nios2-elf/lib\libc.a(lib_a-wsetup.o)
                              d:/altera/13.1/nios2eds/bin/gnu/h-i686-mingw32/bin/../lib/gcc/nios2-elf/4.7.3/../../../../../H-i686-mingw32/nios2-elf/lib\libc.a(lib_a-vfprintf.o) (__swsetup_r)
d:/altera/13.1/nios2eds/bin/gnu/h-i686-mingw32/bin/../lib/gcc/nios2-elf/4.7.3/../../../../../H-i686-mingw32/nios2-elf/lib\libc.a(lib_a-dtoa.o)
                              d:/altera/13.1/nios2eds/bin/gnu/h-i686-mingw32/bin/../lib/gcc/nios2-elf/4.7.3/../../../../../H-i686-mingw32/nios2-elf/lib\libc.a(lib_a-vfprintf.o) (_dtoa_r)
d:/altera/13.1/nios2eds/bin/gnu/h-i686-mingw32/bin/../lib/gcc/nios2-elf/4.7.3/../../../../../H-i686-mingw32/nios2-elf/lib\libc.a(lib_a-fflush.o)
                              d:/altera/13.1/nios2eds/bin/gnu/h-i686-mingw32/bin/../lib/gcc/nios2-elf/4.7.3/../../../../../H-i686-mingw32/nios2-elf/lib\libc.a(lib_a-vfprintf.o) (_fflush_r)
d:/altera/13.1/nios2eds/bin/gnu/h-i686-mingw32/bin/../lib/gcc/nios2-elf/4.7.3/../../../../../H-i686-mingw32/nios2-elf/lib\libc.a(lib_a-findfp.o)
                              d:/altera/13.1/nios2eds/bin/gnu/h-i686-mingw32/bin/../lib/gcc/nios2-elf/4.7.3/../../../../../H-i686-mingw32/nios2-elf/lib\libc.a(lib_a-vfprintf.o) (__sinit)
d:/altera/13.1/nios2eds/bin/gnu/h-i686-mingw32/bin/../lib/gcc/nios2-elf/4.7.3/../../../../../H-i686-mingw32/nios2-elf/lib\libc.a(lib_a-freer.o)
                              d:/altera/13.1/nios2eds/bin/gnu/h-i686-mingw32/bin/../lib/gcc/nios2-elf/4.7.3/../../../../../H-i686-mingw32/nios2-elf/lib\libc.a(lib_a-wsetup.o) (_free_r)
d:/altera/13.1/nios2eds/bin/gnu/h-i686-mingw32/bin/../lib/gcc/nios2-elf/4.7.3/../../../../../H-i686-mingw32/nios2-elf/lib\libc.a(lib_a-fvwrite.o)
                              d:/altera/13.1/nios2eds/bin/gnu/h-i686-mingw32/bin/../lib/gcc/nios2-elf/4.7.3/../../../../../H-i686-mingw32/nios2-elf/lib\libc.a(lib_a-vfprintf.o) (__sfvwrite_r)
d:/altera/13.1/nios2eds/bin/gnu/h-i686-mingw32/bin/../lib/gcc/nios2-elf/4.7.3/../../../../../H-i686-mingw32/nios2-elf/lib\libc.a(lib_a-fwalk.o)
                              d:/altera/13.1/nios2eds/bin/gnu/h-i686-mingw32/bin/../lib/gcc/nios2-elf/4.7.3/../../../../../H-i686-mingw32/nios2-elf/lib\libc.a(lib_a-findfp.o) (_fwalk)
d:/altera/13.1/nios2eds/bin/gnu/h-i686-mingw32/bin/../lib/gcc/nios2-elf/4.7.3/../../../../../H-i686-mingw32/nios2-elf/lib\libc.a(lib_a-impure.o)
                              d:/altera/13.1/nios2eds/bin/gnu/h-i686-mingw32/bin/../lib/gcc/nios2-elf/4.7.3/../../../../../H-i686-mingw32/nios2-elf/lib\libc.a(lib_a-fflush.o) (_global_impure_ptr)
d:/altera/13.1/nios2eds/bin/gnu/h-i686-mingw32/bin/../lib/gcc/nios2-elf/4.7.3/../../../../../H-i686-mingw32/nios2-elf/lib\libc.a(lib_a-locale.o)
                              d:/altera/13.1/nios2eds/bin/gnu/h-i686-mingw32/bin/../lib/gcc/nios2-elf/4.7.3/../../../../../H-i686-mingw32/nios2-elf/lib\libc.a(lib_a-vfprintf.o) (_localeconv_r)
d:/altera/13.1/nios2eds/bin/gnu/h-i686-mingw32/bin/../lib/gcc/nios2-elf/4.7.3/../../../../../H-i686-mingw32/nios2-elf/lib\libc.a(lib_a-makebuf.o)
                              d:/altera/13.1/nios2eds/bin/gnu/h-i686-mingw32/bin/../lib/gcc/nios2-elf/4.7.3/../../../../../H-i686-mingw32/nios2-elf/lib\libc.a(lib_a-wsetup.o) (__smakebuf_r)
d:/altera/13.1/nios2eds/bin/gnu/h-i686-mingw32/bin/../lib/gcc/nios2-elf/4.7.3/../../../../../H-i686-mingw32/nios2-elf/lib\libc.a(lib_a-mallocr.o)
                              d:/altera/13.1/nios2eds/bin/gnu/h-i686-mingw32/bin/../lib/gcc/nios2-elf/4.7.3/../../../../../H-i686-mingw32/nios2-elf/lib\libc.a(lib_a-findfp.o) (_malloc_r)
d:/altera/13.1/nios2eds/bin/gnu/h-i686-mingw32/bin/../lib/gcc/nios2-elf/4.7.3/../../../../../H-i686-mingw32/nios2-elf/lib\libc.a(lib_a-memchr.o)
                              d:/altera/13.1/nios2eds/bin/gnu/h-i686-mingw32/bin/../lib/gcc/nios2-elf/4.7.3/../../../../../H-i686-mingw32/nios2-elf/lib\libc.a(lib_a-vfprintf.o) (memchr)
d:/altera/13.1/nios2eds/bin/gnu/h-i686-mingw32/bin/../lib/gcc/nios2-elf/4.7.3/../../../../../H-i686-mingw32/nios2-elf/lib\libc.a(lib_a-memcpy.o)
                              d:/altera/13.1/nios2eds/bin/gnu/h-i686-mingw32/bin/../lib/gcc/nios2-elf/4.7.3/../../../../../H-i686-mingw32/nios2-elf/lib\libc.a(lib_a-dtoa.o) (memcpy)
[...]
Memory Configuration

Name             Origin             Length             Attributes
sdram_BEFORE_EXCEPTION 0x00000000         0x00000020
sdram            0x00000020         0x01ffffe0
reset            0x02001000         0x00000020
epcs             0x02001020         0x000007e0
*default*        0x00000000         0xffffffff

Linker script and memory map

LOAD F:/project/qsys_ucosii_mail_msg/qsys/software/uCosii_bsp//obj/HAL/src/crt0.o
LOAD obj/default/ucosii_mail_msg.o
LOAD d:/altera/13.1/nios2eds/bin/gnu/h-i686-mingw32/bin/../lib/gcc/nios2-elf/4.7.3/../../../../../H-i686-mingw32/nios2-elf/lib\libstdc++.a
LOAD d:/altera/13.1/nios2eds/bin/gnu/h-i686-mingw32/bin/../lib/gcc/nios2-elf/4.7.3/../../../../../H-i686-mingw32/nios2-elf/lib\libm.a
LOAD d:/altera/13.1/nios2eds/bin/gnu/h-i686-mingw32/bin/../lib/gcc/nios2-elf/4.7.3\libgcc.a
START GROUP
LOAD d:/altera/13.1/nios2eds/bin/gnu/h-i686-mingw32/bin/../lib/gcc/nios2-elf/4.7.3/../../../../../H-i686-mingw32/nios2-elf/lib\libc.a
LOAD d:/altera/13.1/nios2eds/bin/gnu/h-i686-mingw32/bin/../lib/gcc/nios2-elf/4.7.3\libgcc.a
LOAD F:/project/qsys_ucosii_mail_msg/qsys/software/uCosii_bsp/\libucosii_bsp.a
END GROUP
LOAD d:/altera/13.1/nios2eds/bin/gnu/h-i686-mingw32/bin/../lib/gcc/nios2-elf/4.7.3\libgcc.a
                0x00000000                __alt_mem_sdram = 0x0
                0x02001000                __alt_mem_epcs = 0x2001000

.entry          0x02001000        0x0
 *(.entry)
 .entry         0x02001000        0x0 F:/project/qsys_ucosii_mail_msg/qsys/software/uCosii_bsp//obj/HAL/src/crt0.o
                0x02001000                __reset

.exceptions     0x00000020      0x19c
                0x00000020                PROVIDE (__ram_exceptions_start, ABSOLUTE (.))
                0x00000020                . = ALIGN (0x20)
 *(.irq)
 *(.exceptions.entry.label)
 .exceptions.entry.label
                0x00000020        0x0 F:/project/qsys_ucosii_mail_msg/qsys/software/uCosii_bsp/\libucosii_bsp.a(alt_irq_entry.o)
                0x00000020                alt_irq_entry
 .exceptions.entry.label
                0x00000020        0x0 F:/project/qsys_ucosii_mail_msg/qsys/software/uCosii_bsp/\libucosii_bsp.a(alt_exception_entry.o)
                0x00000020                alt_exception
 *(.exceptions.entry.user)
 *(.exceptions.entry.ecc_fatal)
 *(.exceptions.entry)
 .exceptions.entry
                0x00000020       0x54 F:/project/qsys_ucosii_mail_msg/qsys/software/uCosii_bsp/\libucosii_bsp.a(alt_exception_entry.o)
 *(.exceptions.irqtest.user)
 *(.exceptions.irqtest)
 .exceptions.irqtest
                0x00000074       0x10 F:/project/qsys_ucosii_mail_msg/qsys/software/uCosii_bsp/\libucosii_bsp.a(alt_irq_entry.o)
 *(.exceptions.irqhandler.user)
 *(.exceptions.irqhandler)
 .exceptions.irqhandler
                0x00000084        0x4 F:/project/qsys_ucosii_mail_msg/qsys/software/uCosii_bsp/\libucosii_bsp.a(alt_irq_entry.o)
 *(.exceptions.irqreturn.user)
 *(.exceptions.irqreturn)
 .exceptions.irqreturn
                0x00000088        0x4 F:/project/qsys_ucosii_mail_msg/qsys/software/uCosii_bsp/\libucosii_bsp.a(alt_irq_entry.o)
 *(.exceptions.notirq.label)
 .exceptions.notirq.label
                0x0000008c        0x0 F:/project/qsys_ucosii_mail_msg/qsys/software/uCosii_bsp/\libucosii_bsp.a(alt_irq_entry.o)
 *(.exceptions.notirq.user)
 *(.exceptions.notirq)
 .exceptions.notirq
                0x0000008c        0x8 F:/project/qsys_ucosii_mail_msg/qsys/software/uCosii_bsp/\libucosii_bsp.a(alt_exception_entry.o)
 *(.exceptions.soft.user)
 *(.exceptions.soft)
 *(.exceptions.unknown.user)
 *(.exceptions.unknown)
 .exceptions.unknown
                0x00000094        0x4 F:/project/qsys_ucosii_mail_msg/qsys/software/uCosii_bsp/\libucosii_bsp.a(alt_exception_entry.o)
 *(.exceptions.exit.label)
 .exceptions.exit.label
                0x00000098        0x0 F:/project/qsys_ucosii_mail_msg/qsys/software/uCosii_bsp/\libucosii_bsp.a(alt_irq_entry.o)
 .exceptions.exit.label
                0x00000098        0x0 F:/project/qsys_ucosii_mail_msg/qsys/software/uCosii_bsp/\libucosii_bsp.a(alt_exception_entry.o)
 *(.exceptions.exit.user)
 *(.exceptions.exit)
 .exceptions.exit
                0x00000098       0x54 F:/project/qsys_ucosii_mail_msg/qsys/software/uCosii_bsp/\libucosii_bsp.a(alt_exception_entry.o)
 *(.exceptions)
 .exceptions    0x000000ec       0xd0 F:/project/qsys_ucosii_mail_msg/qsys/software/uCosii_bsp/\libucosii_bsp.a(alt_irq_handler.o)
                0x000000ec                alt_irq_handler
                0x000001bc                PROVIDE (__ram_exceptions_end, ABSOLUTE (.))
                0x00000020                PROVIDE (__flash_exceptions_start, LOADADDR (.exceptions))

.text           0x000001bc    0x163d4
                0x000001bc                PROVIDE (stext, ABSOLUTE (.))
 *(.interp)
 *(.hash)
 *(.dynsym)
 *(.dynstr)
 *(.gnu.version)
 *(.gnu.version_d)
 *(.gnu.version_r)
 *(.rel.init)
 *(.rela.init)
 *(.rel.text .rel.text.* .rel.gnu.linkonce.t.*)
 *(.rela.text .rela.text.* .rela.gnu.linkonce.t.*)
 *(.rel.fini)
 *(.rela.fini)
 *(.rel.rodata .rel.rodata.* .rel.gnu.linkonce.r.*)
 *(.rela.rodata .rela.rodata.* .rela.gnu.linkonce.r.*)
 *(.rel.data .rel.data.* .rel.gnu.linkonce.d.*)
 *(.rela.data .rela.data.* .rela.gnu.linkonce.d.*)
 *(.rel.tdata .rel.tdata.* .rel.gnu.linkonce.td.*)
 *(.rela.tdata .rela.tdata.* .rela.gnu.linkonce.td.*)
 *(.rel.tbss .rel.tbss.* .rel.gnu.linkonce.tb.*)
 *(.rela.tbss .rela.tbss.* .rela.gnu.linkonce.tb.*)
 *(.rel.ctors)
 *(.rela.ctors)
 *(.rel.dtors)
 *(.rela.dtors)
 *(.rel.got)
 *(.rela.got)
 *(.rel.sdata .rel.sdata.* .rel.gnu.linkonce.s.*)
 *(.rela.sdata .rela.sdata.* .rela.gnu.linkonce.s.*)
 *(.rel.sbss .rel.sbss.* .rel.gnu.linkonce.sb.*)
 *(.rela.sbss .rela.sbss.* .rela.gnu.linkonce.sb.*)
 *(.rel.sdata2 .rel.sdata2.* .rel.gnu.linkonce.s2.*)
 *(.rela.sdata2 .rela.sdata2.* .rela.gnu.linkonce.s2.*)
 *(.rel.sbss2 .rel.sbss2.* .rel.gnu.linkonce.sb2.*)
 *(.rela.sbss2 .rela.sbss2.* .rela.gnu.linkonce.sb2.*)
 *(.rel.bss .rel.bss.* .rel.gnu.linkonce.b.*)
 *(.rela.bss .rela.bss.* .rela.gnu.linkonce.b.*)
 *(.rel.plt)
 *(.rela.plt)
 *(.rel.dyn)
 *(.init)
 *(.plt)
 *(.text .stub .text.* .gnu.linkonce.t.*)
 .text          0x000001bc       0x48 F:/project/qsys_ucosii_mail_msg/qsys/software/uCosii_bsp//obj/HAL/src/crt0.o
                0x000001bc                _start
 .text          0x00000204      0x3c4 obj/default/ucosii_mail_msg.o
                0x00000204                MailSend
                0x0000025c                MailReceiver
                0x000002c0                MsgSender
                0x00000360                MsgReceiver
                0x000003c4                start_task
                0x000003ec                initOSDataStructs
                0x00000434                initCreateTasks
                0x0000055c                main
 .text          0x000005c8       0x68 d:/altera/13.1/nios2eds/bin/gnu/h-i686-mingw32/bin/../lib/gcc/nios2-elf/4.7.3/../../../../../H-i686-mingw32/nios2-elf/lib\libc.a(lib_a-printf.o)
                0x000005c8                _printf_r
                0x000005f4                printf
 .text          0x00000630     0x1e50 d:/altera/13.1/nios2eds/bin/gnu/h-i686-mingw32/bin/../lib/gcc/nios2-elf/4.7.3/../../../../../H-i686-mingw32/nios2-elf/lib\libc.a(lib_a-vfprintf.o)
                0x00000664                ___vfprintf_internal_r
                0x0000245c                __vfprintf_internal
 .text          0x00002480      0x174 d:/altera/13.1/nios2eds/bin/gnu/h-i686-mingw32/bin/../lib/gcc/nios2-elf/4.7.3/../../../../../H-i686-mingw32/nios2-elf/lib\libc.a(lib_a-wsetup.o)
                0x00002480                __swsetup_r
 .text          0x000025f4     0x1824 d:/altera/13.1/nios2eds/bin/gnu/h-i686-mingw32/bin/../lib/gcc/nios2-elf/4.7.3/../../../../../H-i686-mingw32/nios2-elf/lib\libc.a(lib_a-dtoa.o)
                0x000027fc                _dtoa_r
 .text          0x00003e18      0x218 d:/altera/13.1/nios2eds/bin/gnu/h-i686-mingw32/bin/../lib/gcc/nios2-elf/4.7.3/../../../../../H-i686-mingw32/nios2-elf/lib\libc.a(lib_a-fflush.o)
                0x00003e18                _fflush_r
                0x00004000                fflush
 .text          0x00004030      0x2d8 d:/altera/13.1/nios2eds/bin/gnu/h-i686-mingw32/bin/../lib/gcc/nios2-elf/4.7.3/../../../../../H-i686-mingw32/nios2-elf/lib\libc.a(lib_a-findfp.o)
                0x00004040                _cleanup_r
                0x0000404c                __sfmoreglue
                0x000040b0                _cleanup
                0x000040c0                __sinit
                0x000041cc                __sfp
                0x000042c8                __sfp_lock_acquire
                0x000042cc                __sfp_lock_release
                0x000042d0                __sinit_lock_acquire
                0x000042d4                __sinit_lock_release
                0x000042d8                __fp_lock_all
                0x000042f0                __fp_unlock_all
 .text          0x00004308      0x40c d:/altera/13.1/nios2eds/bin/gnu/h-i686-mingw32/bin/../lib/gcc/nios2-elf/4.7.3/../../../../../H-i686-mingw32/nios2-elf/lib\libc.a(lib_a-freer.o)
                0x00004308                _malloc_trim_r
                0x00004444                _free_r
 .text          0x00004714      0x4e4 d:/altera/13.1/nios2eds/bin/gnu/h-i686-mingw32/bin/../lib/gcc/nios2-elf/4.7.3/../../../../../H-i686-mingw32/nios2-elf/lib\libc.a(lib_a-fvwrite.o)
                0x00004714                __sfvwrite_r
 .text          0x00004bf8      0x160 d:/altera/13.1/nios2eds/bin/gnu/h-i686-mingw32/bin/../lib/gcc/nios2-elf/4.7.3/../../../../../H-i686-mingw32/nios2-elf/lib\libc.a(lib_a-fwalk.o)
                0x00004bf8                _fwalk
                0x00004ca0                _fwalk_reent
 .text          0x00004d58        0x0 d:/altera/13.1/nios2eds/bin/gnu/h-i686-mingw32/bin/../lib/gcc/nios2-elf/4.7.3/../../../../../H-i686-mingw32/nios2-elf/lib\libc.a(lib_a-impure.o)
 .text          0x00004d58       0xdc d:/altera/13.1/nios2eds/bin/gnu/h-i686-mingw32/bin/../lib/gcc/nios2-elf/4.7.3/../../../../../H-i686-mingw32/nios2-elf/lib\libc.a(lib_a-locale.o)
                0x00004d58                _setlocale_r
                0x00004df4                __locale_charset
                0x00004e00                _localeconv_r
                0x00004e0c                setlocale
                0x00004e28                localeconv
 .text          0x00004e34      0x1a8 d:/altera/13.1/nios2eds/bin/gnu/h-i686-mingw32/bin/../lib/gcc/nios2-elf/4.7.3/../../../../../H-i686-mingw32/nios2-elf/lib\libc.a(lib_a-makebuf.o)
                0x00004e34                __smakebuf_r
 .text          0x00004fdc      0x784 d:/altera/13.1/nios2eds/bin/gnu/h-i686-mingw32/bin/../lib/gcc/nios2-elf/4.7.3/../../../../../H-i686-mingw32/nios2-elf/lib\libc.a(lib_a-mallocr.o)
                0x00004fdc                _malloc_r
 .text          0x00005760       0xf8 d:/altera/13.1/nios2eds/bin/gnu/h-i686-mingw32/bin/../lib/gcc/nios2-elf/4.7.3/../../../../../H-i686-mingw32/nios2-elf/lib\libc.a(lib_a-memchr.o)
                0x00005760                memchr
 .text          0x00005858       0xf8 d:/altera/13.1/nios2eds/bin/gnu/h-i686-mingw32/bin/../lib/gcc/nios2-elf/4.7.3/../../../../../H-i686-mingw32/nios2-elf/lib\libc.a(lib_a-memcpy.o)
                0x00005858                memcpy
 .text          0x00005950      0x128 d:/altera/13.1/nios2eds/bin/gnu/h-i686-mingw32/bin/../lib/gcc/nios2-elf/4.7.3/../../../../../H-i686-mingw32/nios2-elf/lib\libc.a(lib_a-memmove.o)
                0x00005950                memmove
 .text          0x00005a78       0xdc d:/altera/13.1/nios2eds/bin/gnu/h-i686-mingw32/bin/../lib/gcc/nios2-elf/4.7.3/../../../../../H-i686-mingw32/nios2-elf/lib\libc.a(lib_a-memset.o)
                0x00005a78                memset
 .text          0x00005b54      0xfa8 d:/altera/13.1/nios2eds/bin/gnu/h-i686-mingw32/bin/../lib/gcc/nios2-elf/4.7.3/../../../../../H-i686-mingw32/nios2-elf/lib\libc.a(lib_a-mprec.o)
                0x00005b54                _Balloc
                0x00005bfc                _Bfree
                0x00005c24                __multadd
                0x00005d38                __s2b
                0x00005e3c                __hi0bits
                0x00005ea4                __lo0bits
                0x00005f54                __i2b
                0x00005f90                __multiply
                0x00006170                __pow5mult
                0x0000629c                __lshift
                0x000063f8                __mcmp
                0x00006450                __mdiff
                0x000065f8                __ulp
                0x00006658                __b2d
                0x000067a0                __d2b
                0x000068e4                __ratio
                0x00006988                _mprec_log10
                0x000069fc                __copybits
                0x00006a78                __any_on
 .text          0x00006afc      0x5fc d:/altera/13.1/nios2eds/bin/gnu/h-i686-mingw32/bin/../lib/gcc/nios2-elf/4.7.3/../../../../../H-i686-mingw32/nios2-elf/lib\libc.a(lib_a-reallocr.o)
                0x00006afc                _realloc_r
 .text          0x000070f8       0x38 d:/altera/13.1/nios2eds/bin/gnu/h-i686-mingw32/bin/../lib/gcc/nios2-elf/4.7.3/../../../../../H-i686-mingw32/nios2-elf/lib\libc.a(lib_a-s_isinfd.o)
                0x000070f8                __isinfd
 .text          0x00007130       0x2c d:/altera/13.1/nios2eds/bin/gnu/h-i686-mingw32/bin/../lib/gcc/nios2-elf/4.7.3/../../../../../H-i686-mingw32/nios2-elf/lib\libc.a(lib_a-s_isnand.o)
                0x00007130                __isnand
 .text          0x0000715c       0x64 d:/altera/13.1/nios2eds/bin/gnu/h-i686-mingw32/bin/../lib/gcc/nios2-elf/4.7.3/../../../../../H-i686-mingw32/nios2-elf/lib\libc.a(lib_a-sbrkr.o)
                0x0000715c                _sbrk_r
 .text          0x000071c0      0x140 d:/altera/13.1/nios2eds/bin/gnu/h-i686-mingw32/bin/../lib/gcc/nios2-elf/4.7.3/../../../../../H-i686-mingw32/nios2-elf/lib\libc.a(lib_a-stdio.o)
                0x000071c0                __sread
                0x00007214                __swrite
                0x0000729c                __sseek
                0x000072f8                __sclose
 .text          0x00007300       0xa4 d:/altera/13.1/nios2eds/bin/gnu/h-i686-mingw32/bin/../lib/gcc/nios2-elf/4.7.3/../../../../../H-i686-mingw32/nios2-elf/lib\libc.a(lib_a-strcmp.o)
                0x00007300                strcmp
 .text          0x000073a4       0x8c d:/altera/13.1/nios2eds/bin/gnu/h-i686-mingw32/bin/../lib/gcc/nios2-elf/4.7.3/../../../../../H-i686-mingw32/nios2-elf/lib\libc.a(lib_a-strlen.o)
                0x000073a4                strlen
 .text          0x00007430       0x6c d:/altera/13.1/nios2eds/bin/gnu/h-i686-mingw32/bin/../lib/gcc/nios2-elf/4.7.3/../../../../../H-i686-mingw32/nios2-elf/lib\libc.a(lib_a-writer.o)
                0x00007430                _write_r
 .text          0x0000749c       0xbc d:/altera/13.1/nios2eds/bin/gnu/h-i686-mingw32/bin/../lib/gcc/nios2-elf/4.7.3/../../../../../H-i686-mingw32/nios2-elf/lib\libc.a(lib_a-callocr.o)
                0x0000749c                _calloc_r
 .text          0x00007558       0x64 d:/altera/13.1/nios2eds/bin/gnu/h-i686-mingw32/bin/../lib/gcc/nios2-elf/4.7.3/../../../../../H-i686-mingw32/nios2-elf/lib\libc.a(lib_a-closer.o)
                0x00007558                _close_r
 .text          0x000075bc      0x150 d:/altera/13.1/nios2eds/bin/gnu/h-i686-mingw32/bin/../lib/gcc/nios2-elf/4.7.3/../../../../../H-i686-mingw32/nios2-elf/lib\libc.a(lib_a-fclose.o)
                0x000075bc                _fclose_r
                0x000076f8                fclose
 .text          0x0000770c       0x68 d:/altera/13.1/nios2eds/bin/gnu/h-i686-mingw32/bin/../lib/gcc/nios2-elf/4.7.3/../../../../../H-i686-mingw32/nios2-elf/lib\libc.a(lib_a-fstatr.o)
                0x0000770c                _fstat_r
 .text          0x00007774        0x0 d:/altera/13.1/nios2eds/bin/gnu/h-i686-mingw32/bin/../lib/gcc/nios2-elf/4.7.3/../../../../../H-i686-mingw32/nios2-elf/lib\libc.a(lib_a-int_errno.o)
 .text          0x00007774       0x64 d:/altera/13.1/nios2eds/bin/gnu/h-i686-mingw32/bin/../lib/gcc/nios2-elf/4.7.3/../../../../../H-i686-mingw32/nios2-elf/lib\libc.a(lib_a-isattyr.o)
                0x00007774                _isatty_r
 .text          0x000077d8       0x6c d:/altera/13.1/nios2eds/bin/gnu/h-i686-mingw32/bin/../lib/gcc/nios2-elf/4.7.3/../../../../../H-i686-mingw32/nios2-elf/lib\libc.a(lib_a-lseekr.o)
                0x000077d8                _lseek_r
 .text          0x00007844       0x6c d:/altera/13.1/nios2eds/bin/gnu/h-i686-mingw32/bin/../lib/gcc/nios2-elf/4.7.3/../../../../../H-i686-mingw32/nios2-elf/lib\libc.a(lib_a-readr.o)
                0x00007844                _read_r
 .text          0x000078b0      0x5c8 d:/altera/13.1/nios2eds/bin/gnu/h-i686-mingw32/bin/../lib/gcc/nios2-elf/4.7.3\libgcc.a(_udivdi3.o)
                0x000078b0                __udivdi3
 .text          0x00007e78      0x58c d:/altera/13.1/nios2eds/bin/gnu/h-i686-mingw32/bin/../lib/gcc/nios2-elf/4.7.3\libgcc.a(_umoddi3.o)
                0x00007e78                __umoddi3
 .text          0x00008404      0x408 d:/altera/13.1/nios2eds/bin/gnu/h-i686-mingw32/bin/../lib/gcc/nios2-elf/4.7.3\libgcc.a(_addsub_df.o)
                0x00008758                __adddf3
                0x000087ac                __subdf3
 .text          0x0000880c      0x2e4 d:/altera/13.1/nios2eds/bin/gnu/h-i686-mingw32/bin/../lib/gcc/nios2-elf/4.7.3\libgcc.a(_mul_df.o)
                0x0000880c                __muldf3
 .text          0x00008af0      0x1b4 d:/altera/13.1/nios2eds/bin/gnu/h-i686-mingw32/bin/../lib/gcc/nios2-elf/4.7.3\libgcc.a(_div_df.o)
                0x00008af0                __divdf3
 .text          0x00008ca4       0x5c d:/altera/13.1/nios2eds/bin/gnu/h-i686-mingw32/bin/../lib/gcc/nios2-elf/4.7.3\libgcc.a(_eq_df.o)
                0x00008ca4                __eqdf2
 .text          0x00008d00       0x5c d:/altera/13.1/nios2eds/bin/gnu/h-i686-mingw32/bin/../lib/gcc/nios2-elf/4.7.3\libgcc.a(_ne_df.o)
                0x00008d00                __nedf2
 .text          0x00008d5c       0x64 d:/altera/13.1/nios2eds/bin/gnu/h-i686-mingw32/bin/../lib/gcc/nios2-elf/4.7.3\libgcc.a(_gt_df.o)
                0x00008d5c                __gtdf2
 .text          0x00008dc0       0x64 d:/altera/13.1/nios2eds/bin/gnu/h-i686-mingw32/bin/../lib/gcc/nios2-elf/4.7.3\libgcc.a(_ge_df.o)
                0x00008dc0                __gedf2
 .text          0x00008e24       0x5c d:/altera/13.1/nios2eds/bin/gnu/h-i686-mingw32/bin/../lib/gcc/nios2-elf/4.7.3\libgcc.a(_lt_df.o)
                0x00008e24                __ltdf2
 .text          0x00008e80       0xd4 d:/altera/13.1/nios2eds/bin/gnu/h-i686-mingw32/bin/../lib/gcc/nios2-elf/4.7.3\libgcc.a(_si_to_df.o)
                0x00008e80                __floatsidf
 .text          0x00008f54       0xd4 d:/altera/13.1/nios2eds/bin/gnu/h-i686-mingw32/bin/../lib/gcc/nios2-elf/4.7.3\libgcc.a(_df_to_si.o)
                0x00008f54                __fixdfsi
 .text          0x00009028        0x0 d:/altera/13.1/nios2eds/bin/gnu/h-i686-mingw32/bin/../lib/gcc/nios2-elf/4.7.3\libgcc.a(_thenan_df.o)
 .text          0x00009028      0x11c d:/altera/13.1/nios2eds/bin/gnu/h-i686-mingw32/bin/../lib/gcc/nios2-elf/4.7.3\libgcc.a(_usi_to_df.o)
                0x00009028                __floatunsidf
 .text          0x00009144      0x130 d:/altera/13.1/nios2eds/bin/gnu/h-i686-mingw32/bin/../lib/gcc/nios2-elf/4.7.3\libgcc.a(lib2-divmod.o)
                0x000091b8                __divsi3
                0x00009208                __modsi3
                0x00009264                __udivsi3
                0x0000926c                __umodsi3
 .text          0x00009274       0x60 d:/altera/13.1/nios2eds/bin/gnu/h-i686-mingw32/bin/../lib/gcc/nios2-elf/4.7.3\libgcc.a(_muldi3.o)
                0x00009274                __muldi3
 .text          0x000092d4        0x0 d:/altera/13.1/nios2eds/bin/gnu/h-i686-mingw32/bin/../lib/gcc/nios2-elf/4.7.3\libgcc.a(_clz.o)
 .text          0x000092d4       0xac d:/altera/13.1/nios2eds/bin/gnu/h-i686-mingw32/bin/../lib/gcc/nios2-elf/4.7.3\libgcc.a(_clzsi2.o)
                0x000092d4                __clzsi2
 .text          0x00009380      0x224 d:/altera/13.1/nios2eds/bin/gnu/h-i686-mingw32/bin/../lib/gcc/nios2-elf/4.7.3\libgcc.a(_pack_df.o)
                0x00009380                __pack_d
 .text          0x000095a4      0x104 d:/altera/13.1/nios2eds/bin/gnu/h-i686-mingw32/bin/../lib/gcc/nios2-elf/4.7.3\libgcc.a(_unpack_df.o)
                0x000095a4                __unpack_d
 .text          0x000096a8       0xd0 d:/altera/13.1/nios2eds/bin/gnu/h-i686-mingw32/bin/../lib/gcc/nios2-elf/4.7.3\libgcc.a(_fpcmp_parts_df.o)
                0x000096a8                __fpcmp_parts_d
 .text          0x00009778       0x44 d:/altera/13.1/nios2eds/bin/gnu/h-i686-mingw32/bin/../lib/gcc/nios2-elf/4.7.3\libgcc.a(_lshrdi3.o)
                0x00009778                __lshrdi3
 .text          0x000097bc       0x44 d:/altera/13.1/nios2eds/bin/gnu/h-i686-mingw32/bin/../lib/gcc/nios2-elf/4.7.3\libgcc.a(_ashldi3.o)
                0x000097bc                __ashldi3
 .text          0x00009800      0x118 F:/project/qsys_ucosii_mail_msg/qsys/software/uCosii_bsp/\libucosii_bsp.a(alt_close.o)
                0x00009850                close
 .text          0x00009918       0x2c F:/project/qsys_ucosii_mail_msg/qsys/software/uCosii_bsp/\libucosii_bsp.a(alt_dev.o)
 .text          0x00009944        0x0 F:/project/qsys_ucosii_mail_msg/qsys/software/uCosii_bsp/\libucosii_bsp.a(alt_errno.o)
 .text          0x00009944       0xfc F:/project/qsys_ucosii_mail_msg/qsys/software/uCosii_bsp/\libucosii_bsp.a(alt_fstat.o)
                0x00009994                fstat
 .text          0x00009a40       0xf0 F:/project/qsys_ucosii_mail_msg/qsys/software/uCosii_bsp/\libucosii_bsp.a(alt_isatty.o)
                0x00009a90                isatty
 .text          0x00009b30      0x120 F:/project/qsys_ucosii_mail_msg/qsys/software/uCosii_bsp/\libucosii_bsp.a(alt_lseek.o)
                0x00009b80                lseek
 .text          0x00009c50       0xcc F:/project/qsys_ucosii_mail_msg/qsys/software/uCosii_bsp/\libucosii_bsp.a(alt_main.o)
                0x00009c50                alt_main
 .text          0x00009d1c      0x140 F:/project/qsys_ucosii_mail_msg/qsys/software/uCosii_bsp/\libucosii_bsp.a(alt_read.o)
                0x00009d6c                read
 .text          0x00009e5c       0x60 F:/project/qsys_ucosii_mail_msg/qsys/software/uCosii_bsp/\libucosii_bsp.a(alt_release_fd.o)
                0x00009e5c                alt_release_fd
 .text          0x00009ebc       0xb0 F:/project/qsys_ucosii_mail_msg/qsys/software/uCosii_bsp/\libucosii_bsp.a(alt_sbrk.o)
                0x00009ebc                sbrk
 .text          0x00009f6c      0x13c F:/project/qsys_ucosii_mail_msg/qsys/software/uCosii_bsp/\libucosii_bsp.a(alt_write.o)
                0x00009fbc                write
 .text          0x0000a0a8      0x118 F:/project/qsys_ucosii_mail_msg/qsys/software/uCosii_bsp/\libucosii_bsp.a(alt_env_lock.o)
                0x0000a0a8                __env_lock
                0x0000a160                __env_unlock
 .text          0x0000a1c0      0x1e8 F:/project/qsys_ucosii_mail_msg/qsys/software/uCosii_bsp/\libucosii_bsp.a(alt_malloc_lock.o)
                0x0000a1c0                __malloc_lock
                0x0000a2d4                __malloc_unlock
 .text          0x0000a3a8     0x2024 F:/project/qsys_ucosii_mail_msg/qsys/software/uCosii_bsp/\libucosii_bsp.a(os_core.o)
                0x0000a3a8                OSEventNameGet
                0x0000a4c8                OSEventNameSet
                0x0000a60c                OSEventPendMulti
                0x0000ac48                OSInit
                0x0000ac9c                OSIntEnter
                0x0000ad18                OSIntExit
                0x0000ae0c                OSSchedLock
                0x0000ae94                OSSchedUnlock
                0x0000af6c                OSStart
                0x0000afd8                OSStatInit
                0x0000b084                OSTimeTick
                0x0000b2a4                OSVersion
                0x0000b2c4                OS_Dummy
                0x0000b2e0                OS_EventTaskRdy
                0x0000b478                OS_EventTaskWait
                0x0000b580                OS_EventTaskWaitMulti
                0x0000b6c8                OS_EventTaskRemove
                0x0000b778                OS_EventTaskRemoveMulti
                0x0000b870                OS_EventWaitListInit
                0x0000bc3c                OS_MemClr
                0x0000bc90                OS_MemCopy
                0x0000bcfc                OS_Sched
                0x0000be38                OS_StrCopy
                0x0000beb4                OS_StrLen
                0x0000bf08                OS_TaskIdle
                0x0000bf64                OS_TaskStat
                0x0000c02c                OS_TaskStatStkChk
                0x0000c0f4                OS_TCBInit
 .text          0x0000c3cc      0x18c F:/project/qsys_ucosii_mail_msg/qsys/software/uCosii_bsp/\libucosii_bsp.a(os_dbg.o)
                0x0000c3cc                OSDebugInit
 .text          0x0000c558     0x1834 F:/project/qsys_ucosii_mail_msg/qsys/software/uCosii_bsp/\libucosii_bsp.a(os_flag.o)
                0x0000c558                OSFlagAccept
                0x0000c860                OSFlagCreate
                0x0000c988                OSFlagDel
                0x0000cbf8                OSFlagNameGet
                0x0000cd28                OSFlagNameSet
                0x0000ce7c                OSFlagPend
                0x0000d47c                OSFlagPendGetFlagsRdy
                0x0000d4e4                OSFlagPost
                0x0000d878                OSFlagQuery
                0x0000dafc                OS_FlagInit
                0x0000dcec                OS_FlagUnlink
 .text          0x0000dd8c      0xba0 F:/project/qsys_ucosii_mail_msg/qsys/software/uCosii_bsp/\libucosii_bsp.a(os_mbox.o)
                0x0000dd8c                OSMboxAccept
                0x0000de24                OSMboxCreate
                0x0000df20                OSMboxDel
                0x0000e190                OSMboxPend
                0x0000e434                OSMboxPendAbort
                0x0000e5a8                OSMboxPost
                0x0000e6b8                OSMboxPostOpt
                0x0000e814                OSMboxQuery
 .text          0x0000e92c      0x788 F:/project/qsys_ucosii_mail_msg/qsys/software/uCosii_bsp/\libucosii_bsp.a(os_mem.o)
                0x0000e92c                OSMemCreate
                0x0000eb20                OSMemGet
                0x0000ec10                OSMemNameGet
                0x0000ed08                OSMemNameSet
                0x0000ee24                OSMemPut
                0x0000eefc                OSMemQuery
                0x0000efe4                OS_MemInit
 .text          0x0000f0b4     0x1224 F:/project/qsys_ucosii_mail_msg/qsys/software/uCosii_bsp/\libucosii_bsp.a(os_q.o)
                0x0000f0b4                OSQAccept
                0x0000f1f4                OSQCreate
                0x0000f3ec                OSQDel
                0x0000f6bc                OSQFlush
                0x0000f774                OSQPend
                0x0000fa70                OSQPendAbort
                0x0000fbe4                OSQPost
                0x0000fd4c                OSQPostFront
                0x0000febc                OSQPostOpt
                0x000100c8                OSQQuery
                0x0001022c                OS_QInit
 .text          0x000102d8      0xb28 F:/project/qsys_ucosii_mail_msg/qsys/software/uCosii_bsp/\libucosii_bsp.a(os_sem.o)
                0x000102d8                OSSemAccept
                0x00010388                OSSemCreate
                0x00010488                OSSemDel
                0x000106f8                OSSemPend
                0x00010964                OSSemPendAbort
                0x00010ad8                OSSemPost
                0x00010be8                OSSemQuery
                0x00010d00                OSSemSet
 .text          0x00010e00     0x18ec F:/project/qsys_ucosii_mail_msg/qsys/software/uCosii_bsp/\libucosii_bsp.a(os_task.o)
                0x00010e00                OSTaskChangePrio
                0x00011328                OSTaskCreate
                0x000114e4                OSTaskCreateExt
                0x000116d8                OSTaskDel
                0x00011ab4                OSTaskDelReq
                0x00011c0c                OSTaskNameGet
                0x00011db4                OSTaskNameSet
                0x00011f78                OSTaskResume
                0x0001216c                OSTaskStkChk
                0x00012340                OSTaskSuspend
                0x00012550                OSTaskQuery
                0x0001267c                OS_TaskStkClr
 .text          0x000126ec      0x634 F:/project/qsys_ucosii_mail_msg/qsys/software/uCosii_bsp/\libucosii_bsp.a(os_time.o)
                0x000126ec                OSTimeDly
                0x00012834                OSTimeDlyHMSM
                0x00012a6c                OSTimeDlyResume
                0x00012c58                OSTimeGet
                0x00012cbc                OSTimeSet
 .text          0x00012d20       0xd8 F:/project/qsys_ucosii_mail_msg/qsys/software/uCosii_bsp/\libucosii_bsp.a(alt_sys_init.o)
                0x00012d58                alt_irq_init
                0x00012d8c                alt_sys_init
 .text          0x00012df8      0x990 F:/project/qsys_ucosii_mail_msg/qsys/software/uCosii_bsp/\libucosii_bsp.a(altera_avalon_epcs_flash_controller.o)
                0x00012e30                alt_epcs_flash_init
                0x000131f8                alt_epcs_flash_write
                0x00013458                alt_epcs_flash_get_info
                0x00013578                alt_epcs_flash_erase_block
                0x000135ec                alt_epcs_flash_write_block
                0x000136f0                alt_epcs_flash_read
 .text          0x00013788      0x164 F:/project/qsys_ucosii_mail_msg/qsys/software/uCosii_bsp/\libucosii_bsp.a(altera_avalon_jtag_uart_fd.o)
                0x00013788                altera_avalon_jtag_uart_read_fd
                0x000137e8                altera_avalon_jtag_uart_write_fd
                0x00013848                altera_avalon_jtag_uart_close_fd
                0x00013898                altera_avalon_jtag_uart_ioctl_fd
 .text          0x000138ec      0x55c F:/project/qsys_ucosii_mail_msg/qsys/software/uCosii_bsp/\libucosii_bsp.a(altera_avalon_jtag_uart_init.o)
                0x000138ec                altera_avalon_jtag_uart_init
                0x00013de0                altera_avalon_jtag_uart_close
 .text          0x00013e48       0xf4 F:/project/qsys_ucosii_mail_msg/qsys/software/uCosii_bsp/\libucosii_bsp.a(altera_avalon_jtag_uart_ioctl.o)
                0x00013e48                altera_avalon_jtag_uart_ioctl
 .text          0x00013f3c      0x2c4 F:/project/qsys_ucosii_mail_msg/qsys/software/uCosii_bsp/\libucosii_bsp.a(altera_avalon_jtag_uart_read.o)
                0x00013f3c                altera_avalon_jtag_uart_read
 .text          0x00014200      0x2d0 F:/project/qsys_ucosii_mail_msg/qsys/software/uCosii_bsp/\libucosii_bsp.a(altera_avalon_jtag_uart_write.o)
                0x00014200                altera_avalon_jtag_uart_write
 .text          0x000144d0       0xfc F:/project/qsys_ucosii_mail_msg/qsys/software/uCosii_bsp/\libucosii_bsp.a(altera_avalon_timer_sc.o)
                0x00014544                alt_avalon_timer_sc_init
 .text          0x000145cc      0x624 F:/project/qsys_ucosii_mail_msg/qsys/software/uCosii_bsp/\libucosii_bsp.a(epcs_commands.o)
                0x000145cc                epcs_read_status_register
                0x00014698                epcs_sector_erase
                0x00014790                epcs_read_buffer
                0x00014884                epcs_write_enable
                0x000148d4                epcs_write_status_register
                0x0001493c                epcs_write_buffer
                0x00014a58                epcs_read_electronic_signature
                0x00014ac0                epcs_read_device_id
                0x00014b40                epcs_enter_4_bytes_mode
                0x00014b98                epcs_exit_4_bytes_mode
 .text          0x00014bf0      0x140 F:/project/qsys_ucosii_mail_msg/qsys/software/uCosii_bsp/\libucosii_bsp.a(alt_alarm_start.o)
                0x00014bf0                alt_alarm_start
 .text          0x00014d30       0xf0 F:/project/qsys_ucosii_mail_msg/qsys/software/uCosii_bsp/\libucosii_bsp.a(alt_dev_llist_insert.o)
                0x00014d80                alt_dev_llist_insert
 .text          0x00014e20       0x5c F:/project/qsys_ucosii_mail_msg/qsys/software/uCosii_bsp/\libucosii_bsp.a(alt_do_ctors.o)
                0x00014e20                _do_ctors
 .text          0x00014e7c       0x5c F:/project/qsys_ucosii_mail_msg/qsys/software/uCosii_bsp/\libucosii_bsp.a(alt_do_dtors.o)
                0x00014e7c                _do_dtors
 .text          0x00014ed8       0xb8 F:/project/qsys_ucosii_mail_msg/qsys/software/uCosii_bsp/\libucosii_bsp.a(alt_flash_dev.o)
                0x00014ed8                alt_flash_open_dev
                0x00014f40                alt_flash_close_dev
 .text          0x00014f90      0x1d8 F:/project/qsys_ucosii_mail_msg/qsys/software/uCosii_bsp/\libucosii_bsp.a(alt_iic.o)
                0x00014f90                alt_ic_isr_register
                0x00014fe0                alt_ic_irq_enable
                0x0001507c                alt_ic_irq_disable
                0x0001511c                alt_ic_irq_enabled
 .text          0x00015168       0xf0 F:/project/qsys_ucosii_mail_msg/qsys/software/uCosii_bsp/\libucosii_bsp.a(alt_iic_isr_register.o)
                0x00015168                alt_iic_isr_register
 .text          0x00015258      0x138 F:/project/qsys_ucosii_mail_msg/qsys/software/uCosii_bsp/\libucosii_bsp.a(alt_io_redirect.o)
                0x00015318                alt_io_redirect
 .text          0x00015390        0x0 F:/project/qsys_ucosii_mail_msg/qsys/software/uCosii_bsp/\libucosii_bsp.a(alt_irq_entry.o)
 .text          0x00015390        0x0 F:/project/qsys_ucosii_mail_msg/qsys/software/uCosii_bsp/\libucosii_bsp.a(alt_irq_handler.o)
 .text          0x00015390        0x0 F:/project/qsys_ucosii_mail_msg/qsys/software/uCosii_bsp/\libucosii_bsp.a(alt_irq_vars.o)
 .text          0x00015390      0x270 F:/project/qsys_ucosii_mail_msg/qsys/software/uCosii_bsp/\libucosii_bsp.a(alt_open.o)
                0x000154ac                open
 .text          0x00015600      0x19c F:/project/qsys_ucosii_mail_msg/qsys/software/uCosii_bsp/\libucosii_bsp.a(alt_tick.o)
                0x00015600                alt_alarm_stop
                0x00015698                alt_tick
 .text          0x0001579c       0x20 F:/project/qsys_ucosii_mail_msg/qsys/software/uCosii_bsp/\libucosii_bsp.a(altera_nios2_qsys_irq.o)
                0x0001579c                altera_nios2_qsys_irq_init
 .text          0x000157bc       0xd0 F:/project/qsys_ucosii_mail_msg/qsys/software/uCosii_bsp/\libucosii_bsp.a(os_cpu_a.o)
                0x000157bc                OSCtxSw
                0x000157bc                OSIntCtxSw
                0x00015848                OSStartHighRdy
                0x00015868                OSStartTsk
 .text          0x0001588c      0x3fc F:/project/qsys_ucosii_mail_msg/qsys/software/uCosii_bsp/\libucosii_bsp.a(os_cpu_c.o)
                0x0001588c                OSTaskStkInit
                0x00015b80                OSTaskCreateHook
                0x00015ba0                OSTaskDelHook
                0x00015bc0                OSTaskSwHook
                0x00015bdc                OSTaskStatHook
                0x00015bf8                OSTimeTickHook
                0x00015c14                OSInitHookBegin
                0x00015c30                OSInitHookEnd
                0x00015c4c                OSTaskIdleHook
                0x00015c68                OSTCBInitHook
 .text          0x00015c88      0x208 F:/project/qsys_ucosii_mail_msg/qsys/software/uCosii_bsp/\libucosii_bsp.a(altera_avalon_spi.o)
                0x00015c88                alt_avalon_spi_command
 .text          0x00015e90        0x0 F:/project/qsys_ucosii_mail_msg/qsys/software/uCosii_bsp/\libucosii_bsp.a(alt_exception_entry.o)
 .text          0x00015e90       0x90 F:/project/qsys_ucosii_mail_msg/qsys/software/uCosii_bsp/\libucosii_bsp.a(alt_find_dev.o)
                0x00015e90                alt_find_dev
 .text          0x00015f20      0x114 F:/project/qsys_ucosii_mail_msg/qsys/software/uCosii_bsp/\libucosii_bsp.a(alt_find_file.o)
                0x00015f20                alt_find_file
 .text          0x00016034       0xfc F:/project/qsys_ucosii_mail_msg/qsys/software/uCosii_bsp/\libucosii_bsp.a(alt_get_fd.o)
                0x00016034                alt_get_fd
 .text          0x00016130       0x14 d:/altera/13.1/nios2eds/bin/gnu/h-i686-mingw32/bin/../lib/gcc/nios2-elf/4.7.3/../../../../../H-i686-mingw32/nios2-elf/lib\libc.a(lib_a-atexit.o)
                0x00016130                atexit
 .text          0x00016144       0x38 d:/altera/13.1/nios2eds/bin/gnu/h-i686-mingw32/bin/../lib/gcc/nios2-elf/4.7.3/../../../../../H-i686-mingw32/nios2-elf/lib\libc.a(lib_a-exit.o)
                0x00016144                exit
 .text          0x0001617c       0x7c d:/altera/13.1/nios2eds/bin/gnu/h-i686-mingw32/bin/../lib/gcc/nios2-elf/4.7.3/../../../../../H-i686-mingw32/nios2-elf/lib\libc.a(lib_a-memcmp.o)
                0x0001617c                memcmp
 .text          0x000161f8      0x130 d:/altera/13.1/nios2eds/bin/gnu/h-i686-mingw32/bin/../lib/gcc/nios2-elf/4.7.3/../../../../../H-i686-mingw32/nios2-elf/lib\libc.a(lib_a-__atexit.o)
                0x000161f8                __register_exitproc
 .text          0x00016328      0x1a0 d:/altera/13.1/nios2eds/bin/gnu/h-i686-mingw32/bin/../lib/gcc/nios2-elf/4.7.3/../../../../../H-i686-mingw32/nios2-elf/lib\libc.a(lib_a-__call_atexit.o)
                0x00016328                __call_exitprocs
 .text          0x000164c8       0x84 d:/altera/13.1/nios2eds/bin/gnu/h-i686-mingw32/bin/../lib/gcc/nios2-elf/4.7.3\libgcc.a(_fixunsdfsi.o)
                0x000164c8                __fixunsdfsi
 .text          0x0001654c       0x44 F:/project/qsys_ucosii_mail_msg/qsys/software/uCosii_bsp/\libucosii_bsp.a(alt_exit.o)
                0x0001654c                _exit
 *(.gnu.warning.*)
 *(.fini)
                0x00016590                PROVIDE (__etext, ABSOLUTE (.))
                0x00016590                PROVIDE (_etext, ABSOLUTE (.))
                0x00016590                PROVIDE (etext, ABSOLUTE (.))
 *(.eh_frame_hdr)
                0x00016590                . = ALIGN (0x4)
                0x00016590                PROVIDE (__preinit_array_start, ABSOLUTE (.))
 *(.preinit_array)
                0x00016590                PROVIDE (__preinit_array_end, ABSOLUTE (.))
                0x00016590                PROVIDE (__init_array_start, ABSOLUTE (.))
 *(.init_array)
                0x00016590                PROVIDE (__init_array_end, ABSOLUTE (.))
                0x00016590                PROVIDE (__fini_array_start, ABSOLUTE (.))
 *(.fini_array)
                0x00016590                PROVIDE (__fini_array_end, ABSOLUTE (.))
 *(.eh_frame)
 *(.gcc_except_table .gcc_except_table.*)
 *(.dynamic)
                0x00016590                PROVIDE (__CTOR_LIST__, ABSOLUTE (.))
 *(.ctors)
 *(SORT(.ctors.*))
                0x00016590                PROVIDE (__CTOR_END__, ABSOLUTE (.))
                0x00016590                PROVIDE (__DTOR_LIST__, ABSOLUTE (.))
 *(.dtors)
 *(SORT(.dtors.*))
                0x00016590                PROVIDE (__DTOR_END__, ABSOLUTE (.))
 *(.jcr)
                0x00016590                . = ALIGN (0x4)

.rodata         0x00016590      0x4b4
                0x00016590                PROVIDE (__ram_rodata_start, ABSOLUTE (.))
                0x00016590                . = ALIGN (0x4)
 *(.rodata .rodata.* .gnu.linkonce.r.*)
 .rodata        0x00016590       0x68 obj/default/ucosii_mail_msg.o
 .rodata.str1.4
                0x000165f8       0x42 d:/altera/13.1/nios2eds/bin/gnu/h-i686-mingw32/bin/../lib/gcc/nios2-elf/4.7.3/../../../../../H-i686-mingw32/nios2-elf/lib\libc.a(lib_a-vfprintf.o)
                                 0x44 (size before relaxing)
 .rodata        0x0001663a       0x20 d:/altera/13.1/nios2eds/bin/gnu/h-i686-mingw32/bin/../lib/gcc/nios2-elf/4.7.3/../../../../../H-i686-mingw32/nios2-elf/lib\libc.a(lib_a-vfprintf.o)
 *fill*         0x0001665a        0x2 
 .rodata.str1.4
                0x0001665c       0x10 d:/altera/13.1/nios2eds/bin/gnu/h-i686-mingw32/bin/../lib/gcc/nios2-elf/4.7.3/../../../../../H-i686-mingw32/nios2-elf/lib\libc.a(lib_a-dtoa.o)
                                 0x14 (size before relaxing)
 .rodata.str1.4
                0x0001666c        0x2 d:/altera/13.1/nios2eds/bin/gnu/h-i686-mingw32/bin/../lib/gcc/nios2-elf/4.7.3/../../../../../H-i686-mingw32/nios2-elf/lib\libc.a(lib_a-impure.o)
                                  0x4 (size before relaxing)
 *fill*         0x0001666e        0x2 
 .rodata.str1.4
                0x00016670       0x10 d:/altera/13.1/nios2eds/bin/gnu/h-i686-mingw32/bin/../lib/gcc/nios2-elf/4.7.3/../../../../../H-i686-mingw32/nios2-elf/lib\libc.a(lib_a-locale.o)
                                 0x18 (size before relaxing)
 .rodata        0x00016680       0x30 d:/altera/13.1/nios2eds/bin/gnu/h-i686-mingw32/bin/../lib/gcc/nios2-elf/4.7.3/../../../../../H-i686-mingw32/nios2-elf/lib\libc.a(lib_a-locale.o)
 .rodata        0x000166b0      0x124 d:/altera/13.1/nios2eds/bin/gnu/h-i686-mingw32/bin/../lib/gcc/nios2-elf/4.7.3/../../../../../H-i686-mingw32/nios2-elf/lib\libc.a(lib_a-mprec.o)
                0x000166b0                __mprec_tinytens
                0x000166d8                __mprec_bigtens
                0x00016700                __mprec_tens
 .rodata        0x000167d4       0x14 d:/altera/13.1/nios2eds/bin/gnu/h-i686-mingw32/bin/../lib/gcc/nios2-elf/4.7.3\libgcc.a(_thenan_df.o)
                0x000167d4                __thenan_df
 .rodata        0x000167e8      0x100 d:/altera/13.1/nios2eds/bin/gnu/h-i686-mingw32/bin/../lib/gcc/nios2-elf/4.7.3\libgcc.a(_clz.o)
                0x000167e8                __clz_tab
 .rodata        0x000168e8        0xc F:/project/qsys_ucosii_mail_msg/qsys/software/uCosii_bsp/\libucosii_bsp.a(alt_dev.o)
 .rodata        0x000168f4       0x10 F:/project/qsys_ucosii_mail_msg/qsys/software/uCosii_bsp/\libucosii_bsp.a(alt_main.o)
 .rodata        0x00016904      0x120 F:/project/qsys_ucosii_mail_msg/qsys/software/uCosii_bsp/\libucosii_bsp.a(os_core.o)
                0x00016904                OSUnMapTbl
 .rodata        0x00016a24       0x1c F:/project/qsys_ucosii_mail_msg/qsys/software/uCosii_bsp/\libucosii_bsp.a(alt_sys_init.o)
 .rodata        0x00016a40        0x4 F:/project/qsys_ucosii_mail_msg/qsys/software/uCosii_bsp/\libucosii_bsp.a(os_cpu_c.o)
 *(.rodata1)
                0x00016a44                . = ALIGN (0x4)
                0x00016a44                PROVIDE (__ram_rodata_end, ABSOLUTE (.))
                0x00016590                PROVIDE (__flash_rodata_start, LOADADDR (.rodata))

.rwdata         0x00016a44     0x1bd8
                0x00016a44                PROVIDE (__ram_rwdata_start, ABSOLUTE (.))
                0x00016a44                . = ALIGN (0x4)
 *(.got.plt)
 *(.got)
 *(.data1)
 *(.data .data.* .gnu.linkonce.d.*)
 .data          0x00016a44        0x0 F:/project/qsys_ucosii_mail_msg/qsys/software/uCosii_bsp//obj/HAL/src/crt0.o
 .data          0x00016a44       0x28 obj/default/ucosii_mail_msg.o
                0x00016a44                data_arr
 .data          0x00016a6c        0x0 d:/altera/13.1/nios2eds/bin/gnu/h-i686-mingw32/bin/../lib/gcc/nios2-elf/4.7.3/../../../../../H-i686-mingw32/nios2-elf/lib\libc.a(lib_a-printf.o)
 .data          0x00016a6c        0x0 d:/altera/13.1/nios2eds/bin/gnu/h-i686-mingw32/bin/../lib/gcc/nios2-elf/4.7.3/../../../../../H-i686-mingw32/nios2-elf/lib\libc.a(lib_a-vfprintf.o)
 .data          0x00016a6c        0x0 d:/altera/13.1/nios2eds/bin/gnu/h-i686-mingw32/bin/../lib/gcc/nios2-elf/4.7.3/../../../../../H-i686-mingw32/nios2-elf/lib\libc.a(lib_a-wsetup.o)
 .data          0x00016a6c        0x0 d:/altera/13.1/nios2eds/bin/gnu/h-i686-mingw32/bin/../lib/gcc/nios2-elf/4.7.3/../../../../../H-i686-mingw32/nios2-elf/lib\libc.a(lib_a-dtoa.o)
 .data          0x00016a6c        0x0 d:/altera/13.1/nios2eds/bin/gnu/h-i686-mingw32/bin/../lib/gcc/nios2-elf/4.7.3/../../../../../H-i686-mingw32/nios2-elf/lib\libc.a(lib_a-fflush.o)
 .data          0x00016a6c        0x0 d:/altera/13.1/nios2eds/bin/gnu/h-i686-mingw32/bin/../lib/gcc/nios2-elf/4.7.3/../../../../../H-i686-mingw32/nios2-elf/lib\libc.a(lib_a-findfp.o)
 .data          0x00016a6c        0x0 d:/altera/13.1/nios2eds/bin/gnu/h-i686-mingw32/bin/../lib/gcc/nios2-elf/4.7.3/../../../../../H-i686-mingw32/nios2-elf/lib\libc.a(lib_a-freer.o)
 .data          0x00016a6c        0x0 d:/altera/13.1/nios2eds/bin/gnu/h-i686-mingw32/bin/../lib/gcc/nios2-elf/4.7.3/../../../../../H-i686-mingw32/nios2-elf/lib\libc.a(lib_a-fvwrite.o)
 .data          0x00016a6c        0x0 d:/altera/13.1/nios2eds/bin/gnu/h-i686-mingw32/bin/../lib/gcc/nios2-elf/4.7.3/../../../../../H-i686-mingw32/nios2-elf/lib\libc.a(lib_a-fwalk.o)
 .data          0x00016a6c      0x400 d:/altera/13.1/nios2eds/bin/gnu/h-i686-mingw32/bin/../lib/gcc/nios2-elf/4.7.3/../../../../../H-i686-mingw32/nios2-elf/lib\libc.a(lib_a-impure.o)
 .data          0x00016e6c        0xc d:/altera/13.1/nios2eds/bin/gnu/h-i686-mingw32/bin/../lib/gcc/nios2-elf/4.7.3/../../../../../H-i686-mingw32/nios2-elf/lib\libc.a(lib_a-locale.o)
                0x00016e6c                __lc_ctype
 .data          0x00016e78        0x0 d:/altera/13.1/nios2eds/bin/gnu/h-i686-mingw32/bin/../lib/gcc/nios2-elf/4.7.3/../../../../../H-i686-mingw32/nios2-elf/lib\libc.a(lib_a-makebuf.o)
 .data          0x00016e78      0x408 d:/altera/13.1/nios2eds/bin/gnu/h-i686-mingw32/bin/../lib/gcc/nios2-elf/4.7.3/../../../../../H-i686-mingw32/nios2-elf/lib\libc.a(lib_a-mallocr.o)
                0x00016e78                __malloc_av_
 .data          0x00017280        0x0 d:/altera/13.1/nios2eds/bin/gnu/h-i686-mingw32/bin/../lib/gcc/nios2-elf/4.7.3/../../../../../H-i686-mingw32/nios2-elf/lib\libc.a(lib_a-memchr.o)
 .data          0x00017280        0x0 d:/altera/13.1/nios2eds/bin/gnu/h-i686-mingw32/bin/../lib/gcc/nios2-elf/4.7.3/../../../../../H-i686-mingw32/nios2-elf/lib\libc.a(lib_a-memcpy.o)
 .data          0x00017280        0x0 d:/altera/13.1/nios2eds/bin/gnu/h-i686-mingw32/bin/../lib/gcc/nios2-elf/4.7.3/../../../../../H-i686-mingw32/nios2-elf/lib\libc.a(lib_a-memmove.o)
 .data          0x00017280        0x0 d:/altera/13.1/nios2eds/bin/gnu/h-i686-mingw32/bin/../lib/gcc/nios2-elf/4.7.3/../../../../../H-i686-mingw32/nios2-elf/lib\libc.a(lib_a-memset.o)
 .data          0x00017280        0x0 d:/altera/13.1/nios2eds/bin/gnu/h-i686-mingw32/bin/../lib/gcc/nios2-elf/4.7.3/../../../../../H-i686-mingw32/nios2-elf/lib\libc.a(lib_a-mprec.o)
 .data          0x00017280        0x0 d:/altera/13.1/nios2eds/bin/gnu/h-i686-mingw32/bin/../lib/gcc/nios2-elf/4.7.3/../../../../../H-i686-mingw32/nios2-elf/lib\libc.a(lib_a-reallocr.o)
 .data          0x00017280        0x0 d:/altera/13.1/nios2eds/bin/gnu/h-i686-mingw32/bin/../lib/gcc/nios2-elf/4.7.3/../../../../../H-i686-mingw32/nios2-elf/lib\libc.a(lib_a-s_isinfd.o)
 .data          0x00017280        0x0 d:/altera/13.1/nios2eds/bin/gnu/h-i686-mingw32/bin/../lib/gcc/nios2-elf/4.7.3/../../../../../H-i686-mingw32/nios2-elf/lib\libc.a(lib_a-s_isnand.o)
 .data          0x00017280        0x0 d:/altera/13.1/nios2eds/bin/gnu/h-i686-mingw32/bin/../lib/gcc/nios2-elf/4.7.3/../../../../../H-i686-mingw32/nios2-elf/lib\libc.a(lib_a-sbrkr.o)
 .data          0x00017280        0x0 d:/altera/13.1/nios2eds/bin/gnu/h-i686-mingw32/bin/../lib/gcc/nios2-elf/4.7.3/../../../../../H-i686-mingw32/nios2-elf/lib\libc.a(lib_a-stdio.o)
 .data          0x00017280        0x0 d:/altera/13.1/nios2eds/bin/gnu/h-i686-mingw32/bin/../lib/gcc/nios2-elf/4.7.3/../../../../../H-i686-mingw32/nios2-elf/lib\libc.a(lib_a-strcmp.o)
 .data          0x00017280        0x0 d:/altera/13.1/nios2eds/bin/gnu/h-i686-mingw32/bin/../lib/gcc/nios2-elf/4.7.3/../../../../../H-i686-mingw32/nios2-elf/lib\libc.a(lib_a-strlen.o)
 .data          0x00017280        0x0 d:/altera/13.1/nios2eds/bin/gnu/h-i686-mingw32/bin/../lib/gcc/nios2-elf/4.7.3/../../../../../H-i686-mingw32/nios2-elf/lib\libc.a(lib_a-writer.o)
 .data          0x00017280        0x0 d:/altera/13.1/nios2eds/bin/gnu/h-i686-mingw32/bin/../lib/gcc/nios2-elf/4.7.3/../../../../../H-i686-mingw32/nios2-elf/lib\libc.a(lib_a-callocr.o)
 .data          0x00017280        0x0 d:/altera/13.1/nios2eds/bin/gnu/h-i686-mingw32/bin/../lib/gcc/nios2-elf/4.7.3/../../../../../H-i686-mingw32/nios2-elf/lib\libc.a(lib_a-closer.o)
 .data          0x00017280        0x0 d:/altera/13.1/nios2eds/bin/gnu/h-i686-mingw32/bin/../lib/gcc/nios2-elf/4.7.3/../../../../../H-i686-mingw32/nios2-elf/lib\libc.a(lib_a-fclose.o)
 .data          0x00017280        0x0 d:/altera/13.1/nios2eds/bin/gnu/h-i686-mingw32/bin/../lib/gcc/nios2-elf/4.7.3/../../../../../H-i686-mingw32/nios2-elf/lib\libc.a(lib_a-fstatr.o)
 .data          0x00017280        0x0 d:/altera/13.1/nios2eds/bin/gnu/h-i686-mingw32/bin/../lib/gcc/nios2-elf/4.7.3/../../../../../H-i686-mingw32/nios2-elf/lib\libc.a(lib_a-int_errno.o)
 .data          0x00017280        0x0 d:/altera/13.1/nios2eds/bin/gnu/h-i686-mingw32/bin/../lib/gcc/nios2-elf/4.7.3/../../../../../H-i686-mingw32/nios2-elf/lib\libc.a(lib_a-isattyr.o)
 .data          0x00017280        0x0 d:/altera/13.1/nios2eds/bin/gnu/h-i686-mingw32/bin/../lib/gcc/nios2-elf/4.7.3/../../../../../H-i686-mingw32/nios2-elf/lib\libc.a(lib_a-lseekr.o)
 .data          0x00017280        0x0 d:/altera/13.1/nios2eds/bin/gnu/h-i686-mingw32/bin/../lib/gcc/nios2-elf/4.7.3/../../../../../H-i686-mingw32/nios2-elf/lib\libc.a(lib_a-readr.o)
 .data          0x00017280        0x0 d:/altera/13.1/nios2eds/bin/gnu/h-i686-mingw32/bin/../lib/gcc/nios2-elf/4.7.3\libgcc.a(_udivdi3.o)
 .data          0x00017280        0x0 d:/altera/13.1/nios2eds/bin/gnu/h-i686-mingw32/bin/../lib/gcc/nios2-elf/4.7.3\libgcc.a(_umoddi3.o)
 .data          0x00017280        0x0 d:/altera/13.1/nios2eds/bin/gnu/h-i686-mingw32/bin/../lib/gcc/nios2-elf/4.7.3\libgcc.a(_addsub_df.o)
 .data          0x00017280        0x0 d:/altera/13.1/nios2eds/bin/gnu/h-i686-mingw32/bin/../lib/gcc/nios2-elf/4.7.3\libgcc.a(_mul_df.o)
 .data          0x00017280        0x0 d:/altera/13.1/nios2eds/bin/gnu/h-i686-mingw32/bin/../lib/gcc/nios2-elf/4.7.3\libgcc.a(_div_df.o)
 .data          0x00017280        0x0 d:/altera/13.1/nios2eds/bin/gnu/h-i686-mingw32/bin/../lib/gcc/nios2-elf/4.7.3\libgcc.a(_eq_df.o)
 .data          0x00017280        0x0 d:/altera/13.1/nios2eds/bin/gnu/h-i686-mingw32/bin/../lib/gcc/nios2-elf/4.7.3\libgcc.a(_ne_df.o)
 .data          0x00017280        0x0 d:/altera/13.1/nios2eds/bin/gnu/h-i686-mingw32/bin/../lib/gcc/nios2-elf/4.7.3\libgcc.a(_gt_df.o)
 .data          0x00017280        0x0 d:/altera/13.1/nios2eds/bin/gnu/h-i686-mingw32/bin/../lib/gcc/nios2-elf/4.7.3\libgcc.a(_ge_df.o)
 .data          0x00017280        0x0 d:/altera/13.1/nios2eds/bin/gnu/h-i686-mingw32/bin/../lib/gcc/nios2-elf/4.7.3\libgcc.a(_lt_df.o)
 .data          0x00017280        0x0 d:/altera/13.1/nios2eds/bin/gnu/h-i686-mingw32/bin/../lib/gcc/nios2-elf/4.7.3\libgcc.a(_si_to_df.o)
 .data          0x00017280        0x0 d:/altera/13.1/nios2eds/bin/gnu/h-i686-mingw32/bin/../lib/gcc/nios2-elf/4.7.3\libgcc.a(_df_to_si.o)
 .data          0x00017280        0x0 d:/altera/13.1/nios2eds/bin/gnu/h-i686-mingw32/bin/../lib/gcc/nios2-elf/4.7.3\libgcc.a(_thenan_df.o)
 .data          0x00017280        0x0 d:/altera/13.1/nios2eds/bin/gnu/h-i686-mingw32/bin/../lib/gcc/nios2-elf/4.7.3\libgcc.a(_usi_to_df.o)
 .data          0x00017280        0x0 d:/altera/13.1/nios2eds/bin/gnu/h-i686-mingw32/bin/../lib/gcc/nios2-elf/4.7.3\libgcc.a(lib2-divmod.o)
 .data          0x00017280        0x0 d:/altera/13.1/nios2eds/bin/gnu/h-i686-mingw32/bin/../lib/gcc/nios2-elf/4.7.3\libgcc.a(_muldi3.o)
 .data          0x00017280        0x0 d:/altera/13.1/nios2eds/bin/gnu/h-i686-mingw32/bin/../lib/gcc/nios2-elf/4.7.3\libgcc.a(_clz.o)
 .data          0x00017280        0x0 d:/altera/13.1/nios2eds/bin/gnu/h-i686-mingw32/bin/../lib/gcc/nios2-elf/4.7.3\libgcc.a(_clzsi2.o)
 .data          0x00017280        0x0 d:/altera/13.1/nios2eds/bin/gnu/h-i686-mingw32/bin/../lib/gcc/nios2-elf/4.7.3\libgcc.a(_pack_df.o)
 .data          0x00017280        0x0 d:/altera/13.1/nios2eds/bin/gnu/h-i686-mingw32/bin/../lib/gcc/nios2-elf/4.7.3\libgcc.a(_unpack_df.o)
 .data          0x00017280        0x0 d:/altera/13.1/nios2eds/bin/gnu/h-i686-mingw32/bin/../lib/gcc/nios2-elf/4.7.3\libgcc.a(_fpcmp_parts_df.o)
 .data          0x00017280        0x0 d:/altera/13.1/nios2eds/bin/gnu/h-i686-mingw32/bin/../lib/gcc/nios2-elf/4.7.3\libgcc.a(_lshrdi3.o)
 .data          0x00017280        0x0 d:/altera/13.1/nios2eds/bin/gnu/h-i686-mingw32/bin/../lib/gcc/nios2-elf/4.7.3\libgcc.a(_ashldi3.o)
 .data          0x00017280        0x0 F:/project/qsys_ucosii_mail_msg/qsys/software/uCosii_bsp/\libucosii_bsp.a(alt_close.o)
 .data          0x00017280      0x1a8 F:/project/qsys_ucosii_mail_msg/qsys/software/uCosii_bsp/\libucosii_bsp.a(alt_dev.o)
                0x00017280                alt_dev_null
                0x000172a8                alt_fd_list
 .data          0x00017428        0x0 F:/project/qsys_ucosii_mail_msg/qsys/software/uCosii_bsp/\libucosii_bsp.a(alt_errno.o)
 .data          0x00017428        0x0 F:/project/qsys_ucosii_mail_msg/qsys/software/uCosii_bsp/\libucosii_bsp.a(alt_fstat.o)
 .data          0x00017428        0x0 F:/project/qsys_ucosii_mail_msg/qsys/software/uCosii_bsp/\libucosii_bsp.a(alt_isatty.o)
 .data          0x00017428        0x0 F:/project/qsys_ucosii_mail_msg/qsys/software/uCosii_bsp/\libucosii_bsp.a(alt_lseek.o)
 .data          0x00017428        0x0 F:/project/qsys_ucosii_mail_msg/qsys/software/uCosii_bsp/\libucosii_bsp.a(alt_main.o)
 .data          0x00017428        0x0 F:/project/qsys_ucosii_mail_msg/qsys/software/uCosii_bsp/\libucosii_bsp.a(alt_read.o)
 .data          0x00017428        0x0 F:/project/qsys_ucosii_mail_msg/qsys/software/uCosii_bsp/\libucosii_bsp.a(alt_release_fd.o)
 .data          0x00017428        0x0 F:/project/qsys_ucosii_mail_msg/qsys/software/uCosii_bsp/\libucosii_bsp.a(alt_sbrk.o)
 .data          0x00017428        0x0 F:/project/qsys_ucosii_mail_msg/qsys/software/uCosii_bsp/\libucosii_bsp.a(alt_write.o)
 .data          0x00017428        0x0 F:/project/qsys_ucosii_mail_msg/qsys/software/uCosii_bsp/\libucosii_bsp.a(alt_env_lock.o)
 .data          0x00017428        0x0 F:/project/qsys_ucosii_mail_msg/qsys/software/uCosii_bsp/\libucosii_bsp.a(alt_malloc_lock.o)
 .data          0x00017428        0x0 F:/project/qsys_ucosii_mail_msg/qsys/software/uCosii_bsp/\libucosii_bsp.a(os_core.o)
 .data          0x00017428        0x0 F:/project/qsys_ucosii_mail_msg/qsys/software/uCosii_bsp/\libucosii_bsp.a(os_dbg.o)
 .data          0x00017428        0x0 F:/project/qsys_ucosii_mail_msg/qsys/software/uCosii_bsp/\libucosii_bsp.a(os_flag.o)
 .data          0x00017428        0x0 F:/project/qsys_ucosii_mail_msg/qsys/software/uCosii_bsp/\libucosii_bsp.a(os_mbox.o)
 .data          0x00017428        0x0 F:/project/qsys_ucosii_mail_msg/qsys/software/uCosii_bsp/\libucosii_bsp.a(os_mem.o)
 .data          0x00017428        0x0 F:/project/qsys_ucosii_mail_msg/qsys/software/uCosii_bsp/\libucosii_bsp.a(os_q.o)
 .data          0x00017428        0x0 F:/project/qsys_ucosii_mail_msg/qsys/software/uCosii_bsp/\libucosii_bsp.a(os_sem.o)
 .data          0x00017428        0x0 F:/project/qsys_ucosii_mail_msg/qsys/software/uCosii_bsp/\libucosii_bsp.a(os_task.o)
 .data          0x00017428        0x0 F:/project/qsys_ucosii_mail_msg/qsys/software/uCosii_bsp/\libucosii_bsp.a(os_time.o)
 .data          0x00017428     0x1134 F:/project/qsys_ucosii_mail_msg/qsys/software/uCosii_bsp/\libucosii_bsp.a(alt_sys_init.o)
 .data          0x0001855c        0x0 F:/project/qsys_ucosii_mail_msg/qsys/software/uCosii_bsp/\libucosii_bsp.a(altera_avalon_epcs_flash_controller.o)
 .data          0x0001855c        0x0 F:/project/qsys_ucosii_mail_msg/qsys/software/uCosii_bsp/\libucosii_bsp.a(altera_avalon_jtag_uart_fd.o)
 .data          0x0001855c        0x0 F:/project/qsys_ucosii_mail_msg/qsys/software/uCosii_bsp/\libucosii_bsp.a(altera_avalon_jtag_uart_init.o)
 .data          0x0001855c        0x0 F:/project/qsys_ucosii_mail_msg/qsys/software/uCosii_bsp/\libucosii_bsp.a(altera_avalon_jtag_uart_ioctl.o)
 .data          0x0001855c        0x0 F:/project/qsys_ucosii_mail_msg/qsys/software/uCosii_bsp/\libucosii_bsp.a(altera_avalon_jtag_uart_read.o)
 .data          0x0001855c        0x0 F:/project/qsys_ucosii_mail_msg/qsys/software/uCosii_bsp/\libucosii_bsp.a(altera_avalon_jtag_uart_write.o)
 .data          0x0001855c        0x0 F:/project/qsys_ucosii_mail_msg/qsys/software/uCosii_bsp/\libucosii_bsp.a(altera_avalon_timer_sc.o)
 .data          0x0001855c        0x0 F:/project/qsys_ucosii_mail_msg/qsys/software/uCosii_bsp/\libucosii_bsp.a(epcs_commands.o)
 .data          0x0001855c        0x0 F:/project/qsys_ucosii_mail_msg/qsys/software/uCosii_bsp/\libucosii_bsp.a(alt_alarm_start.o)
 .data          0x0001855c        0x0 F:/project/qsys_ucosii_mail_msg/qsys/software/uCosii_bsp/\libucosii_bsp.a(alt_dev_llist_insert.o)
 .data          0x0001855c        0x0 F:/project/qsys_ucosii_mail_msg/qsys/software/uCosii_bsp/\libucosii_bsp.a(alt_do_ctors.o)
 .data          0x0001855c        0x0 F:/project/qsys_ucosii_mail_msg/qsys/software/uCosii_bsp/\libucosii_bsp.a(alt_do_dtors.o)
 .data          0x0001855c        0x0 F:/project/qsys_ucosii_mail_msg/qsys/software/uCosii_bsp/\libucosii_bsp.a(alt_flash_dev.o)
 .data          0x0001855c        0x0 F:/project/qsys_ucosii_mail_msg/qsys/software/uCosii_bsp/\libucosii_bsp.a(alt_iic.o)
 .data          0x0001855c        0x0 F:/project/qsys_ucosii_mail_msg/qsys/software/uCosii_bsp/\libucosii_bsp.a(alt_iic_isr_register.o)
 .data          0x0001855c        0x0 F:/project/qsys_ucosii_mail_msg/qsys/software/uCosii_bsp/\libucosii_bsp.a(alt_io_redirect.o)
 .data          0x0001855c        0x0 F:/project/qsys_ucosii_mail_msg/qsys/software/uCosii_bsp/\libucosii_bsp.a(alt_irq_entry.o)
 .data          0x0001855c        0x0 F:/project/qsys_ucosii_mail_msg/qsys/software/uCosii_bsp/\libucosii_bsp.a(alt_irq_handler.o)
 .data          0x0001855c        0x0 F:/project/qsys_ucosii_mail_msg/qsys/software/uCosii_bsp/\libucosii_bsp.a(alt_irq_vars.o)
 .data          0x0001855c        0x0 F:/project/qsys_ucosii_mail_msg/qsys/software/uCosii_bsp/\libucosii_bsp.a(alt_open.o)
 .data          0x0001855c        0x0 F:/project/qsys_ucosii_mail_msg/qsys/software/uCosii_bsp/\libucosii_bsp.a(alt_tick.o)
 .data          0x0001855c        0x0 F:/project/qsys_ucosii_mail_msg/qsys/software/uCosii_bsp/\libucosii_bsp.a(altera_nios2_qsys_irq.o)
 .data          0x0001855c        0x0 F:/project/qsys_ucosii_mail_msg/qsys/software/uCosii_bsp/\libucosii_bsp.a(os_cpu_a.o)
 .data          0x0001855c        0x0 F:/project/qsys_ucosii_mail_msg/qsys/software/uCosii_bsp/\libucosii_bsp.a(os_cpu_c.o)
 .data          0x0001855c        0x0 F:/project/qsys_ucosii_mail_msg/qsys/software/uCosii_bsp/\libucosii_bsp.a(altera_avalon_spi.o)
 .data          0x0001855c        0x0 F:/project/qsys_ucosii_mail_msg/qsys/software/uCosii_bsp/\libucosii_bsp.a(alt_exception_entry.o)
 .data          0x0001855c        0x0 F:/project/qsys_ucosii_mail_msg/qsys/software/uCosii_bsp/\libucosii_bsp.a(alt_find_dev.o)
 .data          0x0001855c        0x0 F:/project/qsys_ucosii_mail_msg/qsys/software/uCosii_bsp/\libucosii_bsp.a(alt_find_file.o)
 .data          0x0001855c        0x0 F:/project/qsys_ucosii_mail_msg/qsys/software/uCosii_bsp/\libucosii_bsp.a(alt_get_fd.o)
 .data          0x0001855c        0x0 d:/altera/13.1/nios2eds/bin/gnu/h-i686-mingw32/bin/../lib/gcc/nios2-elf/4.7.3/../../../../../H-i686-mingw32/nios2-elf/lib\libc.a(lib_a-atexit.o)
 .data          0x0001855c        0x0 d:/altera/13.1/nios2eds/bin/gnu/h-i686-mingw32/bin/../lib/gcc/nios2-elf/4.7.3/../../../../../H-i686-mingw32/nios2-elf/lib\libc.a(lib_a-exit.o)
 .data          0x0001855c        0x0 d:/altera/13.1/nios2eds/bin/gnu/h-i686-mingw32/bin/../lib/gcc/nios2-elf/4.7.3/../../../../../H-i686-mingw32/nios2-elf/lib\libc.a(lib_a-memcmp.o)
 .data          0x0001855c        0x0 d:/altera/13.1/nios2eds/bin/gnu/h-i686-mingw32/bin/../lib/gcc/nios2-elf/4.7.3/../../../../../H-i686-mingw32/nios2-elf/lib\libc.a(lib_a-__atexit.o)
 .data          0x0001855c        0x0 d:/altera/13.1/nios2eds/bin/gnu/h-i686-mingw32/bin/../lib/gcc/nios2-elf/4.7.3/../../../../../H-i686-mingw32/nios2-elf/lib\libc.a(lib_a-__call_atexit.o)
 .data          0x0001855c        0x0 d:/altera/13.1/nios2eds/bin/gnu/h-i686-mingw32/bin/../lib/gcc/nios2-elf/4.7.3\libgcc.a(_fixunsdfsi.o)
 .data          0x0001855c        0x0 F:/project/qsys_ucosii_mail_msg/qsys/software/uCosii_bsp/\libucosii_bsp.a(alt_exit.o)
                0x0002055c                _gp = ABSOLUTE ((. + 0x8000))
                0x0002055c                PROVIDE (gp, _gp)
 *(.rwdata .rwdata.*)
 *(.sdata .sdata.* .gnu.linkonce.s.*)
 .sdata         0x0001855c        0x8 d:/altera/13.1/nios2eds/bin/gnu/h-i686-mingw32/bin/../lib/gcc/nios2-elf/4.7.3/../../../../../H-i686-mingw32/nios2-elf/lib\libc.a(lib_a-impure.o)
                0x0001855c                _global_impure_ptr
                0x00018560                _impure_ptr
 .sdata         0x00018564        0x4 d:/altera/13.1/nios2eds/bin/gnu/h-i686-mingw32/bin/../lib/gcc/nios2-elf/4.7.3/../../../../../H-i686-mingw32/nios2-elf/lib\libc.a(lib_a-locale.o)
                0x00018564                __mb_cur_max
 .sdata         0x00018568        0x8 d:/altera/13.1/nios2eds/bin/gnu/h-i686-mingw32/bin/../lib/gcc/nios2-elf/4.7.3/../../../../../H-i686-mingw32/nios2-elf/lib\libc.a(lib_a-mallocr.o)
                0x00018568                __malloc_sbrk_base
                0x0001856c                __malloc_trim_threshold
 .sdata         0x00018570       0x14 F:/project/qsys_ucosii_mail_msg/qsys/software/uCosii_bsp/\libucosii_bsp.a(alt_dev.o)
                0x00018570                alt_fs_list
                0x00018578                alt_dev_list
                0x00018580                alt_max_fd
 .sdata         0x00018584        0x4 F:/project/qsys_ucosii_mail_msg/qsys/software/uCosii_bsp/\libucosii_bsp.a(alt_errno.o)
                0x00018584                alt_errno
 .sdata         0x00018588        0x4 F:/project/qsys_ucosii_mail_msg/qsys/software/uCosii_bsp/\libucosii_bsp.a(alt_sbrk.o)
 .sdata         0x0001858c        0x4 F:/project/qsys_ucosii_mail_msg/qsys/software/uCosii_bsp/\libucosii_bsp.a(alt_env_lock.o)
 .sdata         0x00018590        0x4 F:/project/qsys_ucosii_mail_msg/qsys/software/uCosii_bsp/\libucosii_bsp.a(alt_malloc_lock.o)
 .sdata         0x00018594       0x74 F:/project/qsys_ucosii_mail_msg/qsys/software/uCosii_bsp/\libucosii_bsp.a(os_dbg.o)
                0x00018594                OSDebugEn
                0x00018598                OSEndiannessTest
                0x0001859c                OSEventEn
                0x0001859e                OSEventMax
                0x000185a0                OSEventNameSize
                0x000185a2                OSEventSize
                0x000185a4                OSEventTblSize
                0x000185a6                OSEventMultiEn
                0x000185a8                OSFlagEn
                0x000185aa                OSFlagGrpSize
                0x000185ac                OSFlagNodeSize
                0x000185ae                OSFlagWidth
                0x000185b0                OSFlagMax
                0x000185b2                OSFlagNameSize
                0x000185b4                OSLowestPrio
                0x000185b6                OSMboxEn
                0x000185b8                OSMemEn
                0x000185ba                OSMemMax
                0x000185bc                OSMemNameSize
                0x000185be                OSMemSize
                0x000185c0                OSMemTblSize
                0x000185c2                OSMutexEn
                0x000185c4                OSPtrSize
                0x000185c6                OSQEn
                0x000185c8                OSQMax
                0x000185ca                OSQSize
                0x000185cc                OSRdyTblSize
                0x000185ce                OSSemEn
                0x000185d0                OSStkWidth
                0x000185d2                OSTaskCreateEn
                0x000185d4                OSTaskCreateExtEn
                0x000185d6                OSTaskDelEn
                0x000185d8                OSTaskIdleStkSize
                0x000185da                OSTaskProfileEn
                0x000185dc                OSTaskMax
                0x000185de                OSTaskNameSize
                0x000185e0                OSTaskStatEn
                0x000185e2                OSTaskStatStkSize
                0x000185e4                OSTaskStatStkChkEn
                0x000185e6                OSTaskSwHookEn
                0x000185e8                OSTCBPrioTblMax
                0x000185ea                OSTCBSize
                0x000185ec                OSTicksPerSec
                0x000185ee                OSTimeTickHookEn
                0x000185f0                OSVersionNbr
                0x000185f2                OSTmrEn
                0x000185f4                OSTmrCfgMax
                0x000185f6                OSTmrCfgNameSize
                0x000185f8                OSTmrCfgWheelSize
                0x000185fa                OSTmrCfgTicksPerSec
                0x000185fc                OSTmrSize
                0x000185fe                OSTmrTblSize
                0x00018600                OSTmrWheelSize
                0x00018602                OSTmrWheelTblSize
                0x00018604                OSDataSize
 .sdata         0x00018608        0x8 F:/project/qsys_ucosii_mail_msg/qsys/software/uCosii_bsp/\libucosii_bsp.a(alt_flash_dev.o)
                0x00018608                alt_flash_dev_list
 .sdata         0x00018610        0x4 F:/project/qsys_ucosii_mail_msg/qsys/software/uCosii_bsp/\libucosii_bsp.a(alt_irq_vars.o)
                0x00018610                alt_priority_mask
 .sdata         0x00018614        0x8 F:/project/qsys_ucosii_mail_msg/qsys/software/uCosii_bsp/\libucosii_bsp.a(alt_tick.o)
                0x00018614                alt_alarm_list
 *(.sdata2 .sdata2.* .gnu.linkonce.s2.*)
                0x0001861c                . = ALIGN (0x4)
                0x0001861c                _edata = ABSOLUTE (.)
                0x0001861c                PROVIDE (edata, ABSOLUTE (.))
                0x0001861c                PROVIDE (__ram_rwdata_end, ABSOLUTE (.))
                0x00016a44                PROVIDE (__flash_rwdata_start, LOADADDR (.rwdata))

.bss            0x0001861c     0xd5a4
                0x0001861c                __bss_start = ABSOLUTE (.)
                0x0001861c                PROVIDE (__sbss_start, ABSOLUTE (.))
                0x0001861c                PROVIDE (___sbss_start, ABSOLUTE (.))
 *(.dynsbss)
 *(.sbss .sbss.* .gnu.linkonce.sb.*)
 .sbss          0x0001861c        0x8 obj/default/ucosii_mail_msg.o
                0x0001861c                msgqueue
                0x00018620                mailbox
 .sbss          0x00018624        0xc d:/altera/13.1/nios2eds/bin/gnu/h-i686-mingw32/bin/../lib/gcc/nios2-elf/4.7.3/../../../../../H-i686-mingw32/nios2-elf/lib\libc.a(lib_a-locale.o)
                0x00018624                _PathLocale
                0x00018628                __mlocale_changed
                0x0001862c                __nlocale_changed
 .sbss          0x00018630        0xc d:/altera/13.1/nios2eds/bin/gnu/h-i686-mingw32/bin/../lib/gcc/nios2-elf/4.7.3/../../../../../H-i686-mingw32/nios2-elf/lib\libc.a(lib_a-mallocr.o)
                0x00018630                __malloc_max_total_mem
                0x00018634                __malloc_max_sbrked_mem
                0x00018638                __malloc_top_pad
 .sbss          0x0001863c        0x4 d:/altera/13.1/nios2eds/bin/gnu/h-i686-mingw32/bin/../lib/gcc/nios2-elf/4.7.3/../../../../../H-i686-mingw32/nios2-elf/lib\libc.a(lib_a-int_errno.o)
                0x0001863c                errno
 .sbss          0x00018640        0x4 F:/project/qsys_ucosii_mail_msg/qsys/software/uCosii_bsp/\libucosii_bsp.a(alt_dev.o)
                0x00018640                alt_fd_list_lock
 .sbss          0x00018644        0xc F:/project/qsys_ucosii_mail_msg/qsys/software/uCosii_bsp/\libucosii_bsp.a(alt_main.o)
                0x00018644                alt_argc
                0x00018648                alt_argv
                0x0001864c                alt_envp
 .sbss          0x00018650        0x8 F:/project/qsys_ucosii_mail_msg/qsys/software/uCosii_bsp/\libucosii_bsp.a(alt_env_lock.o)
                0x00018654                alt_envsem
 .sbss          0x00018658        0x8 F:/project/qsys_ucosii_mail_msg/qsys/software/uCosii_bsp/\libucosii_bsp.a(alt_malloc_lock.o)
                0x0001865c                alt_heapsem
 .sbss          0x00018660       0x50 F:/project/qsys_ucosii_mail_msg/qsys/software/uCosii_bsp/\libucosii_bsp.a(os_core.o)
                0x00018660                OSLockNesting
                0x00018661                OSRunning
                0x00018664                OSIdleCtr
                0x00018668                OSPrioHighRdy
                0x00018669                OSPrioCur
                0x0001866c                OSTCBList
                0x00018670                OSTickStepState
                0x00018674                OSCtxSwCtr
                0x00018678                OSIdleCtrMax
                0x0001867c                OSTCBFreeList
                0x00018680                OSCPUUsage
                0x00018681                OSTaskCtr
                0x00018684                OSMemFreeList
                0x00018688                OSTCBHighRdy
                0x0001868c                OSQFreeList
                0x00018690                OSRdyGrp
                0x00018691                OSRdyTbl
                0x00018694                OSEventFreeList
                0x00018698                OSIntNesting
                0x0001869c                OSTCBCur
                0x000186a0                OSTime
                0x000186a4                OSFlagFreeList
                0x000186a8                OSStatRdy
                0x000186ac                OSIdleCtrRun
 .sbss          0x000186b0        0x4 F:/project/qsys_ucosii_mail_msg/qsys/software/uCosii_bsp/\libucosii_bsp.a(alt_irq_vars.o)
                0x000186b0                alt_irq_active
 .sbss          0x000186b4        0x8 F:/project/qsys_ucosii_mail_msg/qsys/software/uCosii_bsp/\libucosii_bsp.a(alt_tick.o)
                0x000186b4                _alt_tick_rate
                0x000186b8                _alt_nticks
 *(.sbss2 .sbss2.* .gnu.linkonce.sb2.*)
 *(.scommon)
                0x000186bc                PROVIDE (__sbss_end, ABSOLUTE (.))
                0x000186bc                PROVIDE (___sbss_end, ABSOLUTE (.))
 *(.dynbss)
 *(.bss .bss.* .gnu.linkonce.b.*)
 .bss           0x000186bc        0x0 F:/project/qsys_ucosii_mail_msg/qsys/software/uCosii_bsp//obj/HAL/src/crt0.o
 .bss           0x000186bc        0x0 obj/default/ucosii_mail_msg.o
 .bss           0x000186bc        0x0 d:/altera/13.1/nios2eds/bin/gnu/h-i686-mingw32/bin/../lib/gcc/nios2-elf/4.7.3/../../../../../H-i686-mingw32/nios2-elf/lib\libc.a(lib_a-printf.o)
 .bss           0x000186bc        0x0 d:/altera/13.1/nios2eds/bin/gnu/h-i686-mingw32/bin/../lib/gcc/nios2-elf/4.7.3/../../../../../H-i686-mingw32/nios2-elf/lib\libc.a(lib_a-vfprintf.o)
 .bss           0x000186bc        0x0 d:/altera/13.1/nios2eds/bin/gnu/h-i686-mingw32/bin/../lib/gcc/nios2-elf/4.7.3/../../../../../H-i686-mingw32/nios2-elf/lib\libc.a(lib_a-wsetup.o)
 .bss           0x000186bc        0x0 d:/altera/13.1/nios2eds/bin/gnu/h-i686-mingw32/bin/../lib/gcc/nios2-elf/4.7.3/../../../../../H-i686-mingw32/nios2-elf/lib\libc.a(lib_a-dtoa.o)
 .bss           0x000186bc        0x0 d:/altera/13.1/nios2eds/bin/gnu/h-i686-mingw32/bin/../lib/gcc/nios2-elf/4.7.3/../../../../../H-i686-mingw32/nios2-elf/lib\libc.a(lib_a-fflush.o)
 .bss           0x000186bc        0x0 d:/altera/13.1/nios2eds/bin/gnu/h-i686-mingw32/bin/../lib/gcc/nios2-elf/4.7.3/../../../../../H-i686-mingw32/nios2-elf/lib\libc.a(lib_a-findfp.o)
 .bss           0x000186bc        0x0 d:/altera/13.1/nios2eds/bin/gnu/h-i686-mingw32/bin/../lib/gcc/nios2-elf/4.7.3/../../../../../H-i686-mingw32/nios2-elf/lib\libc.a(lib_a-freer.o)
 .bss           0x000186bc        0x0 d:/altera/13.1/nios2eds/bin/gnu/h-i686-mingw32/bin/../lib/gcc/nios2-elf/4.7.3/../../../../../H-i686-mingw32/nios2-elf/lib\libc.a(lib_a-fvwrite.o)
 .bss           0x000186bc        0x0 d:/altera/13.1/nios2eds/bin/gnu/h-i686-mingw32/bin/../lib/gcc/nios2-elf/4.7.3/../../../../../H-i686-mingw32/nios2-elf/lib\libc.a(lib_a-fwalk.o)
 .bss           0x000186bc        0x0 d:/altera/13.1/nios2eds/bin/gnu/h-i686-mingw32/bin/../lib/gcc/nios2-elf/4.7.3/../../../../../H-i686-mingw32/nios2-elf/lib\libc.a(lib_a-impure.o)
 .bss           0x000186bc        0x0 d:/altera/13.1/nios2eds/bin/gnu/h-i686-mingw32/bin/../lib/gcc/nios2-elf/4.7.3/../../../../../H-i686-mingw32/nios2-elf/lib\libc.a(lib_a-locale.o)
 .bss           0x000186bc        0x0 d:/altera/13.1/nios2eds/bin/gnu/h-i686-mingw32/bin/../lib/gcc/nios2-elf/4.7.3/../../../../../H-i686-mingw32/nios2-elf/lib\libc.a(lib_a-makebuf.o)
 .bss           0x000186bc       0x28 d:/altera/13.1/nios2eds/bin/gnu/h-i686-mingw32/bin/../lib/gcc/nios2-elf/4.7.3/../../../../../H-i686-mingw32/nios2-elf/lib\libc.a(lib_a-mallocr.o)
                0x000186bc                __malloc_current_mallinfo
 .bss           0x000186e4        0x0 d:/altera/13.1/nios2eds/bin/gnu/h-i686-mingw32/bin/../lib/gcc/nios2-elf/4.7.3/../../../../../H-i686-mingw32/nios2-elf/lib\libc.a(lib_a-memchr.o)
 .bss           0x000186e4        0x0 d:/altera/13.1/nios2eds/bin/gnu/h-i686-mingw32/bin/../lib/gcc/nios2-elf/4.7.3/../../../../../H-i686-mingw32/nios2-elf/lib\libc.a(lib_a-memcpy.o)
 .bss           0x000186e4        0x0 d:/altera/13.1/nios2eds/bin/gnu/h-i686-mingw32/bin/../lib/gcc/nios2-elf/4.7.3/../../../../../H-i686-mingw32/nios2-elf/lib\libc.a(lib_a-memmove.o)
 .bss           0x000186e4        0x0 d:/altera/13.1/nios2eds/bin/gnu/h-i686-mingw32/bin/../lib/gcc/nios2-elf/4.7.3/../../../../../H-i686-mingw32/nios2-elf/lib\libc.a(lib_a-memset.o)
 .bss           0x000186e4        0x0 d:/altera/13.1/nios2eds/bin/gnu/h-i686-mingw32/bin/../lib/gcc/nios2-elf/4.7.3/../../../../../H-i686-mingw32/nios2-elf/lib\libc.a(lib_a-mprec.o)
 .bss           0x000186e4        0x0 d:/altera/13.1/nios2eds/bin/gnu/h-i686-mingw32/bin/../lib/gcc/nios2-elf/4.7.3/../../../../../H-i686-mingw32/nios2-elf/lib\libc.a(lib_a-reallocr.o)
 .bss           0x000186e4        0x0 d:/altera/13.1/nios2eds/bin/gnu/h-i686-mingw32/bin/../lib/gcc/nios2-elf/4.7.3/../../../../../H-i686-mingw32/nios2-elf/lib\libc.a(lib_a-s_isinfd.o)
 .bss           0x000186e4        0x0 d:/altera/13.1/nios2eds/bin/gnu/h-i686-mingw32/bin/../lib/gcc/nios2-elf/4.7.3/../../../../../H-i686-mingw32/nios2-elf/lib\libc.a(lib_a-s_isnand.o)
 .bss           0x000186e4        0x0 d:/altera/13.1/nios2eds/bin/gnu/h-i686-mingw32/bin/../lib/gcc/nios2-elf/4.7.3/../../../../../H-i686-mingw32/nios2-elf/lib\libc.a(lib_a-sbrkr.o)
 .bss           0x000186e4        0x0 d:/altera/13.1/nios2eds/bin/gnu/h-i686-mingw32/bin/../lib/gcc/nios2-elf/4.7.3/../../../../../H-i686-mingw32/nios2-elf/lib\libc.a(lib_a-stdio.o)
 .bss           0x000186e4        0x0 d:/altera/13.1/nios2eds/bin/gnu/h-i686-mingw32/bin/../lib/gcc/nios2-elf/4.7.3/../../../../../H-i686-mingw32/nios2-elf/lib\libc.a(lib_a-strcmp.o)
 .bss           0x000186e4        0x0 d:/altera/13.1/nios2eds/bin/gnu/h-i686-mingw32/bin/../lib/gcc/nios2-elf/4.7.3/../../../../../H-i686-mingw32/nios2-elf/lib\libc.a(lib_a-strlen.o)
 .bss           0x000186e4        0x0 d:/altera/13.1/nios2eds/bin/gnu/h-i686-mingw32/bin/../lib/gcc/nios2-elf/4.7.3/../../../../../H-i686-mingw32/nios2-elf/lib\libc.a(lib_a-writer.o)
 .bss           0x000186e4        0x0 d:/altera/13.1/nios2eds/bin/gnu/h-i686-mingw32/bin/../lib/gcc/nios2-elf/4.7.3/../../../../../H-i686-mingw32/nios2-elf/lib\libc.a(lib_a-callocr.o)
 .bss           0x000186e4        0x0 d:/altera/13.1/nios2eds/bin/gnu/h-i686-mingw32/bin/../lib/gcc/nios2-elf/4.7.3/../../../../../H-i686-mingw32/nios2-elf/lib\libc.a(lib_a-closer.o)
 .bss           0x000186e4        0x0 d:/altera/13.1/nios2eds/bin/gnu/h-i686-mingw32/bin/../lib/gcc/nios2-elf/4.7.3/../../../../../H-i686-mingw32/nios2-elf/lib\libc.a(lib_a-fclose.o)
 .bss           0x000186e4        0x0 d:/altera/13.1/nios2eds/bin/gnu/h-i686-mingw32/bin/../lib/gcc/nios2-elf/4.7.3/../../../../../H-i686-mingw32/nios2-elf/lib\libc.a(lib_a-fstatr.o)
 .bss           0x000186e4        0x0 d:/altera/13.1/nios2eds/bin/gnu/h-i686-mingw32/bin/../lib/gcc/nios2-elf/4.7.3/../../../../../H-i686-mingw32/nios2-elf/lib\libc.a(lib_a-int_errno.o)
 .bss           0x000186e4        0x0 d:/altera/13.1/nios2eds/bin/gnu/h-i686-mingw32/bin/../lib/gcc/nios2-elf/4.7.3/../../../../../H-i686-mingw32/nios2-elf/lib\libc.a(lib_a-isattyr.o)
 .bss           0x000186e4        0x0 d:/altera/13.1/nios2eds/bin/gnu/h-i686-mingw32/bin/../lib/gcc/nios2-elf/4.7.3/../../../../../H-i686-mingw32/nios2-elf/lib\libc.a(lib_a-lseekr.o)
 .bss           0x000186e4        0x0 d:/altera/13.1/nios2eds/bin/gnu/h-i686-mingw32/bin/../lib/gcc/nios2-elf/4.7.3/../../../../../H-i686-mingw32/nios2-elf/lib\libc.a(lib_a-readr.o)
 .bss           0x000186e4        0x0 d:/altera/13.1/nios2eds/bin/gnu/h-i686-mingw32/bin/../lib/gcc/nios2-elf/4.7.3\libgcc.a(_udivdi3.o)
 .bss           0x000186e4        0x0 d:/altera/13.1/nios2eds/bin/gnu/h-i686-mingw32/bin/../lib/gcc/nios2-elf/4.7.3\libgcc.a(_umoddi3.o)
 .bss           0x000186e4        0x0 d:/altera/13.1/nios2eds/bin/gnu/h-i686-mingw32/bin/../lib/gcc/nios2-elf/4.7.3\libgcc.a(_addsub_df.o)
 .bss           0x000186e4        0x0 d:/altera/13.1/nios2eds/bin/gnu/h-i686-mingw32/bin/../lib/gcc/nios2-elf/4.7.3\libgcc.a(_mul_df.o)
 .bss           0x000186e4        0x0 d:/altera/13.1/nios2eds/bin/gnu/h-i686-mingw32/bin/../lib/gcc/nios2-elf/4.7.3\libgcc.a(_div_df.o)
 .bss           0x000186e4        0x0 d:/altera/13.1/nios2eds/bin/gnu/h-i686-mingw32/bin/../lib/gcc/nios2-elf/4.7.3\libgcc.a(_eq_df.o)
 .bss           0x000186e4        0x0 d:/altera/13.1/nios2eds/bin/gnu/h-i686-mingw32/bin/../lib/gcc/nios2-elf/4.7.3\libgcc.a(_ne_df.o)
 .bss           0x000186e4        0x0 d:/altera/13.1/nios2eds/bin/gnu/h-i686-mingw32/bin/../lib/gcc/nios2-elf/4.7.3\libgcc.a(_gt_df.o)
 .bss           0x000186e4        0x0 d:/altera/13.1/nios2eds/bin/gnu/h-i686-mingw32/bin/../lib/gcc/nios2-elf/4.7.3\libgcc.a(_ge_df.o)
 .bss           0x000186e4        0x0 d:/altera/13.1/nios2eds/bin/gnu/h-i686-mingw32/bin/../lib/gcc/nios2-elf/4.7.3\libgcc.a(_lt_df.o)
 .bss           0x000186e4        0x0 d:/altera/13.1/nios2eds/bin/gnu/h-i686-mingw32/bin/../lib/gcc/nios2-elf/4.7.3\libgcc.a(_si_to_df.o)
 .bss           0x000186e4        0x0 d:/altera/13.1/nios2eds/bin/gnu/h-i686-mingw32/bin/../lib/gcc/nios2-elf/4.7.3\libgcc.a(_df_to_si.o)
 .bss           0x000186e4        0x0 d:/altera/13.1/nios2eds/bin/gnu/h-i686-mingw32/bin/../lib/gcc/nios2-elf/4.7.3\libgcc.a(_thenan_df.o)
 .bss           0x000186e4        0x0 d:/altera/13.1/nios2eds/bin/gnu/h-i686-mingw32/bin/../lib/gcc/nios2-elf/4.7.3\libgcc.a(_usi_to_df.o)
 .bss           0x000186e4        0x0 d:/altera/13.1/nios2eds/bin/gnu/h-i686-mingw32/bin/../lib/gcc/nios2-elf/4.7.3\libgcc.a(lib2-divmod.o)
 .bss           0x000186e4        0x0 d:/altera/13.1/nios2eds/bin/gnu/h-i686-mingw32/bin/../lib/gcc/nios2-elf/4.7.3\libgcc.a(_muldi3.o)
 .bss           0x000186e4        0x0 d:/altera/13.1/nios2eds/bin/gnu/h-i686-mingw32/bin/../lib/gcc/nios2-elf/4.7.3\libgcc.a(_clz.o)
 .bss           0x000186e4        0x0 d:/altera/13.1/nios2eds/bin/gnu/h-i686-mingw32/bin/../lib/gcc/nios2-elf/4.7.3\libgcc.a(_clzsi2.o)
 .bss           0x000186e4        0x0 d:/altera/13.1/nios2eds/bin/gnu/h-i686-mingw32/bin/../lib/gcc/nios2-elf/4.7.3\libgcc.a(_pack_df.o)
 .bss           0x000186e4        0x0 d:/altera/13.1/nios2eds/bin/gnu/h-i686-mingw32/bin/../lib/gcc/nios2-elf/4.7.3\libgcc.a(_unpack_df.o)
 .bss           0x000186e4        0x0 d:/altera/13.1/nios2eds/bin/gnu/h-i686-mingw32/bin/../lib/gcc/nios2-elf/4.7.3\libgcc.a(_fpcmp_parts_df.o)
 .bss           0x000186e4        0x0 d:/altera/13.1/nios2eds/bin/gnu/h-i686-mingw32/bin/../lib/gcc/nios2-elf/4.7.3\libgcc.a(_lshrdi3.o)
 .bss           0x000186e4        0x0 d:/altera/13.1/nios2eds/bin/gnu/h-i686-mingw32/bin/../lib/gcc/nios2-elf/4.7.3\libgcc.a(_ashldi3.o)
 .bss           0x000186e4        0x0 F:/project/qsys_ucosii_mail_msg/qsys/software/uCosii_bsp/\libucosii_bsp.a(alt_close.o)
 .bss           0x000186e4        0x0 F:/project/qsys_ucosii_mail_msg/qsys/software/uCosii_bsp/\libucosii_bsp.a(alt_dev.o)
 .bss           0x000186e4        0x0 F:/project/qsys_ucosii_mail_msg/qsys/software/uCosii_bsp/\libucosii_bsp.a(alt_errno.o)
 .bss           0x000186e4        0x0 F:/project/qsys_ucosii_mail_msg/qsys/software/uCosii_bsp/\libucosii_bsp.a(alt_fstat.o)
 .bss           0x000186e4        0x0 F:/project/qsys_ucosii_mail_msg/qsys/software/uCosii_bsp/\libucosii_bsp.a(alt_isatty.o)
 .bss           0x000186e4        0x0 F:/project/qsys_ucosii_mail_msg/qsys/software/uCosii_bsp/\libucosii_bsp.a(alt_lseek.o)
 .bss           0x000186e4        0x0 F:/project/qsys_ucosii_mail_msg/qsys/software/uCosii_bsp/\libucosii_bsp.a(alt_main.o)
 .bss           0x000186e4        0x0 F:/project/qsys_ucosii_mail_msg/qsys/software/uCosii_bsp/\libucosii_bsp.a(alt_read.o)
 .bss           0x000186e4        0x0 F:/project/qsys_ucosii_mail_msg/qsys/software/uCosii_bsp/\libucosii_bsp.a(alt_release_fd.o)
 .bss           0x000186e4        0x0 F:/project/qsys_ucosii_mail_msg/qsys/software/uCosii_bsp/\libucosii_bsp.a(alt_sbrk.o)
 .bss           0x000186e4        0x0 F:/project/qsys_ucosii_mail_msg/qsys/software/uCosii_bsp/\libucosii_bsp.a(alt_write.o)
 .bss           0x000186e4        0x0 F:/project/qsys_ucosii_mail_msg/qsys/software/uCosii_bsp/\libucosii_bsp.a(alt_env_lock.o)
 .bss           0x000186e4        0x0 F:/project/qsys_ucosii_mail_msg/qsys/software/uCosii_bsp/\libucosii_bsp.a(alt_malloc_lock.o)
 .bss           0x000186e4        0x0 F:/project/qsys_ucosii_mail_msg/qsys/software/uCosii_bsp/\libucosii_bsp.a(os_core.o)
 .bss           0x000186e4        0x0 F:/project/qsys_ucosii_mail_msg/qsys/software/uCosii_bsp/\libucosii_bsp.a(os_dbg.o)
 .bss           0x000186e4        0x0 F:/project/qsys_ucosii_mail_msg/qsys/software/uCosii_bsp/\libucosii_bsp.a(os_flag.o)
 .bss           0x000186e4        0x0 F:/project/qsys_ucosii_mail_msg/qsys/software/uCosii_bsp/\libucosii_bsp.a(os_mbox.o)
 .bss           0x000186e4        0x0 F:/project/qsys_ucosii_mail_msg/qsys/software/uCosii_bsp/\libucosii_bsp.a(os_mem.o)
 .bss           0x000186e4        0x0 F:/project/qsys_ucosii_mail_msg/qsys/software/uCosii_bsp/\libucosii_bsp.a(os_q.o)
 .bss           0x000186e4        0x0 F:/project/qsys_ucosii_mail_msg/qsys/software/uCosii_bsp/\libucosii_bsp.a(os_sem.o)
 .bss           0x000186e4        0x0 F:/project/qsys_ucosii_mail_msg/qsys/software/uCosii_bsp/\libucosii_bsp.a(os_task.o)
 .bss           0x000186e4        0x0 F:/project/qsys_ucosii_mail_msg/qsys/software/uCosii_bsp/\libucosii_bsp.a(os_time.o)
 .bss           0x000186e4        0x0 F:/project/qsys_ucosii_mail_msg/qsys/software/uCosii_bsp/\libucosii_bsp.a(alt_sys_init.o)
 .bss           0x000186e4        0x0 F:/project/qsys_ucosii_mail_msg/qsys/software/uCosii_bsp/\libucosii_bsp.a(altera_avalon_epcs_flash_controller.o)
 .bss           0x000186e4        0x0 F:/project/qsys_ucosii_mail_msg/qsys/software/uCosii_bsp/\libucosii_bsp.a(altera_avalon_jtag_uart_fd.o)
 .bss           0x000186e4        0x0 F:/project/qsys_ucosii_mail_msg/qsys/software/uCosii_bsp/\libucosii_bsp.a(altera_avalon_jtag_uart_init.o)
 .bss           0x000186e4        0x0 F:/project/qsys_ucosii_mail_msg/qsys/software/uCosii_bsp/\libucosii_bsp.a(altera_avalon_jtag_uart_ioctl.o)
 .bss           0x000186e4        0x0 F:/project/qsys_ucosii_mail_msg/qsys/software/uCosii_bsp/\libucosii_bsp.a(altera_avalon_jtag_uart_read.o)
 .bss           0x000186e4        0x0 F:/project/qsys_ucosii_mail_msg/qsys/software/uCosii_bsp/\libucosii_bsp.a(altera_avalon_jtag_uart_write.o)
 .bss           0x000186e4        0x0 F:/project/qsys_ucosii_mail_msg/qsys/software/uCosii_bsp/\libucosii_bsp.a(altera_avalon_timer_sc.o)
 .bss           0x000186e4        0x0 F:/project/qsys_ucosii_mail_msg/qsys/software/uCosii_bsp/\libucosii_bsp.a(epcs_commands.o)
 .bss           0x000186e4        0x0 F:/project/qsys_ucosii_mail_msg/qsys/software/uCosii_bsp/\libucosii_bsp.a(alt_alarm_start.o)
 .bss           0x000186e4        0x0 F:/project/qsys_ucosii_mail_msg/qsys/software/uCosii_bsp/\libucosii_bsp.a(alt_dev_llist_insert.o)
 .bss           0x000186e4        0x0 F:/project/qsys_ucosii_mail_msg/qsys/software/uCosii_bsp/\libucosii_bsp.a(alt_do_ctors.o)
 .bss           0x000186e4        0x0 F:/project/qsys_ucosii_mail_msg/qsys/software/uCosii_bsp/\libucosii_bsp.a(alt_do_dtors.o)
 .bss           0x000186e4        0x0 F:/project/qsys_ucosii_mail_msg/qsys/software/uCosii_bsp/\libucosii_bsp.a(alt_flash_dev.o)
 .bss           0x000186e4        0x0 F:/project/qsys_ucosii_mail_msg/qsys/software/uCosii_bsp/\libucosii_bsp.a(alt_iic.o)
 .bss           0x000186e4        0x0 F:/project/qsys_ucosii_mail_msg/qsys/software/uCosii_bsp/\libucosii_bsp.a(alt_iic_isr_register.o)
 .bss           0x000186e4        0x0 F:/project/qsys_ucosii_mail_msg/qsys/software/uCosii_bsp/\libucosii_bsp.a(alt_io_redirect.o)
 .bss           0x000186e4        0x0 F:/project/qsys_ucosii_mail_msg/qsys/software/uCosii_bsp/\libucosii_bsp.a(alt_irq_entry.o)
 .bss           0x000186e4        0x0 F:/project/qsys_ucosii_mail_msg/qsys/software/uCosii_bsp/\libucosii_bsp.a(alt_irq_handler.o)
 .bss           0x000186e4        0x0 F:/project/qsys_ucosii_mail_msg/qsys/software/uCosii_bsp/\libucosii_bsp.a(alt_irq_vars.o)
 .bss           0x000186e4        0x0 F:/project/qsys_ucosii_mail_msg/qsys/software/uCosii_bsp/\libucosii_bsp.a(alt_open.o)
 .bss           0x000186e4        0x0 F:/project/qsys_ucosii_mail_msg/qsys/software/uCosii_bsp/\libucosii_bsp.a(alt_tick.o)
 .bss           0x000186e4        0x0 F:/project/qsys_ucosii_mail_msg/qsys/software/uCosii_bsp/\libucosii_bsp.a(altera_nios2_qsys_irq.o)
 .bss           0x000186e4        0x0 F:/project/qsys_ucosii_mail_msg/qsys/software/uCosii_bsp/\libucosii_bsp.a(os_cpu_a.o)
 .bss           0x000186e4        0x0 F:/project/qsys_ucosii_mail_msg/qsys/software/uCosii_bsp/\libucosii_bsp.a(os_cpu_c.o)
 .bss           0x000186e4        0x0 F:/project/qsys_ucosii_mail_msg/qsys/software/uCosii_bsp/\libucosii_bsp.a(altera_avalon_spi.o)
 .bss           0x000186e4        0x0 F:/project/qsys_ucosii_mail_msg/qsys/software/uCosii_bsp/\libucosii_bsp.a(alt_exception_entry.o)
 .bss           0x000186e4        0x0 F:/project/qsys_ucosii_mail_msg/qsys/software/uCosii_bsp/\libucosii_bsp.a(alt_find_dev.o)
 .bss           0x000186e4        0x0 F:/project/qsys_ucosii_mail_msg/qsys/software/uCosii_bsp/\libucosii_bsp.a(alt_find_file.o)
 .bss           0x000186e4        0x0 F:/project/qsys_ucosii_mail_msg/qsys/software/uCosii_bsp/\libucosii_bsp.a(alt_get_fd.o)
 .bss           0x000186e4        0x0 d:/altera/13.1/nios2eds/bin/gnu/h-i686-mingw32/bin/../lib/gcc/nios2-elf/4.7.3/../../../../../H-i686-mingw32/nios2-elf/lib\libc.a(lib_a-atexit.o)
 .bss           0x000186e4        0x0 d:/altera/13.1/nios2eds/bin/gnu/h-i686-mingw32/bin/../lib/gcc/nios2-elf/4.7.3/../../../../../H-i686-mingw32/nios2-elf/lib\libc.a(lib_a-exit.o)
 .bss           0x000186e4        0x0 d:/altera/13.1/nios2eds/bin/gnu/h-i686-mingw32/bin/../lib/gcc/nios2-elf/4.7.3/../../../../../H-i686-mingw32/nios2-elf/lib\libc.a(lib_a-memcmp.o)
 .bss           0x000186e4        0x0 d:/altera/13.1/nios2eds/bin/gnu/h-i686-mingw32/bin/../lib/gcc/nios2-elf/4.7.3/../../../../../H-i686-mingw32/nios2-elf/lib\libc.a(lib_a-__atexit.o)
 .bss           0x000186e4        0x0 d:/altera/13.1/nios2eds/bin/gnu/h-i686-mingw32/bin/../lib/gcc/nios2-elf/4.7.3/../../../../../H-i686-mingw32/nios2-elf/lib\libc.a(lib_a-__call_atexit.o)
 .bss           0x000186e4        0x0 d:/altera/13.1/nios2eds/bin/gnu/h-i686-mingw32/bin/../lib/gcc/nios2-elf/4.7.3\libgcc.a(_fixunsdfsi.o)
 .bss           0x000186e4        0x0 F:/project/qsys_ucosii_mail_msg/qsys/software/uCosii_bsp/\libucosii_bsp.a(alt_exit.o)
 *(COMMON)
 COMMON         0x000186e4     0xa028 obj/default/ucosii_mail_msg.o
                0x000186e4                start_task_stk
                0x0001a6e4                msg_sender_stk
                0x0001c6e4                mail_receiver_stk
                0x0001e6e4                msgqueueTbl
                0x0001e70c                msg_receiver_stk
                0x0002070c                mail_sender_stk
 COMMON         0x0002270c     0x3224 F:/project/qsys_ucosii_mail_msg/qsys/software/uCosii_bsp/\libucosii_bsp.a(os_core.o)
                0x0002270c                OSFlagTbl
                0x00022a7c                OSMemTbl
                0x000236ac                OSTaskStatStk
                0x00023eac                OSQTbl
                0x0002408c                OSTaskIdleStk
                0x0002488c                OSEventTbl
                0x000253cc                OSTCBTbl
                0x000258dc                OSTCBPrioTbl
 COMMON         0x00025930      0x100 F:/project/qsys_ucosii_mail_msg/qsys/software/uCosii_bsp/\libucosii_bsp.a(alt_irq_handler.o)
                0x00025930                alt_irq
 COMMON         0x00025a30      0x190 d:/altera/13.1/nios2eds/bin/gnu/h-i686-mingw32/bin/../lib/gcc/nios2-elf/4.7.3/../../../../../H-i686-mingw32/nios2-elf/lib\libc.a(lib_a-atexit.o)
                0x00025a30                _atexit0
                0x00025bc0                . = ALIGN (0x4)
                0x00025bc0                __bss_end = ABSOLUTE (.)

.sdram          0x00025bc0        0x0
                0x00025bc0                PROVIDE (_alt_partition_sdram_start, ABSOLUTE (.))
 *(.sdram .sdram. sdram.*)
                0x00025bc0                . = ALIGN (0x4)
                0x00025bc0                PROVIDE (_alt_partition_sdram_end, ABSOLUTE (.))
                0x00025bc0                _end = ABSOLUTE (.)
                0x00025bc0                end = ABSOLUTE (.)
                0x00025bc0                __alt_stack_base = ABSOLUTE (.)
                0x00025bc0                PROVIDE (_alt_partition_sdram_load_addr, LOADADDR (.sdram))

.epcs           0x02001020        0x0
                0x02001020                PROVIDE (_alt_partition_epcs_start, ABSOLUTE (.))
 *(.epcs .epcs. epcs.*)
                0x02001020                . = ALIGN (0x4)
                0x02001020                PROVIDE (_alt_partition_epcs_end, ABSOLUTE (.))
                0x02001020                PROVIDE (_alt_partition_epcs_load_addr, LOADADDR (.epcs))

.stab
 *(.stab)

.stabstr
 *(.stabstr)

.stab.excl
 *(.stab.excl)

.stab.exclstr
 *(.stab.exclstr)

.stab.index
 *(.stab.index)

.stab.indexstr
 *(.stab.indexstr)

.comment        0x00000000       0x23
 *(.comment)
 .comment       0x00000000       0x23 obj/default/ucosii_mail_msg.o
                                 0x24 (size before relaxing)
 .comment       0x00000000       0x24 d:/altera/13.1/nios2eds/bin/gnu/h-i686-mingw32/bin/../lib/gcc/nios2-elf/4.7.3/../../../../../H-i686-mingw32/nios2-elf/lib\libc.a(lib_a-printf.o)
 .comment       0x00000000       0x24 d:/altera/13.1/nios2eds/bin/gnu/h-i686-mingw32/bin/../lib/gcc/nios2-elf/4.7.3/../../../../../H-i686-mingw32/nios2-elf/lib\libc.a(lib_a-vfprintf.o)
 .comment       0x00000000       0x24 d:/altera/13.1/nios2eds/bin/gnu/h-i686-mingw32/bin/../lib/gcc/nios2-elf/4.7.3/../../../../../H-i686-mingw32/nios2-elf/lib\libc.a(lib_a-wsetup.o)
 .comment       0x00000000       0x24 d:/altera/13.1/nios2eds/bin/gnu/h-i686-mingw32/bin/../lib/gcc/nios2-elf/4.7.3/../../../../../H-i686-mingw32/nios2-elf/lib\libc.a(lib_a-dtoa.o)
 .comment       0x00000000       0x24 d:/altera/13.1/nios2eds/bin/gnu/h-i686-mingw32/bin/../lib/gcc/nios2-elf/4.7.3/../../../../../H-i686-mingw32/nios2-elf/lib\libc.a(lib_a-fflush.o)
 .comment       0x00000000       0x24 d:/altera/13.1/nios2eds/bin/gnu/h-i686-mingw32/bin/../lib/gcc/nios2-elf/4.7.3/../../../../../H-i686-mingw32/nios2-elf/lib\libc.a(lib_a-findfp.o)
 .comment       0x00000000       0x24 d:/altera/13.1/nios2eds/bin/gnu/h-i686-mingw32/bin/../lib/gcc/nios2-elf/4.7.3/../../../../../H-i686-mingw32/nios2-elf/lib\libc.a(lib_a-freer.o)