Archive member included because of file (symbol)

d:/altera/13.1/nios2eds/bin/gnu/h-i686-mingw32/bin/../lib/gcc/nios2-elf/4.7.3/../../../../../H-i686-mingw32/nios2-elf/lib\libc.a(lib_a-memcpy.o)
                              obj/default/ucosii_sem.o (memcpy)
d:/altera/13.1/nios2eds/bin/gnu/h-i686-mingw32/bin/../lib/gcc/nios2-elf/4.7.3/../../../../../H-i686-mingw32/nios2-elf/lib\libc.a(lib_a-printf.o)
                              obj/default/ucosii_sem.o (printf)
d:/altera/13.1/nios2eds/bin/gnu/h-i686-mingw32/bin/../lib/gcc/nios2-elf/4.7.3/../../../../../H-i686-mingw32/nios2-elf/lib\libc.a(lib_a-puts.o)
                              obj/default/ucosii_sem.o (puts)
d:/altera/13.1/nios2eds/bin/gnu/h-i686-mingw32/bin/../lib/gcc/nios2-elf/4.7.3/../../../../../H-i686-mingw32/nios2-elf/lib\libc.a(lib_a-strlen.o)
                              d:/altera/13.1/nios2eds/bin/gnu/h-i686-mingw32/bin/../lib/gcc/nios2-elf/4.7.3/../../../../../H-i686-mingw32/nios2-elf/lib\libc.a(lib_a-puts.o) (strlen)
d:/altera/13.1/nios2eds/bin/gnu/h-i686-mingw32/bin/../lib/gcc/nios2-elf/4.7.3/../../../../../H-i686-mingw32/nios2-elf/lib\libc.a(lib_a-vfprintf.o)
                              d:/altera/13.1/nios2eds/bin/gnu/h-i686-mingw32/bin/../lib/gcc/nios2-elf/4.7.3/../../../../../H-i686-mingw32/nios2-elf/lib\libc.a(lib_a-printf.o) (___vfprintf_internal_r)
d:/altera/13.1/nios2eds/bin/gnu/h-i686-mingw32/bin/../lib/gcc/nios2-elf/4.7.3/../../../../../H-i686-mingw32/nios2-elf/lib\libc.a(lib_a-wsetup.o)
                              d:/altera/13.1/nios2eds/bin/gnu/h-i686-mingw32/bin/../lib/gcc/nios2-elf/4.7.3/../../../../../H-i686-mingw32/nios2-elf/lib\libc.a(lib_a-vfprintf.o) (__swsetup_r)
d:/altera/13.1/nios2eds/bin/gnu/h-i686-mingw32/bin/../lib/gcc/nios2-elf/4.7.3/../../../../../H-i686-mingw32/nios2-elf/lib\libc.a(lib_a-dtoa.o)
                              d:/altera/13.1/nios2eds/bin/gnu/h-i686-mingw32/bin/../lib/gcc/nios2-elf/4.7.3/../../../../../H-i686-mingw32/nios2-elf/lib\libc.a(lib_a-vfprintf.o) (_dtoa_r)
d:/altera/13.1/nios2eds/bin/gnu/h-i686-mingw32/bin/../lib/gcc/nios2-elf/4.7.3/../../../../../H-i686-mingw32/nios2-elf/lib\libc.a(lib_a-fflush.o)
                              d:/altera/13.1/nios2eds/bin/gnu/h-i686-mingw32/bin/../lib/gcc/nios2-elf/4.7.3/../../../../../H-i686-mingw32/nios2-elf/lib\libc.a(lib_a-vfprintf.o) (_fflush_r)
d:/altera/13.1/nios2eds/bin/gnu/h-i686-mingw32/bin/../lib/gcc/nios2-elf/4.7.3/../../../../../H-i686-mingw32/nios2-elf/lib\libc.a(lib_a-findfp.o)
                              d:/altera/13.1/nios2eds/bin/gnu/h-i686-mingw32/bin/../lib/gcc/nios2-elf/4.7.3/../../../../../H-i686-mingw32/nios2-elf/lib\libc.a(lib_a-vfprintf.o) (__sinit)
d:/altera/13.1/nios2eds/bin/gnu/h-i686-mingw32/bin/../lib/gcc/nios2-elf/4.7.3/../../../../../H-i686-mingw32/nios2-elf/lib\libc.a(lib_a-freer.o)
                              d:/altera/13.1/nios2eds/bin/gnu/h-i686-mingw32/bin/../lib/gcc/nios2-elf/4.7.3/../../../../../H-i686-mingw32/nios2-elf/lib\libc.a(lib_a-wsetup.o) (_free_r)
d:/altera/13.1/nios2eds/bin/gnu/h-i686-mingw32/bin/../lib/gcc/nios2-elf/4.7.3/../../../../../H-i686-mingw32/nios2-elf/lib\libc.a(lib_a-fvwrite.o)
                              d:/altera/13.1/nios2eds/bin/gnu/h-i686-mingw32/bin/../lib/gcc/nios2-elf/4.7.3/../../../../../H-i686-mingw32/nios2-elf/lib\libc.a(lib_a-puts.o) (__sfvwrite_r)
d:/altera/13.1/nios2eds/bin/gnu/h-i686-mingw32/bin/../lib/gcc/nios2-elf/4.7.3/../../../../../H-i686-mingw32/nios2-elf/lib\libc.a(lib_a-fwalk.o)
                              d:/altera/13.1/nios2eds/bin/gnu/h-i686-mingw32/bin/../lib/gcc/nios2-elf/4.7.3/../../../../../H-i686-mingw32/nios2-elf/lib\libc.a(lib_a-findfp.o) (_fwalk)
d:/altera/13.1/nios2eds/bin/gnu/h-i686-mingw32/bin/../lib/gcc/nios2-elf/4.7.3/../../../../../H-i686-mingw32/nios2-elf/lib\libc.a(lib_a-impure.o)
                              d:/altera/13.1/nios2eds/bin/gnu/h-i686-mingw32/bin/../lib/gcc/nios2-elf/4.7.3/../../../../../H-i686-mingw32/nios2-elf/lib\libc.a(lib_a-fflush.o) (_global_impure_ptr)
d:/altera/13.1/nios2eds/bin/gnu/h-i686-mingw32/bin/../lib/gcc/nios2-elf/4.7.3/../../../../../H-i686-mingw32/nios2-elf/lib\libc.a(lib_a-locale.o)
                              d:/altera/13.1/nios2eds/bin/gnu/h-i686-mingw32/bin/../lib/gcc/nios2-elf/4.7.3/../../../../../H-i686-mingw32/nios2-elf/lib\libc.a(lib_a-vfprintf.o) (_localeconv_r)
d:/altera/13.1/nios2eds/bin/gnu/h-i686-mingw32/bin/../lib/gcc/nios2-elf/4.7.3/../../../../../H-i686-mingw32/nios2-elf/lib\libc.a(lib_a-makebuf.o)
                              d:/altera/13.1/nios2eds/bin/gnu/h-i686-mingw32/bin/../lib/gcc/nios2-elf/4.7.3/../../../../../H-i686-mingw32/nios2-elf/lib\libc.a(lib_a-wsetup.o) (__smakebuf_r)
d:/altera/13.1/nios2eds/bin/gnu/h-i686-mingw32/bin/../lib/gcc/nios2-elf/4.7.3/../../../../../H-i686-mingw32/nios2-elf/lib\libc.a(lib_a-mallocr.o)
[...]
Memory Configuration

Name             Origin             Length             Attributes
sdram_BEFORE_EXCEPTION 0x00000000         0x00000020
sdram            0x00000020         0x01ffffe0
reset            0x02001000         0x00000020
epcs             0x02001020         0x000007e0
*default*        0x00000000         0xffffffff

Linker script and memory map

LOAD F:/project/qsys_ucosii_sem/qsys/software/uCosii_bsp//obj/HAL/src/crt0.o
LOAD obj/default/ucosii_sem.o
LOAD d:/altera/13.1/nios2eds/bin/gnu/h-i686-mingw32/bin/../lib/gcc/nios2-elf/4.7.3/../../../../../H-i686-mingw32/nios2-elf/lib\libstdc++.a
LOAD d:/altera/13.1/nios2eds/bin/gnu/h-i686-mingw32/bin/../lib/gcc/nios2-elf/4.7.3/../../../../../H-i686-mingw32/nios2-elf/lib\libm.a
LOAD d:/altera/13.1/nios2eds/bin/gnu/h-i686-mingw32/bin/../lib/gcc/nios2-elf/4.7.3\libgcc.a
START GROUP
LOAD d:/altera/13.1/nios2eds/bin/gnu/h-i686-mingw32/bin/../lib/gcc/nios2-elf/4.7.3/../../../../../H-i686-mingw32/nios2-elf/lib\libc.a
LOAD d:/altera/13.1/nios2eds/bin/gnu/h-i686-mingw32/bin/../lib/gcc/nios2-elf/4.7.3\libgcc.a
LOAD F:/project/qsys_ucosii_sem/qsys/software/uCosii_bsp/\libucosii_bsp.a
END GROUP
LOAD d:/altera/13.1/nios2eds/bin/gnu/h-i686-mingw32/bin/../lib/gcc/nios2-elf/4.7.3\libgcc.a
                0x00000000                __alt_mem_sdram = 0x0
                0x02001000                __alt_mem_epcs = 0x2001000

.entry          0x02001000        0x0
 *(.entry)
 .entry         0x02001000        0x0 F:/project/qsys_ucosii_sem/qsys/software/uCosii_bsp//obj/HAL/src/crt0.o
                0x02001000                __reset

.exceptions     0x00000020      0x19c
                0x00000020                PROVIDE (__ram_exceptions_start, ABSOLUTE (.))
                0x00000020                . = ALIGN (0x20)
 *(.irq)
 *(.exceptions.entry.label)
 .exceptions.entry.label
                0x00000020        0x0 F:/project/qsys_ucosii_sem/qsys/software/uCosii_bsp/\libucosii_bsp.a(alt_irq_entry.o)
                0x00000020                alt_irq_entry
 .exceptions.entry.label
                0x00000020        0x0 F:/project/qsys_ucosii_sem/qsys/software/uCosii_bsp/\libucosii_bsp.a(alt_exception_entry.o)
                0x00000020                alt_exception
 *(.exceptions.entry.user)
 *(.exceptions.entry.ecc_fatal)
 *(.exceptions.entry)
 .exceptions.entry
                0x00000020       0x54 F:/project/qsys_ucosii_sem/qsys/software/uCosii_bsp/\libucosii_bsp.a(alt_exception_entry.o)
 *(.exceptions.irqtest.user)
 *(.exceptions.irqtest)
 .exceptions.irqtest
                0x00000074       0x10 F:/project/qsys_ucosii_sem/qsys/software/uCosii_bsp/\libucosii_bsp.a(alt_irq_entry.o)
 *(.exceptions.irqhandler.user)
 *(.exceptions.irqhandler)
 .exceptions.irqhandler
                0x00000084        0x4 F:/project/qsys_ucosii_sem/qsys/software/uCosii_bsp/\libucosii_bsp.a(alt_irq_entry.o)
 *(.exceptions.irqreturn.user)
 *(.exceptions.irqreturn)
 .exceptions.irqreturn
                0x00000088        0x4 F:/project/qsys_ucosii_sem/qsys/software/uCosii_bsp/\libucosii_bsp.a(alt_irq_entry.o)
 *(.exceptions.notirq.label)
 .exceptions.notirq.label
                0x0000008c        0x0 F:/project/qsys_ucosii_sem/qsys/software/uCosii_bsp/\libucosii_bsp.a(alt_irq_entry.o)
 *(.exceptions.notirq.user)
 *(.exceptions.notirq)
 .exceptions.notirq
                0x0000008c        0x8 F:/project/qsys_ucosii_sem/qsys/software/uCosii_bsp/\libucosii_bsp.a(alt_exception_entry.o)
 *(.exceptions.soft.user)
 *(.exceptions.soft)
 *(.exceptions.unknown.user)
 *(.exceptions.unknown)
 .exceptions.unknown
                0x00000094        0x4 F:/project/qsys_ucosii_sem/qsys/software/uCosii_bsp/\libucosii_bsp.a(alt_exception_entry.o)
 *(.exceptions.exit.label)
 .exceptions.exit.label
                0x00000098        0x0 F:/project/qsys_ucosii_sem/qsys/software/uCosii_bsp/\libucosii_bsp.a(alt_irq_entry.o)
 .exceptions.exit.label
                0x00000098        0x0 F:/project/qsys_ucosii_sem/qsys/software/uCosii_bsp/\libucosii_bsp.a(alt_exception_entry.o)
 *(.exceptions.exit.user)
 *(.exceptions.exit)
 .exceptions.exit
                0x00000098       0x54 F:/project/qsys_ucosii_sem/qsys/software/uCosii_bsp/\libucosii_bsp.a(alt_exception_entry.o)
 *(.exceptions)
 .exceptions    0x000000ec       0xd0 F:/project/qsys_ucosii_sem/qsys/software/uCosii_bsp/\libucosii_bsp.a(alt_irq_handler.o)
                0x000000ec                alt_irq_handler
                0x000001bc                PROVIDE (__ram_exceptions_end, ABSOLUTE (.))
                0x00000020                PROVIDE (__flash_exceptions_start, LOADADDR (.exceptions))

.text           0x000001bc    0x15a60
                0x000001bc                PROVIDE (stext, ABSOLUTE (.))
 *(.interp)
 *(.hash)
 *(.dynsym)
 *(.dynstr)
 *(.gnu.version)
 *(.gnu.version_d)
 *(.gnu.version_r)
 *(.rel.init)
 *(.rela.init)
 *(.rel.text .rel.text.* .rel.gnu.linkonce.t.*)
 *(.rela.text .rela.text.* .rela.gnu.linkonce.t.*)
 *(.rel.fini)
 *(.rela.fini)
 *(.rel.rodata .rel.rodata.* .rel.gnu.linkonce.r.*)
 *(.rela.rodata .rela.rodata.* .rela.gnu.linkonce.r.*)
 *(.rel.data .rel.data.* .rel.gnu.linkonce.d.*)
 *(.rela.data .rela.data.* .rela.gnu.linkonce.d.*)
 *(.rel.tdata .rel.tdata.* .rel.gnu.linkonce.td.*)
 *(.rela.tdata .rela.tdata.* .rela.gnu.linkonce.td.*)
 *(.rel.tbss .rel.tbss.* .rel.gnu.linkonce.tb.*)
 *(.rela.tbss .rela.tbss.* .rela.gnu.linkonce.tb.*)
 *(.rel.ctors)
 *(.rela.ctors)
 *(.rel.dtors)
 *(.rela.dtors)
 *(.rel.got)
 *(.rela.got)
 *(.rel.sdata .rel.sdata.* .rel.gnu.linkonce.s.*)
 *(.rela.sdata .rela.sdata.* .rela.gnu.linkonce.s.*)
 *(.rel.sbss .rel.sbss.* .rel.gnu.linkonce.sb.*)
 *(.rela.sbss .rela.sbss.* .rela.gnu.linkonce.sb.*)
 *(.rel.sdata2 .rel.sdata2.* .rel.gnu.linkonce.s2.*)
 *(.rela.sdata2 .rela.sdata2.* .rela.gnu.linkonce.s2.*)
 *(.rel.sbss2 .rel.sbss2.* .rel.gnu.linkonce.sb2.*)
 *(.rela.sbss2 .rela.sbss2.* .rela.gnu.linkonce.sb2.*)
 *(.rel.bss .rel.bss.* .rel.gnu.linkonce.b.*)
 *(.rela.bss .rela.bss.* .rela.gnu.linkonce.b.*)
 *(.rel.plt)
 *(.rela.plt)
 *(.rel.dyn)
 *(.init)
 *(.plt)
 *(.text .stub .text.* .gnu.linkonce.t.*)
 .text          0x000001bc       0x48 F:/project/qsys_ucosii_sem/qsys/software/uCosii_bsp//obj/HAL/src/crt0.o
                0x000001bc                _start
 .text          0x00000204      0x2e4 obj/default/ucosii_sem.o
                0x00000204                task1
                0x000002c0                task2
                0x0000037c                start_task
                0x000003a4                initOSsemaphore
                0x000003d8                initCreateTasks
                0x0000047c                main
 .text          0x000004e8       0xf8 d:/altera/13.1/nios2eds/bin/gnu/h-i686-mingw32/bin/../lib/gcc/nios2-elf/4.7.3/../../../../../H-i686-mingw32/nios2-elf/lib\libc.a(lib_a-memcpy.o)
                0x000004e8                memcpy
 .text          0x000005e0       0x68 d:/altera/13.1/nios2eds/bin/gnu/h-i686-mingw32/bin/../lib/gcc/nios2-elf/4.7.3/../../../../../H-i686-mingw32/nios2-elf/lib\libc.a(lib_a-printf.o)
                0x000005e0                _printf_r
                0x0000060c                printf
 .text          0x00000648       0x98 d:/altera/13.1/nios2eds/bin/gnu/h-i686-mingw32/bin/../lib/gcc/nios2-elf/4.7.3/../../../../../H-i686-mingw32/nios2-elf/lib\libc.a(lib_a-puts.o)
                0x00000648                _puts_r
                0x000006cc                puts
 .text          0x000006e0       0x8c d:/altera/13.1/nios2eds/bin/gnu/h-i686-mingw32/bin/../lib/gcc/nios2-elf/4.7.3/../../../../../H-i686-mingw32/nios2-elf/lib\libc.a(lib_a-strlen.o)
                0x000006e0                strlen
 .text          0x0000076c     0x1e50 d:/altera/13.1/nios2eds/bin/gnu/h-i686-mingw32/bin/../lib/gcc/nios2-elf/4.7.3/../../../../../H-i686-mingw32/nios2-elf/lib\libc.a(lib_a-vfprintf.o)
                0x000007a0                ___vfprintf_internal_r
                0x00002598                __vfprintf_internal
 .text          0x000025bc      0x174 d:/altera/13.1/nios2eds/bin/gnu/h-i686-mingw32/bin/../lib/gcc/nios2-elf/4.7.3/../../../../../H-i686-mingw32/nios2-elf/lib\libc.a(lib_a-wsetup.o)
                0x000025bc                __swsetup_r
 .text          0x00002730     0x1824 d:/altera/13.1/nios2eds/bin/gnu/h-i686-mingw32/bin/../lib/gcc/nios2-elf/4.7.3/../../../../../H-i686-mingw32/nios2-elf/lib\libc.a(lib_a-dtoa.o)
                0x00002938                _dtoa_r
 .text          0x00003f54      0x218 d:/altera/13.1/nios2eds/bin/gnu/h-i686-mingw32/bin/../lib/gcc/nios2-elf/4.7.3/../../../../../H-i686-mingw32/nios2-elf/lib\libc.a(lib_a-fflush.o)
                0x00003f54                _fflush_r
                0x0000413c                fflush
 .text          0x0000416c      0x2d8 d:/altera/13.1/nios2eds/bin/gnu/h-i686-mingw32/bin/../lib/gcc/nios2-elf/4.7.3/../../../../../H-i686-mingw32/nios2-elf/lib\libc.a(lib_a-findfp.o)
                0x0000417c                _cleanup_r
                0x00004188                __sfmoreglue
                0x000041ec                _cleanup
                0x000041fc                __sinit
                0x00004308                __sfp
                0x00004404                __sfp_lock_acquire
                0x00004408                __sfp_lock_release
                0x0000440c                __sinit_lock_acquire
                0x00004410                __sinit_lock_release
                0x00004414                __fp_lock_all
                0x0000442c                __fp_unlock_all
 .text          0x00004444      0x40c d:/altera/13.1/nios2eds/bin/gnu/h-i686-mingw32/bin/../lib/gcc/nios2-elf/4.7.3/../../../../../H-i686-mingw32/nios2-elf/lib\libc.a(lib_a-freer.o)
                0x00004444                _malloc_trim_r
                0x00004580                _free_r
 .text          0x00004850      0x4e4 d:/altera/13.1/nios2eds/bin/gnu/h-i686-mingw32/bin/../lib/gcc/nios2-elf/4.7.3/../../../../../H-i686-mingw32/nios2-elf/lib\libc.a(lib_a-fvwrite.o)
                0x00004850                __sfvwrite_r
 .text          0x00004d34      0x160 d:/altera/13.1/nios2eds/bin/gnu/h-i686-mingw32/bin/../lib/gcc/nios2-elf/4.7.3/../../../../../H-i686-mingw32/nios2-elf/lib\libc.a(lib_a-fwalk.o)
                0x00004d34                _fwalk
                0x00004ddc                _fwalk_reent
 .text          0x00004e94        0x0 d:/altera/13.1/nios2eds/bin/gnu/h-i686-mingw32/bin/../lib/gcc/nios2-elf/4.7.3/../../../../../H-i686-mingw32/nios2-elf/lib\libc.a(lib_a-impure.o)
 .text          0x00004e94       0xdc d:/altera/13.1/nios2eds/bin/gnu/h-i686-mingw32/bin/../lib/gcc/nios2-elf/4.7.3/../../../../../H-i686-mingw32/nios2-elf/lib\libc.a(lib_a-locale.o)
                0x00004e94                _setlocale_r
                0x00004f30                __locale_charset
                0x00004f3c                _localeconv_r
                0x00004f48                setlocale
                0x00004f64                localeconv
 .text          0x00004f70      0x1a8 d:/altera/13.1/nios2eds/bin/gnu/h-i686-mingw32/bin/../lib/gcc/nios2-elf/4.7.3/../../../../../H-i686-mingw32/nios2-elf/lib\libc.a(lib_a-makebuf.o)
                0x00004f70                __smakebuf_r
 .text          0x00005118      0x784 d:/altera/13.1/nios2eds/bin/gnu/h-i686-mingw32/bin/../lib/gcc/nios2-elf/4.7.3/../../../../../H-i686-mingw32/nios2-elf/lib\libc.a(lib_a-mallocr.o)
                0x00005118                _malloc_r
 .text          0x0000589c       0xf8 d:/altera/13.1/nios2eds/bin/gnu/h-i686-mingw32/bin/../lib/gcc/nios2-elf/4.7.3/../../../../../H-i686-mingw32/nios2-elf/lib\libc.a(lib_a-memchr.o)
                0x0000589c                memchr
 .text          0x00005994      0x128 d:/altera/13.1/nios2eds/bin/gnu/h-i686-mingw32/bin/../lib/gcc/nios2-elf/4.7.3/../../../../../H-i686-mingw32/nios2-elf/lib\libc.a(lib_a-memmove.o)
                0x00005994                memmove
 .text          0x00005abc       0xdc d:/altera/13.1/nios2eds/bin/gnu/h-i686-mingw32/bin/../lib/gcc/nios2-elf/4.7.3/../../../../../H-i686-mingw32/nios2-elf/lib\libc.a(lib_a-memset.o)
                0x00005abc                memset
 .text          0x00005b98      0xfa8 d:/altera/13.1/nios2eds/bin/gnu/h-i686-mingw32/bin/../lib/gcc/nios2-elf/4.7.3/../../../../../H-i686-mingw32/nios2-elf/lib\libc.a(lib_a-mprec.o)
                0x00005b98                _Balloc
                0x00005c40                _Bfree
                0x00005c68                __multadd
                0x00005d7c                __s2b
                0x00005e80                __hi0bits
                0x00005ee8                __lo0bits
                0x00005f98                __i2b
                0x00005fd4                __multiply
                0x000061b4                __pow5mult
                0x000062e0                __lshift
                0x0000643c                __mcmp
                0x00006494                __mdiff
                0x0000663c                __ulp
                0x0000669c                __b2d
                0x000067e4                __d2b
                0x00006928                __ratio
                0x000069cc                _mprec_log10
                0x00006a40                __copybits
                0x00006abc                __any_on
 .text          0x00006b40      0x5fc d:/altera/13.1/nios2eds/bin/gnu/h-i686-mingw32/bin/../lib/gcc/nios2-elf/4.7.3/../../../../../H-i686-mingw32/nios2-elf/lib\libc.a(lib_a-reallocr.o)
                0x00006b40                _realloc_r
 .text          0x0000713c       0x38 d:/altera/13.1/nios2eds/bin/gnu/h-i686-mingw32/bin/../lib/gcc/nios2-elf/4.7.3/../../../../../H-i686-mingw32/nios2-elf/lib\libc.a(lib_a-s_isinfd.o)
                0x0000713c                __isinfd
 .text          0x00007174       0x2c d:/altera/13.1/nios2eds/bin/gnu/h-i686-mingw32/bin/../lib/gcc/nios2-elf/4.7.3/../../../../../H-i686-mingw32/nios2-elf/lib\libc.a(lib_a-s_isnand.o)
                0x00007174                __isnand
 .text          0x000071a0       0x64 d:/altera/13.1/nios2eds/bin/gnu/h-i686-mingw32/bin/../lib/gcc/nios2-elf/4.7.3/../../../../../H-i686-mingw32/nios2-elf/lib\libc.a(lib_a-sbrkr.o)
                0x000071a0                _sbrk_r
 .text          0x00007204      0x140 d:/altera/13.1/nios2eds/bin/gnu/h-i686-mingw32/bin/../lib/gcc/nios2-elf/4.7.3/../../../../../H-i686-mingw32/nios2-elf/lib\libc.a(lib_a-stdio.o)
                0x00007204                __sread
                0x00007258                __swrite
                0x000072e0                __sseek
                0x0000733c                __sclose
 .text          0x00007344       0xa4 d:/altera/13.1/nios2eds/bin/gnu/h-i686-mingw32/bin/../lib/gcc/nios2-elf/4.7.3/../../../../../H-i686-mingw32/nios2-elf/lib\libc.a(lib_a-strcmp.o)
                0x00007344                strcmp
 .text          0x000073e8       0x6c d:/altera/13.1/nios2eds/bin/gnu/h-i686-mingw32/bin/../lib/gcc/nios2-elf/4.7.3/../../../../../H-i686-mingw32/nios2-elf/lib\libc.a(lib_a-writer.o)
                0x000073e8                _write_r
 .text          0x00007454       0xbc d:/altera/13.1/nios2eds/bin/gnu/h-i686-mingw32/bin/../lib/gcc/nios2-elf/4.7.3/../../../../../H-i686-mingw32/nios2-elf/lib\libc.a(lib_a-callocr.o)
                0x00007454                _calloc_r
 .text          0x00007510       0x64 d:/altera/13.1/nios2eds/bin/gnu/h-i686-mingw32/bin/../lib/gcc/nios2-elf/4.7.3/../../../../../H-i686-mingw32/nios2-elf/lib\libc.a(lib_a-closer.o)
                0x00007510                _close_r
 .text          0x00007574      0x150 d:/altera/13.1/nios2eds/bin/gnu/h-i686-mingw32/bin/../lib/gcc/nios2-elf/4.7.3/../../../../../H-i686-mingw32/nios2-elf/lib\libc.a(lib_a-fclose.o)
                0x00007574                _fclose_r
                0x000076b0                fclose
 .text          0x000076c4       0x68 d:/altera/13.1/nios2eds/bin/gnu/h-i686-mingw32/bin/../lib/gcc/nios2-elf/4.7.3/../../../../../H-i686-mingw32/nios2-elf/lib\libc.a(lib_a-fstatr.o)
                0x000076c4                _fstat_r
 .text          0x0000772c        0x0 d:/altera/13.1/nios2eds/bin/gnu/h-i686-mingw32/bin/../lib/gcc/nios2-elf/4.7.3/../../../../../H-i686-mingw32/nios2-elf/lib\libc.a(lib_a-int_errno.o)
 .text          0x0000772c       0x64 d:/altera/13.1/nios2eds/bin/gnu/h-i686-mingw32/bin/../lib/gcc/nios2-elf/4.7.3/../../../../../H-i686-mingw32/nios2-elf/lib\libc.a(lib_a-isattyr.o)
                0x0000772c                _isatty_r
 .text          0x00007790       0x6c d:/altera/13.1/nios2eds/bin/gnu/h-i686-mingw32/bin/../lib/gcc/nios2-elf/4.7.3/../../../../../H-i686-mingw32/nios2-elf/lib\libc.a(lib_a-lseekr.o)
                0x00007790                _lseek_r
 .text          0x000077fc       0x6c d:/altera/13.1/nios2eds/bin/gnu/h-i686-mingw32/bin/../lib/gcc/nios2-elf/4.7.3/../../../../../H-i686-mingw32/nios2-elf/lib\libc.a(lib_a-readr.o)
                0x000077fc                _read_r
 .text          0x00007868      0x5c8 d:/altera/13.1/nios2eds/bin/gnu/h-i686-mingw32/bin/../lib/gcc/nios2-elf/4.7.3\libgcc.a(_udivdi3.o)
                0x00007868                __udivdi3
 .text          0x00007e30      0x58c d:/altera/13.1/nios2eds/bin/gnu/h-i686-mingw32/bin/../lib/gcc/nios2-elf/4.7.3\libgcc.a(_umoddi3.o)
                0x00007e30                __umoddi3
 .text          0x000083bc      0x408 d:/altera/13.1/nios2eds/bin/gnu/h-i686-mingw32/bin/../lib/gcc/nios2-elf/4.7.3\libgcc.a(_addsub_df.o)
                0x00008710                __adddf3
                0x00008764                __subdf3
 .text          0x000087c4      0x2e4 d:/altera/13.1/nios2eds/bin/gnu/h-i686-mingw32/bin/../lib/gcc/nios2-elf/4.7.3\libgcc.a(_mul_df.o)
                0x000087c4                __muldf3
 .text          0x00008aa8      0x1b4 d:/altera/13.1/nios2eds/bin/gnu/h-i686-mingw32/bin/../lib/gcc/nios2-elf/4.7.3\libgcc.a(_div_df.o)
                0x00008aa8                __divdf3
 .text          0x00008c5c       0x5c d:/altera/13.1/nios2eds/bin/gnu/h-i686-mingw32/bin/../lib/gcc/nios2-elf/4.7.3\libgcc.a(_eq_df.o)
                0x00008c5c                __eqdf2
 .text          0x00008cb8       0x5c d:/altera/13.1/nios2eds/bin/gnu/h-i686-mingw32/bin/../lib/gcc/nios2-elf/4.7.3\libgcc.a(_ne_df.o)
                0x00008cb8                __nedf2
 .text          0x00008d14       0x64 d:/altera/13.1/nios2eds/bin/gnu/h-i686-mingw32/bin/../lib/gcc/nios2-elf/4.7.3\libgcc.a(_gt_df.o)
                0x00008d14                __gtdf2
 .text          0x00008d78       0x64 d:/altera/13.1/nios2eds/bin/gnu/h-i686-mingw32/bin/../lib/gcc/nios2-elf/4.7.3\libgcc.a(_ge_df.o)
                0x00008d78                __gedf2
 .text          0x00008ddc       0x5c d:/altera/13.1/nios2eds/bin/gnu/h-i686-mingw32/bin/../lib/gcc/nios2-elf/4.7.3\libgcc.a(_lt_df.o)
                0x00008ddc                __ltdf2
 .text          0x00008e38       0xd4 d:/altera/13.1/nios2eds/bin/gnu/h-i686-mingw32/bin/../lib/gcc/nios2-elf/4.7.3\libgcc.a(_si_to_df.o)
                0x00008e38                __floatsidf
 .text          0x00008f0c       0xd4 d:/altera/13.1/nios2eds/bin/gnu/h-i686-mingw32/bin/../lib/gcc/nios2-elf/4.7.3\libgcc.a(_df_to_si.o)
                0x00008f0c                __fixdfsi
 .text          0x00008fe0        0x0 d:/altera/13.1/nios2eds/bin/gnu/h-i686-mingw32/bin/../lib/gcc/nios2-elf/4.7.3\libgcc.a(_thenan_df.o)
 .text          0x00008fe0      0x11c d:/altera/13.1/nios2eds/bin/gnu/h-i686-mingw32/bin/../lib/gcc/nios2-elf/4.7.3\libgcc.a(_usi_to_df.o)
                0x00008fe0                __floatunsidf
 .text          0x000090fc      0x130 d:/altera/13.1/nios2eds/bin/gnu/h-i686-mingw32/bin/../lib/gcc/nios2-elf/4.7.3\libgcc.a(lib2-divmod.o)
                0x00009170                __divsi3
                0x000091c0                __modsi3
                0x0000921c                __udivsi3
                0x00009224                __umodsi3
 .text          0x0000922c       0x60 d:/altera/13.1/nios2eds/bin/gnu/h-i686-mingw32/bin/../lib/gcc/nios2-elf/4.7.3\libgcc.a(_muldi3.o)
                0x0000922c                __muldi3
 .text          0x0000928c        0x0 d:/altera/13.1/nios2eds/bin/gnu/h-i686-mingw32/bin/../lib/gcc/nios2-elf/4.7.3\libgcc.a(_clz.o)
 .text          0x0000928c       0xac d:/altera/13.1/nios2eds/bin/gnu/h-i686-mingw32/bin/../lib/gcc/nios2-elf/4.7.3\libgcc.a(_clzsi2.o)
                0x0000928c                __clzsi2
 .text          0x00009338      0x224 d:/altera/13.1/nios2eds/bin/gnu/h-i686-mingw32/bin/../lib/gcc/nios2-elf/4.7.3\libgcc.a(_pack_df.o)
                0x00009338                __pack_d
 .text          0x0000955c      0x104 d:/altera/13.1/nios2eds/bin/gnu/h-i686-mingw32/bin/../lib/gcc/nios2-elf/4.7.3\libgcc.a(_unpack_df.o)
                0x0000955c                __unpack_d
 .text          0x00009660       0xd0 d:/altera/13.1/nios2eds/bin/gnu/h-i686-mingw32/bin/../lib/gcc/nios2-elf/4.7.3\libgcc.a(_fpcmp_parts_df.o)
                0x00009660                __fpcmp_parts_d
 .text          0x00009730       0x44 d:/altera/13.1/nios2eds/bin/gnu/h-i686-mingw32/bin/../lib/gcc/nios2-elf/4.7.3\libgcc.a(_lshrdi3.o)
                0x00009730                __lshrdi3
 .text          0x00009774       0x44 d:/altera/13.1/nios2eds/bin/gnu/h-i686-mingw32/bin/../lib/gcc/nios2-elf/4.7.3\libgcc.a(_ashldi3.o)
                0x00009774                __ashldi3
 .text          0x000097b8      0x118 F:/project/qsys_ucosii_sem/qsys/software/uCosii_bsp/\libucosii_bsp.a(alt_close.o)
                0x00009808                close
 .text          0x000098d0       0x2c F:/project/qsys_ucosii_sem/qsys/software/uCosii_bsp/\libucosii_bsp.a(alt_dev.o)
 .text          0x000098fc        0x0 F:/project/qsys_ucosii_sem/qsys/software/uCosii_bsp/\libucosii_bsp.a(alt_errno.o)
 .text          0x000098fc       0xfc F:/project/qsys_ucosii_sem/qsys/software/uCosii_bsp/\libucosii_bsp.a(alt_fstat.o)
                0x0000994c                fstat
 .text          0x000099f8       0xf0 F:/project/qsys_ucosii_sem/qsys/software/uCosii_bsp/\libucosii_bsp.a(alt_isatty.o)
                0x00009a48                isatty
 .text          0x00009ae8      0x120 F:/project/qsys_ucosii_sem/qsys/software/uCosii_bsp/\libucosii_bsp.a(alt_lseek.o)
                0x00009b38                lseek
 .text          0x00009c08       0xcc F:/project/qsys_ucosii_sem/qsys/software/uCosii_bsp/\libucosii_bsp.a(alt_main.o)
                0x00009c08                alt_main
 .text          0x00009cd4      0x140 F:/project/qsys_ucosii_sem/qsys/software/uCosii_bsp/\libucosii_bsp.a(alt_read.o)
                0x00009d24                read
 .text          0x00009e14       0x60 F:/project/qsys_ucosii_sem/qsys/software/uCosii_bsp/\libucosii_bsp.a(alt_release_fd.o)
                0x00009e14                alt_release_fd
 .text          0x00009e74       0xb0 F:/project/qsys_ucosii_sem/qsys/software/uCosii_bsp/\libucosii_bsp.a(alt_sbrk.o)
                0x00009e74                sbrk
 .text          0x00009f24      0x120 F:/project/qsys_ucosii_sem/qsys/software/uCosii_bsp/\libucosii_bsp.a(alt_usleep.o)
                0x00009f24                usleep
 .text          0x0000a044      0x13c F:/project/qsys_ucosii_sem/qsys/software/uCosii_bsp/\libucosii_bsp.a(alt_write.o)
                0x0000a094                write
 .text          0x0000a180      0x118 F:/project/qsys_ucosii_sem/qsys/software/uCosii_bsp/\libucosii_bsp.a(alt_env_lock.o)
                0x0000a180                __env_lock
                0x0000a238                __env_unlock
 .text          0x0000a298      0x1e8 F:/project/qsys_ucosii_sem/qsys/software/uCosii_bsp/\libucosii_bsp.a(alt_malloc_lock.o)
                0x0000a298                __malloc_lock
                0x0000a3ac                __malloc_unlock
 .text          0x0000a480     0x2024 F:/project/qsys_ucosii_sem/qsys/software/uCosii_bsp/\libucosii_bsp.a(os_core.o)
                0x0000a480                OSEventNameGet
                0x0000a5a0                OSEventNameSet
                0x0000a6e4                OSEventPendMulti
                0x0000ad20                OSInit
                0x0000ad74                OSIntEnter
                0x0000adf0                OSIntExit
                0x0000aee4                OSSchedLock
                0x0000af6c                OSSchedUnlock
                0x0000b044                OSStart
                0x0000b0b0                OSStatInit
                0x0000b15c                OSTimeTick
                0x0000b37c                OSVersion
                0x0000b39c                OS_Dummy
                0x0000b3b8                OS_EventTaskRdy
                0x0000b550                OS_EventTaskWait
                0x0000b658                OS_EventTaskWaitMulti
                0x0000b7a0                OS_EventTaskRemove
                0x0000b850                OS_EventTaskRemoveMulti
                0x0000b948                OS_EventWaitListInit
                0x0000bd14                OS_MemClr
                0x0000bd68                OS_MemCopy
                0x0000bdd4                OS_Sched
                0x0000bf10                OS_StrCopy
                0x0000bf8c                OS_StrLen
                0x0000bfe0                OS_TaskIdle
                0x0000c03c                OS_TaskStat
                0x0000c104                OS_TaskStatStkChk
                0x0000c1cc                OS_TCBInit
 .text          0x0000c4a4      0x18c F:/project/qsys_ucosii_sem/qsys/software/uCosii_bsp/\libucosii_bsp.a(os_dbg.o)
                0x0000c4a4                OSDebugInit
 .text          0x0000c630     0x1834 F:/project/qsys_ucosii_sem/qsys/software/uCosii_bsp/\libucosii_bsp.a(os_flag.o)
                0x0000c630                OSFlagAccept
                0x0000c938                OSFlagCreate
                0x0000ca60                OSFlagDel
                0x0000ccd0                OSFlagNameGet
                0x0000ce00                OSFlagNameSet
                0x0000cf54                OSFlagPend
                0x0000d554                OSFlagPendGetFlagsRdy
                0x0000d5bc                OSFlagPost
                0x0000d950                OSFlagQuery
                0x0000dbd4                OS_FlagInit
                0x0000ddc4                OS_FlagUnlink
 .text          0x0000de64      0x788 F:/project/qsys_ucosii_sem/qsys/software/uCosii_bsp/\libucosii_bsp.a(os_mem.o)
                0x0000de64                OSMemCreate
                0x0000e058                OSMemGet
                0x0000e148                OSMemNameGet
                0x0000e240                OSMemNameSet
                0x0000e35c                OSMemPut
                0x0000e434                OSMemQuery
                0x0000e51c                OS_MemInit
 .text          0x0000e5ec     0x1224 F:/project/qsys_ucosii_sem/qsys/software/uCosii_bsp/\libucosii_bsp.a(os_q.o)
                0x0000e5ec                OSQAccept
                0x0000e72c                OSQCreate
                0x0000e924                OSQDel
                0x0000ebf4                OSQFlush
                0x0000ecac                OSQPend
                0x0000efa8                OSQPendAbort
                0x0000f11c                OSQPost
                0x0000f284                OSQPostFront
                0x0000f3f4                OSQPostOpt
                0x0000f600                OSQQuery
                0x0000f764                OS_QInit
 .text          0x0000f810      0xb28 F:/project/qsys_ucosii_sem/qsys/software/uCosii_bsp/\libucosii_bsp.a(os_sem.o)
                0x0000f810                OSSemAccept
                0x0000f8c0                OSSemCreate
                0x0000f9c0                OSSemDel
                0x0000fc30                OSSemPend
                0x0000fe9c                OSSemPendAbort
                0x00010010                OSSemPost
                0x00010120                OSSemQuery
                0x00010238                OSSemSet
 .text          0x00010338     0x18ec F:/project/qsys_ucosii_sem/qsys/software/uCosii_bsp/\libucosii_bsp.a(os_task.o)
                0x00010338                OSTaskChangePrio
                0x00010860                OSTaskCreate
                0x00010a1c                OSTaskCreateExt
                0x00010c10                OSTaskDel
                0x00010fec                OSTaskDelReq
                0x00011144                OSTaskNameGet
                0x000112ec                OSTaskNameSet
                0x000114b0                OSTaskResume
                0x000116a4                OSTaskStkChk
                0x00011878                OSTaskSuspend
                0x00011a88                OSTaskQuery
                0x00011bb4                OS_TaskStkClr
 .text          0x00011c24      0x634 F:/project/qsys_ucosii_sem/qsys/software/uCosii_bsp/\libucosii_bsp.a(os_time.o)
                0x00011c24                OSTimeDly
                0x00011d6c                OSTimeDlyHMSM
                0x00011fa4                OSTimeDlyResume
                0x00012190                OSTimeGet
                0x000121f4                OSTimeSet
 .text          0x00012258       0xd8 F:/project/qsys_ucosii_sem/qsys/software/uCosii_bsp/\libucosii_bsp.a(alt_sys_init.o)
                0x00012290                alt_irq_init
                0x000122c4                alt_sys_init
 .text          0x00012330      0x990 F:/project/qsys_ucosii_sem/qsys/software/uCosii_bsp/\libucosii_bsp.a(altera_avalon_epcs_flash_controller.o)
                0x00012368                alt_epcs_flash_init
                0x00012730                alt_epcs_flash_write
                0x00012990                alt_epcs_flash_get_info
                0x00012ab0                alt_epcs_flash_erase_block
                0x00012b24                alt_epcs_flash_write_block
                0x00012c28                alt_epcs_flash_read
 .text          0x00012cc0      0x164 F:/project/qsys_ucosii_sem/qsys/software/uCosii_bsp/\libucosii_bsp.a(altera_avalon_jtag_uart_fd.o)
                0x00012cc0                altera_avalon_jtag_uart_read_fd
                0x00012d20                altera_avalon_jtag_uart_write_fd
                0x00012d80                altera_avalon_jtag_uart_close_fd
                0x00012dd0                altera_avalon_jtag_uart_ioctl_fd
 .text          0x00012e24      0x55c F:/project/qsys_ucosii_sem/qsys/software/uCosii_bsp/\libucosii_bsp.a(altera_avalon_jtag_uart_init.o)
                0x00012e24                altera_avalon_jtag_uart_init
                0x00013318                altera_avalon_jtag_uart_close
 .text          0x00013380       0xf4 F:/project/qsys_ucosii_sem/qsys/software/uCosii_bsp/\libucosii_bsp.a(altera_avalon_jtag_uart_ioctl.o)
                0x00013380                altera_avalon_jtag_uart_ioctl
 .text          0x00013474      0x2c4 F:/project/qsys_ucosii_sem/qsys/software/uCosii_bsp/\libucosii_bsp.a(altera_avalon_jtag_uart_read.o)
                0x00013474                altera_avalon_jtag_uart_read
 .text          0x00013738      0x2d0 F:/project/qsys_ucosii_sem/qsys/software/uCosii_bsp/\libucosii_bsp.a(altera_avalon_jtag_uart_write.o)
                0x00013738                altera_avalon_jtag_uart_write
 .text          0x00013a08       0xfc F:/project/qsys_ucosii_sem/qsys/software/uCosii_bsp/\libucosii_bsp.a(altera_avalon_timer_sc.o)
                0x00013a7c                alt_avalon_timer_sc_init
 .text          0x00013b04      0x624 F:/project/qsys_ucosii_sem/qsys/software/uCosii_bsp/\libucosii_bsp.a(epcs_commands.o)
                0x00013b04                epcs_read_status_register
                0x00013bd0                epcs_sector_erase
                0x00013cc8                epcs_read_buffer
                0x00013dbc                epcs_write_enable
                0x00013e0c                epcs_write_status_register
                0x00013e74                epcs_write_buffer
                0x00013f90                epcs_read_electronic_signature
                0x00013ff8                epcs_read_device_id
                0x00014078                epcs_enter_4_bytes_mode
                0x000140d0                epcs_exit_4_bytes_mode
 .text          0x00014128      0x140 F:/project/qsys_ucosii_sem/qsys/software/uCosii_bsp/\libucosii_bsp.a(alt_alarm_start.o)
                0x00014128                alt_alarm_start
 .text          0x00014268      0x154 F:/project/qsys_ucosii_sem/qsys/software/uCosii_bsp/\libucosii_bsp.a(alt_busy_sleep.o)
                0x00014268                alt_busy_sleep
 .text          0x000143bc       0xf0 F:/project/qsys_ucosii_sem/qsys/software/uCosii_bsp/\libucosii_bsp.a(alt_dev_llist_insert.o)
                0x0001440c                alt_dev_llist_insert
 .text          0x000144ac       0x5c F:/project/qsys_ucosii_sem/qsys/software/uCosii_bsp/\libucosii_bsp.a(alt_do_ctors.o)
                0x000144ac                _do_ctors
 .text          0x00014508       0x5c F:/project/qsys_ucosii_sem/qsys/software/uCosii_bsp/\libucosii_bsp.a(alt_do_dtors.o)
                0x00014508                _do_dtors
 .text          0x00014564       0xb8 F:/project/qsys_ucosii_sem/qsys/software/uCosii_bsp/\libucosii_bsp.a(alt_flash_dev.o)
                0x00014564                alt_flash_open_dev
                0x000145cc                alt_flash_close_dev
 .text          0x0001461c      0x1d8 F:/project/qsys_ucosii_sem/qsys/software/uCosii_bsp/\libucosii_bsp.a(alt_iic.o)
                0x0001461c                alt_ic_isr_register
                0x0001466c                alt_ic_irq_enable
                0x00014708                alt_ic_irq_disable
                0x000147a8                alt_ic_irq_enabled
 .text          0x000147f4       0xf0 F:/project/qsys_ucosii_sem/qsys/software/uCosii_bsp/\libucosii_bsp.a(alt_iic_isr_register.o)
                0x000147f4                alt_iic_isr_register
 .text          0x000148e4      0x138 F:/project/qsys_ucosii_sem/qsys/software/uCosii_bsp/\libucosii_bsp.a(alt_io_redirect.o)
                0x000149a4                alt_io_redirect
 .text          0x00014a1c        0x0 F:/project/qsys_ucosii_sem/qsys/software/uCosii_bsp/\libucosii_bsp.a(alt_irq_entry.o)
 .text          0x00014a1c        0x0 F:/project/qsys_ucosii_sem/qsys/software/uCosii_bsp/\libucosii_bsp.a(alt_irq_handler.o)
 .text          0x00014a1c        0x0 F:/project/qsys_ucosii_sem/qsys/software/uCosii_bsp/\libucosii_bsp.a(alt_irq_vars.o)
 .text          0x00014a1c      0x270 F:/project/qsys_ucosii_sem/qsys/software/uCosii_bsp/\libucosii_bsp.a(alt_open.o)
                0x00014b38                open
 .text          0x00014c8c      0x19c F:/project/qsys_ucosii_sem/qsys/software/uCosii_bsp/\libucosii_bsp.a(alt_tick.o)
                0x00014c8c                alt_alarm_stop
                0x00014d24                alt_tick
 .text          0x00014e28       0x20 F:/project/qsys_ucosii_sem/qsys/software/uCosii_bsp/\libucosii_bsp.a(altera_nios2_qsys_irq.o)
                0x00014e28                altera_nios2_qsys_irq_init
 .text          0x00014e48       0xd0 F:/project/qsys_ucosii_sem/qsys/software/uCosii_bsp/\libucosii_bsp.a(os_cpu_a.o)
                0x00014e48                OSCtxSw
                0x00014e48                OSIntCtxSw
                0x00014ed4                OSStartHighRdy
                0x00014ef4                OSStartTsk
 .text          0x00014f18      0x3fc F:/project/qsys_ucosii_sem/qsys/software/uCosii_bsp/\libucosii_bsp.a(os_cpu_c.o)
                0x00014f18                OSTaskStkInit
                0x0001520c                OSTaskCreateHook
                0x0001522c                OSTaskDelHook
                0x0001524c                OSTaskSwHook
                0x00015268                OSTaskStatHook
                0x00015284                OSTimeTickHook
                0x000152a0                OSInitHookBegin
                0x000152bc                OSInitHookEnd
                0x000152d8                OSTaskIdleHook
                0x000152f4                OSTCBInitHook
 .text          0x00015314      0x208 F:/project/qsys_ucosii_sem/qsys/software/uCosii_bsp/\libucosii_bsp.a(altera_avalon_spi.o)
                0x00015314                alt_avalon_spi_command
 .text          0x0001551c        0x0 F:/project/qsys_ucosii_sem/qsys/software/uCosii_bsp/\libucosii_bsp.a(alt_exception_entry.o)
 .text          0x0001551c       0x90 F:/project/qsys_ucosii_sem/qsys/software/uCosii_bsp/\libucosii_bsp.a(alt_find_dev.o)
                0x0001551c                alt_find_dev
 .text          0x000155ac      0x114 F:/project/qsys_ucosii_sem/qsys/software/uCosii_bsp/\libucosii_bsp.a(alt_find_file.o)
                0x000155ac                alt_find_file
 .text          0x000156c0       0xfc F:/project/qsys_ucosii_sem/qsys/software/uCosii_bsp/\libucosii_bsp.a(alt_get_fd.o)
                0x000156c0                alt_get_fd
 .text          0x000157bc       0x14 d:/altera/13.1/nios2eds/bin/gnu/h-i686-mingw32/bin/../lib/gcc/nios2-elf/4.7.3/../../../../../H-i686-mingw32/nios2-elf/lib\libc.a(lib_a-atexit.o)
                0x000157bc                atexit
 .text          0x000157d0       0x38 d:/altera/13.1/nios2eds/bin/gnu/h-i686-mingw32/bin/../lib/gcc/nios2-elf/4.7.3/../../../../../H-i686-mingw32/nios2-elf/lib\libc.a(lib_a-exit.o)
                0x000157d0                exit
 .text          0x00015808       0x7c d:/altera/13.1/nios2eds/bin/gnu/h-i686-mingw32/bin/../lib/gcc/nios2-elf/4.7.3/../../../../../H-i686-mingw32/nios2-elf/lib\libc.a(lib_a-memcmp.o)
                0x00015808                memcmp
 .text          0x00015884      0x130 d:/altera/13.1/nios2eds/bin/gnu/h-i686-mingw32/bin/../lib/gcc/nios2-elf/4.7.3/../../../../../H-i686-mingw32/nios2-elf/lib\libc.a(lib_a-__atexit.o)
                0x00015884                __register_exitproc
 .text          0x000159b4      0x1a0 d:/altera/13.1/nios2eds/bin/gnu/h-i686-mingw32/bin/../lib/gcc/nios2-elf/4.7.3/../../../../../H-i686-mingw32/nios2-elf/lib\libc.a(lib_a-__call_atexit.o)
                0x000159b4                __call_exitprocs
 .text          0x00015b54       0x84 d:/altera/13.1/nios2eds/bin/gnu/h-i686-mingw32/bin/../lib/gcc/nios2-elf/4.7.3\libgcc.a(_fixunsdfsi.o)
                0x00015b54                __fixunsdfsi
 .text          0x00015bd8       0x44 F:/project/qsys_ucosii_sem/qsys/software/uCosii_bsp/\libucosii_bsp.a(alt_exit.o)
                0x00015bd8                _exit
 *(.gnu.warning.*)
 *(.fini)
                0x00015c1c                PROVIDE (__etext, ABSOLUTE (.))
                0x00015c1c                PROVIDE (_etext, ABSOLUTE (.))
                0x00015c1c                PROVIDE (etext, ABSOLUTE (.))
 *(.eh_frame_hdr)
                0x00015c1c                . = ALIGN (0x4)
                0x00015c1c                PROVIDE (__preinit_array_start, ABSOLUTE (.))
 *(.preinit_array)
                0x00015c1c                PROVIDE (__preinit_array_end, ABSOLUTE (.))
                0x00015c1c                PROVIDE (__init_array_start, ABSOLUTE (.))
 *(.init_array)
                0x00015c1c                PROVIDE (__init_array_end, ABSOLUTE (.))
                0x00015c1c                PROVIDE (__fini_array_start, ABSOLUTE (.))
 *(.fini_array)
                0x00015c1c                PROVIDE (__fini_array_end, ABSOLUTE (.))
 *(.eh_frame)
 *(.gcc_except_table .gcc_except_table.*)
 *(.dynamic)
                0x00015c1c                PROVIDE (__CTOR_LIST__, ABSOLUTE (.))
 *(.ctors)
 *(SORT(.ctors.*))
                0x00015c1c                PROVIDE (__CTOR_END__, ABSOLUTE (.))
                0x00015c1c                PROVIDE (__DTOR_LIST__, ABSOLUTE (.))
 *(.dtors)
 *(SORT(.dtors.*))
                0x00015c1c                PROVIDE (__DTOR_END__, ABSOLUTE (.))
 *(.jcr)
                0x00015c1c                . = ALIGN (0x4)

.rodata         0x00015c1c      0x490
                0x00015c1c                PROVIDE (__ram_rodata_start, ABSOLUTE (.))
                0x00015c1c                . = ALIGN (0x4)
 *(.rodata .rodata.* .gnu.linkonce.r.*)
 .rodata        0x00015c1c       0x40 obj/default/ucosii_sem.o
 .rodata.str1.4
                0x00015c5c        0x2 d:/altera/13.1/nios2eds/bin/gnu/h-i686-mingw32/bin/../lib/gcc/nios2-elf/4.7.3/../../../../../H-i686-mingw32/nios2-elf/lib\libc.a(lib_a-puts.o)
                                  0x4 (size before relaxing)
 *fill*         0x00015c5e        0x2 
 .rodata.str1.4
                0x00015c60       0x42 d:/altera/13.1/nios2eds/bin/gnu/h-i686-mingw32/bin/../lib/gcc/nios2-elf/4.7.3/../../../../../H-i686-mingw32/nios2-elf/lib\libc.a(lib_a-vfprintf.o)
                                 0x44 (size before relaxing)
 .rodata        0x00015ca2       0x20 d:/altera/13.1/nios2eds/bin/gnu/h-i686-mingw32/bin/../lib/gcc/nios2-elf/4.7.3/../../../../../H-i686-mingw32/nios2-elf/lib\libc.a(lib_a-vfprintf.o)
 *fill*         0x00015cc2        0x2 
 .rodata.str1.4
                0x00015cc4       0x10 d:/altera/13.1/nios2eds/bin/gnu/h-i686-mingw32/bin/../lib/gcc/nios2-elf/4.7.3/../../../../../H-i686-mingw32/nios2-elf/lib\libc.a(lib_a-dtoa.o)
                                 0x14 (size before relaxing)
 .rodata.str1.4
                0x00015cd4        0x2 d:/altera/13.1/nios2eds/bin/gnu/h-i686-mingw32/bin/../lib/gcc/nios2-elf/4.7.3/../../../../../H-i686-mingw32/nios2-elf/lib\libc.a(lib_a-impure.o)
                                  0x4 (size before relaxing)
 *fill*         0x00015cd6        0x2 
 .rodata.str1.4
                0x00015cd8       0x10 d:/altera/13.1/nios2eds/bin/gnu/h-i686-mingw32/bin/../lib/gcc/nios2-elf/4.7.3/../../../../../H-i686-mingw32/nios2-elf/lib\libc.a(lib_a-locale.o)
                                 0x18 (size before relaxing)
 .rodata        0x00015ce8       0x30 d:/altera/13.1/nios2eds/bin/gnu/h-i686-mingw32/bin/../lib/gcc/nios2-elf/4.7.3/../../../../../H-i686-mingw32/nios2-elf/lib\libc.a(lib_a-locale.o)
 .rodata        0x00015d18      0x124 d:/altera/13.1/nios2eds/bin/gnu/h-i686-mingw32/bin/../lib/gcc/nios2-elf/4.7.3/../../../../../H-i686-mingw32/nios2-elf/lib\libc.a(lib_a-mprec.o)
                0x00015d18                __mprec_tinytens
                0x00015d40                __mprec_bigtens
                0x00015d68                __mprec_tens
 .rodata        0x00015e3c       0x14 d:/altera/13.1/nios2eds/bin/gnu/h-i686-mingw32/bin/../lib/gcc/nios2-elf/4.7.3\libgcc.a(_thenan_df.o)
                0x00015e3c                __thenan_df
 .rodata        0x00015e50      0x100 d:/altera/13.1/nios2eds/bin/gnu/h-i686-mingw32/bin/../lib/gcc/nios2-elf/4.7.3\libgcc.a(_clz.o)
                0x00015e50                __clz_tab
 .rodata        0x00015f50        0xc F:/project/qsys_ucosii_sem/qsys/software/uCosii_bsp/\libucosii_bsp.a(alt_dev.o)
 .rodata        0x00015f5c       0x10 F:/project/qsys_ucosii_sem/qsys/software/uCosii_bsp/\libucosii_bsp.a(alt_main.o)
 .rodata        0x00015f6c      0x120 F:/project/qsys_ucosii_sem/qsys/software/uCosii_bsp/\libucosii_bsp.a(os_core.o)
                0x00015f6c                OSUnMapTbl
 .rodata        0x0001608c       0x1c F:/project/qsys_ucosii_sem/qsys/software/uCosii_bsp/\libucosii_bsp.a(alt_sys_init.o)
 .rodata        0x000160a8        0x4 F:/project/qsys_ucosii_sem/qsys/software/uCosii_bsp/\libucosii_bsp.a(os_cpu_c.o)
 *(.rodata1)
                0x000160ac                . = ALIGN (0x4)
                0x000160ac                PROVIDE (__ram_rodata_end, ABSOLUTE (.))
                0x00015c1c                PROVIDE (__flash_rodata_start, LOADADDR (.rodata))

.rwdata         0x000160ac     0x1bb0
                0x000160ac                PROVIDE (__ram_rwdata_start, ABSOLUTE (.))
                0x000160ac                . = ALIGN (0x4)
 *(.got.plt)
 *(.got)
 *(.data1)
 *(.data .data.* .gnu.linkonce.d.*)
 .data          0x000160ac        0x0 F:/project/qsys_ucosii_sem/qsys/software/uCosii_bsp//obj/HAL/src/crt0.o
 .data          0x000160ac        0x0 obj/default/ucosii_sem.o
 .data          0x000160ac        0x0 d:/altera/13.1/nios2eds/bin/gnu/h-i686-mingw32/bin/../lib/gcc/nios2-elf/4.7.3/../../../../../H-i686-mingw32/nios2-elf/lib\libc.a(lib_a-memcpy.o)
 .data          0x000160ac        0x0 d:/altera/13.1/nios2eds/bin/gnu/h-i686-mingw32/bin/../lib/gcc/nios2-elf/4.7.3/../../../../../H-i686-mingw32/nios2-elf/lib\libc.a(lib_a-printf.o)
 .data          0x000160ac        0x0 d:/altera/13.1/nios2eds/bin/gnu/h-i686-mingw32/bin/../lib/gcc/nios2-elf/4.7.3/../../../../../H-i686-mingw32/nios2-elf/lib\libc.a(lib_a-puts.o)
 .data          0x000160ac        0x0 d:/altera/13.1/nios2eds/bin/gnu/h-i686-mingw32/bin/../lib/gcc/nios2-elf/4.7.3/../../../../../H-i686-mingw32/nios2-elf/lib\libc.a(lib_a-strlen.o)
 .data          0x000160ac        0x0 d:/altera/13.1/nios2eds/bin/gnu/h-i686-mingw32/bin/../lib/gcc/nios2-elf/4.7.3/../../../../../H-i686-mingw32/nios2-elf/lib\libc.a(lib_a-vfprintf.o)
 .data          0x000160ac        0x0 d:/altera/13.1/nios2eds/bin/gnu/h-i686-mingw32/bin/../lib/gcc/nios2-elf/4.7.3/../../../../../H-i686-mingw32/nios2-elf/lib\libc.a(lib_a-wsetup.o)
 .data          0x000160ac        0x0 d:/altera/13.1/nios2eds/bin/gnu/h-i686-mingw32/bin/../lib/gcc/nios2-elf/4.7.3/../../../../../H-i686-mingw32/nios2-elf/lib\libc.a(lib_a-dtoa.o)
 .data          0x000160ac        0x0 d:/altera/13.1/nios2eds/bin/gnu/h-i686-mingw32/bin/../lib/gcc/nios2-elf/4.7.3/../../../../../H-i686-mingw32/nios2-elf/lib\libc.a(lib_a-fflush.o)
 .data          0x000160ac        0x0 d:/altera/13.1/nios2eds/bin/gnu/h-i686-mingw32/bin/../lib/gcc/nios2-elf/4.7.3/../../../../../H-i686-mingw32/nios2-elf/lib\libc.a(lib_a-findfp.o)
 .data          0x000160ac        0x0 d:/altera/13.1/nios2eds/bin/gnu/h-i686-mingw32/bin/../lib/gcc/nios2-elf/4.7.3/../../../../../H-i686-mingw32/nios2-elf/lib\libc.a(lib_a-freer.o)
 .data          0x000160ac        0x0 d:/altera/13.1/nios2eds/bin/gnu/h-i686-mingw32/bin/../lib/gcc/nios2-elf/4.7.3/../../../../../H-i686-mingw32/nios2-elf/lib\libc.a(lib_a-fvwrite.o)
 .data          0x000160ac        0x0 d:/altera/13.1/nios2eds/bin/gnu/h-i686-mingw32/bin/../lib/gcc/nios2-elf/4.7.3/../../../../../H-i686-mingw32/nios2-elf/lib\libc.a(lib_a-fwalk.o)
 .data          0x000160ac      0x400 d:/altera/13.1/nios2eds/bin/gnu/h-i686-mingw32/bin/../lib/gcc/nios2-elf/4.7.3/../../../../../H-i686-mingw32/nios2-elf/lib\libc.a(lib_a-impure.o)
 .data          0x000164ac        0xc d:/altera/13.1/nios2eds/bin/gnu/h-i686-mingw32/bin/../lib/gcc/nios2-elf/4.7.3/../../../../../H-i686-mingw32/nios2-elf/lib\libc.a(lib_a-locale.o)
                0x000164ac                __lc_ctype
 .data          0x000164b8        0x0 d:/altera/13.1/nios2eds/bin/gnu/h-i686-mingw32/bin/../lib/gcc/nios2-elf/4.7.3/../../../../../H-i686-mingw32/nios2-elf/lib\libc.a(lib_a-makebuf.o)
 .data          0x000164b8      0x408 d:/altera/13.1/nios2eds/bin/gnu/h-i686-mingw32/bin/../lib/gcc/nios2-elf/4.7.3/../../../../../H-i686-mingw32/nios2-elf/lib\libc.a(lib_a-mallocr.o)
                0x000164b8                __malloc_av_
 .data          0x000168c0        0x0 d:/altera/13.1/nios2eds/bin/gnu/h-i686-mingw32/bin/../lib/gcc/nios2-elf/4.7.3/../../../../../H-i686-mingw32/nios2-elf/lib\libc.a(lib_a-memchr.o)
 .data          0x000168c0        0x0 d:/altera/13.1/nios2eds/bin/gnu/h-i686-mingw32/bin/../lib/gcc/nios2-elf/4.7.3/../../../../../H-i686-mingw32/nios2-elf/lib\libc.a(lib_a-memmove.o)
 .data          0x000168c0        0x0 d:/altera/13.1/nios2eds/bin/gnu/h-i686-mingw32/bin/../lib/gcc/nios2-elf/4.7.3/../../../../../H-i686-mingw32/nios2-elf/lib\libc.a(lib_a-memset.o)
 .data          0x000168c0        0x0 d:/altera/13.1/nios2eds/bin/gnu/h-i686-mingw32/bin/../lib/gcc/nios2-elf/4.7.3/../../../../../H-i686-mingw32/nios2-elf/lib\libc.a(lib_a-mprec.o)
 .data          0x000168c0        0x0 d:/altera/13.1/nios2eds/bin/gnu/h-i686-mingw32/bin/../lib/gcc/nios2-elf/4.7.3/../../../../../H-i686-mingw32/nios2-elf/lib\libc.a(lib_a-reallocr.o)
 .data          0x000168c0        0x0 d:/altera/13.1/nios2eds/bin/gnu/h-i686-mingw32/bin/../lib/gcc/nios2-elf/4.7.3/../../../../../H-i686-mingw32/nios2-elf/lib\libc.a(lib_a-s_isinfd.o)
 .data          0x000168c0        0x0 d:/altera/13.1/nios2eds/bin/gnu/h-i686-mingw32/bin/../lib/gcc/nios2-elf/4.7.3/../../../../../H-i686-mingw32/nios2-elf/lib\libc.a(lib_a-s_isnand.o)
 .data          0x000168c0        0x0 d:/altera/13.1/nios2eds/bin/gnu/h-i686-mingw32/bin/../lib/gcc/nios2-elf/4.7.3/../../../../../H-i686-mingw32/nios2-elf/lib\libc.a(lib_a-sbrkr.o)
 .data          0x000168c0        0x0 d:/altera/13.1/nios2eds/bin/gnu/h-i686-mingw32/bin/../lib/gcc/nios2-elf/4.7.3/../../../../../H-i686-mingw32/nios2-elf/lib\libc.a(lib_a-stdio.o)
 .data          0x000168c0        0x0 d:/altera/13.1/nios2eds/bin/gnu/h-i686-mingw32/bin/../lib/gcc/nios2-elf/4.7.3/../../../../../H-i686-mingw32/nios2-elf/lib\libc.a(lib_a-strcmp.o)
 .data          0x000168c0        0x0 d:/altera/13.1/nios2eds/bin/gnu/h-i686-mingw32/bin/../lib/gcc/nios2-elf/4.7.3/../../../../../H-i686-mingw32/nios2-elf/lib\libc.a(lib_a-writer.o)
 .data          0x000168c0        0x0 d:/altera/13.1/nios2eds/bin/gnu/h-i686-mingw32/bin/../lib/gcc/nios2-elf/4.7.3/../../../../../H-i686-mingw32/nios2-elf/lib\libc.a(lib_a-callocr.o)
 .data          0x000168c0        0x0 d:/altera/13.1/nios2eds/bin/gnu/h-i686-mingw32/bin/../lib/gcc/nios2-elf/4.7.3/../../../../../H-i686-mingw32/nios2-elf/lib\libc.a(lib_a-closer.o)
 .data          0x000168c0        0x0 d:/altera/13.1/nios2eds/bin/gnu/h-i686-mingw32/bin/../lib/gcc/nios2-elf/4.7.3/../../../../../H-i686-mingw32/nios2-elf/lib\libc.a(lib_a-fclose.o)
 .data          0x000168c0        0x0 d:/altera/13.1/nios2eds/bin/gnu/h-i686-mingw32/bin/../lib/gcc/nios2-elf/4.7.3/../../../../../H-i686-mingw32/nios2-elf/lib\libc.a(lib_a-fstatr.o)
 .data          0x000168c0        0x0 d:/altera/13.1/nios2eds/bin/gnu/h-i686-mingw32/bin/../lib/gcc/nios2-elf/4.7.3/../../../../../H-i686-mingw32/nios2-elf/lib\libc.a(lib_a-int_errno.o)
 .data          0x000168c0        0x0 d:/altera/13.1/nios2eds/bin/gnu/h-i686-mingw32/bin/../lib/gcc/nios2-elf/4.7.3/../../../../../H-i686-mingw32/nios2-elf/lib\libc.a(lib_a-isattyr.o)
 .data          0x000168c0        0x0 d:/altera/13.1/nios2eds/bin/gnu/h-i686-mingw32/bin/../lib/gcc/nios2-elf/4.7.3/../../../../../H-i686-mingw32/nios2-elf/lib\libc.a(lib_a-lseekr.o)
 .data          0x000168c0        0x0 d:/altera/13.1/nios2eds/bin/gnu/h-i686-mingw32/bin/../lib/gcc/nios2-elf/4.7.3/../../../../../H-i686-mingw32/nios2-elf/lib\libc.a(lib_a-readr.o)
 .data          0x000168c0        0x0 d:/altera/13.1/nios2eds/bin/gnu/h-i686-mingw32/bin/../lib/gcc/nios2-elf/4.7.3\libgcc.a(_udivdi3.o)
 .data          0x000168c0        0x0 d:/altera/13.1/nios2eds/bin/gnu/h-i686-mingw32/bin/../lib/gcc/nios2-elf/4.7.3\libgcc.a(_umoddi3.o)
 .data          0x000168c0        0x0 d:/altera/13.1/nios2eds/bin/gnu/h-i686-mingw32/bin/../lib/gcc/nios2-elf/4.7.3\libgcc.a(_addsub_df.o)
 .data          0x000168c0        0x0 d:/altera/13.1/nios2eds/bin/gnu/h-i686-mingw32/bin/../lib/gcc/nios2-elf/4.7.3\libgcc.a(_mul_df.o)
 .data          0x000168c0        0x0 d:/altera/13.1/nios2eds/bin/gnu/h-i686-mingw32/bin/../lib/gcc/nios2-elf/4.7.3\libgcc.a(_div_df.o)
 .data          0x000168c0        0x0 d:/altera/13.1/nios2eds/bin/gnu/h-i686-mingw32/bin/../lib/gcc/nios2-elf/4.7.3\libgcc.a(_eq_df.o)
 .data          0x000168c0        0x0 d:/altera/13.1/nios2eds/bin/gnu/h-i686-mingw32/bin/../lib/gcc/nios2-elf/4.7.3\libgcc.a(_ne_df.o)
 .data          0x000168c0        0x0 d:/altera/13.1/nios2eds/bin/gnu/h-i686-mingw32/bin/../lib/gcc/nios2-elf/4.7.3\libgcc.a(_gt_df.o)
 .data          0x000168c0        0x0 d:/altera/13.1/nios2eds/bin/gnu/h-i686-mingw32/bin/../lib/gcc/nios2-elf/4.7.3\libgcc.a(_ge_df.o)
 .data          0x000168c0        0x0 d:/altera/13.1/nios2eds/bin/gnu/h-i686-mingw32/bin/../lib/gcc/nios2-elf/4.7.3\libgcc.a(_lt_df.o)
 .data          0x000168c0        0x0 d:/altera/13.1/nios2eds/bin/gnu/h-i686-mingw32/bin/../lib/gcc/nios2-elf/4.7.3\libgcc.a(_si_to_df.o)
 .data          0x000168c0        0x0 d:/altera/13.1/nios2eds/bin/gnu/h-i686-mingw32/bin/../lib/gcc/nios2-elf/4.7.3\libgcc.a(_df_to_si.o)
 .data          0x000168c0        0x0 d:/altera/13.1/nios2eds/bin/gnu/h-i686-mingw32/bin/../lib/gcc/nios2-elf/4.7.3\libgcc.a(_thenan_df.o)
 .data          0x000168c0        0x0 d:/altera/13.1/nios2eds/bin/gnu/h-i686-mingw32/bin/../lib/gcc/nios2-elf/4.7.3\libgcc.a(_usi_to_df.o)
 .data          0x000168c0        0x0 d:/altera/13.1/nios2eds/bin/gnu/h-i686-mingw32/bin/../lib/gcc/nios2-elf/4.7.3\libgcc.a(lib2-divmod.o)
 .data          0x000168c0        0x0 d:/altera/13.1/nios2eds/bin/gnu/h-i686-mingw32/bin/../lib/gcc/nios2-elf/4.7.3\libgcc.a(_muldi3.o)
 .data          0x000168c0        0x0 d:/altera/13.1/nios2eds/bin/gnu/h-i686-mingw32/bin/../lib/gcc/nios2-elf/4.7.3\libgcc.a(_clz.o)
 .data          0x000168c0        0x0 d:/altera/13.1/nios2eds/bin/gnu/h-i686-mingw32/bin/../lib/gcc/nios2-elf/4.7.3\libgcc.a(_clzsi2.o)
 .data          0x000168c0        0x0 d:/altera/13.1/nios2eds/bin/gnu/h-i686-mingw32/bin/../lib/gcc/nios2-elf/4.7.3\libgcc.a(_pack_df.o)
 .data          0x000168c0        0x0 d:/altera/13.1/nios2eds/bin/gnu/h-i686-mingw32/bin/../lib/gcc/nios2-elf/4.7.3\libgcc.a(_unpack_df.o)
 .data          0x000168c0        0x0 d:/altera/13.1/nios2eds/bin/gnu/h-i686-mingw32/bin/../lib/gcc/nios2-elf/4.7.3\libgcc.a(_fpcmp_parts_df.o)
 .data          0x000168c0        0x0 d:/altera/13.1/nios2eds/bin/gnu/h-i686-mingw32/bin/../lib/gcc/nios2-elf/4.7.3\libgcc.a(_lshrdi3.o)
 .data          0x000168c0        0x0 d:/altera/13.1/nios2eds/bin/gnu/h-i686-mingw32/bin/../lib/gcc/nios2-elf/4.7.3\libgcc.a(_ashldi3.o)
 .data          0x000168c0        0x0 F:/project/qsys_ucosii_sem/qsys/software/uCosii_bsp/\libucosii_bsp.a(alt_close.o)
 .data          0x000168c0      0x1a8 F:/project/qsys_ucosii_sem/qsys/software/uCosii_bsp/\libucosii_bsp.a(alt_dev.o)
                0x000168c0                alt_dev_null
                0x000168e8                alt_fd_list
 .data          0x00016a68        0x0 F:/project/qsys_ucosii_sem/qsys/software/uCosii_bsp/\libucosii_bsp.a(alt_errno.o)
 .data          0x00016a68        0x0 F:/project/qsys_ucosii_sem/qsys/software/uCosii_bsp/\libucosii_bsp.a(alt_fstat.o)
 .data          0x00016a68        0x0 F:/project/qsys_ucosii_sem/qsys/software/uCosii_bsp/\libucosii_bsp.a(alt_isatty.o)
 .data          0x00016a68        0x0 F:/project/qsys_ucosii_sem/qsys/software/uCosii_bsp/\libucosii_bsp.a(alt_lseek.o)
 .data          0x00016a68        0x0 F:/project/qsys_ucosii_sem/qsys/software/uCosii_bsp/\libucosii_bsp.a(alt_main.o)
 .data          0x00016a68        0x0 F:/project/qsys_ucosii_sem/qsys/software/uCosii_bsp/\libucosii_bsp.a(alt_read.o)
 .data          0x00016a68        0x0 F:/project/qsys_ucosii_sem/qsys/software/uCosii_bsp/\libucosii_bsp.a(alt_release_fd.o)
 .data          0x00016a68        0x0 F:/project/qsys_ucosii_sem/qsys/software/uCosii_bsp/\libucosii_bsp.a(alt_sbrk.o)
 .data          0x00016a68        0x0 F:/project/qsys_ucosii_sem/qsys/software/uCosii_bsp/\libucosii_bsp.a(alt_usleep.o)
 .data          0x00016a68        0x0 F:/project/qsys_ucosii_sem/qsys/software/uCosii_bsp/\libucosii_bsp.a(alt_write.o)
 .data          0x00016a68        0x0 F:/project/qsys_ucosii_sem/qsys/software/uCosii_bsp/\libucosii_bsp.a(alt_env_lock.o)
 .data          0x00016a68        0x0 F:/project/qsys_ucosii_sem/qsys/software/uCosii_bsp/\libucosii_bsp.a(alt_malloc_lock.o)
 .data          0x00016a68        0x0 F:/project/qsys_ucosii_sem/qsys/software/uCosii_bsp/\libucosii_bsp.a(os_core.o)
 .data          0x00016a68        0x0 F:/project/qsys_ucosii_sem/qsys/software/uCosii_bsp/\libucosii_bsp.a(os_dbg.o)
 .data          0x00016a68        0x0 F:/project/qsys_ucosii_sem/qsys/software/uCosii_bsp/\libucosii_bsp.a(os_flag.o)
 .data          0x00016a68        0x0 F:/project/qsys_ucosii_sem/qsys/software/uCosii_bsp/\libucosii_bsp.a(os_mem.o)
 .data          0x00016a68        0x0 F:/project/qsys_ucosii_sem/qsys/software/uCosii_bsp/\libucosii_bsp.a(os_q.o)
 .data          0x00016a68        0x0 F:/project/qsys_ucosii_sem/qsys/software/uCosii_bsp/\libucosii_bsp.a(os_sem.o)
 .data          0x00016a68        0x0 F:/project/qsys_ucosii_sem/qsys/software/uCosii_bsp/\libucosii_bsp.a(os_task.o)
 .data          0x00016a68        0x0 F:/project/qsys_ucosii_sem/qsys/software/uCosii_bsp/\libucosii_bsp.a(os_time.o)
 .data          0x00016a68     0x1134 F:/project/qsys_ucosii_sem/qsys/software/uCosii_bsp/\libucosii_bsp.a(alt_sys_init.o)
 .data          0x00017b9c        0x0 F:/project/qsys_ucosii_sem/qsys/software/uCosii_bsp/\libucosii_bsp.a(altera_avalon_epcs_flash_controller.o)
 .data          0x00017b9c        0x0 F:/project/qsys_ucosii_sem/qsys/software/uCosii_bsp/\libucosii_bsp.a(altera_avalon_jtag_uart_fd.o)
 .data          0x00017b9c        0x0 F:/project/qsys_ucosii_sem/qsys/software/uCosii_bsp/\libucosii_bsp.a(altera_avalon_jtag_uart_init.o)
 .data          0x00017b9c        0x0 F:/project/qsys_ucosii_sem/qsys/software/uCosii_bsp/\libucosii_bsp.a(altera_avalon_jtag_uart_ioctl.o)
 .data          0x00017b9c        0x0 F:/project/qsys_ucosii_sem/qsys/software/uCosii_bsp/\libucosii_bsp.a(altera_avalon_jtag_uart_read.o)
 .data          0x00017b9c        0x0 F:/project/qsys_ucosii_sem/qsys/software/uCosii_bsp/\libucosii_bsp.a(altera_avalon_jtag_uart_write.o)
 .data          0x00017b9c        0x0 F:/project/qsys_ucosii_sem/qsys/software/uCosii_bsp/\libucosii_bsp.a(altera_avalon_timer_sc.o)
 .data          0x00017b9c        0x0 F:/project/qsys_ucosii_sem/qsys/software/uCosii_bsp/\libucosii_bsp.a(epcs_commands.o)
 .data          0x00017b9c        0x0 F:/project/qsys_ucosii_sem/qsys/software/uCosii_bsp/\libucosii_bsp.a(alt_alarm_start.o)
 .data          0x00017b9c        0x0 F:/project/qsys_ucosii_sem/qsys/software/uCosii_bsp/\libucosii_bsp.a(alt_busy_sleep.o)
 .data          0x00017b9c        0x0 F:/project/qsys_ucosii_sem/qsys/software/uCosii_bsp/\libucosii_bsp.a(alt_dev_llist_insert.o)
 .data          0x00017b9c        0x0 F:/project/qsys_ucosii_sem/qsys/software/uCosii_bsp/\libucosii_bsp.a(alt_do_ctors.o)
 .data          0x00017b9c        0x0 F:/project/qsys_ucosii_sem/qsys/software/uCosii_bsp/\libucosii_bsp.a(alt_do_dtors.o)
 .data          0x00017b9c        0x0 F:/project/qsys_ucosii_sem/qsys/software/uCosii_bsp/\libucosii_bsp.a(alt_flash_dev.o)
 .data          0x00017b9c        0x0 F:/project/qsys_ucosii_sem/qsys/software/uCosii_bsp/\libucosii_bsp.a(alt_iic.o)
 .data          0x00017b9c        0x0 F:/project/qsys_ucosii_sem/qsys/software/uCosii_bsp/\libucosii_bsp.a(alt_iic_isr_register.o)
 .data          0x00017b9c        0x0 F:/project/qsys_ucosii_sem/qsys/software/uCosii_bsp/\libucosii_bsp.a(alt_io_redirect.o)
 .data          0x00017b9c        0x0 F:/project/qsys_ucosii_sem/qsys/software/uCosii_bsp/\libucosii_bsp.a(alt_irq_entry.o)
 .data          0x00017b9c        0x0 F:/project/qsys_ucosii_sem/qsys/software/uCosii_bsp/\libucosii_bsp.a(alt_irq_handler.o)
 .data          0x00017b9c        0x0 F:/project/qsys_ucosii_sem/qsys/software/uCosii_bsp/\libucosii_bsp.a(alt_irq_vars.o)
 .data          0x00017b9c        0x0 F:/project/qsys_ucosii_sem/qsys/software/uCosii_bsp/\libucosii_bsp.a(alt_open.o)
 .data          0x00017b9c        0x0 F:/project/qsys_ucosii_sem/qsys/software/uCosii_bsp/\libucosii_bsp.a(alt_tick.o)
 .data          0x00017b9c        0x0 F:/project/qsys_ucosii_sem/qsys/software/uCosii_bsp/\libucosii_bsp.a(altera_nios2_qsys_irq.o)
 .data          0x00017b9c        0x0 F:/project/qsys_ucosii_sem/qsys/software/uCosii_bsp/\libucosii_bsp.a(os_cpu_a.o)
 .data          0x00017b9c        0x0 F:/project/qsys_ucosii_sem/qsys/software/uCosii_bsp/\libucosii_bsp.a(os_cpu_c.o)
 .data          0x00017b9c        0x0 F:/project/qsys_ucosii_sem/qsys/software/uCosii_bsp/\libucosii_bsp.a(altera_avalon_spi.o)
 .data          0x00017b9c        0x0 F:/project/qsys_ucosii_sem/qsys/software/uCosii_bsp/\libucosii_bsp.a(alt_exception_entry.o)
 .data          0x00017b9c        0x0 F:/project/qsys_ucosii_sem/qsys/software/uCosii_bsp/\libucosii_bsp.a(alt_find_dev.o)
 .data          0x00017b9c        0x0 F:/project/qsys_ucosii_sem/qsys/software/uCosii_bsp/\libucosii_bsp.a(alt_find_file.o)
 .data          0x00017b9c        0x0 F:/project/qsys_ucosii_sem/qsys/software/uCosii_bsp/\libucosii_bsp.a(alt_get_fd.o)
 .data          0x00017b9c        0x0 d:/altera/13.1/nios2eds/bin/gnu/h-i686-mingw32/bin/../lib/gcc/nios2-elf/4.7.3/../../../../../H-i686-mingw32/nios2-elf/lib\libc.a(lib_a-atexit.o)
 .data          0x00017b9c        0x0 d:/altera/13.1/nios2eds/bin/gnu/h-i686-mingw32/bin/../lib/gcc/nios2-elf/4.7.3/../../../../../H-i686-mingw32/nios2-elf/lib\libc.a(lib_a-exit.o)
 .data          0x00017b9c        0x0 d:/altera/13.1/nios2eds/bin/gnu/h-i686-mingw32/bin/../lib/gcc/nios2-elf/4.7.3/../../../../../H-i686-mingw32/nios2-elf/lib\libc.a(lib_a-memcmp.o)
 .data          0x00017b9c        0x0 d:/altera/13.1/nios2eds/bin/gnu/h-i686-mingw32/bin/../lib/gcc/nios2-elf/4.7.3/../../../../../H-i686-mingw32/nios2-elf/lib\libc.a(lib_a-__atexit.o)
 .data          0x00017b9c        0x0 d:/altera/13.1/nios2eds/bin/gnu/h-i686-mingw32/bin/../lib/gcc/nios2-elf/4.7.3/../../../../../H-i686-mingw32/nios2-elf/lib\libc.a(lib_a-__call_atexit.o)
 .data          0x00017b9c        0x0 d:/altera/13.1/nios2eds/bin/gnu/h-i686-mingw32/bin/../lib/gcc/nios2-elf/4.7.3\libgcc.a(_fixunsdfsi.o)
 .data          0x00017b9c        0x0 F:/project/qsys_ucosii_sem/qsys/software/uCosii_bsp/\libucosii_bsp.a(alt_exit.o)
                0x0001fb9c                _gp = ABSOLUTE ((. + 0x8000))
                0x0001fb9c                PROVIDE (gp, _gp)
 *(.rwdata .rwdata.*)
 *(.sdata .sdata.* .gnu.linkonce.s.*)
 .sdata         0x00017b9c        0x8 d:/altera/13.1/nios2eds/bin/gnu/h-i686-mingw32/bin/../lib/gcc/nios2-elf/4.7.3/../../../../../H-i686-mingw32/nios2-elf/lib\libc.a(lib_a-impure.o)
                0x00017b9c                _global_impure_ptr
                0x00017ba0                _impure_ptr
 .sdata         0x00017ba4        0x4 d:/altera/13.1/nios2eds/bin/gnu/h-i686-mingw32/bin/../lib/gcc/nios2-elf/4.7.3/../../../../../H-i686-mingw32/nios2-elf/lib\libc.a(lib_a-locale.o)
                0x00017ba4                __mb_cur_max
 .sdata         0x00017ba8        0x8 d:/altera/13.1/nios2eds/bin/gnu/h-i686-mingw32/bin/../lib/gcc/nios2-elf/4.7.3/../../../../../H-i686-mingw32/nios2-elf/lib\libc.a(lib_a-mallocr.o)
                0x00017ba8                __malloc_sbrk_base
                0x00017bac                __malloc_trim_threshold
 .sdata         0x00017bb0       0x14 F:/project/qsys_ucosii_sem/qsys/software/uCosii_bsp/\libucosii_bsp.a(alt_dev.o)
                0x00017bb0                alt_fs_list
                0x00017bb8                alt_dev_list
                0x00017bc0                alt_max_fd
 .sdata         0x00017bc4        0x4 F:/project/qsys_ucosii_sem/qsys/software/uCosii_bsp/\libucosii_bsp.a(alt_errno.o)
                0x00017bc4                alt_errno
 .sdata         0x00017bc8        0x4 F:/project/qsys_ucosii_sem/qsys/software/uCosii_bsp/\libucosii_bsp.a(alt_sbrk.o)
 .sdata         0x00017bcc        0x4 F:/project/qsys_ucosii_sem/qsys/software/uCosii_bsp/\libucosii_bsp.a(alt_env_lock.o)
 .sdata         0x00017bd0        0x4 F:/project/qsys_ucosii_sem/qsys/software/uCosii_bsp/\libucosii_bsp.a(alt_malloc_lock.o)
 .sdata         0x00017bd4       0x74 F:/project/qsys_ucosii_sem/qsys/software/uCosii_bsp/\libucosii_bsp.a(os_dbg.o)
                0x00017bd4                OSDebugEn
                0x00017bd8                OSEndiannessTest
                0x00017bdc                OSEventEn
                0x00017bde                OSEventMax
                0x00017be0                OSEventNameSize
                0x00017be2                OSEventSize
                0x00017be4                OSEventTblSize
                0x00017be6                OSEventMultiEn
                0x00017be8                OSFlagEn
                0x00017bea                OSFlagGrpSize
                0x00017bec                OSFlagNodeSize
                0x00017bee                OSFlagWidth
                0x00017bf0                OSFlagMax
                0x00017bf2                OSFlagNameSize
                0x00017bf4                OSLowestPrio
                0x00017bf6                OSMboxEn
                0x00017bf8                OSMemEn
                0x00017bfa                OSMemMax
                0x00017bfc                OSMemNameSize
                0x00017bfe                OSMemSize
                0x00017c00                OSMemTblSize
                0x00017c02                OSMutexEn
                0x00017c04                OSPtrSize
                0x00017c06                OSQEn
                0x00017c08                OSQMax
                0x00017c0a                OSQSize
                0x00017c0c                OSRdyTblSize
                0x00017c0e                OSSemEn
                0x00017c10                OSStkWidth
                0x00017c12                OSTaskCreateEn
                0x00017c14                OSTaskCreateExtEn
                0x00017c16                OSTaskDelEn
                0x00017c18                OSTaskIdleStkSize
                0x00017c1a                OSTaskProfileEn
                0x00017c1c                OSTaskMax
                0x00017c1e                OSTaskNameSize
                0x00017c20                OSTaskStatEn
                0x00017c22                OSTaskStatStkSize
                0x00017c24                OSTaskStatStkChkEn
                0x00017c26                OSTaskSwHookEn
                0x00017c28                OSTCBPrioTblMax
                0x00017c2a                OSTCBSize
                0x00017c2c                OSTicksPerSec
                0x00017c2e                OSTimeTickHookEn
                0x00017c30                OSVersionNbr
                0x00017c32                OSTmrEn
                0x00017c34                OSTmrCfgMax
                0x00017c36                OSTmrCfgNameSize
                0x00017c38                OSTmrCfgWheelSize
                0x00017c3a                OSTmrCfgTicksPerSec
                0x00017c3c                OSTmrSize
                0x00017c3e                OSTmrTblSize
                0x00017c40                OSTmrWheelSize
                0x00017c42                OSTmrWheelTblSize
                0x00017c44                OSDataSize
 .sdata         0x00017c48        0x8 F:/project/qsys_ucosii_sem/qsys/software/uCosii_bsp/\libucosii_bsp.a(alt_flash_dev.o)
                0x00017c48                alt_flash_dev_list
 .sdata         0x00017c50        0x4 F:/project/qsys_ucosii_sem/qsys/software/uCosii_bsp/\libucosii_bsp.a(alt_irq_vars.o)
                0x00017c50                alt_priority_mask
 .sdata         0x00017c54        0x8 F:/project/qsys_ucosii_sem/qsys/software/uCosii_bsp/\libucosii_bsp.a(alt_tick.o)
                0x00017c54                alt_alarm_list
 *(.sdata2 .sdata2.* .gnu.linkonce.s2.*)
                0x00017c5c                . = ALIGN (0x4)
                0x00017c5c                _edata = ABSOLUTE (.)
                0x00017c5c                PROVIDE (edata, ABSOLUTE (.))
                0x00017c5c                PROVIDE (__ram_rwdata_end, ABSOLUTE (.))
                0x000160ac                PROVIDE (__flash_rwdata_start, LOADADDR (.rwdata))

.bss            0x00017c5c     0x95a0
                0x00017c5c                __bss_start = ABSOLUTE (.)
                0x00017c5c                PROVIDE (__sbss_start, ABSOLUTE (.))
                0x00017c5c                PROVIDE (___sbss_start, ABSOLUTE (.))
 *(.dynsbss)
 *(.sbss .sbss.* .gnu.linkonce.sb.*)
 .sbss          0x00017c5c        0x4 obj/default/ucosii_sem.o
                0x00017c5c                shared_sem
 .sbss          0x00017c60        0xc d:/altera/13.1/nios2eds/bin/gnu/h-i686-mingw32/bin/../lib/gcc/nios2-elf/4.7.3/../../../../../H-i686-mingw32/nios2-elf/lib\libc.a(lib_a-locale.o)
                0x00017c60                _PathLocale
                0x00017c64                __mlocale_changed
                0x00017c68                __nlocale_changed
 .sbss          0x00017c6c        0xc d:/altera/13.1/nios2eds/bin/gnu/h-i686-mingw32/bin/../lib/gcc/nios2-elf/4.7.3/../../../../../H-i686-mingw32/nios2-elf/lib\libc.a(lib_a-mallocr.o)
                0x00017c6c                __malloc_max_total_mem
                0x00017c70                __malloc_max_sbrked_mem
                0x00017c74                __malloc_top_pad
 .sbss          0x00017c78        0x4 d:/altera/13.1/nios2eds/bin/gnu/h-i686-mingw32/bin/../lib/gcc/nios2-elf/4.7.3/../../../../../H-i686-mingw32/nios2-elf/lib\libc.a(lib_a-int_errno.o)
                0x00017c78                errno
 .sbss          0x00017c7c        0x4 F:/project/qsys_ucosii_sem/qsys/software/uCosii_bsp/\libucosii_bsp.a(alt_dev.o)
                0x00017c7c                alt_fd_list_lock
 .sbss          0x00017c80        0xc F:/project/qsys_ucosii_sem/qsys/software/uCosii_bsp/\libucosii_bsp.a(alt_main.o)
                0x00017c80                alt_argc
                0x00017c84                alt_argv
                0x00017c88                alt_envp
 .sbss          0x00017c8c        0x8 F:/project/qsys_ucosii_sem/qsys/software/uCosii_bsp/\libucosii_bsp.a(alt_env_lock.o)
                0x00017c90                alt_envsem
 .sbss          0x00017c94        0x8 F:/project/qsys_ucosii_sem/qsys/software/uCosii_bsp/\libucosii_bsp.a(alt_malloc_lock.o)
                0x00017c98                alt_heapsem
 .sbss          0x00017c9c       0x50 F:/project/qsys_ucosii_sem/qsys/software/uCosii_bsp/\libucosii_bsp.a(os_core.o)
                0x00017c9c                OSLockNesting
                0x00017c9d                OSRunning
                0x00017ca0                OSIdleCtr
                0x00017ca4                OSPrioHighRdy
                0x00017ca5                OSPrioCur
                0x00017ca8                OSTCBList
                0x00017cac                OSTickStepState
                0x00017cb0                OSCtxSwCtr
                0x00017cb4                OSIdleCtrMax
                0x00017cb8                OSTCBFreeList
                0x00017cbc                OSCPUUsage
                0x00017cbd                OSTaskCtr
                0x00017cc0                OSMemFreeList
                0x00017cc4                OSTCBHighRdy
                0x00017cc8                OSQFreeList
                0x00017ccc                OSRdyGrp
                0x00017ccd                OSRdyTbl
                0x00017cd0                OSEventFreeList
                0x00017cd4                OSIntNesting
                0x00017cd8                OSTCBCur
                0x00017cdc                OSTime
                0x00017ce0                OSFlagFreeList
                0x00017ce4                OSStatRdy
                0x00017ce8                OSIdleCtrRun
 .sbss          0x00017cec        0x4 F:/project/qsys_ucosii_sem/qsys/software/uCosii_bsp/\libucosii_bsp.a(alt_irq_vars.o)
                0x00017cec                alt_irq_active
 .sbss          0x00017cf0        0x8 F:/project/qsys_ucosii_sem/qsys/software/uCosii_bsp/\libucosii_bsp.a(alt_tick.o)
                0x00017cf0                _alt_tick_rate
                0x00017cf4                _alt_nticks
 *(.sbss2 .sbss2.* .gnu.linkonce.sb2.*)
 *(.scommon)
                0x00017cf8                PROVIDE (__sbss_end, ABSOLUTE (.))
                0x00017cf8                PROVIDE (___sbss_end, ABSOLUTE (.))
 *(.dynbss)
 *(.bss .bss.* .gnu.linkonce.b.*)
 .bss           0x00017cf8        0x0 F:/project/qsys_ucosii_sem/qsys/software/uCosii_bsp//obj/HAL/src/crt0.o
 .bss           0x00017cf8        0x0 obj/default/ucosii_sem.o
 .bss           0x00017cf8        0x0 d:/altera/13.1/nios2eds/bin/gnu/h-i686-mingw32/bin/../lib/gcc/nios2-elf/4.7.3/../../../../../H-i686-mingw32/nios2-elf/lib\libc.a(lib_a-memcpy.o)
 .bss           0x00017cf8        0x0 d:/altera/13.1/nios2eds/bin/gnu/h-i686-mingw32/bin/../lib/gcc/nios2-elf/4.7.3/../../../../../H-i686-mingw32/nios2-elf/lib\libc.a(lib_a-printf.o)
 .bss           0x00017cf8        0x0 d:/altera/13.1/nios2eds/bin/gnu/h-i686-mingw32/bin/../lib/gcc/nios2-elf/4.7.3/../../../../../H-i686-mingw32/nios2-elf/lib\libc.a(lib_a-puts.o)
 .bss           0x00017cf8        0x0 d:/altera/13.1/nios2eds/bin/gnu/h-i686-mingw32/bin/../lib/gcc/nios2-elf/4.7.3/../../../../../H-i686-mingw32/nios2-elf/lib\libc.a(lib_a-strlen.o)
 .bss           0x00017cf8        0x0 d:/altera/13.1/nios2eds/bin/gnu/h-i686-mingw32/bin/../lib/gcc/nios2-elf/4.7.3/../../../../../H-i686-mingw32/nios2-elf/lib\libc.a(lib_a-vfprintf.o)
 .bss           0x00017cf8        0x0 d:/altera/13.1/nios2eds/bin/gnu/h-i686-mingw32/bin/../lib/gcc/nios2-elf/4.7.3/../../../../../H-i686-mingw32/nios2-elf/lib\libc.a(lib_a-wsetup.o)
 .bss           0x00017cf8        0x0 d:/altera/13.1/nios2eds/bin/gnu/h-i686-mingw32/bin/../lib/gcc/nios2-elf/4.7.3/../../../../../H-i686-mingw32/nios2-elf/lib\libc.a(lib_a-dtoa.o)
 .bss           0x00017cf8        0x0 d:/altera/13.1/nios2eds/bin/gnu/h-i686-mingw32/bin/../lib/gcc/nios2-elf/4.7.3/../../../../../H-i686-mingw32/nios2-elf/lib\libc.a(lib_a-fflush.o)
 .bss           0x00017cf8        0x0 d:/altera/13.1/nios2eds/bin/gnu/h-i686-mingw32/bin/../lib/gcc/nios2-elf/4.7.3/../../../../../H-i686-mingw32/nios2-elf/lib\libc.a(lib_a-findfp.o)
 .bss           0x00017cf8        0x0 d:/altera/13.1/nios2eds/bin/gnu/h-i686-mingw32/bin/../lib/gcc/nios2-elf/4.7.3/../../../../../H-i686-mingw32/nios2-elf/lib\libc.a(lib_a-freer.o)
 .bss           0x00017cf8        0x0 d:/altera/13.1/nios2eds/bin/gnu/h-i686-mingw32/bin/../lib/gcc/nios2-elf/4.7.3/../../../../../H-i686-mingw32/nios2-elf/lib\libc.a(lib_a-fvwrite.o)
 .bss           0x00017cf8        0x0 d:/altera/13.1/nios2eds/bin/gnu/h-i686-mingw32/bin/../lib/gcc/nios2-elf/4.7.3/../../../../../H-i686-mingw32/nios2-elf/lib\libc.a(lib_a-fwalk.o)
 .bss           0x00017cf8        0x0 d:/altera/13.1/nios2eds/bin/gnu/h-i686-mingw32/bin/../lib/gcc/nios2-elf/4.7.3/../../../../../H-i686-mingw32/nios2-elf/lib\libc.a(lib_a-impure.o)
 .bss           0x00017cf8        0x0 d:/altera/13.1/nios2eds/bin/gnu/h-i686-mingw32/bin/../lib/gcc/nios2-elf/4.7.3/../../../../../H-i686-mingw32/nios2-elf/lib\libc.a(lib_a-locale.o)
 .bss           0x00017cf8        0x0 d:/altera/13.1/nios2eds/bin/gnu/h-i686-mingw32/bin/../lib/gcc/nios2-elf/4.7.3/../../../../../H-i686-mingw32/nios2-elf/lib\libc.a(lib_a-makebuf.o)
 .bss           0x00017cf8       0x28 d:/altera/13.1/nios2eds/bin/gnu/h-i686-mingw32/bin/../lib/gcc/nios2-elf/4.7.3/../../../../../H-i686-mingw32/nios2-elf/lib\libc.a(lib_a-mallocr.o)
                0x00017cf8                __malloc_current_mallinfo
 .bss           0x00017d20        0x0 d:/altera/13.1/nios2eds/bin/gnu/h-i686-mingw32/bin/../lib/gcc/nios2-elf/4.7.3/../../../../../H-i686-mingw32/nios2-elf/lib\libc.a(lib_a-memchr.o)
 .bss           0x00017d20        0x0 d:/altera/13.1/nios2eds/bin/gnu/h-i686-mingw32/bin/../lib/gcc/nios2-elf/4.7.3/../../../../../H-i686-mingw32/nios2-elf/lib\libc.a(lib_a-memmove.o)
 .bss           0x00017d20        0x0 d:/altera/13.1/nios2eds/bin/gnu/h-i686-mingw32/bin/../lib/gcc/nios2-elf/4.7.3/../../../../../H-i686-mingw32/nios2-elf/lib\libc.a(lib_a-memset.o)
 .bss           0x00017d20        0x0 d:/altera/13.1/nios2eds/bin/gnu/h-i686-mingw32/bin/../lib/gcc/nios2-elf/4.7.3/../../../../../H-i686-mingw32/nios2-elf/lib\libc.a(lib_a-mprec.o)
 .bss           0x00017d20        0x0 d:/altera/13.1/nios2eds/bin/gnu/h-i686-mingw32/bin/../lib/gcc/nios2-elf/4.7.3/../../../../../H-i686-mingw32/nios2-elf/lib\libc.a(lib_a-reallocr.o)
 .bss           0x00017d20        0x0 d:/altera/13.1/nios2eds/bin/gnu/h-i686-mingw32/bin/../lib/gcc/nios2-elf/4.7.3/../../../../../H-i686-mingw32/nios2-elf/lib\libc.a(lib_a-s_isinfd.o)
 .bss           0x00017d20        0x0 d:/altera/13.1/nios2eds/bin/gnu/h-i686-mingw32/bin/../lib/gcc/nios2-elf/4.7.3/../../../../../H-i686-mingw32/nios2-elf/lib\libc.a(lib_a-s_isnand.o)
 .bss           0x00017d20        0x0 d:/altera/13.1/nios2eds/bin/gnu/h-i686-mingw32/bin/../lib/gcc/nios2-elf/4.7.3/../../../../../H-i686-mingw32/nios2-elf/lib\libc.a(lib_a-sbrkr.o)
 .bss           0x00017d20        0x0 d:/altera/13.1/nios2eds/bin/gnu/h-i686-mingw32/bin/../lib/gcc/nios2-elf/4.7.3/../../../../../H-i686-mingw32/nios2-elf/lib\libc.a(lib_a-stdio.o)
 .bss           0x00017d20        0x0 d:/altera/13.1/nios2eds/bin/gnu/h-i686-mingw32/bin/../lib/gcc/nios2-elf/4.7.3/../../../../../H-i686-mingw32/nios2-elf/lib\libc.a(lib_a-strcmp.o)
 .bss           0x00017d20        0x0 d:/altera/13.1/nios2eds/bin/gnu/h-i686-mingw32/bin/../lib/gcc/nios2-elf/4.7.3/../../../../../H-i686-mingw32/nios2-elf/lib\libc.a(lib_a-writer.o)
 .bss           0x00017d20        0x0 d:/altera/13.1/nios2eds/bin/gnu/h-i686-mingw32/bin/../lib/gcc/nios2-elf/4.7.3/../../../../../H-i686-mingw32/nios2-elf/lib\libc.a(lib_a-callocr.o)
 .bss           0x00017d20        0x0 d:/altera/13.1/nios2eds/bin/gnu/h-i686-mingw32/bin/../lib/gcc/nios2-elf/4.7.3/../../../../../H-i686-mingw32/nios2-elf/lib\libc.a(lib_a-closer.o)
 .bss           0x00017d20        0x0 d:/altera/13.1/nios2eds/bin/gnu/h-i686-mingw32/bin/../lib/gcc/nios2-elf/4.7.3/../../../../../H-i686-mingw32/nios2-elf/lib\libc.a(lib_a-fclose.o)
 .bss           0x00017d20        0x0 d:/altera/13.1/nios2eds/bin/gnu/h-i686-mingw32/bin/../lib/gcc/nios2-elf/4.7.3/../../../../../H-i686-mingw32/nios2-elf/lib\libc.a(lib_a-fstatr.o)
 .bss           0x00017d20        0x0 d:/altera/13.1/nios2eds/bin/gnu/h-i686-mingw32/bin/../lib/gcc/nios2-elf/4.7.3/../../../../../H-i686-mingw32/nios2-elf/lib\libc.a(lib_a-int_errno.o)
 .bss           0x00017d20        0x0 d:/altera/13.1/nios2eds/bin/gnu/h-i686-mingw32/bin/../lib/gcc/nios2-elf/4.7.3/../../../../../H-i686-mingw32/nios2-elf/lib\libc.a(lib_a-isattyr.o)
 .bss           0x00017d20        0x0 d:/altera/13.1/nios2eds/bin/gnu/h-i686-mingw32/bin/../lib/gcc/nios2-elf/4.7.3/../../../../../H-i686-mingw32/nios2-elf/lib\libc.a(lib_a-lseekr.o)
 .bss           0x00017d20        0x0 d:/altera/13.1/nios2eds/bin/gnu/h-i686-mingw32/bin/../lib/gcc/nios2-elf/4.7.3/../../../../../H-i686-mingw32/nios2-elf/lib\libc.a(lib_a-readr.o)
 .bss           0x00017d20        0x0 d:/altera/13.1/nios2eds/bin/gnu/h-i686-mingw32/bin/../lib/gcc/nios2-elf/4.7.3\libgcc.a(_udivdi3.o)
 .bss           0x00017d20        0x0 d:/altera/13.1/nios2eds/bin/gnu/h-i686-mingw32/bin/../lib/gcc/nios2-elf/4.7.3\libgcc.a(_umoddi3.o)
 .bss           0x00017d20        0x0 d:/altera/13.1/nios2eds/bin/gnu/h-i686-mingw32/bin/../lib/gcc/nios2-elf/4.7.3\libgcc.a(_addsub_df.o)
 .bss           0x00017d20        0x0 d:/altera/13.1/nios2eds/bin/gnu/h-i686-mingw32/bin/../lib/gcc/nios2-elf/4.7.3\libgcc.a(_mul_df.o)
 .bss           0x00017d20        0x0 d:/altera/13.1/nios2eds/bin/gnu/h-i686-mingw32/bin/../lib/gcc/nios2-elf/4.7.3\libgcc.a(_div_df.o)
 .bss           0x00017d20        0x0 d:/altera/13.1/nios2eds/bin/gnu/h-i686-mingw32/bin/../lib/gcc/nios2-elf/4.7.3\libgcc.a(_eq_df.o)
 .bss           0x00017d20        0x0 d:/altera/13.1/nios2eds/bin/gnu/h-i686-mingw32/bin/../lib/gcc/nios2-elf/4.7.3\libgcc.a(_ne_df.o)
 .bss           0x00017d20        0x0 d:/altera/13.1/nios2eds/bin/gnu/h-i686-mingw32/bin/../lib/gcc/nios2-elf/4.7.3\libgcc.a(_gt_df.o)
 .bss           0x00017d20        0x0 d:/altera/13.1/nios2eds/bin/gnu/h-i686-mingw32/bin/../lib/gcc/nios2-elf/4.7.3\libgcc.a(_ge_df.o)
 .bss           0x00017d20        0x0 d:/altera/13.1/nios2eds/bin/gnu/h-i686-mingw32/bin/../lib/gcc/nios2-elf/4.7.3\libgcc.a(_lt_df.o)
 .bss           0x00017d20        0x0 d:/altera/13.1/nios2eds/bin/gnu/h-i686-mingw32/bin/../lib/gcc/nios2-elf/4.7.3\libgcc.a(_si_to_df.o)
 .bss           0x00017d20        0x0 d:/altera/13.1/nios2eds/bin/gnu/h-i686-mingw32/bin/../lib/gcc/nios2-elf/4.7.3\libgcc.a(_df_to_si.o)
 .bss           0x00017d20        0x0 d:/altera/13.1/nios2eds/bin/gnu/h-i686-mingw32/bin/../lib/gcc/nios2-elf/4.7.3\libgcc.a(_thenan_df.o)
 .bss           0x00017d20        0x0 d:/altera/13.1/nios2eds/bin/gnu/h-i686-mingw32/bin/../lib/gcc/nios2-elf/4.7.3\libgcc.a(_usi_to_df.o)
 .bss           0x00017d20        0x0 d:/altera/13.1/nios2eds/bin/gnu/h-i686-mingw32/bin/../lib/gcc/nios2-elf/4.7.3\libgcc.a(lib2-divmod.o)
 .bss           0x00017d20        0x0 d:/altera/13.1/nios2eds/bin/gnu/h-i686-mingw32/bin/../lib/gcc/nios2-elf/4.7.3\libgcc.a(_muldi3.o)
 .bss           0x00017d20        0x0 d:/altera/13.1/nios2eds/bin/gnu/h-i686-mingw32/bin/../lib/gcc/nios2-elf/4.7.3\libgcc.a(_clz.o)
 .bss           0x00017d20        0x0 d:/altera/13.1/nios2eds/bin/gnu/h-i686-mingw32/bin/../lib/gcc/nios2-elf/4.7.3\libgcc.a(_clzsi2.o)
 .bss           0x00017d20        0x0 d:/altera/13.1/nios2eds/bin/gnu/h-i686-mingw32/bin/../lib/gcc/nios2-elf/4.7.3\libgcc.a(_pack_df.o)
 .bss           0x00017d20        0x0 d:/altera/13.1/nios2eds/bin/gnu/h-i686-mingw32/bin/../lib/gcc/nios2-elf/4.7.3\libgcc.a(_unpack_df.o)
 .bss           0x00017d20        0x0 d:/altera/13.1/nios2eds/bin/gnu/h-i686-mingw32/bin/../lib/gcc/nios2-elf/4.7.3\libgcc.a(_fpcmp_parts_df.o)
 .bss           0x00017d20        0x0 d:/altera/13.1/nios2eds/bin/gnu/h-i686-mingw32/bin/../lib/gcc/nios2-elf/4.7.3\libgcc.a(_lshrdi3.o)
 .bss           0x00017d20        0x0 d:/altera/13.1/nios2eds/bin/gnu/h-i686-mingw32/bin/../lib/gcc/nios2-elf/4.7.3\libgcc.a(_ashldi3.o)
 .bss           0x00017d20        0x0 F:/project/qsys_ucosii_sem/qsys/software/uCosii_bsp/\libucosii_bsp.a(alt_close.o)
 .bss           0x00017d20        0x0 F:/project/qsys_ucosii_sem/qsys/software/uCosii_bsp/\libucosii_bsp.a(alt_dev.o)
 .bss           0x00017d20        0x0 F:/project/qsys_ucosii_sem/qsys/software/uCosii_bsp/\libucosii_bsp.a(alt_errno.o)
 .bss           0x00017d20        0x0 F:/project/qsys_ucosii_sem/qsys/software/uCosii_bsp/\libucosii_bsp.a(alt_fstat.o)
 .bss           0x00017d20        0x0 F:/project/qsys_ucosii_sem/qsys/software/uCosii_bsp/\libucosii_bsp.a(alt_isatty.o)
 .bss           0x00017d20        0x0 F:/project/qsys_ucosii_sem/qsys/software/uCosii_bsp/\libucosii_bsp.a(alt_lseek.o)
 .bss           0x00017d20        0x0 F:/project/qsys_ucosii_sem/qsys/software/uCosii_bsp/\libucosii_bsp.a(alt_main.o)
 .bss           0x00017d20        0x0 F:/project/qsys_ucosii_sem/qsys/software/uCosii_bsp/\libucosii_bsp.a(alt_read.o)
 .bss           0x00017d20        0x0 F:/project/qsys_ucosii_sem/qsys/software/uCosii_bsp/\libucosii_bsp.a(alt_release_fd.o)
 .bss           0x00017d20        0x0 F:/project/qsys_ucosii_sem/qsys/software/uCosii_bsp/\libucosii_bsp.a(alt_sbrk.o)
 .bss           0x00017d20        0x0 F:/project/qsys_ucosii_sem/qsys/software/uCosii_bsp/\libucosii_bsp.a(alt_usleep.o)
 .bss           0x00017d20        0x0 F:/project/qsys_ucosii_sem/qsys/software/uCosii_bsp/\libucosii_bsp.a(alt_write.o)
 .bss           0x00017d20        0x0 F:/project/qsys_ucosii_sem/qsys/software/uCosii_bsp/\libucosii_bsp.a(alt_env_lock.o)
 .bss           0x00017d20        0x0 F:/project/qsys_ucosii_sem/qsys/software/uCosii_bsp/\libucosii_bsp.a(alt_malloc_lock.o)
 .bss           0x00017d20        0x0 F:/project/qsys_ucosii_sem/qsys/software/uCosii_bsp/\libucosii_bsp.a(os_core.o)
 .bss           0x00017d20        0x0 F:/project/qsys_ucosii_sem/qsys/software/uCosii_bsp/\libucosii_bsp.a(os_dbg.o)
 .bss           0x00017d20        0x0 F:/project/qsys_ucosii_sem/qsys/software/uCosii_bsp/\libucosii_bsp.a(os_flag.o)
 .bss           0x00017d20        0x0 F:/project/qsys_ucosii_sem/qsys/software/uCosii_bsp/\libucosii_bsp.a(os_mem.o)
 .bss           0x00017d20        0x0 F:/project/qsys_ucosii_sem/qsys/software/uCosii_bsp/\libucosii_bsp.a(os_q.o)
 .bss           0x00017d20        0x0 F:/project/qsys_ucosii_sem/qsys/software/uCosii_bsp/\libucosii_bsp.a(os_sem.o)
 .bss           0x00017d20        0x0 F:/project/qsys_ucosii_sem/qsys/software/uCosii_bsp/\libucosii_bsp.a(os_task.o)
 .bss           0x00017d20        0x0 F:/project/qsys_ucosii_sem/qsys/software/uCosii_bsp/\libucosii_bsp.a(os_time.o)
 .bss           0x00017d20        0x0 F:/project/qsys_ucosii_sem/qsys/software/uCosii_bsp/\libucosii_bsp.a(alt_sys_init.o)
 .bss           0x00017d20        0x0 F:/project/qsys_ucosii_sem/qsys/software/uCosii_bsp/\libucosii_bsp.a(altera_avalon_epcs_flash_controller.o)
 .bss           0x00017d20        0x0 F:/project/qsys_ucosii_sem/qsys/software/uCosii_bsp/\libucosii_bsp.a(altera_avalon_jtag_uart_fd.o)
 .bss           0x00017d20        0x0 F:/project/qsys_ucosii_sem/qsys/software/uCosii_bsp/\libucosii_bsp.a(altera_avalon_jtag_uart_init.o)
 .bss           0x00017d20        0x0 F:/project/qsys_ucosii_sem/qsys/software/uCosii_bsp/\libucosii_bsp.a(altera_avalon_jtag_uart_ioctl.o)
 .bss           0x00017d20        0x0 F:/project/qsys_ucosii_sem/qsys/software/uCosii_bsp/\libucosii_bsp.a(altera_avalon_jtag_uart_read.o)
 .bss           0x00017d20        0x0 F:/project/qsys_ucosii_sem/qsys/software/uCosii_bsp/\libucosii_bsp.a(altera_avalon_jtag_uart_write.o)
 .bss           0x00017d20        0x0 F:/project/qsys_ucosii_sem/qsys/software/uCosii_bsp/\libucosii_bsp.a(altera_avalon_timer_sc.o)
 .bss           0x00017d20        0x0 F:/project/qsys_ucosii_sem/qsys/software/uCosii_bsp/\libucosii_bsp.a(epcs_commands.o)
 .bss           0x00017d20        0x0 F:/project/qsys_ucosii_sem/qsys/software/uCosii_bsp/\libucosii_bsp.a(alt_alarm_start.o)
 .bss           0x00017d20        0x0 F:/project/qsys_ucosii_sem/qsys/software/uCosii_bsp/\libucosii_bsp.a(alt_busy_sleep.o)
 .bss           0x00017d20        0x0 F:/project/qsys_ucosii_sem/qsys/software/uCosii_bsp/\libucosii_bsp.a(alt_dev_llist_insert.o)
 .bss           0x00017d20        0x0 F:/project/qsys_ucosii_sem/qsys/software/uCosii_bsp/\libucosii_bsp.a(alt_do_ctors.o)
 .bss           0x00017d20        0x0 F:/project/qsys_ucosii_sem/qsys/software/uCosii_bsp/\libucosii_bsp.a(alt_do_dtors.o)
 .bss           0x00017d20        0x0 F:/project/qsys_ucosii_sem/qsys/software/uCosii_bsp/\libucosii_bsp.a(alt_flash_dev.o)
 .bss           0x00017d20        0x0 F:/project/qsys_ucosii_sem/qsys/software/uCosii_bsp/\libucosii_bsp.a(alt_iic.o)
 .bss           0x00017d20        0x0 F:/project/qsys_ucosii_sem/qsys/software/uCosii_bsp/\libucosii_bsp.a(alt_iic_isr_register.o)
 .bss           0x00017d20        0x0 F:/project/qsys_ucosii_sem/qsys/software/uCosii_bsp/\libucosii_bsp.a(alt_io_redirect.o)
 .bss           0x00017d20        0x0 F:/project/qsys_ucosii_sem/qsys/software/uCosii_bsp/\libucosii_bsp.a(alt_irq_entry.o)
 .bss           0x00017d20        0x0 F:/project/qsys_ucosii_sem/qsys/software/uCosii_bsp/\libucosii_bsp.a(alt_irq_handler.o)
 .bss           0x00017d20        0x0 F:/project/qsys_ucosii_sem/qsys/software/uCosii_bsp/\libucosii_bsp.a(alt_irq_vars.o)
 .bss           0x00017d20        0x0 F:/project/qsys_ucosii_sem/qsys/software/uCosii_bsp/\libucosii_bsp.a(alt_open.o)
 .bss           0x00017d20        0x0 F:/project/qsys_ucosii_sem/qsys/software/uCosii_bsp/\libucosii_bsp.a(alt_tick.o)
 .bss           0x00017d20        0x0 F:/project/qsys_ucosii_sem/qsys/software/uCosii_bsp/\libucosii_bsp.a(altera_nios2_qsys_irq.o)
 .bss           0x00017d20        0x0 F:/project/qsys_ucosii_sem/qsys/software/uCosii_bsp/\libucosii_bsp.a(os_cpu_a.o)
 .bss           0x00017d20        0x0 F:/project/qsys_ucosii_sem/qsys/software/uCosii_bsp/\libucosii_bsp.a(os_cpu_c.o)
 .bss           0x00017d20        0x0 F:/project/qsys_ucosii_sem/qsys/software/uCosii_bsp/\libucosii_bsp.a(altera_avalon_spi.o)
 .bss           0x00017d20        0x0 F:/project/qsys_ucosii_sem/qsys/software/uCosii_bsp/\libucosii_bsp.a(alt_exception_entry.o)
 .bss           0x00017d20        0x0 F:/project/qsys_ucosii_sem/qsys/software/uCosii_bsp/\libucosii_bsp.a(alt_find_dev.o)
 .bss           0x00017d20        0x0 F:/project/qsys_ucosii_sem/qsys/software/uCosii_bsp/\libucosii_bsp.a(alt_find_file.o)
 .bss           0x00017d20        0x0 F:/project/qsys_ucosii_sem/qsys/software/uCosii_bsp/\libucosii_bsp.a(alt_get_fd.o)
 .bss           0x00017d20        0x0 d:/altera/13.1/nios2eds/bin/gnu/h-i686-mingw32/bin/../lib/gcc/nios2-elf/4.7.3/../../../../../H-i686-mingw32/nios2-elf/lib\libc.a(lib_a-atexit.o)
 .bss           0x00017d20        0x0 d:/altera/13.1/nios2eds/bin/gnu/h-i686-mingw32/bin/../lib/gcc/nios2-elf/4.7.3/../../../../../H-i686-mingw32/nios2-elf/lib\libc.a(lib_a-exit.o)
 .bss           0x00017d20        0x0 d:/altera/13.1/nios2eds/bin/gnu/h-i686-mingw32/bin/../lib/gcc/nios2-elf/4.7.3/../../../../../H-i686-mingw32/nios2-elf/lib\libc.a(lib_a-memcmp.o)
 .bss           0x00017d20        0x0 d:/altera/13.1/nios2eds/bin/gnu/h-i686-mingw32/bin/../lib/gcc/nios2-elf/4.7.3/../../../../../H-i686-mingw32/nios2-elf/lib\libc.a(lib_a-__atexit.o)
 .bss           0x00017d20        0x0 d:/altera/13.1/nios2eds/bin/gnu/h-i686-mingw32/bin/../lib/gcc/nios2-elf/4.7.3/../../../../../H-i686-mingw32/nios2-elf/lib\libc.a(lib_a-__call_atexit.o)
 .bss           0x00017d20        0x0 d:/altera/13.1/nios2eds/bin/gnu/h-i686-mingw32/bin/../lib/gcc/nios2-elf/4.7.3\libgcc.a(_fixunsdfsi.o)
 .bss           0x00017d20        0x0 F:/project/qsys_ucosii_sem/qsys/software/uCosii_bsp/\libucosii_bsp.a(alt_exit.o)
 *(COMMON)
 COMMON         0x00017d20     0x6028 obj/default/ucosii_sem.o
                0x00017d20                start_stk
                0x00019d20                task1_stk
                0x0001bd20                shared_memory
                0x0001bd48                task2_stk
 COMMON         0x0001dd48     0x3224 F:/project/qsys_ucosii_sem/qsys/software/uCosii_bsp/\libucosii_bsp.a(os_core.o)
                0x0001dd48                OSFlagTbl
                0x0001e0b8                OSMemTbl
                0x0001ece8                OSTaskStatStk
                0x0001f4e8                OSQTbl
                0x0001f6c8                OSTaskIdleStk
                0x0001fec8                OSEventTbl
                0x00020a08                OSTCBTbl
                0x00020f18                OSTCBPrioTbl
 COMMON         0x00020f6c      0x100 F:/project/qsys_ucosii_sem/qsys/software/uCosii_bsp/\libucosii_bsp.a(alt_irq_handler.o)
                0x00020f6c                alt_irq
 COMMON         0x0002106c      0x190 d:/altera/13.1/nios2eds/bin/gnu/h-i686-mingw32/bin/../lib/gcc/nios2-elf/4.7.3/../../../../../H-i686-mingw32/nios2-elf/lib\libc.a(lib_a-atexit.o)
                0x0002106c                _atexit0
                0x000211fc                . = ALIGN (0x4)
                0x000211fc                __bss_end = ABSOLUTE (.)

.sdram          0x000211fc        0x0
                0x000211fc                PROVIDE (_alt_partition_sdram_start, ABSOLUTE (.))
 *(.sdram .sdram. sdram.*)
                0x000211fc                . = ALIGN (0x4)
                0x000211fc                PROVIDE (_alt_partition_sdram_end, ABSOLUTE (.))
                0x000211fc                _end = ABSOLUTE (.)
                0x000211fc                end = ABSOLUTE (.)
                0x000211fc                __alt_stack_base = ABSOLUTE (.)
                0x000211fc                PROVIDE (_alt_partition_sdram_load_addr, LOADADDR (.sdram))

.epcs           0x02001020        0x0
                0x02001020                PROVIDE (_alt_partition_epcs_start, ABSOLUTE (.))
 *(.epcs .epcs. epcs.*)
                0x02001020                . = ALIGN (0x4)
                0x02001020                PROVIDE (_alt_partition_epcs_end, ABSOLUTE (.))
                0x02001020                PROVIDE (_alt_partition_epcs_load_addr, LOADADDR (.epcs))

.stab
 *(.stab)

.stabstr
 *(.stabstr)

.stab.excl
 *(.stab.excl)

.stab.exclstr
 *(.stab.exclstr)

.stab.index
 *(.stab.index)

.stab.indexstr
 *(.stab.indexstr)

.comment        0x00000000       0x23
 *(.comment)
 .comment       0x00000000       0x23 obj/default/ucosii_sem.o
                                 0x24 (size before relaxing)
 .comment       0x00000000       0x24 d:/altera/13.1/nios2eds/bin/gnu/h-i686-mingw32/bin/../lib/gcc/nios2-elf/4.7.3/../../../../../H-i686-mingw32/nios2-elf/lib\libc.a(lib_a-memcpy.o)
 .comment       0x00000000       0x24 d:/altera/13.1/nios2eds/bin/gnu/h-i686-mingw32/bin/../lib/gcc/nios2-elf/4.7.3/../../../../../H-i686-mingw32/nios2-elf/lib\libc.a(lib_a-printf.o)
 .comment       0x00000000       0x24 d:/altera/13.1/nios2eds/bin/gnu/h-i686-mingw32/bin/../lib/gcc/nios2-elf/4.7.3/../../../../../H-i686-mingw32/nios2-elf/lib\libc.a(lib_a-puts.o)
 .comment       0x00000000       0x24 d:/altera/13.1/nios2eds/bin/gnu/h-i686-mingw32/bin/../lib/gcc/nios2-elf/4.7.3/../../../../../H-i686-mingw32/nios2-elf/lib\libc.a(lib_a-strlen.o)
 .comment       0x00000000       0x24 d:/altera/13.1/nios2eds/bin/gnu/h-i686-mingw32/bin/../lib/gcc/nios2-elf/4.7.3/../../../../../H-i686-mingw32/nios2-elf/lib\libc.a(lib_a-vfprintf.o)
 .comment       0x00000000       0x24 d:/altera/13.1/nios2eds/bin/gnu/h-i686-mingw32/bin/../lib/gcc/nios2-elf/4.7.3/../../../../../H-i686-mingw32/nios2-elf/lib\libc.a(lib_a-wsetup.o)
 .comment       0x00000000       0x24 d:/altera/13.1/nios2eds/bin/gnu/h-i686-mingw32/bin/../lib/gcc/nios2-elf/4.7.3/../../../../../H-i686-mingw32/nios2-elf/lib\libc.a(lib_a-dtoa.o)
 .comment       0x00000000       0x24 d:/altera/13.1/nios2eds/bin/gnu/h-i686-mingw32/bin/../lib/gcc/nios2-elf/4.7.3/../../../../../H-i686-mingw32/nios2-elf/lib\libc.a(lib_a-fflush.o)
 .comment       0x00000000       0x24 d:/altera/13.1/nios2eds/bin/gnu/h-i686-mingw32/bin/../lib/gcc/nios2-elf/4.7.3/../../../../../H-i686-mingw32/nios2-elf/lib\libc.a(lib_a-findfp.o)