Archive member included because of file (symbol)

d:/eda/quartus13/nios2eds/bin/gnu/h-i686-mingw32/bin/../lib/gcc/nios2-elf/4.7.3/../../../../../H-i686-mingw32/nios2-elf/lib\libc.a(lib_a-atoi.o)
                              obj/default/http.o (atoi)
d:/eda/quartus13/nios2eds/bin/gnu/h-i686-mingw32/bin/../lib/gcc/nios2-elf/4.7.3/../../../../../H-i686-mingw32/nios2-elf/lib\libc.a(lib_a-ctype_.o)
                              obj/default/http.o (__ctype_ptr)
d:/eda/quartus13/nios2eds/bin/gnu/h-i686-mingw32/bin/../lib/gcc/nios2-elf/4.7.3/../../../../../H-i686-mingw32/nios2-elf/lib\libc.a(lib_a-fclose.o)
                              obj/default/http.o (fclose)
d:/eda/quartus13/nios2eds/bin/gnu/h-i686-mingw32/bin/../lib/gcc/nios2-elf/4.7.3/../../../../../H-i686-mingw32/nios2-elf/lib\libc.a(lib_a-fflush.o)
                              d:/eda/quartus13/nios2eds/bin/gnu/h-i686-mingw32/bin/../lib/gcc/nios2-elf/4.7.3/../../../../../H-i686-mingw32/nios2-elf/lib\libc.a(lib_a-fclose.o) (_fflush_r)
d:/eda/quartus13/nios2eds/bin/gnu/h-i686-mingw32/bin/../lib/gcc/nios2-elf/4.7.3/../../../../../H-i686-mingw32/nios2-elf/lib\libc.a(lib_a-fgetpos.o)
                              obj/default/http.o (fgetpos)
d:/eda/quartus13/nios2eds/bin/gnu/h-i686-mingw32/bin/../lib/gcc/nios2-elf/4.7.3/../../../../../H-i686-mingw32/nios2-elf/lib\libc.a(lib_a-findfp.o)
                              d:/eda/quartus13/nios2eds/bin/gnu/h-i686-mingw32/bin/../lib/gcc/nios2-elf/4.7.3/../../../../../H-i686-mingw32/nios2-elf/lib\libc.a(lib_a-fclose.o) (__sinit)
d:/eda/quartus13/nios2eds/bin/gnu/h-i686-mingw32/bin/../lib/gcc/nios2-elf/4.7.3/../../../../../H-i686-mingw32/nios2-elf/lib\libc.a(lib_a-fopen.o)
                              obj/default/http.o (fopen)
d:/eda/quartus13/nios2eds/bin/gnu/h-i686-mingw32/bin/../lib/gcc/nios2-elf/4.7.3/../../../../../H-i686-mingw32/nios2-elf/lib\libc.a(lib_a-fprintf.o)
                              obj/default/alt_error_handler.o (fprintf)
d:/eda/quartus13/nios2eds/bin/gnu/h-i686-mingw32/bin/../lib/gcc/nios2-elf/4.7.3/../../../../../H-i686-mingw32/nios2-elf/lib\libc.a(lib_a-fread.o)
                              obj/default/http.o (fread)
d:/eda/quartus13/nios2eds/bin/gnu/h-i686-mingw32/bin/../lib/gcc/nios2-elf/4.7.3/../../../../../H-i686-mingw32/nios2-elf/lib\libc.a(lib_a-freer.o)
                              d:/eda/quartus13/nios2eds/bin/gnu/h-i686-mingw32/bin/../lib/gcc/nios2-elf/4.7.3/../../../../../H-i686-mingw32/nios2-elf/lib\libc.a(lib_a-fclose.o) (_free_r)
d:/eda/quartus13/nios2eds/bin/gnu/h-i686-mingw32/bin/../lib/gcc/nios2-elf/4.7.3/../../../../../H-i686-mingw32/nios2-elf/lib\libc.a(lib_a-fseek.o)
                              d:/eda/quartus13/nios2eds/bin/gnu/h-i686-mingw32/bin/../lib/gcc/nios2-elf/4.7.3/../../../../../H-i686-mingw32/nios2-elf/lib\libc.a(lib_a-fopen.o) (_fseek_r)
d:/eda/quartus13/nios2eds/bin/gnu/h-i686-mingw32/bin/../lib/gcc/nios2-elf/4.7.3/../../../../../H-i686-mingw32/nios2-elf/lib\libc.a(lib_a-fstatr.o)
                              d:/eda/quartus13/nios2eds/bin/gnu/h-i686-mingw32/bin/../lib/gcc/nios2-elf/4.7.3/../../../../../H-i686-mingw32/nios2-elf/lib\libc.a(lib_a-fseek.o) (_fstat_r)
d:/eda/quartus13/nios2eds/bin/gnu/h-i686-mingw32/bin/../lib/gcc/nios2-elf/4.7.3/../../../../../H-i686-mingw32/nios2-elf/lib\libc.a(lib_a-ftell.o)
                              d:/eda/quartus13/nios2eds/bin/gnu/h-i686-mingw32/bin/../lib/gcc/nios2-elf/4.7.3/../../../../../H-i686-mingw32/nios2-elf/lib\libc.a(lib_a-fgetpos.o) (_ftell_r)
d:/eda/quartus13/nios2eds/bin/gnu/h-i686-mingw32/bin/../lib/gcc/nios2-elf/4.7.3/../../../../../H-i686-mingw32/nios2-elf/lib\libc.a(lib_a-fwalk.o)
                              d:/eda/quartus13/nios2eds/bin/gnu/h-i686-mingw32/bin/../lib/gcc/nios2-elf/4.7.3/../../../../../H-i686-mingw32/nios2-elf/lib\libc.a(lib_a-findfp.o) (_fwalk)
d:/eda/quartus13/nios2eds/bin/gnu/h-i686-mingw32/bin/../lib/gcc/nios2-elf/4.7.3/../../../../../H-i686-mingw32/nios2-elf/lib\libc.a(lib_a-fwrite.o)
                              obj/default/alt_error_handler.o (fwrite)
d:/eda/quartus13/nios2eds/bin/gnu/h-i686-mingw32/bin/../lib/gcc/nios2-elf/4.7.3/../../../../../H-i686-mingw32/nios2-elf/lib\libc.a(lib_a-getc.o)
                              obj/default/network_utilities.o (getc)
d:/eda/quartus13/nios2eds/bin/gnu/h-i686-mingw32/bin/../lib/gcc/nios2-elf/4.7.3/../../../../../H-i686-mingw32/nios2-elf/lib\libc.a(lib_a-impure.o)
                              d:/eda/quartus13/nios2eds/bin/gnu/h-i686-mingw32/bin/../lib/gcc/nios2-elf/4.7.3/../../../../../H-i686-mingw32/nios2-elf/lib\libc.a(lib_a-fflush.o) (_global_impure_ptr)
d:/eda/quartus13/nios2eds/bin/gnu/h-i686-mingw32/bin/../lib/gcc/nios2-elf/4.7.3/../../../../../H-i686-mingw32/nios2-elf/lib\libc.a(lib_a-int_errno.o)
                              d:/eda/quartus13/nios2eds/bin/gnu/h-i686-mingw32/bin/../lib/gcc/nios2-elf/4.7.3/../../../../../H-i686-mingw32/nios2-elf/lib\libc.a(lib_a-fstatr.o) (errno)
[...]
Memory Configuration

Name             Origin             Length             Attributes
reset            0x00000000         0x00000020
epcs_flash_controller 0x00000020         0x000007e0
descriptor_memory 0x00001c00         0x00000200
sdram_BEFORE_EXCEPTION 0x02000000         0x00000020
sdram            0x02000020         0x01ffffe0
*default*        0x00000000         0xffffffff

Linker script and memory map

LOAD F:/Qsys/qsys_webserver/qsys/software/qsys_webserver_bsp//obj/HAL/src/crt0.o
LOAD obj/default/alt_error_handler.o
LOAD obj/default/http.o
LOAD obj/default/network_utilities.o
LOAD obj/default/srec_flash.o
LOAD obj/default/web_server.o
LOAD d:/eda/quartus13/nios2eds/bin/gnu/h-i686-mingw32/bin/../lib/gcc/nios2-elf/4.7.3/../../../../../H-i686-mingw32/nios2-elf/lib\libstdc++.a
LOAD d:/eda/quartus13/nios2eds/bin/gnu/h-i686-mingw32/bin/../lib/gcc/nios2-elf/4.7.3/../../../../../H-i686-mingw32/nios2-elf/lib\libm.a
LOAD d:/eda/quartus13/nios2eds/bin/gnu/h-i686-mingw32/bin/../lib/gcc/nios2-elf/4.7.3\libgcc.a
START GROUP
LOAD d:/eda/quartus13/nios2eds/bin/gnu/h-i686-mingw32/bin/../lib/gcc/nios2-elf/4.7.3/../../../../../H-i686-mingw32/nios2-elf/lib\libc.a
LOAD d:/eda/quartus13/nios2eds/bin/gnu/h-i686-mingw32/bin/../lib/gcc/nios2-elf/4.7.3\libgcc.a
LOAD F:/Qsys/qsys_webserver/qsys/software/qsys_webserver_bsp/\libucosii_bsp.a
END GROUP
LOAD d:/eda/quartus13/nios2eds/bin/gnu/h-i686-mingw32/bin/../lib/gcc/nios2-elf/4.7.3\libgcc.a
                0x00000000                __alt_mem_epcs_flash_controller = 0x0
                0x00001c00                __alt_mem_descriptor_memory = 0x1c00
                0x02000000                __alt_mem_sdram = 0x2000000

.entry          0x00000000        0x0
 *(.entry)
 .entry         0x00000000        0x0 F:/Qsys/qsys_webserver/qsys/software/qsys_webserver_bsp//obj/HAL/src/crt0.o
                0x00000000                __reset

.exceptions     0x02000020      0x19c
                0x02000020                PROVIDE (__ram_exceptions_start, ABSOLUTE (.))
                0x02000020                . = ALIGN (0x20)
 *(.irq)
 *(.exceptions.entry.label)
 .exceptions.entry.label
                0x02000020        0x0 F:/Qsys/qsys_webserver/qsys/software/qsys_webserver_bsp/\libucosii_bsp.a(alt_irq_entry.o)
                0x02000020                alt_irq_entry
 .exceptions.entry.label
                0x02000020        0x0 F:/Qsys/qsys_webserver/qsys/software/qsys_webserver_bsp/\libucosii_bsp.a(alt_exception_entry.o)
                0x02000020                alt_exception
 *(.exceptions.entry.user)
 *(.exceptions.entry.ecc_fatal)
 *(.exceptions.entry)
 .exceptions.entry
                0x02000020       0x54 F:/Qsys/qsys_webserver/qsys/software/qsys_webserver_bsp/\libucosii_bsp.a(alt_exception_entry.o)
 *(.exceptions.irqtest.user)
 *(.exceptions.irqtest)
 .exceptions.irqtest
                0x02000074       0x10 F:/Qsys/qsys_webserver/qsys/software/qsys_webserver_bsp/\libucosii_bsp.a(alt_irq_entry.o)
 *(.exceptions.irqhandler.user)
 *(.exceptions.irqhandler)
 .exceptions.irqhandler
                0x02000084        0x4 F:/Qsys/qsys_webserver/qsys/software/qsys_webserver_bsp/\libucosii_bsp.a(alt_irq_entry.o)
 *(.exceptions.irqreturn.user)
 *(.exceptions.irqreturn)
 .exceptions.irqreturn
                0x02000088        0x4 F:/Qsys/qsys_webserver/qsys/software/qsys_webserver_bsp/\libucosii_bsp.a(alt_irq_entry.o)
 *(.exceptions.notirq.label)
 .exceptions.notirq.label
                0x0200008c        0x0 F:/Qsys/qsys_webserver/qsys/software/qsys_webserver_bsp/\libucosii_bsp.a(alt_irq_entry.o)
 *(.exceptions.notirq.user)
 *(.exceptions.notirq)
 .exceptions.notirq
                0x0200008c        0x8 F:/Qsys/qsys_webserver/qsys/software/qsys_webserver_bsp/\libucosii_bsp.a(alt_exception_entry.o)
 *(.exceptions.soft.user)
 *(.exceptions.soft)
 *(.exceptions.unknown.user)
 *(.exceptions.unknown)
 .exceptions.unknown
                0x02000094        0x4 F:/Qsys/qsys_webserver/qsys/software/qsys_webserver_bsp/\libucosii_bsp.a(alt_exception_entry.o)
 *(.exceptions.exit.label)
 .exceptions.exit.label
                0x02000098        0x0 F:/Qsys/qsys_webserver/qsys/software/qsys_webserver_bsp/\libucosii_bsp.a(alt_irq_entry.o)
 .exceptions.exit.label
                0x02000098        0x0 F:/Qsys/qsys_webserver/qsys/software/qsys_webserver_bsp/\libucosii_bsp.a(alt_exception_entry.o)
 *(.exceptions.exit.user)
 *(.exceptions.exit)
 .exceptions.exit
                0x02000098       0x54 F:/Qsys/qsys_webserver/qsys/software/qsys_webserver_bsp/\libucosii_bsp.a(alt_exception_entry.o)
 *(.exceptions)
 .exceptions    0x020000ec       0xd0 F:/Qsys/qsys_webserver/qsys/software/qsys_webserver_bsp/\libucosii_bsp.a(alt_irq_handler.o)
                0x020000ec                alt_irq_handler
                0x020001bc                PROVIDE (__ram_exceptions_end, ABSOLUTE (.))
                0x02000020                PROVIDE (__flash_exceptions_start, LOADADDR (.exceptions))

.text           0x020001bc    0x4bf6c
                0x020001bc                PROVIDE (stext, ABSOLUTE (.))
 *(.interp)
 *(.hash)
 *(.dynsym)
 *(.dynstr)
 *(.gnu.version)
 *(.gnu.version_d)
 *(.gnu.version_r)
 *(.rel.init)
 *(.rela.init)
 *(.rel.text .rel.text.* .rel.gnu.linkonce.t.*)
 *(.rela.text .rela.text.* .rela.gnu.linkonce.t.*)
 *(.rel.fini)
 *(.rela.fini)
 *(.rel.rodata .rel.rodata.* .rel.gnu.linkonce.r.*)
 *(.rela.rodata .rela.rodata.* .rela.gnu.linkonce.r.*)
 *(.rel.data .rel.data.* .rel.gnu.linkonce.d.*)
 *(.rela.data .rela.data.* .rela.gnu.linkonce.d.*)
 *(.rel.tdata .rel.tdata.* .rel.gnu.linkonce.td.*)
 *(.rela.tdata .rela.tdata.* .rela.gnu.linkonce.td.*)
 *(.rel.tbss .rel.tbss.* .rel.gnu.linkonce.tb.*)
 *(.rela.tbss .rela.tbss.* .rela.gnu.linkonce.tb.*)
 *(.rel.ctors)
 *(.rela.ctors)
 *(.rel.dtors)
 *(.rela.dtors)
 *(.rel.got)
 *(.rela.got)
 *(.rel.sdata .rel.sdata.* .rel.gnu.linkonce.s.*)
 *(.rela.sdata .rela.sdata.* .rela.gnu.linkonce.s.*)
 *(.rel.sbss .rel.sbss.* .rel.gnu.linkonce.sb.*)
 *(.rela.sbss .rela.sbss.* .rela.gnu.linkonce.sb.*)
 *(.rel.sdata2 .rel.sdata2.* .rel.gnu.linkonce.s2.*)
 *(.rela.sdata2 .rela.sdata2.* .rela.gnu.linkonce.s2.*)
 *(.rel.sbss2 .rel.sbss2.* .rel.gnu.linkonce.sb2.*)
 *(.rela.sbss2 .rela.sbss2.* .rela.gnu.linkonce.sb2.*)
 *(.rel.bss .rel.bss.* .rel.gnu.linkonce.b.*)
 *(.rela.bss .rela.bss.* .rela.gnu.linkonce.b.*)
 *(.rel.plt)
 *(.rela.plt)
 *(.rel.dyn)
 *(.init)
 *(.plt)
 *(.text .stub .text.* .gnu.linkonce.t.*)
 .text          0x020001bc       0x48 F:/Qsys/qsys_webserver/qsys/software/qsys_webserver_bsp//obj/HAL/src/crt0.o
                0x020001bc                _start
 .text          0x02000204      0x648 obj/default/alt_error_handler.o
                0x02000204                alt_uCOSIIErrorHandler
 .text          0x0200084c     0x2840 obj/default/http.o
                0x0200084c                print
                0x0200087c                sweep
                0x02000960                http_cleanup_lcd_text
                0x020009e4                lcd_output
                0x02000aac                http_parse_multipart_header
                0x02000cfc                file_upload
                0x02000f78                ProgFlashStub
                0x02000fcc                http_reset_connection
                0x02001098                http_manage_connection
                0x02001234                http_handle_accept
                0x02001350                http_read_line
                0x02001400                http_parse_type_boundary
                0x02001500                http_process_headers
                0x02001714                http_process_request
                0x020019e0                http_send_file_chunk
                0x02001b74                http_send_file_header
                0x020022d4                http_find_file
                0x0200253c                http_send_redirect
                0x02002570                http_handle_post
                0x020028a4                http_prepare_response
                0x02002914                http_handle_receive
                0x02002cd8                http_handle_transmit
                0x02002d38                WSTask
 .text          0x0200308c      0x938 obj/default/network_utilities.o
                0x0200308c                die_with_error
                0x020030bc                get_serial_number
                0x0200328c                generate_and_store_mac_addr
                0x0200344c                generate_mac_addr
                0x0200358c                get_board_mac_addr
                0x02003694                get_mac_addr
                0x020036e8                get_ip_addr
                0x02003898                FindLastFlashSectorOffset
 .text          0x020039c4      0x810 obj/default/srec_flash.o
                0x020039c4                ProgFlash
                0x02003c54                ParseAndProgramLine
                0x02003f00                ParseSRECBuf
 .text          0x020041d4      0x300 obj/default/web_server.o
                0x020041d4                WSInitialTask
                0x0200424c                main
                0x020043bc                board_control_task
                0x02004454                LED_task
 .text          0x020044d4       0x18 d:/eda/quartus13/nios2eds/bin/gnu/h-i686-mingw32/bin/../lib/gcc/nios2-elf/4.7.3/../../../../../H-i686-mingw32/nios2-elf/lib\libc.a(lib_a-atoi.o)
                0x020044d4                atoi
                0x020044e0                _atoi_r
 .text          0x020044ec        0x0 d:/eda/quartus13/nios2eds/bin/gnu/h-i686-mingw32/bin/../lib/gcc/nios2-elf/4.7.3/../../../../../H-i686-mingw32/nios2-elf/lib\libc.a(lib_a-ctype_.o)
 .text          0x020044ec      0x150 d:/eda/quartus13/nios2eds/bin/gnu/h-i686-mingw32/bin/../lib/gcc/nios2-elf/4.7.3/../../../../../H-i686-mingw32/nios2-elf/lib\libc.a(lib_a-fclose.o)
                0x020044ec                _fclose_r
                0x02004628                fclose
 .text          0x0200463c      0x218 d:/eda/quartus13/nios2eds/bin/gnu/h-i686-mingw32/bin/../lib/gcc/nios2-elf/4.7.3/../../../../../H-i686-mingw32/nios2-elf/lib\libc.a(lib_a-fflush.o)
                0x0200463c                _fflush_r
                0x02004824                fflush
 .text          0x02004854       0x48 d:/eda/quartus13/nios2eds/bin/gnu/h-i686-mingw32/bin/../lib/gcc/nios2-elf/4.7.3/../../../../../H-i686-mingw32/nios2-elf/lib\libc.a(lib_a-fgetpos.o)
                0x02004854                _fgetpos_r
                0x02004880                fgetpos
 .text          0x0200489c      0x2d8 d:/eda/quartus13/nios2eds/bin/gnu/h-i686-mingw32/bin/../lib/gcc/nios2-elf/4.7.3/../../../../../H-i686-mingw32/nios2-elf/lib\libc.a(lib_a-findfp.o)
                0x020048ac                _cleanup_r
                0x020048b8                __sfmoreglue
                0x0200491c                _cleanup
                0x0200492c                __sinit
                0x02004a38                __sfp
                0x02004b34                __sfp_lock_acquire
                0x02004b38                __sfp_lock_release
                0x02004b3c                __sinit_lock_acquire
                0x02004b40                __sinit_lock_release
                0x02004b44                __fp_lock_all
                0x02004b5c                __fp_unlock_all
 .text          0x02004b74      0x14c d:/eda/quartus13/nios2eds/bin/gnu/h-i686-mingw32/bin/../lib/gcc/nios2-elf/4.7.3/../../../../../H-i686-mingw32/nios2-elf/lib\libc.a(lib_a-fopen.o)
                0x02004b74                _fopen_r
                0x02004ca4                fopen
 .text          0x02004cc0       0x4c d:/eda/quartus13/nios2eds/bin/gnu/h-i686-mingw32/bin/../lib/gcc/nios2-elf/4.7.3/../../../../../H-i686-mingw32/nios2-elf/lib\libc.a(lib_a-fprintf.o)
                0x02004cc0                _fprintf_r
                0x02004ce8                fprintf
 .text          0x02004d0c      0x26c d:/eda/quartus13/nios2eds/bin/gnu/h-i686-mingw32/bin/../lib/gcc/nios2-elf/4.7.3/../../../../../H-i686-mingw32/nios2-elf/lib\libc.a(lib_a-fread.o)
                0x02004d0c                _fread_r
                0x02004f38                fread
 .text          0x02004f78      0x40c d:/eda/quartus13/nios2eds/bin/gnu/h-i686-mingw32/bin/../lib/gcc/nios2-elf/4.7.3/../../../../../H-i686-mingw32/nios2-elf/lib\libc.a(lib_a-freer.o)
                0x02004f78                _malloc_trim_r
                0x020050b4                _free_r
 .text          0x02005384      0x498 d:/eda/quartus13/nios2eds/bin/gnu/h-i686-mingw32/bin/../lib/gcc/nios2-elf/4.7.3/../../../../../H-i686-mingw32/nios2-elf/lib\libc.a(lib_a-fseek.o)
                0x02005384                _fseek_r
                0x020057f8                fseek
 .text          0x0200581c       0x68 d:/eda/quartus13/nios2eds/bin/gnu/h-i686-mingw32/bin/../lib/gcc/nios2-elf/4.7.3/../../../../../H-i686-mingw32/nios2-elf/lib\libc.a(lib_a-fstatr.o)
                0x0200581c                _fstat_r
 .text          0x02005884      0x124 d:/eda/quartus13/nios2eds/bin/gnu/h-i686-mingw32/bin/../lib/gcc/nios2-elf/4.7.3/../../../../../H-i686-mingw32/nios2-elf/lib\libc.a(lib_a-ftell.o)
                0x02005884                _ftell_r
                0x02005994                ftell
 .text          0x020059a8      0x160 d:/eda/quartus13/nios2eds/bin/gnu/h-i686-mingw32/bin/../lib/gcc/nios2-elf/4.7.3/../../../../../H-i686-mingw32/nios2-elf/lib\libc.a(lib_a-fwalk.o)
                0x020059a8                _fwalk
                0x02005a50                _fwalk_reent
 .text          0x02005b08       0xe0 d:/eda/quartus13/nios2eds/bin/gnu/h-i686-mingw32/bin/../lib/gcc/nios2-elf/4.7.3/../../../../../H-i686-mingw32/nios2-elf/lib\libc.a(lib_a-fwrite.o)
                0x02005b08                _fwrite_r
                0x02005ba8                fwrite
 .text          0x02005be8       0xf8 d:/eda/quartus13/nios2eds/bin/gnu/h-i686-mingw32/bin/../lib/gcc/nios2-elf/4.7.3/../../../../../H-i686-mingw32/nios2-elf/lib\libc.a(lib_a-getc.o)
                0x02005be8                _getc_r
                0x02005c58                getc
 .text          0x02005ce0        0x0 d:/eda/quartus13/nios2eds/bin/gnu/h-i686-mingw32/bin/../lib/gcc/nios2-elf/4.7.3/../../../../../H-i686-mingw32/nios2-elf/lib\libc.a(lib_a-impure.o)
 .text          0x02005ce0        0x0 d:/eda/quartus13/nios2eds/bin/gnu/h-i686-mingw32/bin/../lib/gcc/nios2-elf/4.7.3/../../../../../H-i686-mingw32/nios2-elf/lib\libc.a(lib_a-int_errno.o)
 .text          0x02005ce0      0x1a8 d:/eda/quartus13/nios2eds/bin/gnu/h-i686-mingw32/bin/../lib/gcc/nios2-elf/4.7.3/../../../../../H-i686-mingw32/nios2-elf/lib\libc.a(lib_a-makebuf.o)
                0x02005ce0                __smakebuf_r
 .text          0x02005e88      0x784 d:/eda/quartus13/nios2eds/bin/gnu/h-i686-mingw32/bin/../lib/gcc/nios2-elf/4.7.3/../../../../../H-i686-mingw32/nios2-elf/lib\libc.a(lib_a-mallocr.o)
                0x02005e88                _malloc_r
 .text          0x0200660c       0xf8 d:/eda/quartus13/nios2eds/bin/gnu/h-i686-mingw32/bin/../lib/gcc/nios2-elf/4.7.3/../../../../../H-i686-mingw32/nios2-elf/lib\libc.a(lib_a-memcpy.o)
                0x0200660c                memcpy
 .text          0x02006704      0x128 d:/eda/quartus13/nios2eds/bin/gnu/h-i686-mingw32/bin/../lib/gcc/nios2-elf/4.7.3/../../../../../H-i686-mingw32/nios2-elf/lib\libc.a(lib_a-memmove.o)
                0x02006704                memmove
 .text          0x0200682c       0xdc d:/eda/quartus13/nios2eds/bin/gnu/h-i686-mingw32/bin/../lib/gcc/nios2-elf/4.7.3/../../../../../H-i686-mingw32/nios2-elf/lib\libc.a(lib_a-memset.o)
                0x0200682c                memset
 .text          0x02006908       0x6c d:/eda/quartus13/nios2eds/bin/gnu/h-i686-mingw32/bin/../lib/gcc/nios2-elf/4.7.3/../../../../../H-i686-mingw32/nios2-elf/lib\libc.a(lib_a-openr.o)
                0x02006908                _open_r
 .text          0x02006974       0x84 d:/eda/quartus13/nios2eds/bin/gnu/h-i686-mingw32/bin/../lib/gcc/nios2-elf/4.7.3/../../../../../H-i686-mingw32/nios2-elf/lib\libc.a(lib_a-perror.o)
                0x02006974                _perror_r
                0x020069e4                perror
 .text          0x020069f8       0x68 d:/eda/quartus13/nios2eds/bin/gnu/h-i686-mingw32/bin/../lib/gcc/nios2-elf/4.7.3/../../../../../H-i686-mingw32/nios2-elf/lib\libc.a(lib_a-printf.o)
                0x020069f8                _printf_r
                0x02006a24                printf
 .text          0x02006a60      0x1ac d:/eda/quartus13/nios2eds/bin/gnu/h-i686-mingw32/bin/../lib/gcc/nios2-elf/4.7.3/../../../../../H-i686-mingw32/nios2-elf/lib\libc.a(lib_a-putc.o)
                0x02006a60                _putc_r
                0x02006b1c                putc
 .text          0x02006c0c       0x24 d:/eda/quartus13/nios2eds/bin/gnu/h-i686-mingw32/bin/../lib/gcc/nios2-elf/4.7.3/../../../../../H-i686-mingw32/nios2-elf/lib\libc.a(lib_a-putchar.o)
                0x02006c0c                _putchar_r
                0x02006c14                putchar
 .text          0x02006c30       0x98 d:/eda/quartus13/nios2eds/bin/gnu/h-i686-mingw32/bin/../lib/gcc/nios2-elf/4.7.3/../../../../../H-i686-mingw32/nios2-elf/lib\libc.a(lib_a-puts.o)
                0x02006c30                _puts_r
                0x02006cb4                puts
 .text          0x02006cc8      0x208 d:/eda/quartus13/nios2eds/bin/gnu/h-i686-mingw32/bin/../lib/gcc/nios2-elf/4.7.3/../../../../../H-i686-mingw32/nios2-elf/lib\libc.a(lib_a-refill.o)
                0x02006ce4                __srefill_r
 .text          0x02006ed0       0x60 d:/eda/quartus13/nios2eds/bin/gnu/h-i686-mingw32/bin/../lib/gcc/nios2-elf/4.7.3/../../../../../H-i686-mingw32/nios2-elf/lib\libc.a(lib_a-rget.o)
                0x02006ed0                __srget_r
                0x02006f1c                __srget
 .text          0x02006f30       0x64 d:/eda/quartus13/nios2eds/bin/gnu/h-i686-mingw32/bin/../lib/gcc/nios2-elf/4.7.3/../../../../../H-i686-mingw32/nios2-elf/lib\libc.a(lib_a-sbrkr.o)
                0x02006f30                _sbrk_r
 .text          0x02006f94       0xc4 d:/eda/quartus13/nios2eds/bin/gnu/h-i686-mingw32/bin/../lib/gcc/nios2-elf/4.7.3/../../../../../H-i686-mingw32/nios2-elf/lib\libc.a(lib_a-sprintf.o)
                0x02006f94                _sprintf_r
                0x02006fec                sprintf
 .text          0x02007058       0xfc d:/eda/quartus13/nios2eds/bin/gnu/h-i686-mingw32/bin/../lib/gcc/nios2-elf/4.7.3/../../../../../H-i686-mingw32/nios2-elf/lib\libc.a(lib_a-sscanf.o)
                0x02007060                sscanf
                0x020070dc                _sscanf_r
 .text          0x02007154      0x140 d:/eda/quartus13/nios2eds/bin/gnu/h-i686-mingw32/bin/../lib/gcc/nios2-elf/4.7.3/../../../../../H-i686-mingw32/nios2-elf/lib\libc.a(lib_a-stdio.o)
                0x02007154                __sread
                0x020071a8                __swrite
                0x02007230                __sseek
                0x0200728c                __sclose
 .text          0x02007294       0xb4 d:/eda/quartus13/nios2eds/bin/gnu/h-i686-mingw32/bin/../lib/gcc/nios2-elf/4.7.3/../../../../../H-i686-mingw32/nios2-elf/lib\libc.a(lib_a-strcasecmp.o)
                0x02007294                strcasecmp
 .text          0x02007348       0x98 d:/eda/quartus13/nios2eds/bin/gnu/h-i686-mingw32/bin/../lib/gcc/nios2-elf/4.7.3/../../../../../H-i686-mingw32/nios2-elf/lib\libc.a(lib_a-strcat.o)
                0x02007348                strcat
 .text          0x020073e0       0xe8 d:/eda/quartus13/nios2eds/bin/gnu/h-i686-mingw32/bin/../lib/gcc/nios2-elf/4.7.3/../../../../../H-i686-mingw32/nios2-elf/lib\libc.a(lib_a-strchr.o)
                0x020073e0                strchr
 .text          0x020074c8       0xa4 d:/eda/quartus13/nios2eds/bin/gnu/h-i686-mingw32/bin/../lib/gcc/nios2-elf/4.7.3/../../../../../H-i686-mingw32/nios2-elf/lib\libc.a(lib_a-strcmp.o)
                0x020074c8                strcmp
 .text          0x0200756c       0x94 d:/eda/quartus13/nios2eds/bin/gnu/h-i686-mingw32/bin/../lib/gcc/nios2-elf/4.7.3/../../../../../H-i686-mingw32/nios2-elf/lib\libc.a(lib_a-strcpy.o)
                0x0200756c                strcpy
 .text          0x02007600      0x664 d:/eda/quartus13/nios2eds/bin/gnu/h-i686-mingw32/bin/../lib/gcc/nios2-elf/4.7.3/../../../../../H-i686-mingw32/nios2-elf/lib\libc.a(lib_a-strerror.o)
                0x02007600                strerror
 .text          0x02007c64       0x8c d:/eda/quartus13/nios2eds/bin/gnu/h-i686-mingw32/bin/../lib/gcc/nios2-elf/4.7.3/../../../../../H-i686-mingw32/nios2-elf/lib\libc.a(lib_a-strlen.o)
                0x02007c64                strlen
 .text          0x02007cf0       0xfc d:/eda/quartus13/nios2eds/bin/gnu/h-i686-mingw32/bin/../lib/gcc/nios2-elf/4.7.3/../../../../../H-i686-mingw32/nios2-elf/lib\libc.a(lib_a-strncmp.o)
                0x02007cf0                strncmp
 .text          0x02007dec       0xb8 d:/eda/quartus13/nios2eds/bin/gnu/h-i686-mingw32/bin/../lib/gcc/nios2-elf/4.7.3/../../../../../H-i686-mingw32/nios2-elf/lib\libc.a(lib_a-strncpy.o)
                0x02007dec                strncpy
 .text          0x02007ea4      0x804 d:/eda/quartus13/nios2eds/bin/gnu/h-i686-mingw32/bin/../lib/gcc/nios2-elf/4.7.3/../../../../../H-i686-mingw32/nios2-elf/lib\libc.a(lib_a-strstr.o)
                0x02008334                strstr
 .text          0x020086a8       0x18 d:/eda/quartus13/nios2eds/bin/gnu/h-i686-mingw32/bin/../lib/gcc/nios2-elf/4.7.3/../../../../../H-i686-mingw32/nios2-elf/lib\libc.a(lib_a-strtok.o)
                0x020086a8                strtok
 .text          0x020086c0       0xac d:/eda/quartus13/nios2eds/bin/gnu/h-i686-mingw32/bin/../lib/gcc/nios2-elf/4.7.3/../../../../../H-i686-mingw32/nios2-elf/lib\libc.a(lib_a-strtok_r.o)
                0x020086c0                __strtok_r
                0x02008764                strtok_r
 .text          0x0200876c      0x288 d:/eda/quartus13/nios2eds/bin/gnu/h-i686-mingw32/bin/../lib/gcc/nios2-elf/4.7.3/../../../../../H-i686-mingw32/nios2-elf/lib\libc.a(lib_a-strtol.o)
                0x0200876c                _strtol_r
                0x020089d0                strtol
 .text          0x020089f4        0x8 d:/eda/quartus13/nios2eds/bin/gnu/h-i686-mingw32/bin/../lib/gcc/nios2-elf/4.7.3/../../../../../H-i686-mingw32/nios2-elf/lib\libc.a(lib_a-u_strerr.o)
                0x020089f4                _user_strerror
 .text          0x020089fc     0x1e50 d:/eda/quartus13/nios2eds/bin/gnu/h-i686-mingw32/bin/../lib/gcc/nios2-elf/4.7.3/../../../../../H-i686-mingw32/nios2-elf/lib\libc.a(lib_a-vfprintf.o)
                0x02008a30                ___vfprintf_internal_r
                0x0200a828                __vfprintf_internal
 .text          0x0200a84c     0x1738 d:/eda/quartus13/nios2eds/bin/gnu/h-i686-mingw32/bin/../lib/gcc/nios2-elf/4.7.3/../../../../../H-i686-mingw32/nios2-elf/lib\libc.a(lib_a-vfscanf.o)
                0x0200a84c                __svfscanf_r
                0x0200bea4                _vfscanf_r
                0x0200bef0                __svfscanf
                0x0200bf14                vfscanf
 .text          0x0200bf84      0x158 d:/eda/quartus13/nios2eds/bin/gnu/h-i686-mingw32/bin/../lib/gcc/nios2-elf/4.7.3/../../../../../H-i686-mingw32/nios2-elf/lib\libc.a(lib_a-wbuf.o)
                0x0200bf84                __swbuf_r
                0x0200c0c0                __swbuf
 .text          0x0200c0dc       0x6c d:/eda/quartus13/nios2eds/bin/gnu/h-i686-mingw32/bin/../lib/gcc/nios2-elf/4.7.3/../../../../../H-i686-mingw32/nios2-elf/lib\libc.a(lib_a-writer.o)
                0x0200c0dc                _write_r
 .text          0x0200c148      0x174 d:/eda/quartus13/nios2eds/bin/gnu/h-i686-mingw32/bin/../lib/gcc/nios2-elf/4.7.3/../../../../../H-i686-mingw32/nios2-elf/lib\libc.a(lib_a-wsetup.o)
                0x0200c148                __swsetup_r
 .text          0x0200c2bc       0x64 d:/eda/quartus13/nios2eds/bin/gnu/h-i686-mingw32/bin/../lib/gcc/nios2-elf/4.7.3/../../../../../H-i686-mingw32/nios2-elf/lib\libc.a(lib_a-closer.o)
                0x0200c2bc                _close_r
 .text          0x0200c320     0x1824 d:/eda/quartus13/nios2eds/bin/gnu/h-i686-mingw32/bin/../lib/gcc/nios2-elf/4.7.3/../../../../../H-i686-mingw32/nios2-elf/lib\libc.a(lib_a-dtoa.o)
                0x0200c528                _dtoa_r
 .text          0x0200db44       0x98 d:/eda/quartus13/nios2eds/bin/gnu/h-i686-mingw32/bin/../lib/gcc/nios2-elf/4.7.3/../../../../../H-i686-mingw32/nios2-elf/lib\libc.a(lib_a-flags.o)
                0x0200db44                __sflags
 .text          0x0200dbdc       0xa4 d:/eda/quartus13/nios2eds/bin/gnu/h-i686-mingw32/bin/../lib/gcc/nios2-elf/4.7.3/../../../../../H-i686-mingw32/nios2-elf/lib\libc.a(lib_a-fputc.o)
                0x0200dbdc                _fputc_r
                0x0200dc20                fputc
 .text          0x0200dc80       0x90 d:/eda/quartus13/nios2eds/bin/gnu/h-i686-mingw32/bin/../lib/gcc/nios2-elf/4.7.3/../../../../../H-i686-mingw32/nios2-elf/lib\libc.a(lib_a-fputs.o)
                0x0200dc80                _fputs_r
                0x0200dcf4                fputs
 .text          0x0200dd10      0x4e4 d:/eda/quartus13/nios2eds/bin/gnu/h-i686-mingw32/bin/../lib/gcc/nios2-elf/4.7.3/../../../../../H-i686-mingw32/nios2-elf/lib\libc.a(lib_a-fvwrite.o)
                0x0200dd10                __sfvwrite_r
 .text          0x0200e1f4       0x64 d:/eda/quartus13/nios2eds/bin/gnu/h-i686-mingw32/bin/../lib/gcc/nios2-elf/4.7.3/../../../../../H-i686-mingw32/nios2-elf/lib\libc.a(lib_a-isattyr.o)
                0x0200e1f4                _isatty_r
 .text          0x0200e258       0x38 d:/eda/quartus13/nios2eds/bin/gnu/h-i686-mingw32/bin/../lib/gcc/nios2-elf/4.7.3/../../../../../H-i686-mingw32/nios2-elf/lib\libc.a(lib_a-iswspace.o)
                0x0200e258                iswspace
 .text          0x0200e290       0xdc d:/eda/quartus13/nios2eds/bin/gnu/h-i686-mingw32/bin/../lib/gcc/nios2-elf/4.7.3/../../../../../H-i686-mingw32/nios2-elf/lib\libc.a(lib_a-locale.o)
                0x0200e290                _setlocale_r
                0x0200e32c                __locale_charset
                0x0200e338                _localeconv_r
                0x0200e344                setlocale
                0x0200e360                localeconv
 .text          0x0200e36c       0x6c d:/eda/quartus13/nios2eds/bin/gnu/h-i686-mingw32/bin/../lib/gcc/nios2-elf/4.7.3/../../../../../H-i686-mingw32/nios2-elf/lib\libc.a(lib_a-lseekr.o)
                0x0200e36c                _lseek_r
 .text          0x0200e3d8       0xa4 d:/eda/quartus13/nios2eds/bin/gnu/h-i686-mingw32/bin/../lib/gcc/nios2-elf/4.7.3/../../../../../H-i686-mingw32/nios2-elf/lib\libc.a(lib_a-mbrtowc.o)
                0x0200e3d8                _mbrtowc_r
                0x0200e43c                mbrtowc
 .text          0x0200e47c       0x44 d:/eda/quartus13/nios2eds/bin/gnu/h-i686-mingw32/bin/../lib/gcc/nios2-elf/4.7.3/../../../../../H-i686-mingw32/nios2-elf/lib\libc.a(lib_a-mbtowc_r.o)
                0x0200e47c                _mbtowc_r
 .text          0x0200e4c0       0xf8 d:/eda/quartus13/nios2eds/bin/gnu/h-i686-mingw32/bin/../lib/gcc/nios2-elf/4.7.3/../../../../../H-i686-mingw32/nios2-elf/lib\libc.a(lib_a-memchr.o)
                0x0200e4c0                memchr
 .text          0x0200e5b8       0x7c d:/eda/quartus13/nios2eds/bin/gnu/h-i686-mingw32/bin/../lib/gcc/nios2-elf/4.7.3/../../../../../H-i686-mingw32/nios2-elf/lib\libc.a(lib_a-memcmp.o)
                0x0200e5b8                memcmp
 .text          0x0200e634      0xfa8 d:/eda/quartus13/nios2eds/bin/gnu/h-i686-mingw32/bin/../lib/gcc/nios2-elf/4.7.3/../../../../../H-i686-mingw32/nios2-elf/lib\libc.a(lib_a-mprec.o)
                0x0200e634                _Balloc
                0x0200e6dc                _Bfree
                0x0200e704                __multadd
                0x0200e818                __s2b
                0x0200e91c                __hi0bits
                0x0200e984                __lo0bits
                0x0200ea34                __i2b
                0x0200ea70                __multiply
                0x0200ec50                __pow5mult
                0x0200ed7c                __lshift
                0x0200eed8                __mcmp
                0x0200ef30                __mdiff
                0x0200f0d8                __ulp
                0x0200f138                __b2d
                0x0200f280                __d2b
                0x0200f3c4                __ratio
                0x0200f468                _mprec_log10
                0x0200f4dc                __copybits
                0x0200f558                __any_on
 .text          0x0200f5dc       0x6c d:/eda/quartus13/nios2eds/bin/gnu/h-i686-mingw32/bin/../lib/gcc/nios2-elf/4.7.3/../../../../../H-i686-mingw32/nios2-elf/lib\libc.a(lib_a-readr.o)
                0x0200f5dc                _read_r
 .text          0x0200f648      0x5fc d:/eda/quartus13/nios2eds/bin/gnu/h-i686-mingw32/bin/../lib/gcc/nios2-elf/4.7.3/../../../../../H-i686-mingw32/nios2-elf/lib\libc.a(lib_a-reallocr.o)
                0x0200f648                _realloc_r
 .text          0x0200fc44       0x38 d:/eda/quartus13/nios2eds/bin/gnu/h-i686-mingw32/bin/../lib/gcc/nios2-elf/4.7.3/../../../../../H-i686-mingw32/nios2-elf/lib\libc.a(lib_a-s_isinfd.o)
                0x0200fc44                __isinfd
 .text          0x0200fc7c       0x2c d:/eda/quartus13/nios2eds/bin/gnu/h-i686-mingw32/bin/../lib/gcc/nios2-elf/4.7.3/../../../../../H-i686-mingw32/nios2-elf/lib\libc.a(lib_a-s_isnand.o)
                0x0200fc7c                __isnand
 .text          0x0200fca8       0xc4 d:/eda/quartus13/nios2eds/bin/gnu/h-i686-mingw32/bin/../lib/gcc/nios2-elf/4.7.3/../../../../../H-i686-mingw32/nios2-elf/lib\libc.a(lib_a-sccl.o)
                0x0200fca8                __sccl
 .text          0x0200fd6c        0x8 d:/eda/quartus13/nios2eds/bin/gnu/h-i686-mingw32/bin/../lib/gcc/nios2-elf/4.7.3/../../../../../H-i686-mingw32/nios2-elf/lib\libc.a(lib_a-sf_nan.o)
                0x0200fd6c                nanf
 .text          0x0200fd74     0x1594 d:/eda/quartus13/nios2eds/bin/gnu/h-i686-mingw32/bin/../lib/gcc/nios2-elf/4.7.3/../../../../../H-i686-mingw32/nios2-elf/lib\libc.a(lib_a-strtod.o)
                0x0200fd74                _strtod_r
                0x020111cc                strtod
                0x020111e8                strtof
 .text          0x02011308      0x330 d:/eda/quartus13/nios2eds/bin/gnu/h-i686-mingw32/bin/../lib/gcc/nios2-elf/4.7.3/../../../../../H-i686-mingw32/nios2-elf/lib\libc.a(lib_a-strtoll_r.o)
                0x02011308                _strtoll_r
 .text          0x02011638      0x2a8 d:/eda/quartus13/nios2eds/bin/gnu/h-i686-mingw32/bin/../lib/gcc/nios2-elf/4.7.3/../../../../../H-i686-mingw32/nios2-elf/lib\libc.a(lib_a-strtoul.o)
                0x02011638                _strtoul_r
                0x020118bc                strtoul
 .text          0x020118e0      0x394 d:/eda/quartus13/nios2eds/bin/gnu/h-i686-mingw32/bin/../lib/gcc/nios2-elf/4.7.3/../../../../../H-i686-mingw32/nios2-elf/lib\libc.a(lib_a-strtoull_r.o)
                0x020118e0                _strtoull_r
 .text          0x02011c74      0x2a8 d:/eda/quartus13/nios2eds/bin/gnu/h-i686-mingw32/bin/../lib/gcc/nios2-elf/4.7.3/../../../../../H-i686-mingw32/nios2-elf/lib\libc.a(lib_a-ungetc.o)
                0x02011c74                __submore
                0x02011d64                _ungetc_r
                0x02011f00                ungetc
 .text          0x02011f1c       0xbc d:/eda/quartus13/nios2eds/bin/gnu/h-i686-mingw32/bin/../lib/gcc/nios2-elf/4.7.3/../../../../../H-i686-mingw32/nios2-elf/lib\libc.a(lib_a-callocr.o)
                0x02011f1c                _calloc_r
 .text          0x02011fd8      0x8e0 d:/eda/quartus13/nios2eds/bin/gnu/h-i686-mingw32/bin/../lib/gcc/nios2-elf/4.7.3/../../../../../H-i686-mingw32/nios2-elf/lib\libc.a(lib_a-gdtoa-gethex.o)
                0x020120e8                __hexdig_init
                0x02012178                __gethex
 .text          0x020128b8      0x28c d:/eda/quartus13/nios2eds/bin/gnu/h-i686-mingw32/bin/../lib/gcc/nios2-elf/4.7.3/../../../../../H-i686-mingw32/nios2-elf/lib\libc.a(lib_a-gdtoa-hexnan.o)
                0x020128b8                __hexnan
 .text          0x02012b44       0x60 d:/eda/quartus13/nios2eds/bin/gnu/h-i686-mingw32/bin/../lib/gcc/nios2-elf/4.7.3\libgcc.a(_muldi3.o)
                0x02012b44                __muldi3
 .text          0x02012ba4       0x84 d:/eda/quartus13/nios2eds/bin/gnu/h-i686-mingw32/bin/../lib/gcc/nios2-elf/4.7.3\libgcc.a(_fixunsdfsi.o)
                0x02012ba4                __fixunsdfsi
 .text          0x02012c28      0x5c8 d:/eda/quartus13/nios2eds/bin/gnu/h-i686-mingw32/bin/../lib/gcc/nios2-elf/4.7.3\libgcc.a(_udivdi3.o)
                0x02012c28                __udivdi3
 .text          0x020131f0      0x58c d:/eda/quartus13/nios2eds/bin/gnu/h-i686-mingw32/bin/../lib/gcc/nios2-elf/4.7.3\libgcc.a(_umoddi3.o)
                0x020131f0                __umoddi3
 .text          0x0201377c       0x54 d:/eda/quartus13/nios2eds/bin/gnu/h-i686-mingw32/bin/../lib/gcc/nios2-elf/4.7.3\libgcc.a(_eq_sf.o)
                0x0201377c                __eqsf2
 .text          0x020137d0       0x5c d:/eda/quartus13/nios2eds/bin/gnu/h-i686-mingw32/bin/../lib/gcc/nios2-elf/4.7.3\libgcc.a(_gt_sf.o)
                0x020137d0                __gtsf2
 .text          0x0201382c       0x54 d:/eda/quartus13/nios2eds/bin/gnu/h-i686-mingw32/bin/../lib/gcc/nios2-elf/4.7.3\libgcc.a(_lt_sf.o)
                0x0201382c                __ltsf2
 .text          0x02013880      0x408 d:/eda/quartus13/nios2eds/bin/gnu/h-i686-mingw32/bin/../lib/gcc/nios2-elf/4.7.3\libgcc.a(_addsub_df.o)
                0x02013bd4                __adddf3
                0x02013c28                __subdf3
 .text          0x02013c88      0x2e4 d:/eda/quartus13/nios2eds/bin/gnu/h-i686-mingw32/bin/../lib/gcc/nios2-elf/4.7.3\libgcc.a(_mul_df.o)
                0x02013c88                __muldf3
 .text          0x02013f6c      0x1b4 d:/eda/quartus13/nios2eds/bin/gnu/h-i686-mingw32/bin/../lib/gcc/nios2-elf/4.7.3\libgcc.a(_div_df.o)
                0x02013f6c                __divdf3
 .text          0x02014120       0x5c d:/eda/quartus13/nios2eds/bin/gnu/h-i686-mingw32/bin/../lib/gcc/nios2-elf/4.7.3\libgcc.a(_eq_df.o)
                0x02014120                __eqdf2
 .text          0x0201417c       0x5c d:/eda/quartus13/nios2eds/bin/gnu/h-i686-mingw32/bin/../lib/gcc/nios2-elf/4.7.3\libgcc.a(_ne_df.o)
                0x0201417c                __nedf2
 .text          0x020141d8       0x64 d:/eda/quartus13/nios2eds/bin/gnu/h-i686-mingw32/bin/../lib/gcc/nios2-elf/4.7.3\libgcc.a(_gt_df.o)
                0x020141d8                __gtdf2
 .text          0x0201423c       0x64 d:/eda/quartus13/nios2eds/bin/gnu/h-i686-mingw32/bin/../lib/gcc/nios2-elf/4.7.3\libgcc.a(_ge_df.o)
                0x0201423c                __gedf2
 .text          0x020142a0       0x5c d:/eda/quartus13/nios2eds/bin/gnu/h-i686-mingw32/bin/../lib/gcc/nios2-elf/4.7.3\libgcc.a(_lt_df.o)
                0x020142a0                __ltdf2
 .text          0x020142fc       0x5c d:/eda/quartus13/nios2eds/bin/gnu/h-i686-mingw32/bin/../lib/gcc/nios2-elf/4.7.3\libgcc.a(_le_df.o)
                0x020142fc                __ledf2
 .text          0x02014358       0xd4 d:/eda/quartus13/nios2eds/bin/gnu/h-i686-mingw32/bin/../lib/gcc/nios2-elf/4.7.3\libgcc.a(_si_to_df.o)
                0x02014358                __floatsidf
 .text          0x0201442c       0xd4 d:/eda/quartus13/nios2eds/bin/gnu/h-i686-mingw32/bin/../lib/gcc/nios2-elf/4.7.3\libgcc.a(_df_to_si.o)
                0x0201442c                __fixdfsi
 .text          0x02014500       0x60 d:/eda/quartus13/nios2eds/bin/gnu/h-i686-mingw32/bin/../lib/gcc/nios2-elf/4.7.3\libgcc.a(_df_to_sf.o)
                0x02014500                __truncdfsf2
 .text          0x02014560        0x0 d:/eda/quartus13/nios2eds/bin/gnu/h-i686-mingw32/bin/../lib/gcc/nios2-elf/4.7.3\libgcc.a(_thenan_df.o)
 .text          0x02014560      0x11c d:/eda/quartus13/nios2eds/bin/gnu/h-i686-mingw32/bin/../lib/gcc/nios2-elf/4.7.3\libgcc.a(_usi_to_df.o)
                0x02014560                __floatunsidf
 .text          0x0201467c      0x130 d:/eda/quartus13/nios2eds/bin/gnu/h-i686-mingw32/bin/../lib/gcc/nios2-elf/4.7.3\libgcc.a(lib2-divmod.o)
                0x020146f0                __divsi3
                0x02014740                __modsi3
                0x0201479c                __udivsi3
                0x020147a4                __umodsi3
 .text          0x020147ac        0x0 d:/eda/quartus13/nios2eds/bin/gnu/h-i686-mingw32/bin/../lib/gcc/nios2-elf/4.7.3\libgcc.a(_clz.o)
 .text          0x020147ac       0xac d:/eda/quartus13/nios2eds/bin/gnu/h-i686-mingw32/bin/../lib/gcc/nios2-elf/4.7.3\libgcc.a(_clzsi2.o)
                0x020147ac                __clzsi2
 .text          0x02014858       0xc8 d:/eda/quartus13/nios2eds/bin/gnu/h-i686-mingw32/bin/../lib/gcc/nios2-elf/4.7.3\libgcc.a(_unpack_sf.o)
                0x02014858                __unpack_f
 .text          0x02014920       0xbc d:/eda/quartus13/nios2eds/bin/gnu/h-i686-mingw32/bin/../lib/gcc/nios2-elf/4.7.3\libgcc.a(_fpcmp_parts_sf.o)
                0x02014920                __fpcmp_parts_f
 .text          0x020149dc       0x2c d:/eda/quartus13/nios2eds/bin/gnu/h-i686-mingw32/bin/../lib/gcc/nios2-elf/4.7.3\libgcc.a(_make_sf.o)
                0x020149dc                __make_fp
 .text          0x02014a08      0x224 d:/eda/quartus13/nios2eds/bin/gnu/h-i686-mingw32/bin/../lib/gcc/nios2-elf/4.7.3\libgcc.a(_pack_df.o)
                0x02014a08                __pack_d
 .text          0x02014c2c      0x104 d:/eda/quartus13/nios2eds/bin/gnu/h-i686-mingw32/bin/../lib/gcc/nios2-elf/4.7.3\libgcc.a(_unpack_df.o)
                0x02014c2c                __unpack_d
 .text          0x02014d30       0xd0 d:/eda/quartus13/nios2eds/bin/gnu/h-i686-mingw32/bin/../lib/gcc/nios2-elf/4.7.3\libgcc.a(_fpcmp_parts_df.o)
                0x02014d30                __fpcmp_parts_d
 .text          0x02014e00       0x44 d:/eda/quartus13/nios2eds/bin/gnu/h-i686-mingw32/bin/../lib/gcc/nios2-elf/4.7.3\libgcc.a(_lshrdi3.o)
                0x02014e00                __lshrdi3
 .text          0x02014e44       0x44 d:/eda/quartus13/nios2eds/bin/gnu/h-i686-mingw32/bin/../lib/gcc/nios2-elf/4.7.3\libgcc.a(_ashldi3.o)
                0x02014e44                __ashldi3
 .text          0x02014e88      0x12c d:/eda/quartus13/nios2eds/bin/gnu/h-i686-mingw32/bin/../lib/gcc/nios2-elf/4.7.3\libgcc.a(_pack_sf.o)
                0x02014e88                __pack_f
 .text          0x02014fb4       0x74 F:/Qsys/qsys_webserver/qsys/software/qsys_webserver_bsp/\libucosii_bsp.a(alt_dcache_flush.o)
                0x02014fb4                alt_dcache_flush
 .text          0x02015028       0xb8 F:/Qsys/qsys_webserver/qsys/software/qsys_webserver_bsp/\libucosii_bsp.a(alt_flash_dev.o)
                0x02015028                alt_flash_open_dev
                0x02015090                alt_flash_close_dev
 .text          0x020150e0       0xfc F:/Qsys/qsys_webserver/qsys/software/qsys_webserver_bsp/\libucosii_bsp.a(alt_fstat.o)
                0x02015130                fstat
 .text          0x020151dc       0xf0 F:/Qsys/qsys_webserver/qsys/software/qsys_webserver_bsp/\libucosii_bsp.a(alt_isatty.o)
                0x0201522c                isatty
 .text          0x020152cc      0x120 F:/Qsys/qsys_webserver/qsys/software/qsys_webserver_bsp/\libucosii_bsp.a(alt_lseek.o)
                0x0201531c                lseek
 .text          0x020153ec       0xcc F:/Qsys/qsys_webserver/qsys/software/qsys_webserver_bsp/\libucosii_bsp.a(alt_main.o)
                0x020153ec                alt_main
 .text          0x020154b8      0x270 F:/Qsys/qsys_webserver/qsys/software/qsys_webserver_bsp/\libucosii_bsp.a(alt_open.o)
                0x020155d4                open
 .text          0x02015728       0x60 F:/Qsys/qsys_webserver/qsys/software/qsys_webserver_bsp/\libucosii_bsp.a(alt_release_fd.o)
                0x02015728                alt_release_fd
 .text          0x02015788       0xb0 F:/Qsys/qsys_webserver/qsys/software/qsys_webserver_bsp/\libucosii_bsp.a(alt_sbrk.o)
                0x02015788                sbrk
 .text          0x02015838      0x19c F:/Qsys/qsys_webserver/qsys/software/qsys_webserver_bsp/\libucosii_bsp.a(alt_tick.o)
                0x02015838                alt_alarm_stop
                0x020158d0                alt_tick
 .text          0x020159d4      0x118 F:/Qsys/qsys_webserver/qsys/software/qsys_webserver_bsp/\libucosii_bsp.a(alt_env_lock.o)
                0x020159d4                __env_lock
                0x02015a8c                __env_unlock
 .text          0x02015aec      0x1e8 F:/Qsys/qsys_webserver/qsys/software/qsys_webserver_bsp/\libucosii_bsp.a(alt_malloc_lock.o)
                0x02015aec                __malloc_lock
                0x02015c00                __malloc_unlock
 .text          0x02015cd4     0x2018 F:/Qsys/qsys_webserver/qsys/software/qsys_webserver_bsp/\libucosii_bsp.a(os_core.o)
                0x02015cd4                OSEventNameGet
                0x02015df4                OSEventNameSet
                0x02015f38                OSEventPendMulti
                0x02016574                OSInit
                0x020165c8                OSIntEnter
                0x02016644                OSIntExit
                0x02016738                OSSchedLock
                0x020167c0                OSSchedUnlock
                0x02016898                OSStart
                0x02016904                OSStatInit
                0x020169b0                OSTimeTick
                0x02016bd0                OSVersion
                0x02016bf0                OS_Dummy
                0x02016c0c                OS_EventTaskRdy
                0x02016da4                OS_EventTaskWait
                0x02016eac                OS_EventTaskWaitMulti
                0x02016ff4                OS_EventTaskRemove
                0x020170a4                OS_EventTaskRemoveMulti
                0x0201719c                OS_EventWaitListInit
                0x02017568                OS_MemClr
                0x020175bc                OS_MemCopy
                0x02017628                OS_Sched
                0x02017764                OS_StrCopy
                0x020177e0                OS_StrLen
                0x02017834                OS_TaskIdle
                0x02017890                OS_TaskStat
                0x0201794c                OS_TaskStatStkChk
                0x02017a14                OS_TCBInit
 .text          0x02017cec      0x18c F:/Qsys/qsys_webserver/qsys/software/qsys_webserver_bsp/\libucosii_bsp.a(os_dbg.o)
                0x02017cec                OSDebugInit
 .text          0x02017e78     0x1834 F:/Qsys/qsys_webserver/qsys/software/qsys_webserver_bsp/\libucosii_bsp.a(os_flag.o)
                0x02017e78                OSFlagAccept
                0x02018180                OSFlagCreate
                0x020182a8                OSFlagDel
                0x02018518                OSFlagNameGet
                0x02018648                OSFlagNameSet
                0x0201879c                OSFlagPend
                0x02018d9c                OSFlagPendGetFlagsRdy
                0x02018e04                OSFlagPost
                0x02019198                OSFlagQuery
                0x0201941c                OS_FlagInit
                0x0201960c                OS_FlagUnlink
 .text          0x020196ac      0xba0 F:/Qsys/qsys_webserver/qsys/software/qsys_webserver_bsp/\libucosii_bsp.a(os_mbox.o)
                0x020196ac                OSMboxAccept
                0x02019744                OSMboxCreate
                0x02019840                OSMboxDel
                0x02019ab0                OSMboxPend
                0x02019d54                OSMboxPendAbort
                0x02019ec8                OSMboxPost
                0x02019fd8                OSMboxPostOpt
                0x0201a134                OSMboxQuery
 .text          0x0201a24c      0x788 F:/Qsys/qsys_webserver/qsys/software/qsys_webserver_bsp/\libucosii_bsp.a(os_mem.o)
                0x0201a24c                OSMemCreate
                0x0201a440                OSMemGet
                0x0201a530                OSMemNameGet
                0x0201a628                OSMemNameSet
                0x0201a744                OSMemPut
                0x0201a81c                OSMemQuery
                0x0201a904                OS_MemInit
 .text          0x0201a9d4     0x1224 F:/Qsys/qsys_webserver/qsys/software/qsys_webserver_bsp/\libucosii_bsp.a(os_q.o)
                0x0201a9d4                OSQAccept
                0x0201ab14                OSQCreate
                0x0201ad0c                OSQDel
                0x0201afdc                OSQFlush
                0x0201b094                OSQPend
                0x0201b390                OSQPendAbort
                0x0201b504                OSQPost
                0x0201b66c                OSQPostFront
                0x0201b7dc                OSQPostOpt
                0x0201b9e8                OSQQuery
                0x0201bb4c                OS_QInit
 .text          0x0201bbf8      0xb28 F:/Qsys/qsys_webserver/qsys/software/qsys_webserver_bsp/\libucosii_bsp.a(os_sem.o)
                0x0201bbf8                OSSemAccept
                0x0201bca8                OSSemCreate
                0x0201bda8                OSSemDel
                0x0201c018                OSSemPend
                0x0201c284                OSSemPendAbort
                0x0201c3f8                OSSemPost
                0x0201c508                OSSemQuery
                0x0201c620                OSSemSet
 .text          0x0201c720     0x18ec F:/Qsys/qsys_webserver/qsys/software/qsys_webserver_bsp/\libucosii_bsp.a(os_task.o)
                0x0201c720                OSTaskChangePrio
                0x0201cc48                OSTaskCreate
                0x0201ce04                OSTaskCreateExt
                0x0201cff8                OSTaskDel
                0x0201d3d4                OSTaskDelReq
                0x0201d52c                OSTaskNameGet
                0x0201d6d4                OSTaskNameSet
                0x0201d898                OSTaskResume
                0x0201da8c                OSTaskStkChk
                0x0201dc60                OSTaskSuspend
                0x0201de70                OSTaskQuery
                0x0201df9c                OS_TaskStkClr
 .text          0x0201e00c      0x62c F:/Qsys/qsys_webserver/qsys/software/qsys_webserver_bsp/\libucosii_bsp.a(os_time.o)
                0x0201e00c                OSTimeDly
                0x0201e154                OSTimeDlyHMSM
                0x0201e384                OSTimeDlyResume
                0x0201e570                OSTimeGet
                0x0201e5d4                OSTimeSet
 .text          0x0201e638      0x2d8 F:/Qsys/qsys_webserver/qsys/software/qsys_webserver_bsp/\libucosii_bsp.a(alt_sys_init.o)
                0x0201e670                alt_irq_init
                0x0201e6a4                alt_sys_init
 .text          0x0201e910      0x990 F:/Qsys/qsys_webserver/qsys/software/qsys_webserver_bsp/\libucosii_bsp.a(altera_avalon_epcs_flash_controller.o)
                0x0201e948                alt_epcs_flash_init
                0x0201ed10                alt_epcs_flash_write
                0x0201ef70                alt_epcs_flash_get_info
                0x0201f090                alt_epcs_flash_erase_block
                0x0201f104                alt_epcs_flash_write_block
                0x0201f208                alt_epcs_flash_read
 .text          0x0201f2a0      0x164 F:/Qsys/qsys_webserver/qsys/software/qsys_webserver_bsp/\libucosii_bsp.a(altera_avalon_jtag_uart_fd.o)
                0x0201f2a0                altera_avalon_jtag_uart_read_fd
                0x0201f300                altera_avalon_jtag_uart_write_fd
                0x0201f360                altera_avalon_jtag_uart_close_fd
                0x0201f3b0                altera_avalon_jtag_uart_ioctl_fd
 .text          0x0201f404      0x55c F:/Qsys/qsys_webserver/qsys/software/qsys_webserver_bsp/\libucosii_bsp.a(altera_avalon_jtag_uart_init.o)
                0x0201f404                altera_avalon_jtag_uart_init
                0x0201f8f8                altera_avalon_jtag_uart_close
 .text          0x0201f960       0xf4 F:/Qsys/qsys_webserver/qsys/software/qsys_webserver_bsp/\libucosii_bsp.a(altera_avalon_jtag_uart_ioctl.o)
                0x0201f960                altera_avalon_jtag_uart_ioctl
 .text          0x0201fa54      0x2c4 F:/Qsys/qsys_webserver/qsys/software/qsys_webserver_bsp/\libucosii_bsp.a(altera_avalon_jtag_uart_read.o)
                0x0201fa54                altera_avalon_jtag_uart_read
 .text          0x0201fd18      0x2d0 F:/Qsys/qsys_webserver/qsys/software/qsys_webserver_bsp/\libucosii_bsp.a(altera_avalon_jtag_uart_write.o)
                0x0201fd18                altera_avalon_jtag_uart_write
 .text          0x0201ffe8      0xd00 F:/Qsys/qsys_webserver/qsys/software/qsys_webserver_bsp/\libucosii_bsp.a(altera_avalon_sgdma.o)
                0x02020038                alt_avalon_sgdma_do_async_transfer
                0x0202015c                alt_avalon_sgdma_do_sync_transfer
                0x0202026c                alt_avalon_sgdma_construct_mem_to_mem_desc
                0x020202dc                alt_avalon_sgdma_construct_mem_to_mem_desc_burst
                0x0202035c                alt_avalon_sgdma_construct_stream_to_mem_desc
                0x020203b8                alt_avalon_sgdma_construct_stream_to_mem_desc_burst
                0x0202042c                alt_avalon_sgdma_construct_mem_to_stream_desc
                0x020204a8                alt_avalon_sgdma_construct_mem_to_stream_desc_burst
                0x02020530                alt_avalon_sgdma_register_callback
                0x02020580                alt_avalon_sgdma_start
                0x020205d4                alt_avalon_sgdma_stop
                0x0202062c                alt_avalon_sgdma_check_descriptor_status
                0x02020690                alt_avalon_sgdma_open
                0x020206e0                alt_avalon_sgdma_construct_descriptor
                0x02020768                alt_avalon_sgdma_enable_desc_poll
                0x020207e8                alt_avalon_sgdma_disable_desc_poll
                0x02020848                alt_avalon_sgdma_construct_descriptor_burst
                0x02020c44                alt_avalon_sgdma_init
 .text          0x02020ce8       0xfc F:/Qsys/qsys_webserver/qsys/software/qsys_webserver_bsp/\libucosii_bsp.a(altera_avalon_timer_sc.o)
                0x02020d5c                alt_avalon_timer_sc_init
 .text          0x02020de4      0xc34 F:/Qsys/qsys_webserver/qsys/software/qsys_webserver_bsp/\libucosii_bsp.a(altera_ro_zipfs.o)
                0x0202107c                check_directory_header
                0x02021668                alt_ro_zipfs_open
                0x020216f8                alt_ro_zipfs_read
                0x0202180c                alt_ro_zipfs_seek
                0x02021948                alt_ro_zipfs_fstat
                0x020219c0                alt_ro_zipfs_check_valid
 .text          0x02021a18      0x624 F:/Qsys/qsys_webserver/qsys/software/qsys_webserver_bsp/\libucosii_bsp.a(epcs_commands.o)
                0x02021a18                epcs_read_status_register
                0x02021ae4                epcs_sector_erase
                0x02021bdc                epcs_read_buffer
                0x02021cd0                epcs_write_enable
                0x02021d20                epcs_write_status_register
                0x02021d88                epcs_write_buffer
                0x02021ea4                epcs_read_electronic_signature
                0x02021f0c                epcs_read_device_id
                0x02021f8c                epcs_enter_4_bytes_mode
                0x02021fe4                epcs_exit_4_bytes_mode
 .text          0x0202203c     0x172c F:/Qsys/qsys_webserver/qsys/software/qsys_webserver_bsp/\libucosii_bsp.a(ins_tse_mac.o)
                0x0202203c                altera_eth_tse_init
                0x02022180                prep_tse_mac
                0x02022404                tse_mac_init
                0x02022e88                tse_mac_raw_send
                0x02023180                tse_sgdmaRx_isr
                0x02023230                tse_sgdma_read_init
                0x020233e0                tse_mac_rcv
                0x02023624                tse_mac_stats
                0x02023664                tse_mac_close
 .text          0x02023768       0x48 F:/Qsys/qsys_webserver/qsys/software/qsys_webserver_bsp/\libucosii_bsp.a(alt_iniche_close.o)
                0x02023768                close
 .text          0x020237b0      0x128 F:/Qsys/qsys_webserver/qsys/software/qsys_webserver_bsp/\libucosii_bsp.a(alt_iniche_dev.o)
                0x020237b0                iniche_devices_init
 .text          0x020238d8       0x70 F:/Qsys/qsys_webserver/qsys/software/qsys_webserver_bsp/\libucosii_bsp.a(alt_iniche_read.o)
                0x020238d8                read
 .text          0x02023948       0x68 F:/Qsys/qsys_webserver/qsys/software/qsys_webserver_bsp/\libucosii_bsp.a(alt_iniche_write.o)
                0x02023948                write
 .text          0x020239b0      0xe20 F:/Qsys/qsys_webserver/qsys/software/qsys_webserver_bsp/\libucosii_bsp.a(ipnet.o)
                0x020239b0                Netinit
                0x02023fa0                fixup_subnet_mask
                0x020240f8                netclose
                0x020241dc                pktdemux
                0x02024588                c_older
                0x02024640                ip2mac
 .text          0x020247d0      0x460 F:/Qsys/qsys_webserver/qsys/software/qsys_webserver_bsp/\libucosii_bsp.a(ipstart.o)
                0x020247d0                ip_startup
                0x02024a74                exit_hook
                0x02024ae0                ip_exit
                0x02024bac                if_netnumber
 .text          0x02024c30     0x10a8 F:/Qsys/qsys_webserver/qsys/software/qsys_webserver_bsp/\libucosii_bsp.a(igmp_cmn.o)
                0x02024c30                igmp_init
                0x02024d20                igmp_input
                0x02024e00                igmp_fasttimo
                0x02025024                igmp_send
                0x020252cc                igmp_joingroup
                0x02025528                igmp_leavegroup
                0x020255a4                igmp_validate
                0x020258b8                igmp_print_stats
 .text          0x02025cd8      0xa84 F:/Qsys/qsys_webserver/qsys/software/qsys_webserver_bsp/\libucosii_bsp.a(bsdsock.o)
                0x02025cd8                bsd_accept
                0x02025df0                bsd_getpeername
                0x02025f08                bsd_getsockname
                0x02026020                bsd_i_sockoptlen
                0x0202615c                bsd_getsockopt
                0x02026260                bsd_ioctl
                0x0202634c                bsd_inet_ntoa
                0x02026380                bsd_recvfrom
                0x020264bc                bsd_select
                0x02026688                bsd_setsockopt
 .text          0x0202675c       0xfc F:/Qsys/qsys_webserver/qsys/software/qsys_webserver_bsp/\libucosii_bsp.a(cksum.o)
                0x0202675c                ccksum
                0x02026804                cksum
 .text          0x02026858      0xa54 F:/Qsys/qsys_webserver/qsys/software/qsys_webserver_bsp/\libucosii_bsp.a(in_utils.o)
                0x02026858                do_trap
                0x02026884                nextarg
                0x02026900                hexdump
                0x02026a40                print_ipad
                0x02026abc                print_uptime
                0x02026bf8                panic
                0x02026c3c                print_eth
                0x02026d94                uslash
                0x02026e10                ns_printf
                0x02026f7c                std_out
                0x02026fc0                con_page
                0x0202709c                parse_args
 .text          0x020272ac      0x1ac F:/Qsys/qsys_webserver/qsys/software/qsys_webserver_bsp/\libucosii_bsp.a(netmain.o)
                0x020272ac                netmain
                0x0202738c                tk_netmain
                0x02027414                tk_nettick
 .text          0x02027458      0x600 F:/Qsys/qsys_webserver/qsys/software/qsys_webserver_bsp/\libucosii_bsp.a(tk_crnos.o)
                0x02027458                TK_OSTimeDly
                0x02027484                TK_OSTaskResume
                0x020274f4                tcp_sleep
                0x02027698                tcp_wakeup
                0x0202779c                TK_OSTaskQuery
                0x02027808                tk_yield
                0x02027834                tk_stats
 .text          0x02027a58      0x778 F:/Qsys/qsys_webserver/qsys/software/qsys_webserver_bsp/\libucosii_bsp.a(pktalloc.o)
                0x02027a58                pk_init
                0x02027cec                pk_alloc
                0x02027db8                pk_validate
                0x02028044                pk_free
                0x020280f4                pk_get_max_intrsafe_buf_len
                0x02028114                dump_buf_estats
 .text          0x020281d0      0x264 F:/Qsys/qsys_webserver/qsys/software/qsys_webserver_bsp/\libucosii_bsp.a(q.o)
                0x020281d0                getq
                0x02028288                putq
                0x02028334                qdel
 .text          0x02028434      0x194 F:/Qsys/qsys_webserver/qsys/software/qsys_webserver_bsp/\libucosii_bsp.a(asm_cksum.o)
                0x02028434                asm_cksum
 .text          0x020285c8      0x2d0 F:/Qsys/qsys_webserver/qsys/software/qsys_webserver_bsp/\libucosii_bsp.a(brdutils.o)
                0x020285c8                dtrap
                0x020285f8                kbhit
                0x02028694                getch
                0x020286f8                clock_init
                0x02028734                clock_c
                0x02028750                cticks_hook
                0x020287fc                irq_Mask
                0x02028858                irq_Unmask
 .text          0x02028898      0x4ac F:/Qsys/qsys_webserver/qsys/software/qsys_webserver_bsp/\libucosii_bsp.a(osportco.o)
                0x02028898                LOCK_NET_RESOURCE
                0x0202895c                UNLOCK_NET_RESOURCE
                0x020289e0                TK_NEWTASK
                0x02028c10                wait_app_sem
                0x02028ccc                post_app_sem
 .text          0x02028d44      0x540 F:/Qsys/qsys_webserver/qsys/software/qsys_webserver_bsp/\libucosii_bsp.a(targnios.o)
                0x02028d44                alt_iniche_init
                0x02028f40                pre_task_setup
                0x02028fb4                post_task_setup
                0x02028fd4                prep_armintcp
                0x0202900c                calloc2
                0x02029040                npalloc
                0x0202912c                npfree
                0x020291ec                ncpalloc
                0x0202923c                ncpfree
 .text          0x02029284     0x189c F:/Qsys/qsys_webserver/qsys/software/qsys_webserver_bsp/\libucosii_bsp.a(nptcp.o)
                0x02029284                pffindtype
                0x02029314                pffindproto
                0x020293d8                m_getnbuf
                0x02029560                m_free
                0x02029678                m_freem
                0x020296b8                m_copy
                0x020299a8                m_adj
                0x02029b78                mbuf_len
                0x02029bcc                dtom
                0x02029c68                remque
                0x02029cd8                insque
                0x02029d50                nptcp_init
                0x02029e58                tcp_rcv
                0x0202a01c                ip_output
                0x0202a5e0                in_broadcast
                0x0202a618                np_stripoptions
                0x0202a70c                so_icmpdu
                0x0202aa5c                tcp_tick
 .text          0x0202ab20      0x974 F:/Qsys/qsys_webserver/qsys/software/qsys_webserver_bsp/\libucosii_bsp.a(rawsock.o)
                0x0202ab20                rawip_lookup
                0x0202ab84                rawip_soinput
                0x0202ad4c                rawip_usrreq
 .text          0x0202b494     0x15f8 F:/Qsys/qsys_webserver/qsys/software/qsys_webserver_bsp/\libucosii_bsp.a(sockcall.o)
                0x0202b494                DOMAIN_CHECK
                0x0202b4e0                t_socket
                0x0202b560                t_bind
                0x0202b6bc                t_listen
                0x0202b78c                t_accept
                0x0202b9d8                t_connect
                0x0202bc40                t_getpeername
                0x0202bc84                t_getsockname
                0x0202be9c                t_setsockopt
                0x0202c050                t_getsockopt
                0x0202c1d4                t_recv
                0x0202c2b4                t_recvfrom
                0x0202c3ec                t_sendto
                0x0202c5d8                t_send
                0x0202c7dc                t_shutdown
                0x0202c8ac                t_socketclose
                0x0202c9f4                t_errno
 .text          0x0202ca8c     0x20cc F:/Qsys/qsys_webserver/qsys/software/qsys_webserver_bsp/\libucosii_bsp.a(socket.o)
                0x0202ca8c                socreate
                0x0202cc40                sobind
                0x0202cc9c                solisten
                0x0202cd6c                sofree
                0x0202ce8c                soclose
                0x0202d1d4                soabort
                0x0202d224                soaccept
                0x0202d2bc                soconnect
                0x0202d374                sodisconnect
                0x0202d40c                sosend
                0x0202d968                soreceive
                0x0202e0a8                soshutdown
                0x0202e140                sorflush
                0x0202e238                sosetopt
                0x0202e668                sogetopt
                0x0202eb10                sohasoutofband
 .text          0x0202eb58     0x127c F:/Qsys/qsys_webserver/qsys/software/qsys_webserver_bsp/\libucosii_bsp.a(socket2.o)
                0x0202eb58                soisconnecting
                0x0202ebc4                soisconnected
                0x0202ecc4                soisdisconnecting
                0x0202ed58                soisdisconnected
                0x0202ee18                sonewconn
                0x0202f038                soqinsque
                0x0202f0e0                soqremque
                0x0202f1e8                socantsendmore
                0x0202f23c                socantrcvmore
                0x0202f290                sbselqueue
                0x0202f2c8                sbwait
                0x0202f330                sbwakeup
                0x0202f3c4                soreserve
                0x0202f44c                sbreserve
                0x0202f49c                sbrelease
                0x0202f4e4                sbappend
                0x0202f584                sbappendrecord
                0x0202f65c                sbappendaddr
                0x0202f834                sbcompress
                0x0202fa0c                sbflush
                0x0202fa94                sbdrop
                0x0202fc4c                sbdropend
                0x0202fd48                sbdroprecord
 .text          0x0202fdd4      0x888 F:/Qsys/qsys_webserver/qsys/software/qsys_webserver_bsp/\libucosii_bsp.a(soselect.o)
                0x0202fdd4                t_select
                0x0202ffc0                sock_selscan
                0x020300fc                sock_select
                0x020302e0                in_pcbnotify
                0x020303a0                tcp_notify
                0x0203041c                ifd_clr
                0x0203050c                ifd_set
                0x02030580                ifd_isset
                0x020305f8                ifd_get
 .text          0x0203065c     0x2dc4 F:/Qsys/qsys_webserver/qsys/software/qsys_webserver_bsp/\libucosii_bsp.a(tcp_in.o)
                0x0203065c                tcp_reass
                0x02030a68                tcp_input
                0x02032da8                tcp_dooptions
                0x02032f28                tcp_pulloutofband
                0x02033054                tcp_xmit_timer
                0x020332dc                ip4_tcpmss
                0x02033328                tcp_mss
 .text          0x02033420     0x11e0 F:/Qsys/qsys_webserver/qsys/software/qsys_webserver_bsp/\libucosii_bsp.a(tcp_out.o)
                0x02033420                tcp_output
                0x0203443c                tcp_setpersist
 .text          0x02034600      0x954 F:/Qsys/qsys_webserver/qsys/software/qsys_webserver_bsp/\libucosii_bsp.a(tcp_subr.o)
                0x02034600                tcp_init
                0x02034658                tcp_template
                0x02034760                tcp_respond
                0x02034b6c                tcp_newtcpcb
                0x02034c78                tcp_drop
                0x02034d24                tcp_close
                0x02034e14                tcp_quench
                0x02034e5c                tcp_putseq
                0x02034edc                tcp_getseq
 .text          0x02034f54      0x750 F:/Qsys/qsys_webserver/qsys/software/qsys_webserver_bsp/\libucosii_bsp.a(tcp_timr.o)
                0x02034f54                tcp_slowtimo
                0x020351d8                tcp_canceltimers
                0x02035234                tcp_timers
 .text          0x020356a4      0x9a4 F:/Qsys/qsys_webserver/qsys/software/qsys_webserver_bsp/\libucosii_bsp.a(tcp_usr.o)
                0x020356a4                tcp_usrreq
                0x02035d90                tcp_attach
                0x02035ea8                tcp_disconnect
                0x02035f74                tcp_usrclosed
 .text          0x02036048       0x40 F:/Qsys/qsys_webserver/qsys/software/qsys_webserver_bsp/\libucosii_bsp.a(tcpport.o)
                0x02036048                tcpinit
 .text          0x02036088      0xbc4 F:/Qsys/qsys_webserver/qsys/software/qsys_webserver_bsp/\libucosii_bsp.a(udpsock.o)
                0x02036088                udp_lookup
                0x020360ec                udp_soinput
                0x0203628c                udp_usrreq
                0x020364cc                udp4_sockbind
                0x020367a8                udp4_socksend
                0x02036b24                udp4_sockaddr
 .text          0x02036c4c      0x140 F:/Qsys/qsys_webserver/qsys/software/qsys_webserver_bsp/\libucosii_bsp.a(alt_alarm_start.o)
                0x02036c4c                alt_alarm_start
 .text          0x02036d8c      0x118 F:/Qsys/qsys_webserver/qsys/software/qsys_webserver_bsp/\libucosii_bsp.a(alt_close.o)
                0x02036ddc                alt_close
 .text          0x02036ea4       0x2c F:/Qsys/qsys_webserver/qsys/software/qsys_webserver_bsp/\libucosii_bsp.a(alt_dev.o)
 .text          0x02036ed0       0xf0 F:/Qsys/qsys_webserver/qsys/software/qsys_webserver_bsp/\libucosii_bsp.a(alt_dev_llist_insert.o)
                0x02036f20                alt_dev_llist_insert
 .text          0x02036fc0       0x5c F:/Qsys/qsys_webserver/qsys/software/qsys_webserver_bsp/\libucosii_bsp.a(alt_do_ctors.o)
                0x02036fc0                _do_ctors
 .text          0x0203701c       0x5c F:/Qsys/qsys_webserver/qsys/software/qsys_webserver_bsp/\libucosii_bsp.a(alt_do_dtors.o)
                0x0203701c                _do_dtors
 .text          0x02037078        0x0 F:/Qsys/qsys_webserver/qsys/software/qsys_webserver_bsp/\libucosii_bsp.a(alt_errno.o)
 .text          0x02037078       0x90 F:/Qsys/qsys_webserver/qsys/software/qsys_webserver_bsp/\libucosii_bsp.a(alt_find_dev.o)
                0x02037078                alt_find_dev
 .text          0x02037108      0x114 F:/Qsys/qsys_webserver/qsys/software/qsys_webserver_bsp/\libucosii_bsp.a(alt_find_file.o)
                0x02037108                alt_find_file
 .text          0x0203721c       0x84 F:/Qsys/qsys_webserver/qsys/software/qsys_webserver_bsp/\libucosii_bsp.a(alt_fs_reg.o)
                0x0203721c                alt_fs_reg
 .text          0x020372a0       0xfc F:/Qsys/qsys_webserver/qsys/software/qsys_webserver_bsp/\libucosii_bsp.a(alt_get_fd.o)
                0x020372a0                alt_get_fd
 .text          0x0203739c      0x1d8 F:/Qsys/qsys_webserver/qsys/software/qsys_webserver_bsp/\libucosii_bsp.a(alt_iic.o)
                0x0203739c                alt_ic_isr_register
                0x020373ec                alt_ic_irq_enable
                0x02037488                alt_ic_irq_disable
                0x02037528                alt_ic_irq_enabled
 .text          0x02037574       0xf0 F:/Qsys/qsys_webserver/qsys/software/qsys_webserver_bsp/\libucosii_bsp.a(alt_iic_isr_register.o)
                0x02037574                alt_iic_isr_register
 .text          0x02037664      0x138 F:/Qsys/qsys_webserver/qsys/software/qsys_webserver_bsp/\libucosii_bsp.a(alt_io_redirect.o)
                0x02037724                alt_io_redirect
 .text          0x0203779c        0x0 F:/Qsys/qsys_webserver/qsys/software/qsys_webserver_bsp/\libucosii_bsp.a(alt_irq_entry.o)
 .text          0x0203779c        0x0 F:/Qsys/qsys_webserver/qsys/software/qsys_webserver_bsp/\libucosii_bsp.a(alt_irq_handler.o)
 .text          0x0203779c        0x0 F:/Qsys/qsys_webserver/qsys/software/qsys_webserver_bsp/\libucosii_bsp.a(alt_irq_vars.o)
 .text          0x0203779c      0x140 F:/Qsys/qsys_webserver/qsys/software/qsys_webserver_bsp/\libucosii_bsp.a(alt_read.o)
                0x020377ec                alt_read
 .text          0x020378dc       0x34 F:/Qsys/qsys_webserver/qsys/software/qsys_webserver_bsp/\libucosii_bsp.a(alt_remap_cached.o)
                0x020378dc                alt_remap_cached
 .text          0x02037910       0x40 F:/Qsys/qsys_webserver/qsys/software/qsys_webserver_bsp/\libucosii_bsp.a(alt_remap_uncached.o)
                0x02037910                alt_remap_uncached
 .text          0x02037950       0x58 F:/Qsys/qsys_webserver/qsys/software/qsys_webserver_bsp/\libucosii_bsp.a(alt_uncached_malloc.o)
                0x02037950                alt_uncached_malloc
 .text          0x020379a8      0x13c F:/Qsys/qsys_webserver/qsys/software/qsys_webserver_bsp/\libucosii_bsp.a(alt_write.o)
                0x020379f8                alt_write
 .text          0x02037ae4       0x20 F:/Qsys/qsys_webserver/qsys/software/qsys_webserver_bsp/\libucosii_bsp.a(altera_nios2_qsys_irq.o)
                0x02037ae4                altera_nios2_qsys_irq_init
 .text          0x02037b04       0xd0 F:/Qsys/qsys_webserver/qsys/software/qsys_webserver_bsp/\libucosii_bsp.a(os_cpu_a.o)
                0x02037b04                OSCtxSw
                0x02037b04                OSIntCtxSw
                0x02037b90                OSStartHighRdy
                0x02037bb0                OSStartTsk
 .text          0x02037bd4      0x408 F:/Qsys/qsys_webserver/qsys/software/qsys_webserver_bsp/\libucosii_bsp.a(os_cpu_c.o)
                0x02037bd4                OSTaskStkInit
                0x02037ec8                OSTaskCreateHook
                0x02037ee8                OSTaskDelHook
                0x02037f08                OSTaskSwHook
                0x02037f24                OSTaskStatHook
                0x02037f40                OSTimeTickHook
                0x02037f68                OSInitHookBegin
                0x02037f84                OSInitHookEnd
                0x02037fa0                OSTaskIdleHook
                0x02037fbc                OSTCBInitHook
 .text          0x02037fdc      0x208 F:/Qsys/qsys_webserver/qsys/software/qsys_webserver_bsp/\libucosii_bsp.a(altera_avalon_spi.o)
                0x02037fdc                alt_avalon_spi_command
 .text          0x020381e4     0x4fa8 F:/Qsys/qsys_webserver/qsys/software/qsys_webserver_bsp/\libucosii_bsp.a(altera_avalon_tse.o)
                0x020381e4                no_printf
                0x02038210                tse_mac_initTransInfo2
                0x02038270                tse_mac_sTxWrite
                0x02038350                tse_mac_aRxRead
                0x020383f4                tse_mac_SwReset
                0x0203847c                tse_mac_setMIImode
                0x020384d0                tse_mac_setGMIImode
                0x02038520                alt_tse_phy_add_profile
                0x02038704                alt_tse_system_add_sys
                0x02039100                alt_tse_sys_enable_mdio_sharing
                0x02039264                alt_tse_mac_get_common_speed
                0x020392a4                alt_tse_mac_set_common_speed
                0x020392ec                alt_tse_get_system_index
                0x02039358                alt_tse_get_mac_group_index
                0x020393cc                alt_tse_get_mac_info_index
                0x0203944c                alt_tse_get_mac_info
                0x02039524                alt_tse_mac_set_speed
                0x02039604                alt_tse_mac_set_duplex
                0x02039690                getPHYSpeed
                0x0203a104                alt_tse_phy_rd_mdio_addr
                0x0203a14c                alt_tse_phy_wr_mdio_addr
                0x0203a1a4                alt_tse_phy_wr_mdio_reg
                0x0203a2d0                alt_tse_phy_rd_mdio_reg
                0x0203a39c                alt_tse_phy_add_profile_default
                0x0203a634                alt_tse_phy_print_profile
                0x0203a844                alt_tse_mac_group_init
                0x0203aee0                alt_tse_mac_get_phy
                0x0203b2fc                alt_tse_mac_associate_phy
                0x0203b53c                alt_tse_phy_cfg_pcs
                0x0203b664                alt_tse_phy_init
                0x0203b77c                alt_tse_phy_restart_an
                0x0203b940                alt_tse_phy_check_link
                0x0203baa0                alt_tse_phy_get_cap
                0x0203c038                alt_tse_phy_set_adv_1000
                0x0203c1f4                alt_tse_phy_set_adv_100
                0x0203c43c                alt_tse_phy_set_adv_10
                0x0203c5e4                alt_tse_phy_get_common_speed
                0x0203c90c                alt_tse_phy_set_common_speed
                0x0203cdc4                marvell_phy_cfg
                0x0203ce5c                marvell_cfg_gmii
                0x0203cf40                marvell_cfg_sgmii
                0x0203d024                marvell_cfg_rgmii
                0x0203d114                DP83848C_link_status_read
 .text          0x0203d18c        0x0 F:/Qsys/qsys_webserver/qsys/software/qsys_webserver_bsp/\libucosii_bsp.a(altera_avalon_tse_system_info.o)
 .text          0x0203d18c      0x480 F:/Qsys/qsys_webserver/qsys/software/qsys_webserver_bsp/\libucosii_bsp.a(allports.o)
                0x0203d18c                netmain_init
                0x0203d280                icmp_port_du
                0x0203d310                station_state
                0x0203d4b0                sysuptime
                0x0203d544                packet_check
                0x0203d594                mcastlist
                0x0203d5b8                prep_modules
 .text          0x0203d60c      0x54c F:/Qsys/qsys_webserver/qsys/software/qsys_webserver_bsp/\libucosii_bsp.a(timeouts.o)
                0x0203d60c                inet_timer
                0x0203d904                in_timerset
                0x0203dabc                in_timerkill
 .text          0x0203db58       0xac F:/Qsys/qsys_webserver/qsys/software/qsys_webserver_bsp/\libucosii_bsp.a(tk_misc.o)
                0x0203db58                create_apptasks
                0x0203db7c                task_stats
 .text          0x0203dc04       0xa0 F:/Qsys/qsys_webserver/qsys/software/qsys_webserver_bsp/\libucosii_bsp.a(alt_iniche_fcntl.o)
                0x0203dc04                fcntl
 .text          0x0203dca4     0x14b8 F:/Qsys/qsys_webserver/qsys/software/qsys_webserver_bsp/\libucosii_bsp.a(et_arp.o)
                0x0203dca4                etainit
                0x0203dcec                et_send
                0x0203de78                arp_free_pending
                0x0203defc                arp_send_pending
                0x0203df6c                send_arp
                0x0203e3c4                find_oldest_arp
                0x0203e578                make_arp_entry
                0x0203e678                arpReply
                0x0203e93c                arprcv
                0x0203eba8                send_via_arp
                0x0203ed50                cb_arpent_tmo
                0x0203eea0                grat_arp
 .text          0x0203f15c      0x270 F:/Qsys/qsys_webserver/qsys/software/qsys_webserver_bsp/\libucosii_bsp.a(iface.o)
                0x0203f15c                if_getbynum
                0x0203f1d8                isbcast
                0x0203f2ac                reg_type
                0x0203f33c                if_killsocks
 .text          0x0203f3cc     0x2068 F:/Qsys/qsys_webserver/qsys/software/qsys_webserver_bsp/\libucosii_bsp.a(ip.o)
                0x0203f3cc                ip_init
                0x0203f4b4                ip_bldhead
                0x0203f638                ip_write_internal
                0x0203fd78                ip_write
                0x0203ff90                ip_write2
                0x02040308                ip_raw_write
                0x020403cc                ip_fragment_lc
                0x020407e4                ip_fragment
                0x02040d94                ip_mymach
                0x02040e3c                ip_dump
                0x020410e4                iproute
                0x02041304                ip_copypkt
 .text          0x02041434     0x1ca0 F:/Qsys/qsys_webserver/qsys/software/qsys_webserver_bsp/\libucosii_bsp.a(ip_reasm.o)
                0x02041434                ip_reasm_match_frag_with_ire
                0x020414f8                ip_reasm_determine_type_of_frag
                0x020415c8                ip_reasm_check_mem_useage
                0x0204165c                ip_reasm_incr_mem_useage
                0x020416fc                ip_reasm_decr_mem_useage
                0x02041794                ip_reasm_process_first_fragment
                0x02041a4c                ip_reassm
                0x02041ad4                ip_reasm_compute_overlap
                0x02042038                ip_reasm_process_subsequent_fragments
                0x02042568                ip_reasm_find_ire
                0x020425c0                ip_reasm_copy_queued_fragments_into_reassy_buffer
                0x0204290c                ip_reasm_process_timer_tick
                0x02042a28                ip_reasm_delete_ire
                0x02042bdc                ip_reasm_mark_compact_rfq
                0x02042d0c                ipr_stats
                0x02043084                ip_reasm_send_icmp_timex
 .text          0x020430d4      0xdbc F:/Qsys/qsys_webserver/qsys/software/qsys_webserver_bsp/\libucosii_bsp.a(ipdemux.o)
                0x020430d4                ip_rcv
                0x020434b4                ip_rcv_phase2
                0x02043a90                ip_demux
 .text          0x02043e90      0x2b8 F:/Qsys/qsys_webserver/qsys/software/qsys_webserver_bsp/\libucosii_bsp.a(ipmc.o)
                0x02043e90                in_addmulti
                0x02043fdc                in_delmulti
                0x020440e4                lookup_mcast
 .text          0x02044148       0xd8 F:/Qsys/qsys_webserver/qsys/software/qsys_webserver_bsp/\libucosii_bsp.a(ipport.o)
                0x02044148                prep_ifaces
                0x020441d0                netexit
                0x020441f8                evtmap_setup
 .text          0x02044220      0x518 F:/Qsys/qsys_webserver/qsys/software/qsys_webserver_bsp/\libucosii_bsp.a(ipraw.o)
                0x02044220                ip_raw_open
                0x02044300                ip_raw_close
                0x020443bc                ip_raw_input
                0x020445e0                ip_raw_alloc
                0x020446a0                ip_raw_free
                0x020446e0                ip_raw_maxalloc
 .text          0x02044738      0x694 F:/Qsys/qsys_webserver/qsys/software/qsys_webserver_bsp/\libucosii_bsp.a(iproute.o)
                0x02044738                rt_lookup
                0x020448ac                add_route
                0x02044c98                del_route
 .text          0x02044dcc      0xda0 F:/Qsys/qsys_webserver/qsys/software/qsys_webserver_bsp/\libucosii_bsp.a(udp.o)
                0x02044dcc                udpdemux
                0x020455e4                udp_send
                0x02045884                udpswap
                0x02045974                udp_socket
                0x02045a44                udp_alloc
                0x02045b00                udp_maxalloc
                0x02045b2c                udp_free
 .text          0x02045b6c      0x2cc F:/Qsys/qsys_webserver/qsys/software/qsys_webserver_bsp/\libucosii_bsp.a(igmp.o)
                0x02045b6c                igmpv1_input
 .text          0x02045e38      0x74c F:/Qsys/qsys_webserver/qsys/software/qsys_webserver_bsp/\libucosii_bsp.a(igmp2.o)
                0x02045e38                igmpv2_input
                0x02045f80                igmpv2_process_report
                0x020460c0                igmpv2_process_query
                0x020462fc                igmpv2_chk_set_timer
                0x02046444                igmpv2_chk4_rtr_alert_opt
 .text          0x02046584      0x8ac F:/Qsys/qsys_webserver/qsys/software/qsys_webserver_bsp/\libucosii_bsp.a(ipopt.o)
                0x02046584                IPADDR_TO_NETP
                0x020466cc                ip_setmoptions
                0x02046c98                ip_getmoptions
                0x02046dac                ip_freemoptions
 .text          0x02046e30      0x738 F:/Qsys/qsys_webserver/qsys/software/qsys_webserver_bsp/\libucosii_bsp.a(u_mctest.o)
                0x02046e30                u_mctest_init
                0x02046e60                u_mctest_run
 .text          0x02047568      0x3d0 F:/Qsys/qsys_webserver/qsys/software/qsys_webserver_bsp/\libucosii_bsp.a(memdev.o)
                0x02047568                init_memdev
                0x020475e0                md_fopen
                0x02047608                md_fclose
                0x02047628                md_fread
                0x02047784                md_fwrite
                0x020477fc                md_fseek
                0x02047828                md_ftell
                0x0204784c                md_fgetc
                0x02047914                md_unlink
 .text          0x02047938      0x774 F:/Qsys/qsys_webserver/qsys/software/qsys_webserver_bsp/\libucosii_bsp.a(parseip.o)
                0x02047938                parse_ipad
                0x02047c34                inet_addr
                0x02047c94                hextoa
                0x02047ce0                inet_pton
                0x02047d74                inet_ntop
                0x02047df4                print46_addr
                0x02047e50                inet46_addr
                0x02047f10                inet_setport
                0x02047f78                convert_ip
 .text          0x020480ac      0x19c F:/Qsys/qsys_webserver/qsys/software/qsys_webserver_bsp/\libucosii_bsp.a(tcpcksum.o)
                0x020480ac                tcp_cksum
 .text          0x02048248      0x2f0 F:/Qsys/qsys_webserver/qsys/software/qsys_webserver_bsp/\libucosii_bsp.a(udp_open.o)
                0x02048248                udp_open
                0x02048460                udp_close
 .text          0x02048538      0x874 F:/Qsys/qsys_webserver/qsys/software/qsys_webserver_bsp/\libucosii_bsp.a(in_pcb.o)
                0x02048538                in_pcballoc
                0x020485c0                in_pcbdetach
                0x02048614                in_pcbbind
                0x02048824                in_pcbconnect
                0x02048a00                in_pcbdisconnect
                0x02048a58                in_setsockaddr
                0x02048ad8                in_setpeeraddr
                0x02048b58                in_pcblookup
 .text          0x02048dac     0x18e0 F:/Qsys/qsys_webserver/qsys/software/qsys_webserver_bsp/\libucosii_bsp.a(vfsfiles.o)
                0x02048dac                set_vfopen_error
                0x02048dd4                get_vfopen_error
                0x02048df4                vf_alloc_and_link_vop
                0x02048e64                vf_alloc_buffer
                0x02048f2c                vf_free_buffer
                0x02048f78                vfopen_locked
                0x020492b0                vfopen
                0x02049300                vfclose_locked
                0x020494bc                vfclose
                0x020494fc                vfflush
                0x02049544                vfgets
                0x0204961c                vfeof
                0x0204966c                vunlink_flag_open_files
                0x020496c4                vunlink
                0x020498c4                vfread
                0x02049a50                vfwrite_locked
                0x02049dfc                vfwrite
                0x02049e5c                vfseek
                0x02049fa8                vftell
                0x0204a0b8                vgetc_locked
                0x0204a1b0                vgetc
                0x0204a1f8                vfslookup_locked
                0x0204a31c                vfslookup
                0x0204a364                strippath
                0x0204a538                isvfile_locked
                0x0204a590                isvfile
                0x0204a5d8                vferror
                0x0204a634                vclearerr
 .text          0x0204a68c       0x24 F:/Qsys/qsys_webserver/qsys/software/qsys_webserver_bsp/\libucosii_bsp.a(vfsport.o)
                0x0204a68c                prep_vfs
 .text          0x0204a6b0        0x0 F:/Qsys/qsys_webserver/qsys/software/qsys_webserver_bsp/\libucosii_bsp.a(alt_exception_entry.o)
 .text          0x0204a6b0      0x168 F:/Qsys/qsys_webserver/qsys/software/qsys_webserver_bsp/\libucosii_bsp.a(alt_fcntl.o)
                0x0204a700                alt_fcntl
 .text          0x0204a818      0x114 F:/Qsys/qsys_webserver/qsys/software/qsys_webserver_bsp/\libucosii_bsp.a(alt_usleep.o)
                0x0204a818                usleep
 .text          0x0204a92c     0x1288 F:/Qsys/qsys_webserver/qsys/software/qsys_webserver_bsp/\libucosii_bsp.a(icmp.o)
                0x0204a92c                icmprcv
                0x0204b514                icmp_destun
                0x0204b828                icmp_timex
                0x0204bb64                icmp_du
 .text          0x0204bbb4      0x128 F:/Qsys/qsys_webserver/qsys/software/qsys_webserver_bsp/\libucosii_bsp.a(alt_busy_sleep.o)
                0x0204bbb4                alt_busy_sleep
 .text          0x0204bcdc       0x14 d:/eda/quartus13/nios2eds/bin/gnu/h-i686-mingw32/bin/../lib/gcc/nios2-elf/4.7.3/../../../../../H-i686-mingw32/nios2-elf/lib\libc.a(lib_a-atexit.o)
                0x0204bcdc                atexit
 .text          0x0204bcf0       0x1c d:/eda/quartus13/nios2eds/bin/gnu/h-i686-mingw32/bin/../lib/gcc/nios2-elf/4.7.3/../../../../../H-i686-mingw32/nios2-elf/lib\libc.a(lib_a-calloc.o)
                0x0204bcf0                calloc
 .text          0x0204bd0c       0x38 d:/eda/quartus13/nios2eds/bin/gnu/h-i686-mingw32/bin/../lib/gcc/nios2-elf/4.7.3/../../../../../H-i686-mingw32/nios2-elf/lib\libc.a(lib_a-exit.o)
                0x0204bd0c                exit
 .text          0x0204bd44       0x28 d:/eda/quartus13/nios2eds/bin/gnu/h-i686-mingw32/bin/../lib/gcc/nios2-elf/4.7.3/../../../../../H-i686-mingw32/nios2-elf/lib\libc.a(lib_a-malloc.o)
                0x0204bd44                malloc
                0x0204bd58                free
 .text          0x0204bd6c       0x34 d:/eda/quartus13/nios2eds/bin/gnu/h-i686-mingw32/bin/../lib/gcc/nios2-elf/4.7.3/../../../../../H-i686-mingw32/nios2-elf/lib\libc.a(lib_a-vprintf.o)
                0x0204bd6c                vprintf
                0x0204bd8c                _vprintf_r
 .text          0x0204bda0       0x74 d:/eda/quartus13/nios2eds/bin/gnu/h-i686-mingw32/bin/../lib/gcc/nios2-elf/4.7.3/../../../../../H-i686-mingw32/nios2-elf/lib\libc.a(lib_a-vsprintf.o)
                0x0204bda0                _vsprintf_r
                0x0204bdf0                vsprintf
 .text          0x0204be14      0x130 d:/eda/quartus13/nios2eds/bin/gnu/h-i686-mingw32/bin/../lib/gcc/nios2-elf/4.7.3/../../../../../H-i686-mingw32/nios2-elf/lib\libc.a(lib_a-__atexit.o)
                0x0204be14                __register_exitproc
 .text          0x0204bf44      0x1a0 d:/eda/quartus13/nios2eds/bin/gnu/h-i686-mingw32/bin/../lib/gcc/nios2-elf/4.7.3/../../../../../H-i686-mingw32/nios2-elf/lib\libc.a(lib_a-__call_atexit.o)
                0x0204bf44                __call_exitprocs
 .text          0x0204c0e4       0x44 F:/Qsys/qsys_webserver/qsys/software/qsys_webserver_bsp/\libucosii_bsp.a(alt_exit.o)
                0x0204c0e4                _exit
 *(.gnu.warning.*)
 *(.fini)
                0x0204c128                PROVIDE (__etext, ABSOLUTE (.))
                0x0204c128                PROVIDE (_etext, ABSOLUTE (.))
                0x0204c128                PROVIDE (etext, ABSOLUTE (.))
 *(.eh_frame_hdr)
                0x0204c128                . = ALIGN (0x4)
                0x0204c128                PROVIDE (__preinit_array_start, ABSOLUTE (.))
 *(.preinit_array)
                0x0204c128                PROVIDE (__preinit_array_end, ABSOLUTE (.))
                0x0204c128                PROVIDE (__init_array_start, ABSOLUTE (.))
 *(.init_array)
                0x0204c128                PROVIDE (__init_array_end, ABSOLUTE (.))
                0x0204c128                PROVIDE (__fini_array_start, ABSOLUTE (.))
 *(.fini_array)
                0x0204c128                PROVIDE (__fini_array_end, ABSOLUTE (.))
 *(.eh_frame)
 *(.gcc_except_table .gcc_except_table.*)
 *(.dynamic)
                0x0204c128                PROVIDE (__CTOR_LIST__, ABSOLUTE (.))
 *(.ctors)
 *(SORT(.ctors.*))
                0x0204c128                PROVIDE (__CTOR_END__, ABSOLUTE (.))
                0x0204c128                PROVIDE (__DTOR_LIST__, ABSOLUTE (.))
 *(.dtors)
 *(SORT(.dtors.*))
                0x0204c128                PROVIDE (__DTOR_END__, ABSOLUTE (.))
 *(.jcr)
                0x0204c128                . = ALIGN (0x4)

.rodata         0x0204c128     0x6080
                0x0204c128                PROVIDE (__ram_rodata_start, ABSOLUTE (.))
                0x0204c128                . = ALIGN (0x4)
 *(.rodata .rodata.* .gnu.linkonce.r.*)
 .rodata        0x0204c128      0x654 obj/default/alt_error_handler.o
 .rodata        0x0204c77c      0x828 obj/default/http.o
 .rodata        0x0204cfa4      0x268 obj/default/network_utilities.o
 .rodata        0x0204d20c      0x1ac obj/default/srec_flash.o
 .rodata        0x0204d3b8       0x24 obj/default/web_server.o
 .rodata        0x0204d3dc      0x281 d:/eda/quartus13/nios2eds/bin/gnu/h-i686-mingw32/bin/../lib/gcc/nios2-elf/4.7.3/../../../../../H-i686-mingw32/nios2-elf/lib\libc.a(lib_a-ctype_.o)
                0x0204d3dc                _ctype_
 *fill*         0x0204d65d        0x3 
 .rodata.str1.4
                0x0204d660        0x2 d:/eda/quartus13/nios2eds/bin/gnu/h-i686-mingw32/bin/../lib/gcc/nios2-elf/4.7.3/../../../../../H-i686-mingw32/nios2-elf/lib\libc.a(lib_a-impure.o)
                                  0x4 (size before relaxing)
 *fill*         0x0204d662        0x2 
 .rodata.str1.4
                0x0204d664        0x3 d:/eda/quartus13/nios2eds/bin/gnu/h-i686-mingw32/bin/../lib/gcc/nios2-elf/4.7.3/../../../../../H-i686-mingw32/nios2-elf/lib\libc.a(lib_a-perror.o)