Archive member included because of file (symbol)

d:/eda/quartus13/nios2eds/bin/gnu/h-i686-mingw32/bin/../lib/gcc/nios2-elf/4.7.3/../../../../../H-i686-mingw32/nios2-elf/lib\libc.a(lib_a-ctype_.o)
                              obj/default/network_utilities.o (__ctype_ptr)
d:/eda/quartus13/nios2eds/bin/gnu/h-i686-mingw32/bin/../lib/gcc/nios2-elf/4.7.3/../../../../../H-i686-mingw32/nios2-elf/lib\libc.a(lib_a-fprintf.o)
                              obj/default/alt_error_handler.o (fprintf)
d:/eda/quartus13/nios2eds/bin/gnu/h-i686-mingw32/bin/../lib/gcc/nios2-elf/4.7.3/../../../../../H-i686-mingw32/nios2-elf/lib\libc.a(lib_a-fwrite.o)
                              obj/default/alt_error_handler.o (fwrite)
d:/eda/quartus13/nios2eds/bin/gnu/h-i686-mingw32/bin/../lib/gcc/nios2-elf/4.7.3/../../../../../H-i686-mingw32/nios2-elf/lib\libc.a(lib_a-getc.o)
                              obj/default/network_utilities.o (getc)
d:/eda/quartus13/nios2eds/bin/gnu/h-i686-mingw32/bin/../lib/gcc/nios2-elf/4.7.3/../../../../../H-i686-mingw32/nios2-elf/lib\libc.a(lib_a-impure.o)
                              obj/default/alt_error_handler.o (_impure_ptr)
d:/eda/quartus13/nios2eds/bin/gnu/h-i686-mingw32/bin/../lib/gcc/nios2-elf/4.7.3/../../../../../H-i686-mingw32/nios2-elf/lib\libc.a(lib_a-memset.o)
                              obj/default/tcp_client.o (memset)
d:/eda/quartus13/nios2eds/bin/gnu/h-i686-mingw32/bin/../lib/gcc/nios2-elf/4.7.3/../../../../../H-i686-mingw32/nios2-elf/lib\libc.a(lib_a-perror.o)
                              obj/default/alt_error_handler.o (perror)
d:/eda/quartus13/nios2eds/bin/gnu/h-i686-mingw32/bin/../lib/gcc/nios2-elf/4.7.3/../../../../../H-i686-mingw32/nios2-elf/lib\libc.a(lib_a-printf.o)
                              obj/default/alt_error_handler.o (printf)
d:/eda/quartus13/nios2eds/bin/gnu/h-i686-mingw32/bin/../lib/gcc/nios2-elf/4.7.3/../../../../../H-i686-mingw32/nios2-elf/lib\libc.a(lib_a-putc.o)
                              obj/default/network_utilities.o (putc)
d:/eda/quartus13/nios2eds/bin/gnu/h-i686-mingw32/bin/../lib/gcc/nios2-elf/4.7.3/../../../../../H-i686-mingw32/nios2-elf/lib\libc.a(lib_a-putchar.o)
                              obj/default/network_utilities.o (putchar)
d:/eda/quartus13/nios2eds/bin/gnu/h-i686-mingw32/bin/../lib/gcc/nios2-elf/4.7.3/../../../../../H-i686-mingw32/nios2-elf/lib\libc.a(lib_a-puts.o)
                              obj/default/alt_error_handler.o (puts)
d:/eda/quartus13/nios2eds/bin/gnu/h-i686-mingw32/bin/../lib/gcc/nios2-elf/4.7.3/../../../../../H-i686-mingw32/nios2-elf/lib\libc.a(lib_a-rget.o)
                              d:/eda/quartus13/nios2eds/bin/gnu/h-i686-mingw32/bin/../lib/gcc/nios2-elf/4.7.3/../../../../../H-i686-mingw32/nios2-elf/lib\libc.a(lib_a-getc.o) (__srget_r)
d:/eda/quartus13/nios2eds/bin/gnu/h-i686-mingw32/bin/../lib/gcc/nios2-elf/4.7.3/../../../../../H-i686-mingw32/nios2-elf/lib\libc.a(lib_a-strcmp.o)
                              obj/default/tcp_client.o (strcmp)
d:/eda/quartus13/nios2eds/bin/gnu/h-i686-mingw32/bin/../lib/gcc/nios2-elf/4.7.3/../../../../../H-i686-mingw32/nios2-elf/lib\libc.a(lib_a-strerror.o)
                              d:/eda/quartus13/nios2eds/bin/gnu/h-i686-mingw32/bin/../lib/gcc/nios2-elf/4.7.3/../../../../../H-i686-mingw32/nios2-elf/lib\libc.a(lib_a-perror.o) (strerror)
d:/eda/quartus13/nios2eds/bin/gnu/h-i686-mingw32/bin/../lib/gcc/nios2-elf/4.7.3/../../../../../H-i686-mingw32/nios2-elf/lib\libc.a(lib_a-strlen.o)
                              obj/default/tcp_client.o (strlen)
d:/eda/quartus13/nios2eds/bin/gnu/h-i686-mingw32/bin/../lib/gcc/nios2-elf/4.7.3/../../../../../H-i686-mingw32/nios2-elf/lib\libc.a(lib_a-u_strerr.o)
                              d:/eda/quartus13/nios2eds/bin/gnu/h-i686-mingw32/bin/../lib/gcc/nios2-elf/4.7.3/../../../../../H-i686-mingw32/nios2-elf/lib\libc.a(lib_a-strerror.o) (_user_strerror)
d:/eda/quartus13/nios2eds/bin/gnu/h-i686-mingw32/bin/../lib/gcc/nios2-elf/4.7.3/../../../../../H-i686-mingw32/nios2-elf/lib\libc.a(lib_a-vfprintf.o)
                              d:/eda/quartus13/nios2eds/bin/gnu/h-i686-mingw32/bin/../lib/gcc/nios2-elf/4.7.3/../../../../../H-i686-mingw32/nios2-elf/lib\libc.a(lib_a-printf.o) (___vfprintf_internal_r)
d:/eda/quartus13/nios2eds/bin/gnu/h-i686-mingw32/bin/../lib/gcc/nios2-elf/4.7.3/../../../../../H-i686-mingw32/nios2-elf/lib\libc.a(lib_a-wbuf.o)
                              d:/eda/quartus13/nios2eds/bin/gnu/h-i686-mingw32/bin/../lib/gcc/nios2-elf/4.7.3/../../../../../H-i686-mingw32/nios2-elf/lib\libc.a(lib_a-putc.o) (__swbuf_r)
d:/eda/quartus13/nios2eds/bin/gnu/h-i686-mingw32/bin/../lib/gcc/nios2-elf/4.7.3/../../../../../H-i686-mingw32/nios2-elf/lib\libc.a(lib_a-wsetup.o)
                              d:/eda/quartus13/nios2eds/bin/gnu/h-i686-mingw32/bin/../lib/gcc/nios2-elf/4.7.3/../../../../../H-i686-mingw32/nios2-elf/lib\libc.a(lib_a-vfprintf.o) (__swsetup_r)
[...]
Memory Configuration

Name             Origin             Length             Attributes
sdram_BEFORE_EXCEPTION 0x00000000         0x00000020
sdram            0x00000020         0x01ffffe0
reset            0x02001000         0x00000020
ext_flash        0x02001020         0x000007e0
descriptor_memory 0x02002400         0x00000200
*default*        0x00000000         0xffffffff

Linker script and memory map

LOAD ../qsys_eth_bsp//obj/HAL/src/crt0.o
LOAD obj/default/alt_error_handler.o
LOAD obj/default/iniche_init.o
LOAD obj/default/network_utilities.o
LOAD obj/default/tcp_client.o
LOAD obj/default/tse_my_system.o
LOAD d:/eda/quartus13/nios2eds/bin/gnu/h-i686-mingw32/bin/../lib/gcc/nios2-elf/4.7.3/../../../../../H-i686-mingw32/nios2-elf/lib\libstdc++.a
LOAD d:/eda/quartus13/nios2eds/bin/gnu/h-i686-mingw32/bin/../lib/gcc/nios2-elf/4.7.3/../../../../../H-i686-mingw32/nios2-elf/lib\libm.a
LOAD d:/eda/quartus13/nios2eds/bin/gnu/h-i686-mingw32/bin/../lib/gcc/nios2-elf/4.7.3\libgcc.a
START GROUP
LOAD d:/eda/quartus13/nios2eds/bin/gnu/h-i686-mingw32/bin/../lib/gcc/nios2-elf/4.7.3/../../../../../H-i686-mingw32/nios2-elf/lib\libc.a
LOAD d:/eda/quartus13/nios2eds/bin/gnu/h-i686-mingw32/bin/../lib/gcc/nios2-elf/4.7.3\libgcc.a
LOAD ../qsys_eth_bsp/\libucosii_bsp.a
END GROUP
LOAD d:/eda/quartus13/nios2eds/bin/gnu/h-i686-mingw32/bin/../lib/gcc/nios2-elf/4.7.3\libgcc.a
                0x00000000                __alt_mem_sdram = 0x0
                0x02001000                __alt_mem_ext_flash = 0x2001000
                0x02002400                __alt_mem_descriptor_memory = 0x2002400

.entry          0x02001000        0x0
 *(.entry)
 .entry         0x02001000        0x0 ../qsys_eth_bsp//obj/HAL/src/crt0.o
                0x02001000                __reset

.exceptions     0x00000020      0x19c
                0x00000020                PROVIDE (__ram_exceptions_start, ABSOLUTE (.))
                0x00000020                . = ALIGN (0x20)
 *(.irq)
 *(.exceptions.entry.label)
 .exceptions.entry.label
                0x00000020        0x0 ../qsys_eth_bsp/\libucosii_bsp.a(alt_irq_entry.o)
                0x00000020                alt_irq_entry
 .exceptions.entry.label
                0x00000020        0x0 ../qsys_eth_bsp/\libucosii_bsp.a(alt_exception_entry.o)
                0x00000020                alt_exception
 *(.exceptions.entry.user)
 *(.exceptions.entry.ecc_fatal)
 *(.exceptions.entry)
 .exceptions.entry
                0x00000020       0x54 ../qsys_eth_bsp/\libucosii_bsp.a(alt_exception_entry.o)
 *(.exceptions.irqtest.user)
 *(.exceptions.irqtest)
 .exceptions.irqtest
                0x00000074       0x10 ../qsys_eth_bsp/\libucosii_bsp.a(alt_irq_entry.o)
 *(.exceptions.irqhandler.user)
 *(.exceptions.irqhandler)
 .exceptions.irqhandler
                0x00000084        0x4 ../qsys_eth_bsp/\libucosii_bsp.a(alt_irq_entry.o)
 *(.exceptions.irqreturn.user)
 *(.exceptions.irqreturn)
 .exceptions.irqreturn
                0x00000088        0x4 ../qsys_eth_bsp/\libucosii_bsp.a(alt_irq_entry.o)
 *(.exceptions.notirq.label)
 .exceptions.notirq.label
                0x0000008c        0x0 ../qsys_eth_bsp/\libucosii_bsp.a(alt_irq_entry.o)
 *(.exceptions.notirq.user)
 *(.exceptions.notirq)
 .exceptions.notirq
                0x0000008c        0x8 ../qsys_eth_bsp/\libucosii_bsp.a(alt_exception_entry.o)
 *(.exceptions.soft.user)
 *(.exceptions.soft)
 *(.exceptions.unknown.user)
 *(.exceptions.unknown)
 .exceptions.unknown
                0x00000094        0x4 ../qsys_eth_bsp/\libucosii_bsp.a(alt_exception_entry.o)
 *(.exceptions.exit.label)
 .exceptions.exit.label
                0x00000098        0x0 ../qsys_eth_bsp/\libucosii_bsp.a(alt_irq_entry.o)
 .exceptions.exit.label
                0x00000098        0x0 ../qsys_eth_bsp/\libucosii_bsp.a(alt_exception_entry.o)
 *(.exceptions.exit.user)
 *(.exceptions.exit)
 .exceptions.exit
                0x00000098       0x54 ../qsys_eth_bsp/\libucosii_bsp.a(alt_exception_entry.o)
 *(.exceptions)
 .exceptions    0x000000ec       0xd0 ../qsys_eth_bsp/\libucosii_bsp.a(alt_irq_handler.o)
                0x000000ec                alt_irq_handler
                0x000001bc                PROVIDE (__ram_exceptions_end, ABSOLUTE (.))
                0x00000020                PROVIDE (__flash_exceptions_start, LOADADDR (.exceptions))

.text           0x000001bc    0x41bcc
                0x000001bc                PROVIDE (stext, ABSOLUTE (.))
 *(.interp)
 *(.hash)
 *(.dynsym)
 *(.dynstr)
 *(.gnu.version)
 *(.gnu.version_d)
 *(.gnu.version_r)
 *(.rel.init)
 *(.rela.init)
 *(.rel.text .rel.text.* .rel.gnu.linkonce.t.*)
 *(.rela.text .rela.text.* .rela.gnu.linkonce.t.*)
 *(.rel.fini)
 *(.rela.fini)
 *(.rel.rodata .rel.rodata.* .rel.gnu.linkonce.r.*)
 *(.rela.rodata .rela.rodata.* .rela.gnu.linkonce.r.*)
 *(.rel.data .rel.data.* .rel.gnu.linkonce.d.*)
 *(.rela.data .rela.data.* .rela.gnu.linkonce.d.*)
 *(.rel.tdata .rel.tdata.* .rel.gnu.linkonce.td.*)
 *(.rela.tdata .rela.tdata.* .rela.gnu.linkonce.td.*)
 *(.rel.tbss .rel.tbss.* .rel.gnu.linkonce.tb.*)
 *(.rela.tbss .rela.tbss.* .rela.gnu.linkonce.tb.*)
 *(.rel.ctors)
 *(.rela.ctors)
 *(.rel.dtors)
 *(.rela.dtors)
 *(.rel.got)
 *(.rela.got)
 *(.rel.sdata .rel.sdata.* .rel.gnu.linkonce.s.*)
 *(.rela.sdata .rela.sdata.* .rela.gnu.linkonce.s.*)
 *(.rel.sbss .rel.sbss.* .rel.gnu.linkonce.sb.*)
 *(.rela.sbss .rela.sbss.* .rela.gnu.linkonce.sb.*)
 *(.rel.sdata2 .rel.sdata2.* .rel.gnu.linkonce.s2.*)
 *(.rela.sdata2 .rela.sdata2.* .rela.gnu.linkonce.s2.*)
 *(.rel.sbss2 .rel.sbss2.* .rel.gnu.linkonce.sb2.*)
 *(.rela.sbss2 .rela.sbss2.* .rela.gnu.linkonce.sb2.*)
 *(.rel.bss .rel.bss.* .rel.gnu.linkonce.b.*)
 *(.rela.bss .rela.bss.* .rela.gnu.linkonce.b.*)
 *(.rel.plt)
 *(.rela.plt)
 *(.rel.dyn)
 *(.init)
 *(.plt)
 *(.text .stub .text.* .gnu.linkonce.t.*)
 .text          0x000001bc       0x48 ../qsys_eth_bsp//obj/HAL/src/crt0.o
                0x000001bc                _start
 .text          0x00000204      0xc04 obj/default/alt_error_handler.o
                0x00000204                alt_uCOSIIErrorHandler
                0x0000084c                alt_NetworkErrorHandler
                0x00000b0c                alt_SSSErrorHandler
 .text          0x00000e08       0xf0 obj/default/iniche_init.o
                0x00000e08                SSSInitialTask
                0x00000e78                main
 .text          0x00000ef8      0x908 obj/default/network_utilities.o
                0x00000ef8                get_mac_addr
                0x00000f4c                get_ip_addr
                0x000010fc                get_serial_number
                0x000012cc                generate_and_store_mac_addr
                0x0000148c                generate_mac_addr
                0x000015cc                get_board_mac_addr
                0x000016d4                FindLastFlashSectorOffset
 .text          0x00001800      0x2fc obj/default/tcp_client.o
                0x00001800                sss_reset_connection
                0x00001870                sss_handle_receive
                0x000019e0                SSSSimpleSocketServerTask
 .text          0x00001afc        0x0 obj/default/tse_my_system.o
 .text          0x00001afc        0x0 d:/eda/quartus13/nios2eds/bin/gnu/h-i686-mingw32/bin/../lib/gcc/nios2-elf/4.7.3/../../../../../H-i686-mingw32/nios2-elf/lib\libc.a(lib_a-ctype_.o)
 .text          0x00001afc       0x4c d:/eda/quartus13/nios2eds/bin/gnu/h-i686-mingw32/bin/../lib/gcc/nios2-elf/4.7.3/../../../../../H-i686-mingw32/nios2-elf/lib\libc.a(lib_a-fprintf.o)
                0x00001afc                _fprintf_r
                0x00001b24                fprintf
 .text          0x00001b48       0xe0 d:/eda/quartus13/nios2eds/bin/gnu/h-i686-mingw32/bin/../lib/gcc/nios2-elf/4.7.3/../../../../../H-i686-mingw32/nios2-elf/lib\libc.a(lib_a-fwrite.o)
                0x00001b48                _fwrite_r
                0x00001be8                fwrite
 .text          0x00001c28       0xf8 d:/eda/quartus13/nios2eds/bin/gnu/h-i686-mingw32/bin/../lib/gcc/nios2-elf/4.7.3/../../../../../H-i686-mingw32/nios2-elf/lib\libc.a(lib_a-getc.o)
                0x00001c28                _getc_r
                0x00001c98                getc
 .text          0x00001d20        0x0 d:/eda/quartus13/nios2eds/bin/gnu/h-i686-mingw32/bin/../lib/gcc/nios2-elf/4.7.3/../../../../../H-i686-mingw32/nios2-elf/lib\libc.a(lib_a-impure.o)
 .text          0x00001d20       0xdc d:/eda/quartus13/nios2eds/bin/gnu/h-i686-mingw32/bin/../lib/gcc/nios2-elf/4.7.3/../../../../../H-i686-mingw32/nios2-elf/lib\libc.a(lib_a-memset.o)
                0x00001d20                memset
 .text          0x00001dfc       0x84 d:/eda/quartus13/nios2eds/bin/gnu/h-i686-mingw32/bin/../lib/gcc/nios2-elf/4.7.3/../../../../../H-i686-mingw32/nios2-elf/lib\libc.a(lib_a-perror.o)
                0x00001dfc                _perror_r
                0x00001e6c                perror
 .text          0x00001e80       0x68 d:/eda/quartus13/nios2eds/bin/gnu/h-i686-mingw32/bin/../lib/gcc/nios2-elf/4.7.3/../../../../../H-i686-mingw32/nios2-elf/lib\libc.a(lib_a-printf.o)
                0x00001e80                _printf_r
                0x00001eac                printf
 .text          0x00001ee8      0x1ac d:/eda/quartus13/nios2eds/bin/gnu/h-i686-mingw32/bin/../lib/gcc/nios2-elf/4.7.3/../../../../../H-i686-mingw32/nios2-elf/lib\libc.a(lib_a-putc.o)
                0x00001ee8                _putc_r
                0x00001fa4                putc
 .text          0x00002094       0x24 d:/eda/quartus13/nios2eds/bin/gnu/h-i686-mingw32/bin/../lib/gcc/nios2-elf/4.7.3/../../../../../H-i686-mingw32/nios2-elf/lib\libc.a(lib_a-putchar.o)
                0x00002094                _putchar_r
                0x0000209c                putchar
 .text          0x000020b8       0x98 d:/eda/quartus13/nios2eds/bin/gnu/h-i686-mingw32/bin/../lib/gcc/nios2-elf/4.7.3/../../../../../H-i686-mingw32/nios2-elf/lib\libc.a(lib_a-puts.o)
                0x000020b8                _puts_r
                0x0000213c                puts
 .text          0x00002150       0x60 d:/eda/quartus13/nios2eds/bin/gnu/h-i686-mingw32/bin/../lib/gcc/nios2-elf/4.7.3/../../../../../H-i686-mingw32/nios2-elf/lib\libc.a(lib_a-rget.o)
                0x00002150                __srget_r
                0x0000219c                __srget
 .text          0x000021b0       0xa4 d:/eda/quartus13/nios2eds/bin/gnu/h-i686-mingw32/bin/../lib/gcc/nios2-elf/4.7.3/../../../../../H-i686-mingw32/nios2-elf/lib\libc.a(lib_a-strcmp.o)
                0x000021b0                strcmp
 .text          0x00002254      0x664 d:/eda/quartus13/nios2eds/bin/gnu/h-i686-mingw32/bin/../lib/gcc/nios2-elf/4.7.3/../../../../../H-i686-mingw32/nios2-elf/lib\libc.a(lib_a-strerror.o)
                0x00002254                strerror
 .text          0x000028b8       0x8c d:/eda/quartus13/nios2eds/bin/gnu/h-i686-mingw32/bin/../lib/gcc/nios2-elf/4.7.3/../../../../../H-i686-mingw32/nios2-elf/lib\libc.a(lib_a-strlen.o)
                0x000028b8                strlen
 .text          0x00002944        0x8 d:/eda/quartus13/nios2eds/bin/gnu/h-i686-mingw32/bin/../lib/gcc/nios2-elf/4.7.3/../../../../../H-i686-mingw32/nios2-elf/lib\libc.a(lib_a-u_strerr.o)
                0x00002944                _user_strerror
 .text          0x0000294c     0x1e50 d:/eda/quartus13/nios2eds/bin/gnu/h-i686-mingw32/bin/../lib/gcc/nios2-elf/4.7.3/../../../../../H-i686-mingw32/nios2-elf/lib\libc.a(lib_a-vfprintf.o)
                0x00002980                ___vfprintf_internal_r
                0x00004778                __vfprintf_internal
 .text          0x0000479c      0x158 d:/eda/quartus13/nios2eds/bin/gnu/h-i686-mingw32/bin/../lib/gcc/nios2-elf/4.7.3/../../../../../H-i686-mingw32/nios2-elf/lib\libc.a(lib_a-wbuf.o)
                0x0000479c                __swbuf_r
                0x000048d8                __swbuf
 .text          0x000048f4      0x174 d:/eda/quartus13/nios2eds/bin/gnu/h-i686-mingw32/bin/../lib/gcc/nios2-elf/4.7.3/../../../../../H-i686-mingw32/nios2-elf/lib\libc.a(lib_a-wsetup.o)
                0x000048f4                __swsetup_r
 .text          0x00004a68     0x1824 d:/eda/quartus13/nios2eds/bin/gnu/h-i686-mingw32/bin/../lib/gcc/nios2-elf/4.7.3/../../../../../H-i686-mingw32/nios2-elf/lib\libc.a(lib_a-dtoa.o)
                0x00004c70                _dtoa_r
 .text          0x0000628c      0x218 d:/eda/quartus13/nios2eds/bin/gnu/h-i686-mingw32/bin/../lib/gcc/nios2-elf/4.7.3/../../../../../H-i686-mingw32/nios2-elf/lib\libc.a(lib_a-fflush.o)
                0x0000628c                _fflush_r
                0x00006474                fflush
 .text          0x000064a4      0x2d8 d:/eda/quartus13/nios2eds/bin/gnu/h-i686-mingw32/bin/../lib/gcc/nios2-elf/4.7.3/../../../../../H-i686-mingw32/nios2-elf/lib\libc.a(lib_a-findfp.o)
                0x000064b4                _cleanup_r
                0x000064c0                __sfmoreglue
                0x00006524                _cleanup
                0x00006534                __sinit
                0x00006640                __sfp
                0x0000673c                __sfp_lock_acquire
                0x00006740                __sfp_lock_release
                0x00006744                __sinit_lock_acquire
                0x00006748                __sinit_lock_release
                0x0000674c                __fp_lock_all
                0x00006764                __fp_unlock_all
 .text          0x0000677c       0xa4 d:/eda/quartus13/nios2eds/bin/gnu/h-i686-mingw32/bin/../lib/gcc/nios2-elf/4.7.3/../../../../../H-i686-mingw32/nios2-elf/lib\libc.a(lib_a-fputc.o)
                0x0000677c                _fputc_r
                0x000067c0                fputc
 .text          0x00006820       0x90 d:/eda/quartus13/nios2eds/bin/gnu/h-i686-mingw32/bin/../lib/gcc/nios2-elf/4.7.3/../../../../../H-i686-mingw32/nios2-elf/lib\libc.a(lib_a-fputs.o)
                0x00006820                _fputs_r
                0x00006894                fputs
 .text          0x000068b0      0x40c d:/eda/quartus13/nios2eds/bin/gnu/h-i686-mingw32/bin/../lib/gcc/nios2-elf/4.7.3/../../../../../H-i686-mingw32/nios2-elf/lib\libc.a(lib_a-freer.o)
                0x000068b0                _malloc_trim_r
                0x000069ec                _free_r
 .text          0x00006cbc      0x4e4 d:/eda/quartus13/nios2eds/bin/gnu/h-i686-mingw32/bin/../lib/gcc/nios2-elf/4.7.3/../../../../../H-i686-mingw32/nios2-elf/lib\libc.a(lib_a-fvwrite.o)
                0x00006cbc                __sfvwrite_r
 .text          0x000071a0      0x160 d:/eda/quartus13/nios2eds/bin/gnu/h-i686-mingw32/bin/../lib/gcc/nios2-elf/4.7.3/../../../../../H-i686-mingw32/nios2-elf/lib\libc.a(lib_a-fwalk.o)
                0x000071a0                _fwalk
                0x00007248                _fwalk_reent
 .text          0x00007300       0xdc d:/eda/quartus13/nios2eds/bin/gnu/h-i686-mingw32/bin/../lib/gcc/nios2-elf/4.7.3/../../../../../H-i686-mingw32/nios2-elf/lib\libc.a(lib_a-locale.o)
                0x00007300                _setlocale_r
                0x0000739c                __locale_charset
                0x000073a8                _localeconv_r
                0x000073b4                setlocale
                0x000073d0                localeconv
 .text          0x000073dc      0x1a8 d:/eda/quartus13/nios2eds/bin/gnu/h-i686-mingw32/bin/../lib/gcc/nios2-elf/4.7.3/../../../../../H-i686-mingw32/nios2-elf/lib\libc.a(lib_a-makebuf.o)
                0x000073dc                __smakebuf_r
 .text          0x00007584      0x784 d:/eda/quartus13/nios2eds/bin/gnu/h-i686-mingw32/bin/../lib/gcc/nios2-elf/4.7.3/../../../../../H-i686-mingw32/nios2-elf/lib\libc.a(lib_a-mallocr.o)
                0x00007584                _malloc_r
 .text          0x00007d08       0xf8 d:/eda/quartus13/nios2eds/bin/gnu/h-i686-mingw32/bin/../lib/gcc/nios2-elf/4.7.3/../../../../../H-i686-mingw32/nios2-elf/lib\libc.a(lib_a-memchr.o)
                0x00007d08                memchr
 .text          0x00007e00       0xf8 d:/eda/quartus13/nios2eds/bin/gnu/h-i686-mingw32/bin/../lib/gcc/nios2-elf/4.7.3/../../../../../H-i686-mingw32/nios2-elf/lib\libc.a(lib_a-memcpy.o)
                0x00007e00                memcpy
 .text          0x00007ef8      0x128 d:/eda/quartus13/nios2eds/bin/gnu/h-i686-mingw32/bin/../lib/gcc/nios2-elf/4.7.3/../../../../../H-i686-mingw32/nios2-elf/lib\libc.a(lib_a-memmove.o)
                0x00007ef8                memmove
 .text          0x00008020      0xfa8 d:/eda/quartus13/nios2eds/bin/gnu/h-i686-mingw32/bin/../lib/gcc/nios2-elf/4.7.3/../../../../../H-i686-mingw32/nios2-elf/lib\libc.a(lib_a-mprec.o)
                0x00008020                _Balloc
                0x000080c8                _Bfree
                0x000080f0                __multadd
                0x00008204                __s2b
                0x00008308                __hi0bits
                0x00008370                __lo0bits
                0x00008420                __i2b
                0x0000845c                __multiply
                0x0000863c                __pow5mult
                0x00008768                __lshift
                0x000088c4                __mcmp
                0x0000891c                __mdiff
                0x00008ac4                __ulp
                0x00008b24                __b2d
                0x00008c6c                __d2b
                0x00008db0                __ratio
                0x00008e54                _mprec_log10
                0x00008ec8                __copybits
                0x00008f44                __any_on
 .text          0x00008fc8      0x5fc d:/eda/quartus13/nios2eds/bin/gnu/h-i686-mingw32/bin/../lib/gcc/nios2-elf/4.7.3/../../../../../H-i686-mingw32/nios2-elf/lib\libc.a(lib_a-reallocr.o)
                0x00008fc8                _realloc_r
 .text          0x000095c4      0x208 d:/eda/quartus13/nios2eds/bin/gnu/h-i686-mingw32/bin/../lib/gcc/nios2-elf/4.7.3/../../../../../H-i686-mingw32/nios2-elf/lib\libc.a(lib_a-refill.o)
                0x000095e0                __srefill_r
 .text          0x000097cc       0x38 d:/eda/quartus13/nios2eds/bin/gnu/h-i686-mingw32/bin/../lib/gcc/nios2-elf/4.7.3/../../../../../H-i686-mingw32/nios2-elf/lib\libc.a(lib_a-s_isinfd.o)
                0x000097cc                __isinfd
 .text          0x00009804       0x2c d:/eda/quartus13/nios2eds/bin/gnu/h-i686-mingw32/bin/../lib/gcc/nios2-elf/4.7.3/../../../../../H-i686-mingw32/nios2-elf/lib\libc.a(lib_a-s_isnand.o)
                0x00009804                __isnand
 .text          0x00009830       0x64 d:/eda/quartus13/nios2eds/bin/gnu/h-i686-mingw32/bin/../lib/gcc/nios2-elf/4.7.3/../../../../../H-i686-mingw32/nios2-elf/lib\libc.a(lib_a-sbrkr.o)
                0x00009830                _sbrk_r
 .text          0x00009894      0x140 d:/eda/quartus13/nios2eds/bin/gnu/h-i686-mingw32/bin/../lib/gcc/nios2-elf/4.7.3/../../../../../H-i686-mingw32/nios2-elf/lib\libc.a(lib_a-stdio.o)
                0x00009894                __sread
                0x000098e8                __swrite
                0x00009970                __sseek
                0x000099cc                __sclose
 .text          0x000099d4       0x6c d:/eda/quartus13/nios2eds/bin/gnu/h-i686-mingw32/bin/../lib/gcc/nios2-elf/4.7.3/../../../../../H-i686-mingw32/nios2-elf/lib\libc.a(lib_a-writer.o)
                0x000099d4                _write_r
 .text          0x00009a40       0xbc d:/eda/quartus13/nios2eds/bin/gnu/h-i686-mingw32/bin/../lib/gcc/nios2-elf/4.7.3/../../../../../H-i686-mingw32/nios2-elf/lib\libc.a(lib_a-callocr.o)
                0x00009a40                _calloc_r
 .text          0x00009afc       0x64 d:/eda/quartus13/nios2eds/bin/gnu/h-i686-mingw32/bin/../lib/gcc/nios2-elf/4.7.3/../../../../../H-i686-mingw32/nios2-elf/lib\libc.a(lib_a-closer.o)
                0x00009afc                _close_r
 .text          0x00009b60      0x150 d:/eda/quartus13/nios2eds/bin/gnu/h-i686-mingw32/bin/../lib/gcc/nios2-elf/4.7.3/../../../../../H-i686-mingw32/nios2-elf/lib\libc.a(lib_a-fclose.o)
                0x00009b60                _fclose_r
                0x00009c9c                fclose
 .text          0x00009cb0       0x68 d:/eda/quartus13/nios2eds/bin/gnu/h-i686-mingw32/bin/../lib/gcc/nios2-elf/4.7.3/../../../../../H-i686-mingw32/nios2-elf/lib\libc.a(lib_a-fstatr.o)
                0x00009cb0                _fstat_r
 .text          0x00009d18        0x0 d:/eda/quartus13/nios2eds/bin/gnu/h-i686-mingw32/bin/../lib/gcc/nios2-elf/4.7.3/../../../../../H-i686-mingw32/nios2-elf/lib\libc.a(lib_a-int_errno.o)
 .text          0x00009d18       0x64 d:/eda/quartus13/nios2eds/bin/gnu/h-i686-mingw32/bin/../lib/gcc/nios2-elf/4.7.3/../../../../../H-i686-mingw32/nios2-elf/lib\libc.a(lib_a-isattyr.o)
                0x00009d18                _isatty_r
 .text          0x00009d7c       0x6c d:/eda/quartus13/nios2eds/bin/gnu/h-i686-mingw32/bin/../lib/gcc/nios2-elf/4.7.3/../../../../../H-i686-mingw32/nios2-elf/lib\libc.a(lib_a-lseekr.o)
                0x00009d7c                _lseek_r
 .text          0x00009de8       0x6c d:/eda/quartus13/nios2eds/bin/gnu/h-i686-mingw32/bin/../lib/gcc/nios2-elf/4.7.3/../../../../../H-i686-mingw32/nios2-elf/lib\libc.a(lib_a-readr.o)
                0x00009de8                _read_r
 .text          0x00009e54      0x5c8 d:/eda/quartus13/nios2eds/bin/gnu/h-i686-mingw32/bin/../lib/gcc/nios2-elf/4.7.3\libgcc.a(_udivdi3.o)
                0x00009e54                __udivdi3
 .text          0x0000a41c      0x58c d:/eda/quartus13/nios2eds/bin/gnu/h-i686-mingw32/bin/../lib/gcc/nios2-elf/4.7.3\libgcc.a(_umoddi3.o)
                0x0000a41c                __umoddi3
 .text          0x0000a9a8      0x408 d:/eda/quartus13/nios2eds/bin/gnu/h-i686-mingw32/bin/../lib/gcc/nios2-elf/4.7.3\libgcc.a(_addsub_df.o)
                0x0000acfc                __adddf3
                0x0000ad50                __subdf3
 .text          0x0000adb0      0x2e4 d:/eda/quartus13/nios2eds/bin/gnu/h-i686-mingw32/bin/../lib/gcc/nios2-elf/4.7.3\libgcc.a(_mul_df.o)
                0x0000adb0                __muldf3
 .text          0x0000b094      0x1b4 d:/eda/quartus13/nios2eds/bin/gnu/h-i686-mingw32/bin/../lib/gcc/nios2-elf/4.7.3\libgcc.a(_div_df.o)
                0x0000b094                __divdf3
 .text          0x0000b248       0x5c d:/eda/quartus13/nios2eds/bin/gnu/h-i686-mingw32/bin/../lib/gcc/nios2-elf/4.7.3\libgcc.a(_eq_df.o)
                0x0000b248                __eqdf2
 .text          0x0000b2a4       0x5c d:/eda/quartus13/nios2eds/bin/gnu/h-i686-mingw32/bin/../lib/gcc/nios2-elf/4.7.3\libgcc.a(_ne_df.o)
                0x0000b2a4                __nedf2
 .text          0x0000b300       0x64 d:/eda/quartus13/nios2eds/bin/gnu/h-i686-mingw32/bin/../lib/gcc/nios2-elf/4.7.3\libgcc.a(_gt_df.o)
                0x0000b300                __gtdf2
 .text          0x0000b364       0x64 d:/eda/quartus13/nios2eds/bin/gnu/h-i686-mingw32/bin/../lib/gcc/nios2-elf/4.7.3\libgcc.a(_ge_df.o)
                0x0000b364                __gedf2
 .text          0x0000b3c8       0x5c d:/eda/quartus13/nios2eds/bin/gnu/h-i686-mingw32/bin/../lib/gcc/nios2-elf/4.7.3\libgcc.a(_lt_df.o)
                0x0000b3c8                __ltdf2
 .text          0x0000b424       0xd4 d:/eda/quartus13/nios2eds/bin/gnu/h-i686-mingw32/bin/../lib/gcc/nios2-elf/4.7.3\libgcc.a(_si_to_df.o)
                0x0000b424                __floatsidf
 .text          0x0000b4f8       0xd4 d:/eda/quartus13/nios2eds/bin/gnu/h-i686-mingw32/bin/../lib/gcc/nios2-elf/4.7.3\libgcc.a(_df_to_si.o)
                0x0000b4f8                __fixdfsi
 .text          0x0000b5cc        0x0 d:/eda/quartus13/nios2eds/bin/gnu/h-i686-mingw32/bin/../lib/gcc/nios2-elf/4.7.3\libgcc.a(_thenan_df.o)
 .text          0x0000b5cc      0x11c d:/eda/quartus13/nios2eds/bin/gnu/h-i686-mingw32/bin/../lib/gcc/nios2-elf/4.7.3\libgcc.a(_usi_to_df.o)
                0x0000b5cc                __floatunsidf
 .text          0x0000b6e8      0x130 d:/eda/quartus13/nios2eds/bin/gnu/h-i686-mingw32/bin/../lib/gcc/nios2-elf/4.7.3\libgcc.a(lib2-divmod.o)
                0x0000b75c                __divsi3
                0x0000b7ac                __modsi3
                0x0000b808                __udivsi3
                0x0000b810                __umodsi3
 .text          0x0000b818       0x60 d:/eda/quartus13/nios2eds/bin/gnu/h-i686-mingw32/bin/../lib/gcc/nios2-elf/4.7.3\libgcc.a(_muldi3.o)
                0x0000b818                __muldi3
 .text          0x0000b878        0x0 d:/eda/quartus13/nios2eds/bin/gnu/h-i686-mingw32/bin/../lib/gcc/nios2-elf/4.7.3\libgcc.a(_clz.o)
 .text          0x0000b878       0xac d:/eda/quartus13/nios2eds/bin/gnu/h-i686-mingw32/bin/../lib/gcc/nios2-elf/4.7.3\libgcc.a(_clzsi2.o)
                0x0000b878                __clzsi2
 .text          0x0000b924      0x224 d:/eda/quartus13/nios2eds/bin/gnu/h-i686-mingw32/bin/../lib/gcc/nios2-elf/4.7.3\libgcc.a(_pack_df.o)
                0x0000b924                __pack_d
 .text          0x0000bb48      0x104 d:/eda/quartus13/nios2eds/bin/gnu/h-i686-mingw32/bin/../lib/gcc/nios2-elf/4.7.3\libgcc.a(_unpack_df.o)
                0x0000bb48                __unpack_d
 .text          0x0000bc4c       0xd0 d:/eda/quartus13/nios2eds/bin/gnu/h-i686-mingw32/bin/../lib/gcc/nios2-elf/4.7.3\libgcc.a(_fpcmp_parts_df.o)
                0x0000bc4c                __fpcmp_parts_d
 .text          0x0000bd1c       0x44 d:/eda/quartus13/nios2eds/bin/gnu/h-i686-mingw32/bin/../lib/gcc/nios2-elf/4.7.3\libgcc.a(_lshrdi3.o)
                0x0000bd1c                __lshrdi3
 .text          0x0000bd60       0x44 d:/eda/quartus13/nios2eds/bin/gnu/h-i686-mingw32/bin/../lib/gcc/nios2-elf/4.7.3\libgcc.a(_ashldi3.o)
                0x0000bd60                __ashldi3
 .text          0x0000bda4       0xb8 ../qsys_eth_bsp/\libucosii_bsp.a(alt_flash_dev.o)
                0x0000bda4                alt_flash_open_dev
                0x0000be0c                alt_flash_close_dev
 .text          0x0000be5c       0xfc ../qsys_eth_bsp/\libucosii_bsp.a(alt_fstat.o)
                0x0000beac                fstat
 .text          0x0000bf58       0xf0 ../qsys_eth_bsp/\libucosii_bsp.a(alt_isatty.o)
                0x0000bfa8                isatty
 .text          0x0000c048      0x120 ../qsys_eth_bsp/\libucosii_bsp.a(alt_lseek.o)
                0x0000c098                lseek
 .text          0x0000c168       0xcc ../qsys_eth_bsp/\libucosii_bsp.a(alt_main.o)
                0x0000c168                alt_main
 .text          0x0000c234       0xb0 ../qsys_eth_bsp/\libucosii_bsp.a(alt_sbrk.o)
                0x0000c234                sbrk
 .text          0x0000c2e4      0x118 ../qsys_eth_bsp/\libucosii_bsp.a(alt_env_lock.o)
                0x0000c2e4                __env_lock
                0x0000c39c                __env_unlock
 .text          0x0000c3fc      0x1e8 ../qsys_eth_bsp/\libucosii_bsp.a(alt_malloc_lock.o)
                0x0000c3fc                __malloc_lock
                0x0000c510                __malloc_unlock
 .text          0x0000c5e4     0x2018 ../qsys_eth_bsp/\libucosii_bsp.a(os_core.o)
                0x0000c5e4                OSEventNameGet
                0x0000c704                OSEventNameSet
                0x0000c848                OSEventPendMulti
                0x0000ce84                OSInit
                0x0000ced8                OSIntEnter
                0x0000cf54                OSIntExit
                0x0000d048                OSSchedLock
                0x0000d0d0                OSSchedUnlock
                0x0000d1a8                OSStart
                0x0000d214                OSStatInit
                0x0000d2c0                OSTimeTick
                0x0000d4e0                OSVersion
                0x0000d500                OS_Dummy
                0x0000d51c                OS_EventTaskRdy
                0x0000d6b4                OS_EventTaskWait
                0x0000d7bc                OS_EventTaskWaitMulti
                0x0000d904                OS_EventTaskRemove
                0x0000d9b4                OS_EventTaskRemoveMulti
                0x0000daac                OS_EventWaitListInit
                0x0000de78                OS_MemClr
                0x0000decc                OS_MemCopy
                0x0000df38                OS_Sched
                0x0000e074                OS_StrCopy
                0x0000e0f0                OS_StrLen
                0x0000e144                OS_TaskIdle
                0x0000e1a0                OS_TaskStat
                0x0000e25c                OS_TaskStatStkChk
                0x0000e324                OS_TCBInit
 .text          0x0000e5fc      0x18c ../qsys_eth_bsp/\libucosii_bsp.a(os_dbg.o)
                0x0000e5fc                OSDebugInit
 .text          0x0000e788     0x1834 ../qsys_eth_bsp/\libucosii_bsp.a(os_flag.o)
                0x0000e788                OSFlagAccept
                0x0000ea90                OSFlagCreate
                0x0000ebb8                OSFlagDel
                0x0000ee28                OSFlagNameGet
                0x0000ef58                OSFlagNameSet
                0x0000f0ac                OSFlagPend
                0x0000f6ac                OSFlagPendGetFlagsRdy
                0x0000f714                OSFlagPost
                0x0000faa8                OSFlagQuery
                0x0000fd2c                OS_FlagInit
                0x0000ff1c                OS_FlagUnlink
 .text          0x0000ffbc      0x788 ../qsys_eth_bsp/\libucosii_bsp.a(os_mem.o)
                0x0000ffbc                OSMemCreate
                0x000101b0                OSMemGet
                0x000102a0                OSMemNameGet
                0x00010398                OSMemNameSet
                0x000104b4                OSMemPut
                0x0001058c                OSMemQuery
                0x00010674                OS_MemInit
 .text          0x00010744     0x1224 ../qsys_eth_bsp/\libucosii_bsp.a(os_q.o)
                0x00010744                OSQAccept
                0x00010884                OSQCreate
                0x00010a7c                OSQDel
                0x00010d4c                OSQFlush
                0x00010e04                OSQPend
                0x00011100                OSQPendAbort
                0x00011274                OSQPost
                0x000113dc                OSQPostFront
                0x0001154c                OSQPostOpt
                0x00011758                OSQQuery
                0x000118bc                OS_QInit
 .text          0x00011968      0xb28 ../qsys_eth_bsp/\libucosii_bsp.a(os_sem.o)
                0x00011968                OSSemAccept
                0x00011a18                OSSemCreate
                0x00011b18                OSSemDel
                0x00011d88                OSSemPend
                0x00011ff4                OSSemPendAbort
                0x00012168                OSSemPost
                0x00012278                OSSemQuery
                0x00012390                OSSemSet
 .text          0x00012490     0x18ec ../qsys_eth_bsp/\libucosii_bsp.a(os_task.o)
                0x00012490                OSTaskChangePrio
                0x000129b8                OSTaskCreate
                0x00012b74                OSTaskCreateExt
                0x00012d68                OSTaskDel
                0x00013144                OSTaskDelReq
                0x0001329c                OSTaskNameGet
                0x00013444                OSTaskNameSet
                0x00013608                OSTaskResume
                0x000137fc                OSTaskStkChk
                0x000139d0                OSTaskSuspend
                0x00013be0                OSTaskQuery
                0x00013d0c                OS_TaskStkClr
 .text          0x00013d7c      0x62c ../qsys_eth_bsp/\libucosii_bsp.a(os_time.o)
                0x00013d7c                OSTimeDly
                0x00013ec4                OSTimeDlyHMSM
                0x000140f4                OSTimeDlyResume
                0x000142e0                OSTimeGet
                0x00014344                OSTimeSet
 .text          0x000143a8      0x2c4 ../qsys_eth_bsp/\libucosii_bsp.a(alt_sys_init.o)
                0x000143e0                alt_irq_init
                0x00014414                alt_sys_init
 .text          0x0001466c      0x990 ../qsys_eth_bsp/\libucosii_bsp.a(altera_avalon_epcs_flash_controller.o)
                0x000146a4                alt_epcs_flash_init
                0x00014a6c                alt_epcs_flash_write
                0x00014ccc                alt_epcs_flash_get_info
                0x00014dec                alt_epcs_flash_erase_block
                0x00014e60                alt_epcs_flash_write_block
                0x00014f64                alt_epcs_flash_read
 .text          0x00014ffc      0x164 ../qsys_eth_bsp/\libucosii_bsp.a(altera_avalon_jtag_uart_fd.o)
                0x00014ffc                altera_avalon_jtag_uart_read_fd
                0x0001505c                altera_avalon_jtag_uart_write_fd
                0x000150bc                altera_avalon_jtag_uart_close_fd
                0x0001510c                altera_avalon_jtag_uart_ioctl_fd
 .text          0x00015160      0x55c ../qsys_eth_bsp/\libucosii_bsp.a(altera_avalon_jtag_uart_init.o)
                0x00015160                altera_avalon_jtag_uart_init
                0x00015654                altera_avalon_jtag_uart_close
 .text          0x000156bc       0xf4 ../qsys_eth_bsp/\libucosii_bsp.a(altera_avalon_jtag_uart_ioctl.o)
                0x000156bc                altera_avalon_jtag_uart_ioctl
 .text          0x000157b0      0x2c4 ../qsys_eth_bsp/\libucosii_bsp.a(altera_avalon_jtag_uart_read.o)
                0x000157b0                altera_avalon_jtag_uart_read
 .text          0x00015a74      0x2d0 ../qsys_eth_bsp/\libucosii_bsp.a(altera_avalon_jtag_uart_write.o)
                0x00015a74                altera_avalon_jtag_uart_write
 .text          0x00015d44      0xd00 ../qsys_eth_bsp/\libucosii_bsp.a(altera_avalon_sgdma.o)
                0x00015d94                alt_avalon_sgdma_do_async_transfer
                0x00015eb8                alt_avalon_sgdma_do_sync_transfer
                0x00015fc8                alt_avalon_sgdma_construct_mem_to_mem_desc
                0x00016038                alt_avalon_sgdma_construct_mem_to_mem_desc_burst
                0x000160b8                alt_avalon_sgdma_construct_stream_to_mem_desc
                0x00016114                alt_avalon_sgdma_construct_stream_to_mem_desc_burst
                0x00016188                alt_avalon_sgdma_construct_mem_to_stream_desc
                0x00016204                alt_avalon_sgdma_construct_mem_to_stream_desc_burst
                0x0001628c                alt_avalon_sgdma_register_callback
                0x000162dc                alt_avalon_sgdma_start
                0x00016330                alt_avalon_sgdma_stop
                0x00016388                alt_avalon_sgdma_check_descriptor_status
                0x000163ec                alt_avalon_sgdma_open
                0x0001643c                alt_avalon_sgdma_construct_descriptor
                0x000164c4                alt_avalon_sgdma_enable_desc_poll
                0x00016544                alt_avalon_sgdma_disable_desc_poll
                0x000165a4                alt_avalon_sgdma_construct_descriptor_burst
                0x000169a0                alt_avalon_sgdma_init
 .text          0x00016a44       0xfc ../qsys_eth_bsp/\libucosii_bsp.a(altera_avalon_timer_sc.o)
                0x00016ab8                alt_avalon_timer_sc_init
 .text          0x00016b40      0x624 ../qsys_eth_bsp/\libucosii_bsp.a(epcs_commands.o)
                0x00016b40                epcs_read_status_register
                0x00016c0c                epcs_sector_erase
                0x00016d04                epcs_read_buffer
                0x00016df8                epcs_write_enable
                0x00016e48                epcs_write_status_register
                0x00016eb0                epcs_write_buffer
                0x00016fcc                epcs_read_electronic_signature
                0x00017034                epcs_read_device_id
                0x000170b4                epcs_enter_4_bytes_mode
                0x0001710c                epcs_exit_4_bytes_mode
 .text          0x00017164     0x172c ../qsys_eth_bsp/\libucosii_bsp.a(ins_tse_mac.o)
                0x00017164                altera_eth_tse_init
                0x000172a8                prep_tse_mac
                0x0001752c                tse_mac_init
                0x00017fb0                tse_mac_raw_send
                0x000182a8                tse_sgdmaRx_isr
                0x00018358                tse_sgdma_read_init
                0x00018508                tse_mac_rcv
                0x0001874c                tse_mac_stats
                0x0001878c                tse_mac_close
 .text          0x00018890       0x48 ../qsys_eth_bsp/\libucosii_bsp.a(alt_iniche_close.o)
                0x00018890                close
 .text          0x000188d8      0x128 ../qsys_eth_bsp/\libucosii_bsp.a(alt_iniche_dev.o)
                0x000188d8                iniche_devices_init
 .text          0x00018a00       0x70 ../qsys_eth_bsp/\libucosii_bsp.a(alt_iniche_read.o)
                0x00018a00                read
 .text          0x00018a70       0x68 ../qsys_eth_bsp/\libucosii_bsp.a(alt_iniche_write.o)
                0x00018a70                write
 .text          0x00018ad8      0xe20 ../qsys_eth_bsp/\libucosii_bsp.a(ipnet.o)
                0x00018ad8                Netinit
                0x000190c8                fixup_subnet_mask
                0x00019220                netclose
                0x00019304                pktdemux
                0x000196b0                c_older
                0x00019768                ip2mac
 .text          0x000198f8      0x460 ../qsys_eth_bsp/\libucosii_bsp.a(ipstart.o)
                0x000198f8                ip_startup
                0x00019b9c                exit_hook
                0x00019c08                ip_exit
                0x00019cd4                if_netnumber
 .text          0x00019d58     0x10a8 ../qsys_eth_bsp/\libucosii_bsp.a(igmp_cmn.o)
                0x00019d58                igmp_init
                0x00019e48                igmp_input
                0x00019f28                igmp_fasttimo
                0x0001a14c                igmp_send
                0x0001a3f4                igmp_joingroup
                0x0001a650                igmp_leavegroup
                0x0001a6cc                igmp_validate
                0x0001a9e0                igmp_print_stats
 .text          0x0001ae00      0xa84 ../qsys_eth_bsp/\libucosii_bsp.a(bsdsock.o)
                0x0001ae00                bsd_accept
                0x0001af18                bsd_getpeername
                0x0001b030                bsd_getsockname
                0x0001b148                bsd_i_sockoptlen
                0x0001b284                bsd_getsockopt
                0x0001b388                bsd_ioctl
                0x0001b474                bsd_inet_ntoa
                0x0001b4a8                bsd_recvfrom
                0x0001b5e4                bsd_select
                0x0001b7b0                bsd_setsockopt
 .text          0x0001b884       0xfc ../qsys_eth_bsp/\libucosii_bsp.a(cksum.o)
                0x0001b884                ccksum
                0x0001b92c                cksum
 .text          0x0001b980      0xa54 ../qsys_eth_bsp/\libucosii_bsp.a(in_utils.o)
                0x0001b980                do_trap
                0x0001b9ac                nextarg
                0x0001ba28                hexdump
                0x0001bb68                print_ipad
                0x0001bbe4                print_uptime
                0x0001bd20                panic
                0x0001bd64                print_eth
                0x0001bebc                uslash
                0x0001bf38                ns_printf
                0x0001c0a4                std_out
                0x0001c0e8                con_page
                0x0001c1c4                parse_args
 .text          0x0001c3d4      0x1ac ../qsys_eth_bsp/\libucosii_bsp.a(netmain.o)
                0x0001c3d4                netmain
                0x0001c4b4                tk_netmain
                0x0001c53c                tk_nettick
 .text          0x0001c580      0x774 ../qsys_eth_bsp/\libucosii_bsp.a(parseip.o)
                0x0001c580                parse_ipad
                0x0001c87c                inet_addr
                0x0001c8dc                hextoa
                0x0001c928                inet_pton
                0x0001c9bc                inet_ntop
                0x0001ca3c                print46_addr
                0x0001ca98                inet46_addr
                0x0001cb58                inet_setport
                0x0001cbc0                convert_ip
 .text          0x0001ccf4      0x600 ../qsys_eth_bsp/\libucosii_bsp.a(tk_crnos.o)
                0x0001ccf4                TK_OSTimeDly
                0x0001cd20                TK_OSTaskResume
                0x0001cd90                tcp_sleep
                0x0001cf34                tcp_wakeup
                0x0001d038                TK_OSTaskQuery
                0x0001d0a4                tk_yield
                0x0001d0d0                tk_stats
 .text          0x0001d2f4      0x778 ../qsys_eth_bsp/\libucosii_bsp.a(pktalloc.o)
                0x0001d2f4                pk_init
                0x0001d588                pk_alloc
                0x0001d654                pk_validate
                0x0001d8e0                pk_free
                0x0001d990                pk_get_max_intrsafe_buf_len
                0x0001d9b0                dump_buf_estats
 .text          0x0001da6c      0x264 ../qsys_eth_bsp/\libucosii_bsp.a(q.o)
                0x0001da6c                getq
                0x0001db24                putq
                0x0001dbd0                qdel
 .text          0x0001dcd0      0x194 ../qsys_eth_bsp/\libucosii_bsp.a(asm_cksum.o)
                0x0001dcd0                asm_cksum
 .text          0x0001de64      0x2d0 ../qsys_eth_bsp/\libucosii_bsp.a(brdutils.o)
                0x0001de64                dtrap
                0x0001de94                kbhit
                0x0001df30                getch
                0x0001df94                clock_init
                0x0001dfd0                clock_c
                0x0001dfec                cticks_hook
                0x0001e098                irq_Mask
                0x0001e0f4                irq_Unmask
 .text          0x0001e134      0x4ac ../qsys_eth_bsp/\libucosii_bsp.a(osportco.o)
                0x0001e134                LOCK_NET_RESOURCE
                0x0001e1f8                UNLOCK_NET_RESOURCE
                0x0001e27c                TK_NEWTASK
                0x0001e4ac                wait_app_sem
                0x0001e568                post_app_sem
 .text          0x0001e5e0      0x540 ../qsys_eth_bsp/\libucosii_bsp.a(targnios.o)
                0x0001e5e0                alt_iniche_init
                0x0001e7dc                pre_task_setup
                0x0001e850                post_task_setup
                0x0001e870                prep_armintcp
                0x0001e8a8                calloc2
                0x0001e8dc                npalloc
                0x0001e9c8                npfree
                0x0001ea88                ncpalloc
                0x0001ead8                ncpfree
 .text          0x0001eb20     0x189c ../qsys_eth_bsp/\libucosii_bsp.a(nptcp.o)
                0x0001eb20                pffindtype
                0x0001ebb0                pffindproto
                0x0001ec74                m_getnbuf
                0x0001edfc                m_free
                0x0001ef14                m_freem
                0x0001ef54                m_copy
                0x0001f244                m_adj
                0x0001f414                mbuf_len
                0x0001f468                dtom
                0x0001f504                remque
                0x0001f574                insque
                0x0001f5ec                nptcp_init
                0x0001f6f4                tcp_rcv
                0x0001f8b8                ip_output
                0x0001fe7c                in_broadcast
                0x0001feb4                np_stripoptions
                0x0001ffa8                so_icmpdu
                0x000202f8                tcp_tick
 .text          0x000203bc      0x974 ../qsys_eth_bsp/\libucosii_bsp.a(rawsock.o)
                0x000203bc                rawip_lookup
                0x00020420                rawip_soinput
                0x000205e8                rawip_usrreq
 .text          0x00020d30     0x15f8 ../qsys_eth_bsp/\libucosii_bsp.a(sockcall.o)
                0x00020d30                DOMAIN_CHECK
                0x00020d7c                t_socket
                0x00020dfc                t_bind
                0x00020f58                t_listen
                0x00021028                t_accept
                0x00021274                t_connect
                0x000214dc                t_getpeername
                0x00021520                t_getsockname
                0x00021738                t_setsockopt
                0x000218ec                t_getsockopt
                0x00021a70                t_recv
                0x00021b50                t_recvfrom
                0x00021c88                t_sendto
                0x00021e74                t_send
                0x00022078                t_shutdown
                0x00022148                t_socketclose
                0x00022290                t_errno
 .text          0x00022328     0x20cc ../qsys_eth_bsp/\libucosii_bsp.a(socket.o)
                0x00022328                socreate
                0x000224dc                sobind
                0x00022538                solisten
                0x00022608                sofree
                0x00022728                soclose
                0x00022a70                soabort
                0x00022ac0                soaccept
                0x00022b58                soconnect
                0x00022c10                sodisconnect
                0x00022ca8                sosend
                0x00023204                soreceive
                0x00023944                soshutdown
                0x000239dc                sorflush
                0x00023ad4                sosetopt
                0x00023f04                sogetopt
                0x000243ac                sohasoutofband
 .text          0x000243f4     0x127c ../qsys_eth_bsp/\libucosii_bsp.a(socket2.o)
                0x000243f4                soisconnecting
                0x00024460                soisconnected
                0x00024560                soisdisconnecting
                0x000245f4                soisdisconnected
                0x000246b4                sonewconn
                0x000248d4                soqinsque
                0x0002497c                soqremque
                0x00024a84                socantsendmore
                0x00024ad8                socantrcvmore
                0x00024b2c                sbselqueue
                0x00024b64                sbwait
                0x00024bcc                sbwakeup
                0x00024c60                soreserve
                0x00024ce8                sbreserve
                0x00024d38                sbrelease
                0x00024d80                sbappend
                0x00024e20                sbappendrecord
                0x00024ef8                sbappendaddr
                0x000250d0                sbcompress
                0x000252a8                sbflush
                0x00025330                sbdrop
                0x000254e8                sbdropend
                0x000255e4                sbdroprecord
 .text          0x00025670      0x888 ../qsys_eth_bsp/\libucosii_bsp.a(soselect.o)
                0x00025670                t_select
                0x0002585c                sock_selscan
                0x00025998                sock_select
                0x00025b7c                in_pcbnotify
                0x00025c3c                tcp_notify
                0x00025cb8                ifd_clr
                0x00025da8                ifd_set
                0x00025e1c                ifd_isset
                0x00025e94                ifd_get
 .text          0x00025ef8     0x2dc4 ../qsys_eth_bsp/\libucosii_bsp.a(tcp_in.o)
                0x00025ef8                tcp_reass
                0x00026304                tcp_input
                0x00028644                tcp_dooptions
                0x000287c4                tcp_pulloutofband
                0x000288f0                tcp_xmit_timer
                0x00028b78                ip4_tcpmss
                0x00028bc4                tcp_mss
 .text          0x00028cbc     0x11e0 ../qsys_eth_bsp/\libucosii_bsp.a(tcp_out.o)
                0x00028cbc                tcp_output
                0x00029cd8                tcp_setpersist
 .text          0x00029e9c      0x954 ../qsys_eth_bsp/\libucosii_bsp.a(tcp_subr.o)
                0x00029e9c                tcp_init
                0x00029ef4                tcp_template
                0x00029ffc                tcp_respond
                0x0002a408                tcp_newtcpcb
                0x0002a514                tcp_drop
                0x0002a5c0                tcp_close
                0x0002a6b0                tcp_quench
                0x0002a6f8                tcp_putseq
                0x0002a778                tcp_getseq
 .text          0x0002a7f0      0x750 ../qsys_eth_bsp/\libucosii_bsp.a(tcp_timr.o)
                0x0002a7f0                tcp_slowtimo
                0x0002aa74                tcp_canceltimers
                0x0002aad0                tcp_timers
 .text          0x0002af40      0x9a4 ../qsys_eth_bsp/\libucosii_bsp.a(tcp_usr.o)
                0x0002af40                tcp_usrreq
                0x0002b62c                tcp_attach
                0x0002b744                tcp_disconnect
                0x0002b810                tcp_usrclosed
 .text          0x0002b8e4       0x40 ../qsys_eth_bsp/\libucosii_bsp.a(tcpport.o)
                0x0002b8e4                tcpinit
 .text          0x0002b924      0xbc4 ../qsys_eth_bsp/\libucosii_bsp.a(udpsock.o)
                0x0002b924                udp_lookup
                0x0002b988                udp_soinput
                0x0002bb28                udp_usrreq
                0x0002bd68                udp4_sockbind
                0x0002c044                udp4_socksend
                0x0002c3c0                udp4_sockaddr
 .text          0x0002c4e8      0x140 ../qsys_eth_bsp/\libucosii_bsp.a(alt_alarm_start.o)
                0x0002c4e8                alt_alarm_start
 .text          0x0002c628      0x118 ../qsys_eth_bsp/\libucosii_bsp.a(alt_close.o)
                0x0002c678                alt_close
 .text          0x0002c740       0x2c ../qsys_eth_bsp/\libucosii_bsp.a(alt_dev.o)
 .text          0x0002c76c       0xf0 ../qsys_eth_bsp/\libucosii_bsp.a(alt_dev_llist_insert.o)
                0x0002c7bc                alt_dev_llist_insert
 .text          0x0002c85c       0x5c ../qsys_eth_bsp/\libucosii_bsp.a(alt_do_ctors.o)
                0x0002c85c                _do_ctors
 .text          0x0002c8b8       0x5c ../qsys_eth_bsp/\libucosii_bsp.a(alt_do_dtors.o)
                0x0002c8b8                _do_dtors
 .text          0x0002c914        0x0 ../qsys_eth_bsp/\libucosii_bsp.a(alt_errno.o)
 .text          0x0002c914       0x90 ../qsys_eth_bsp/\libucosii_bsp.a(alt_find_dev.o)
                0x0002c914                alt_find_dev
 .text          0x0002c9a4      0x1d8 ../qsys_eth_bsp/\libucosii_bsp.a(alt_iic.o)
                0x0002c9a4                alt_ic_isr_register
                0x0002c9f4                alt_ic_irq_enable
                0x0002ca90                alt_ic_irq_disable
                0x0002cb30                alt_ic_irq_enabled
 .text          0x0002cb7c       0xf0 ../qsys_eth_bsp/\libucosii_bsp.a(alt_iic_isr_register.o)
                0x0002cb7c                alt_iic_isr_register
 .text          0x0002cc6c      0x138 ../qsys_eth_bsp/\libucosii_bsp.a(alt_io_redirect.o)
                0x0002cd2c                alt_io_redirect
 .text          0x0002cda4        0x0 ../qsys_eth_bsp/\libucosii_bsp.a(alt_irq_entry.o)
 .text          0x0002cda4        0x0 ../qsys_eth_bsp/\libucosii_bsp.a(alt_irq_handler.o)
 .text          0x0002cda4        0x0 ../qsys_eth_bsp/\libucosii_bsp.a(alt_irq_vars.o)
 .text          0x0002cda4      0x270 ../qsys_eth_bsp/\libucosii_bsp.a(alt_open.o)
                0x0002cec0                open
 .text          0x0002d014      0x140 ../qsys_eth_bsp/\libucosii_bsp.a(alt_read.o)
                0x0002d064                alt_read
 .text          0x0002d154       0x60 ../qsys_eth_bsp/\libucosii_bsp.a(alt_release_fd.o)
                0x0002d154                alt_release_fd
 .text          0x0002d1b4       0x34 ../qsys_eth_bsp/\libucosii_bsp.a(alt_remap_cached.o)
                0x0002d1b4                alt_remap_cached
 .text          0x0002d1e8       0x40 ../qsys_eth_bsp/\libucosii_bsp.a(alt_remap_uncached.o)
                0x0002d1e8                alt_remap_uncached
 .text          0x0002d228      0x19c ../qsys_eth_bsp/\libucosii_bsp.a(alt_tick.o)
                0x0002d228                alt_alarm_stop
                0x0002d2c0                alt_tick
 .text          0x0002d3c4       0x58 ../qsys_eth_bsp/\libucosii_bsp.a(alt_uncached_malloc.o)
                0x0002d3c4                alt_uncached_malloc
 .text          0x0002d41c      0x13c ../qsys_eth_bsp/\libucosii_bsp.a(alt_write.o)
                0x0002d46c                alt_write
 .text          0x0002d558       0x20 ../qsys_eth_bsp/\libucosii_bsp.a(altera_nios2_qsys_irq.o)
                0x0002d558                altera_nios2_qsys_irq_init
 .text          0x0002d578       0xd0 ../qsys_eth_bsp/\libucosii_bsp.a(os_cpu_a.o)
                0x0002d578                OSCtxSw
                0x0002d578                OSIntCtxSw
                0x0002d604                OSStartHighRdy
                0x0002d624                OSStartTsk
 .text          0x0002d648      0x408 ../qsys_eth_bsp/\libucosii_bsp.a(os_cpu_c.o)
                0x0002d648                OSTaskStkInit
                0x0002d93c                OSTaskCreateHook
                0x0002d95c                OSTaskDelHook
                0x0002d97c                OSTaskSwHook
                0x0002d998                OSTaskStatHook
                0x0002d9b4                OSTimeTickHook
                0x0002d9dc                OSInitHookBegin
                0x0002d9f8                OSInitHookEnd
                0x0002da14                OSTaskIdleHook
                0x0002da30                OSTCBInitHook
 .text          0x0002da50      0x208 ../qsys_eth_bsp/\libucosii_bsp.a(altera_avalon_spi.o)
                0x0002da50                alt_avalon_spi_command
 .text          0x0002dc58     0x4fa8 ../qsys_eth_bsp/\libucosii_bsp.a(altera_avalon_tse.o)
                0x0002dc58                no_printf
                0x0002dc84                tse_mac_initTransInfo2
                0x0002dce4                tse_mac_sTxWrite
                0x0002ddc4                tse_mac_aRxRead
                0x0002de68                tse_mac_SwReset
                0x0002def0                tse_mac_setMIImode
                0x0002df44                tse_mac_setGMIImode
                0x0002df94                alt_tse_phy_add_profile
                0x0002e178                alt_tse_system_add_sys
                0x0002eb74                alt_tse_sys_enable_mdio_sharing
                0x0002ecd8                alt_tse_mac_get_common_speed
                0x0002ed18                alt_tse_mac_set_common_speed
                0x0002ed60                alt_tse_get_system_index
                0x0002edcc                alt_tse_get_mac_group_index
                0x0002ee40                alt_tse_get_mac_info_index
                0x0002eec0                alt_tse_get_mac_info
                0x0002ef98                alt_tse_mac_set_speed
                0x0002f078                alt_tse_mac_set_duplex
                0x0002f104                getPHYSpeed
                0x0002fb78                alt_tse_phy_rd_mdio_addr
                0x0002fbc0                alt_tse_phy_wr_mdio_addr
                0x0002fc18                alt_tse_phy_wr_mdio_reg
                0x0002fd44                alt_tse_phy_rd_mdio_reg
                0x0002fe10                alt_tse_phy_add_profile_default
                0x000300a8                alt_tse_phy_print_profile
                0x000302b8                alt_tse_mac_group_init
                0x00030954                alt_tse_mac_get_phy
                0x00030d70                alt_tse_mac_associate_phy
                0x00030fb0                alt_tse_phy_cfg_pcs
                0x000310d8                alt_tse_phy_init
                0x000311f0                alt_tse_phy_restart_an
                0x000313b4                alt_tse_phy_check_link
                0x00031514                alt_tse_phy_get_cap
                0x00031aac                alt_tse_phy_set_adv_1000
                0x00031c68                alt_tse_phy_set_adv_100
                0x00031eb0                alt_tse_phy_set_adv_10
                0x00032058                alt_tse_phy_get_common_speed
                0x00032380                alt_tse_phy_set_common_speed
                0x00032838                marvell_phy_cfg
                0x000328d0                marvell_cfg_gmii
                0x000329b4                marvell_cfg_sgmii
                0x00032a98                marvell_cfg_rgmii
                0x00032b88                DP83848C_link_status_read
 .text          0x00032c00      0x480 ../qsys_eth_bsp/\libucosii_bsp.a(allports.o)
                0x00032c00                netmain_init
                0x00032cf4                icmp_port_du
                0x00032d84                station_state
                0x00032f24                sysuptime
                0x00032fb8                packet_check
                0x00033008                mcastlist
                0x0003302c                prep_modules
 .text          0x00033080      0x54c ../qsys_eth_bsp/\libucosii_bsp.a(timeouts.o)
                0x00033080                inet_timer
                0x00033378                in_timerset
                0x00033530                in_timerkill
 .text          0x000335cc       0xac ../qsys_eth_bsp/\libucosii_bsp.a(tk_misc.o)
                0x000335cc                create_apptasks
                0x000335f0                task_stats
 .text          0x00033678       0xa0 ../qsys_eth_bsp/\libucosii_bsp.a(alt_iniche_fcntl.o)
                0x00033678                fcntl
 .text          0x00033718     0x14b8 ../qsys_eth_bsp/\libucosii_bsp.a(et_arp.o)
                0x00033718                etainit
                0x00033760                et_send
                0x000338ec                arp_free_pending
                0x00033970                arp_send_pending
                0x000339e0                send_arp
                0x00033e38                find_oldest_arp
                0x00033fec                make_arp_entry
                0x000340ec                arpReply
                0x000343b0                arprcv
                0x0003461c                send_via_arp
                0x000347c4                cb_arpent_tmo
                0x00034914                grat_arp
 .text          0x00034bd0      0x270 ../qsys_eth_bsp/\libucosii_bsp.a(iface.o)
                0x00034bd0                if_getbynum
                0x00034c4c                isbcast
                0x00034d20                reg_type
                0x00034db0                if_killsocks
 .text          0x00034e40     0x2068 ../qsys_eth_bsp/\libucosii_bsp.a(ip.o)
                0x00034e40                ip_init
                0x00034f28                ip_bldhead
                0x000350ac                ip_write_internal
                0x000357ec                ip_write
                0x00035a04                ip_write2
                0x00035d7c                ip_raw_write
                0x00035e40                ip_fragment_lc
                0x00036258                ip_fragment
                0x00036808                ip_mymach
                0x000368b0                ip_dump
                0x00036b58                iproute
                0x00036d78                ip_copypkt
 .text          0x00036ea8     0x1ca0 ../qsys_eth_bsp/\libucosii_bsp.a(ip_reasm.o)
                0x00036ea8                ip_reasm_match_frag_with_ire
                0x00036f6c                ip_reasm_determine_type_of_frag
                0x0003703c                ip_reasm_check_mem_useage
                0x000370d0                ip_reasm_incr_mem_useage
                0x00037170                ip_reasm_decr_mem_useage
                0x00037208                ip_reasm_process_first_fragment
                0x000374c0                ip_reassm
                0x00037548                ip_reasm_compute_overlap
                0x00037aac                ip_reasm_process_subsequent_fragments
                0x00037fdc                ip_reasm_find_ire
                0x00038034                ip_reasm_copy_queued_fragments_into_reassy_buffer
                0x00038380                ip_reasm_process_timer_tick
                0x0003849c                ip_reasm_delete_ire
                0x00038650                ip_reasm_mark_compact_rfq
                0x00038780                ipr_stats
                0x00038af8                ip_reasm_send_icmp_timex
 .text          0x00038b48      0xdbc ../qsys_eth_bsp/\libucosii_bsp.a(ipdemux.o)
                0x00038b48                ip_rcv
                0x00038f28                ip_rcv_phase2
                0x00039504                ip_demux
 .text          0x00039904      0x2b8 ../qsys_eth_bsp/\libucosii_bsp.a(ipmc.o)
                0x00039904                in_addmulti
                0x00039a50                in_delmulti
                0x00039b58                lookup_mcast
 .text          0x00039bbc       0xd8 ../qsys_eth_bsp/\libucosii_bsp.a(ipport.o)
                0x00039bbc                prep_ifaces
                0x00039c44                netexit
                0x00039c6c                evtmap_setup
 .text          0x00039c94      0x518 ../qsys_eth_bsp/\libucosii_bsp.a(ipraw.o)
                0x00039c94                ip_raw_open
                0x00039d74                ip_raw_close
                0x00039e30                ip_raw_input
                0x0003a054                ip_raw_alloc
                0x0003a114                ip_raw_free
                0x0003a154                ip_raw_maxalloc
 .text          0x0003a1ac      0x694 ../qsys_eth_bsp/\libucosii_bsp.a(iproute.o)
                0x0003a1ac                rt_lookup
                0x0003a320                add_route
                0x0003a70c                del_route
 .text          0x0003a840      0xda0 ../qsys_eth_bsp/\libucosii_bsp.a(udp.o)
                0x0003a840                udpdemux
                0x0003b058                udp_send
                0x0003b2f8                udpswap
                0x0003b3e8                udp_socket
                0x0003b4b8                udp_alloc
                0x0003b574                udp_maxalloc
                0x0003b5a0                udp_free
 .text          0x0003b5e0      0x2cc ../qsys_eth_bsp/\libucosii_bsp.a(igmp.o)
                0x0003b5e0                igmpv1_input
 .text          0x0003b8ac      0x74c ../qsys_eth_bsp/\libucosii_bsp.a(igmp2.o)
                0x0003b8ac                igmpv2_input
                0x0003b9f4                igmpv2_process_report
                0x0003bb34                igmpv2_process_query
                0x0003bd70                igmpv2_chk_set_timer
                0x0003beb8                igmpv2_chk4_rtr_alert_opt
 .text          0x0003bff8      0x8ac ../qsys_eth_bsp/\libucosii_bsp.a(ipopt.o)
                0x0003bff8                IPADDR_TO_NETP
                0x0003c140                ip_setmoptions
                0x0003c70c                ip_getmoptions
                0x0003c820                ip_freemoptions
 .text          0x0003c8a4      0x738 ../qsys_eth_bsp/\libucosii_bsp.a(u_mctest.o)
                0x0003c8a4                u_mctest_init
                0x0003c8d4                u_mctest_run
 .text          0x0003cfdc      0x3d0 ../qsys_eth_bsp/\libucosii_bsp.a(memdev.o)
                0x0003cfdc                init_memdev
                0x0003d054                md_fopen
                0x0003d07c                md_fclose
                0x0003d09c                md_fread
                0x0003d1f8                md_fwrite
                0x0003d270                md_fseek
                0x0003d29c                md_ftell
                0x0003d2c0                md_fgetc
                0x0003d388                md_unlink
 .text          0x0003d3ac      0x19c ../qsys_eth_bsp/\libucosii_bsp.a(tcpcksum.o)
                0x0003d3ac                tcp_cksum
 .text          0x0003d548      0x2f0 ../qsys_eth_bsp/\libucosii_bsp.a(udp_open.o)
                0x0003d548                udp_open
                0x0003d760                udp_close
 .text          0x0003d838      0x874 ../qsys_eth_bsp/\libucosii_bsp.a(in_pcb.o)
                0x0003d838                in_pcballoc
                0x0003d8c0                in_pcbdetach
                0x0003d914                in_pcbbind
                0x0003db24                in_pcbconnect
                0x0003dd00                in_pcbdisconnect
                0x0003dd58                in_setsockaddr
                0x0003ddd8                in_setpeeraddr
                0x0003de58                in_pcblookup
 .text          0x0003e0ac     0x18e0 ../qsys_eth_bsp/\libucosii_bsp.a(vfsfiles.o)
                0x0003e0ac                set_vfopen_error
                0x0003e0d4                get_vfopen_error
                0x0003e0f4                vf_alloc_and_link_vop
                0x0003e164                vf_alloc_buffer
                0x0003e22c                vf_free_buffer
                0x0003e278                vfopen_locked
                0x0003e5b0                vfopen
                0x0003e600                vfclose_locked
                0x0003e7bc                vfclose
                0x0003e7fc                vfflush
                0x0003e844                vfgets
                0x0003e91c                vfeof
                0x0003e96c                vunlink_flag_open_files
                0x0003e9c4                vunlink
                0x0003ebc4                vfread
                0x0003ed50                vfwrite_locked
                0x0003f0fc                vfwrite
                0x0003f15c                vfseek
                0x0003f2a8                vftell
                0x0003f3b8                vgetc_locked
                0x0003f4b0                vgetc
                0x0003f4f8                vfslookup_locked
                0x0003f61c                vfslookup
                0x0003f664                strippath
                0x0003f838                isvfile_locked
                0x0003f890                isvfile
                0x0003f8d8                vferror
                0x0003f934                vclearerr
 .text          0x0003f98c       0x24 ../qsys_eth_bsp/\libucosii_bsp.a(vfsport.o)
                0x0003f98c                prep_vfs
 .text          0x0003f9b0       0x74 ../qsys_eth_bsp/\libucosii_bsp.a(alt_dcache_flush.o)
                0x0003f9b0                alt_dcache_flush
 .text          0x0003fa24        0x0 ../qsys_eth_bsp/\libucosii_bsp.a(alt_exception_entry.o)
 .text          0x0003fa24      0x168 ../qsys_eth_bsp/\libucosii_bsp.a(alt_fcntl.o)
                0x0003fa74                alt_fcntl
 .text          0x0003fb8c      0x114 ../qsys_eth_bsp/\libucosii_bsp.a(alt_find_file.o)
                0x0003fb8c                alt_find_file
 .text          0x0003fca0       0xfc ../qsys_eth_bsp/\libucosii_bsp.a(alt_get_fd.o)
                0x0003fca0                alt_get_fd
 .text          0x0003fd9c      0x114 ../qsys_eth_bsp/\libucosii_bsp.a(alt_usleep.o)
                0x0003fd9c                usleep
 .text          0x0003feb0     0x1288 ../qsys_eth_bsp/\libucosii_bsp.a(icmp.o)
                0x0003feb0                icmprcv
                0x00040a98                icmp_destun
                0x00040dac                icmp_timex
                0x000410e8                icmp_du
 .text          0x00041138      0x128 ../qsys_eth_bsp/\libucosii_bsp.a(alt_busy_sleep.o)
                0x00041138                alt_busy_sleep
 .text          0x00041260       0x14 d:/eda/quartus13/nios2eds/bin/gnu/h-i686-mingw32/bin/../lib/gcc/nios2-elf/4.7.3/../../../../../H-i686-mingw32/nios2-elf/lib\libc.a(lib_a-atexit.o)
                0x00041260                atexit
 .text          0x00041274       0x18 d:/eda/quartus13/nios2eds/bin/gnu/h-i686-mingw32/bin/../lib/gcc/nios2-elf/4.7.3/../../../../../H-i686-mingw32/nios2-elf/lib\libc.a(lib_a-atoi.o)
                0x00041274                atoi
                0x00041280                _atoi_r
 .text          0x0004128c       0x1c d:/eda/quartus13/nios2eds/bin/gnu/h-i686-mingw32/bin/../lib/gcc/nios2-elf/4.7.3/../../../../../H-i686-mingw32/nios2-elf/lib\libc.a(lib_a-calloc.o)
                0x0004128c                calloc
 .text          0x000412a8       0x38 d:/eda/quartus13/nios2eds/bin/gnu/h-i686-mingw32/bin/../lib/gcc/nios2-elf/4.7.3/../../../../../H-i686-mingw32/nios2-elf/lib\libc.a(lib_a-exit.o)
                0x000412a8                exit
 .text          0x000412e0       0x28 d:/eda/quartus13/nios2eds/bin/gnu/h-i686-mingw32/bin/../lib/gcc/nios2-elf/4.7.3/../../../../../H-i686-mingw32/nios2-elf/lib\libc.a(lib_a-malloc.o)
                0x000412e0                malloc
                0x000412f4                free
 .text          0x00041308       0x7c d:/eda/quartus13/nios2eds/bin/gnu/h-i686-mingw32/bin/../lib/gcc/nios2-elf/4.7.3/../../../../../H-i686-mingw32/nios2-elf/lib\libc.a(lib_a-memcmp.o)
                0x00041308                memcmp
 .text          0x00041384       0xc4 d:/eda/quartus13/nios2eds/bin/gnu/h-i686-mingw32/bin/../lib/gcc/nios2-elf/4.7.3/../../../../../H-i686-mingw32/nios2-elf/lib\libc.a(lib_a-sprintf.o)
                0x00041384                _sprintf_r
                0x000413dc                sprintf
 .text          0x00041448       0xe8 d:/eda/quartus13/nios2eds/bin/gnu/h-i686-mingw32/bin/../lib/gcc/nios2-elf/4.7.3/../../../../../H-i686-mingw32/nios2-elf/lib\libc.a(lib_a-strchr.o)
                0x00041448                strchr
 .text          0x00041530       0x94 d:/eda/quartus13/nios2eds/bin/gnu/h-i686-mingw32/bin/../lib/gcc/nios2-elf/4.7.3/../../../../../H-i686-mingw32/nios2-elf/lib\libc.a(lib_a-strcpy.o)
                0x00041530                strcpy
 .text          0x000415c4       0xfc d:/eda/quartus13/nios2eds/bin/gnu/h-i686-mingw32/bin/../lib/gcc/nios2-elf/4.7.3/../../../../../H-i686-mingw32/nios2-elf/lib\libc.a(lib_a-strncmp.o)
                0x000415c4                strncmp
 .text          0x000416c0      0x288 d:/eda/quartus13/nios2eds/bin/gnu/h-i686-mingw32/bin/../lib/gcc/nios2-elf/4.7.3/../../../../../H-i686-mingw32/nios2-elf/lib\libc.a(lib_a-strtol.o)
                0x000416c0                _strtol_r
                0x00041924                strtol
 .text          0x00041948       0x34 d:/eda/quartus13/nios2eds/bin/gnu/h-i686-mingw32/bin/../lib/gcc/nios2-elf/4.7.3/../../../../../H-i686-mingw32/nios2-elf/lib\libc.a(lib_a-vprintf.o)
                0x00041948                vprintf
                0x00041968                _vprintf_r
 .text          0x0004197c       0x74 d:/eda/quartus13/nios2eds/bin/gnu/h-i686-mingw32/bin/../lib/gcc/nios2-elf/4.7.3/../../../../../H-i686-mingw32/nios2-elf/lib\libc.a(lib_a-vsprintf.o)
                0x0004197c                _vsprintf_r
                0x000419cc                vsprintf
 .text          0x000419f0      0x130 d:/eda/quartus13/nios2eds/bin/gnu/h-i686-mingw32/bin/../lib/gcc/nios2-elf/4.7.3/../../../../../H-i686-mingw32/nios2-elf/lib\libc.a(lib_a-__atexit.o)
                0x000419f0                __register_exitproc
 .text          0x00041b20      0x1a0 d:/eda/quartus13/nios2eds/bin/gnu/h-i686-mingw32/bin/../lib/gcc/nios2-elf/4.7.3/../../../../../H-i686-mingw32/nios2-elf/lib\libc.a(lib_a-__call_atexit.o)
                0x00041b20                __call_exitprocs
 .text          0x00041cc0       0x84 d:/eda/quartus13/nios2eds/bin/gnu/h-i686-mingw32/bin/../lib/gcc/nios2-elf/4.7.3\libgcc.a(_fixunsdfsi.o)
                0x00041cc0                __fixunsdfsi
 .text          0x00041d44       0x44 ../qsys_eth_bsp/\libucosii_bsp.a(alt_exit.o)
                0x00041d44                _exit
 *(.gnu.warning.*)
 *(.fini)
                0x00041d88                PROVIDE (__etext, ABSOLUTE (.))
                0x00041d88                PROVIDE (_etext, ABSOLUTE (.))
                0x00041d88                PROVIDE (etext, ABSOLUTE (.))
 *(.eh_frame_hdr)
                0x00041d88                . = ALIGN (0x4)
                0x00041d88                PROVIDE (__preinit_array_start, ABSOLUTE (.))
 *(.preinit_array)
                0x00041d88                PROVIDE (__preinit_array_end, ABSOLUTE (.))
                0x00041d88                PROVIDE (__init_array_start, ABSOLUTE (.))
 *(.init_array)
                0x00041d88                PROVIDE (__init_array_end, ABSOLUTE (.))
                0x00041d88                PROVIDE (__fini_array_start, ABSOLUTE (.))
 *(.fini_array)
                0x00041d88                PROVIDE (__fini_array_end, ABSOLUTE (.))
 *(.eh_frame)
 *(.gcc_except_table .gcc_except_table.*)
 *(.dynamic)
                0x00041d88                PROVIDE (__CTOR_LIST__, ABSOLUTE (.))
 *(.ctors)
 *(SORT(.ctors.*))
                0x00041d88                PROVIDE (__CTOR_END__, ABSOLUTE (.))
                0x00041d88                PROVIDE (__DTOR_LIST__, ABSOLUTE (.))
 *(.dtors)
 *(SORT(.dtors.*))
                0x00041d88                PROVIDE (__DTOR_END__, ABSOLUTE (.))
 *(.jcr)
                0x00041d88                . = ALIGN (0x4)

.rodata         0x00041d88     0x5c20
                0x00041d88                PROVIDE (__ram_rodata_start, ABSOLUTE (.))
                0x00041d88                . = ALIGN (0x4)
 *(.rodata .rodata.* .gnu.linkonce.r.*)
 .rodata        0x00041d88      0xba4 obj/default/alt_error_handler.o
 .rodata        0x0004292c       0x3c obj/default/iniche_init.o
 .rodata        0x00042968      0x254 obj/default/network_utilities.o
 .rodata        0x00042bbc       0xd4 obj/default/tcp_client.o
 .rodata        0x00042c90       0x20 obj/default/tse_my_system.o
 .rodata        0x00042cb0      0x281 d:/eda/quartus13/nios2eds/bin/gnu/h-i686-mingw32/bin/../lib/gcc/nios2-elf/4.7.3/../../../../../H-i686-mingw32/nios2-elf/lib\libc.a(lib_a-ctype_.o)
                0x00042cb0                _ctype_
 *fill*         0x00042f31        0x3 
 .rodata.str1.4
                0x00042f34        0x2 d:/eda/quartus13/nios2eds/bin/gnu/h-i686-mingw32/bin/../lib/gcc/nios2-elf/4.7.3/../../../../../H-i686-mingw32/nios2-elf/lib\libc.a(lib_a-impure.o)
                                  0x4 (size before relaxing)
 *fill*         0x00042f36        0x2 
 .rodata.str1.4
                0x00042f38        0x3 d:/eda/quartus13/nios2eds/bin/gnu/h-i686-mingw32/bin/../lib/gcc/nios2-elf/4.7.3/../../../../../H-i686-mingw32/nios2-elf/lib\libc.a(lib_a-perror.o)
                                  0x4 (size before relaxing)
 *fill*         0x00042f3b        0x1 
 .rodata.str1.4
                0x00042f3c        0x2 d:/eda/quartus13/nios2eds/bin/gnu/h-i686-mingw32/bin/../lib/gcc/nios2-elf/4.7.3/../../../../../H-i686-mingw32/nios2-elf/lib\libc.a(lib_a-puts.o)
                                  0x4 (size before relaxing)
 *fill*         0x00042f3e        0x2 
 .rodata.str1.4
                0x00042f40      0x7a1 d:/eda/quartus13/nios2eds/bin/gnu/h-i686-mingw32/bin/../lib/gcc/nios2-elf/4.7.3/../../../../../H-i686-mingw32/nios2-elf/lib\libc.a(lib_a-strerror.o)
                                0x7a8 (size before relaxing)
 *fill*         0x000436e1        0x3 
 .rodata.str1.4
                0x000436e4       0x42 d:/eda/quartus13/nios2eds/bin/gnu/h-i686-mingw32/bin/../lib/gcc/nios2-elf/4.7.3/../../../../../H-i686-mingw32/nios2-elf/lib\libc.a(lib_a-vfprintf.o)
                                 0x44 (size before relaxing)
 .rodata        0x00043726       0x20 d:/eda/quartus13/nios2eds/bin/gnu/h-i686-mingw32/bin/../lib/gcc/nios2-elf/4.7.3/../../../../../H-i686-mingw32/nios2-elf/lib\libc.a(lib_a-vfprintf.o)
 *fill*         0x00043746        0x2 
 .rodata.str1.4
                0x00043748       0x10 d:/eda/quartus13/nios2eds/bin/gnu/h-i686-mingw32/bin/../lib/gcc/nios2-elf/4.7.3/../../../../../H-i686-mingw32/nios2-elf/lib\libc.a(lib_a-dtoa.o)
                                 0x14 (size before relaxing)
 .rodata.str1.4
                0x00043758       0x10 d:/eda/quartus13/nios2eds/bin/gnu/h-i686-mingw32/bin/../lib/gcc/nios2-elf/4.7.3/../../../../../H-i686-mingw32/nios2-elf/lib\libc.a(lib_a-locale.o)
                                 0x18 (size before relaxing)
 .rodata        0x00043768       0x30 d:/eda/quartus13/nios2eds/bin/gnu/h-i686-mingw32/bin/../lib/gcc/nios2-elf/4.7.3/../../../../../H-i686-mingw32/nios2-elf/lib\libc.a(lib_a-locale.o)
 .rodata        0x00043798      0x124 d:/eda/quartus13/nios2eds/bin/gnu/h-i686-mingw32/bin/../lib/gcc/nios2-elf/4.7.3/../../../../../H-i686-mingw32/nios2-elf/lib\libc.a(lib_a-mprec.o)
                0x00043798                __mprec_tinytens
                0x000437c0                __mprec_bigtens
                0x000437e8                __mprec_tens
 .rodata        0x000438bc       0x14 d:/eda/quartus13/nios2eds/bin/gnu/h-i686-mingw32/bin/../lib/gcc/nios2-elf/4.7.3\libgcc.a(_thenan_df.o)
                0x000438bc                __thenan_df
 .rodata        0x000438d0      0x100 d:/eda/quartus13/nios2eds/bin/gnu/h-i686-mingw32/bin/../lib/gcc/nios2-elf/4.7.3\libgcc.a(_clz.o)
                0x000438d0                __clz_tab
 .rodata        0x000439d0       0x10 ../qsys_eth_bsp/\libucosii_bsp.a(alt_main.o)
 .rodata        0x000439e0      0x120 ../qsys_eth_bsp/\libucosii_bsp.a(os_core.o)
                0x000439e0                OSUnMapTbl
 .rodata        0x00043b00       0x50 ../qsys_eth_bsp/\libucosii_bsp.a(alt_sys_init.o)
 .rodata        0x00043b50      0x36c ../qsys_eth_bsp/\libucosii_bsp.a(ins_tse_mac.o)
 .rodata        0x00043ebc       0xd8 ../qsys_eth_bsp/\libucosii_bsp.a(ipnet.o)
 .rodata        0x00043f94       0xec ../qsys_eth_bsp/\libucosii_bsp.a(ipstart.o)
 .rodata        0x00044080      0x54c ../qsys_eth_bsp/\libucosii_bsp.a(igmp_cmn.o)
 .rodata        0x000445cc       0xb8 ../qsys_eth_bsp/\libucosii_bsp.a(in_utils.o)
 .rodata        0x00044684       0x34 ../qsys_eth_bsp/\libucosii_bsp.a(netmain.o)
 .rodata        0x000446b8       0x94 ../qsys_eth_bsp/\libucosii_bsp.a(parseip.o)
 .rodata        0x0004474c      0x1a8 ../qsys_eth_bsp/\libucosii_bsp.a(tk_crnos.o)
 .rodata        0x000448f4      0x118 ../qsys_eth_bsp/\libucosii_bsp.a(pktalloc.o)
 .rodata        0x00044a0c       0x2c ../qsys_eth_bsp/\libucosii_bsp.a(brdutils.o)
 .rodata        0x00044a38      0x26c ../qsys_eth_bsp/\libucosii_bsp.a(osportco.o)
 .rodata        0x00044ca4       0xa0 ../qsys_eth_bsp/\libucosii_bsp.a(targnios.o)
 .rodata        0x00044d44       0x90 ../qsys_eth_bsp/\libucosii_bsp.a(nptcp.o)
 .rodata        0x00044dd4        0x8 ../qsys_eth_bsp/\libucosii_bsp.a(sockcall.o)
 .rodata        0x00044ddc       0x50 ../qsys_eth_bsp/\libucosii_bsp.a(socket.o)
 .rodata        0x00044e2c       0x40 ../qsys_eth_bsp/\libucosii_bsp.a(socket2.o)
 .rodata        0x00044e6c       0x20 ../qsys_eth_bsp/\libucosii_bsp.a(tcp_in.o)
 .rodata        0x00044e8c       0x40 ../qsys_eth_bsp/\libucosii_bsp.a(tcp_out.o)
 .rodata        0x00044ecc       0x24 ../qsys_eth_bsp/\libucosii_bsp.a(tcp_subr.o)
 .rodata        0x00044ef0       0x2c ../qsys_eth_bsp/\libucosii_bsp.a(tcp_usr.o)
 .rodata        0x00044f1c        0xc ../qsys_eth_bsp/\libucosii_bsp.a(alt_dev.o)
 .rodata        0x00044f28        0x4 ../qsys_eth_bsp/\libucosii_bsp.a(os_cpu_c.o)
 .rodata        0x00044f2c     0x1be4 ../qsys_eth_bsp/\libucosii_bsp.a(altera_avalon_tse.o)
 .rodata        0x00046b10      0x1d4 ../qsys_eth_bsp/\libucosii_bsp.a(allports.o)
 .rodata        0x00046ce4       0x34 ../qsys_eth_bsp/\libucosii_bsp.a(tk_misc.o)
 .rodata        0x00046d18       0x44 ../qsys_eth_bsp/\libucosii_bsp.a(et_arp.o)
 .rodata        0x00046d5c      0x1dc ../qsys_eth_bsp/\libucosii_bsp.a(ip.o)
 .rodata        0x00046f38      0x158 ../qsys_eth_bsp/\libucosii_bsp.a(ip_reasm.o)
 .rodata        0x00047090      0x120 ../qsys_eth_bsp/\libucosii_bsp.a(ipdemux.o)
 .rodata        0x000471b0       0x34 ../qsys_eth_bsp/\libucosii_bsp.a(ipport.o)
 .rodata        0x000471e4       0x24 ../qsys_eth_bsp/\libucosii_bsp.a(ipraw.o)
 .rodata        0x00047208       0x38 ../qsys_eth_bsp/\libucosii_bsp.a(iproute.o)
 .rodata        0x00047240       0xe8 ../qsys_eth_bsp/\libucosii_bsp.a(udp.o)
 .rodata        0x00047328      0x2b0 ../qsys_eth_bsp/\libucosii_bsp.a(u_mctest.o)
 .rodata        0x000475d8       0x84 ../qsys_eth_bsp/\libucosii_bsp.a(udp_open.o)
 .rodata        0x0004765c       0x34 ../qsys_eth_bsp/\libucosii_bsp.a(vfsfiles.o)
 .rodata        0x00047690      0x318 ../qsys_eth_bsp/\libucosii_bsp.a(icmp.o)
 *(.rodata1)
                0x000479a8                . = ALIGN (0x4)
                0x000479a8                PROVIDE (__ram_rodata_end, ABSOLUTE (.))
                0x00041d88                PROVIDE (__flash_rodata_start, LOADADDR (.rodata))

.rwdata         0x000479a8     0x1fec
                0x000479a8                PROVIDE (__ram_rwdata_start, ABSOLUTE (.))
                0x000479a8                . = ALIGN (0x4)
 *(.got.plt)
 *(.got)
 *(.data1)
 *(.data .data.* .gnu.linkonce.d.*)
 .data          0x000479a8        0x0 ../qsys_eth_bsp//obj/HAL/src/crt0.o
 .data          0x000479a8        0x0 obj/default/alt_error_handler.o
 .data          0x000479a8       0x18 obj/default/iniche_init.o
                0x000479a8                ssstask
 .data          0x000479c0        0x0 obj/default/network_utilities.o
 .data          0x000479c0        0x0 obj/default/tcp_client.o
 .data          0x000479c0      0x120 obj/default/tse_my_system.o
                0x000479c0                tse_mac_device
 .data          0x00047ae0        0x0 d:/eda/quartus13/nios2eds/bin/gnu/h-i686-mingw32/bin/../lib/gcc/nios2-elf/4.7.3/../../../../../H-i686-mingw32/nios2-elf/lib\libc.a(lib_a-ctype_.o)
 .data          0x00047ae0        0x0 d:/eda/quartus13/nios2eds/bin/gnu/h-i686-mingw32/bin/../lib/gcc/nios2-elf/4.7.3/../../../../../H-i686-mingw32/nios2-elf/lib\libc.a(lib_a-fprintf.o)
 .data          0x00047ae0        0x0 d:/eda/quartus13/nios2eds/bin/gnu/h-i686-mingw32/bin/../lib/gcc/nios2-elf/4.7.3/../../../../../H-i686-mingw32/nios2-elf/lib\libc.a(lib_a-fwrite.o)
 .data          0x00047ae0        0x0 d:/eda/quartus13/nios2eds/bin/gnu/h-i686-mingw32/bin/../lib/gcc/nios2-elf/4.7.3/../../../../../H-i686-mingw32/nios2-elf/lib\libc.a(lib_a-getc.o)
 .data          0x00047ae0      0x400 d:/eda/quartus13/nios2eds/bin/gnu/h-i686-mingw32/bin/../lib/gcc/nios2-elf/4.7.3/../../../../../H-i686-mingw32/nios2-elf/lib\libc.a(lib_a-impure.o)
 .data          0x00047ee0        0x0 d:/eda/quartus13/nios2eds/bin/gnu/h-i686-mingw32/bin/../lib/gcc/nios2-elf/4.7.3/../../../../../H-i686-mingw32/nios2-elf/lib\libc.a(lib_a-memset.o)
 .data          0x00047ee0        0x0 d:/eda/quartus13/nios2eds/bin/gnu/h-i686-mingw32/bin/../lib/gcc/nios2-elf/4.7.3/../../../../../H-i686-mingw32/nios2-elf/lib\libc.a(lib_a-perror.o)
 .data          0x00047ee0        0x0 d:/eda/quartus13/nios2eds/bin/gnu/h-i686-mingw32/bin/../lib/gcc/nios2-elf/4.7.3/../../../../../H-i686-mingw32/nios2-elf/lib\libc.a(lib_a-printf.o)
 .data          0x00047ee0        0x0 d:/eda/quartus13/nios2eds/bin/gnu/h-i686-mingw32/bin/../lib/gcc/nios2-elf/4.7.3/../../../../../H-i686-mingw32/nios2-elf/lib\libc.a(lib_a-putc.o)
 .data          0x00047ee0        0x0 d:/eda/quartus13/nios2eds/bin/gnu/h-i686-mingw32/bin/../lib/gcc/nios2-elf/4.7.3/../../../../../H-i686-mingw32/nios2-elf/lib\libc.a(lib_a-putchar.o)
 .data          0x00047ee0        0x0 d:/eda/quartus13/nios2eds/bin/gnu/h-i686-mingw32/bin/../lib/gcc/nios2-elf/4.7.3/../../../../../H-i686-mingw32/nios2-elf/lib\libc.a(lib_a-puts.o)
 .data          0x00047ee0        0x0 d:/eda/quartus13/nios2eds/bin/gnu/h-i686-mingw32/bin/../lib/gcc/nios2-elf/4.7.3/../../../../../H-i686-mingw32/nios2-elf/lib\libc.a(lib_a-rget.o)
 .data          0x00047ee0        0x0 d:/eda/quartus13/nios2eds/bin/gnu/h-i686-mingw32/bin/../lib/gcc/nios2-elf/4.7.3/../../../../../H-i686-mingw32/nios2-elf/lib\libc.a(lib_a-strcmp.o)
 .data          0x00047ee0        0x0 d:/eda/quartus13/nios2eds/bin/gnu/h-i686-mingw32/bin/../lib/gcc/nios2-elf/4.7.3/../../../../../H-i686-mingw32/nios2-elf/lib\libc.a(lib_a-strerror.o)
 .data          0x00047ee0        0x0 d:/eda/quartus13/nios2eds/bin/gnu/h-i686-mingw32/bin/../lib/gcc/nios2-elf/4.7.3/../../../../../H-i686-mingw32/nios2-elf/lib\libc.a(lib_a-strlen.o)
 .data          0x00047ee0        0x0 d:/eda/quartus13/nios2eds/bin/gnu/h-i686-mingw32/bin/../lib/gcc/nios2-elf/4.7.3/../../../../../H-i686-mingw32/nios2-elf/lib\libc.a(lib_a-u_strerr.o)
 .data          0x00047ee0        0x0 d:/eda/quartus13/nios2eds/bin/gnu/h-i686-mingw32/bin/../lib/gcc/nios2-elf/4.7.3/../../../../../H-i686-mingw32/nios2-elf/lib\libc.a(lib_a-vfprintf.o)
 .data          0x00047ee0        0x0 d:/eda/quartus13/nios2eds/bin/gnu/h-i686-mingw32/bin/../lib/gcc/nios2-elf/4.7.3/../../../../../H-i686-mingw32/nios2-elf/lib\libc.a(lib_a-wbuf.o)
 .data          0x00047ee0        0x0 d:/eda/quartus13/nios2eds/bin/gnu/h-i686-mingw32/bin/../lib/gcc/nios2-elf/4.7.3/../../../../../H-i686-mingw32/nios2-elf/lib\libc.a(lib_a-wsetup.o)
 .data          0x00047ee0        0x0 d:/eda/quartus13/nios2eds/bin/gnu/h-i686-mingw32/bin/../lib/gcc/nios2-elf/4.7.3/../../../../../H-i686-mingw32/nios2-elf/lib\libc.a(lib_a-dtoa.o)
 .data          0x00047ee0        0x0 d:/eda/quartus13/nios2eds/bin/gnu/h-i686-mingw32/bin/../lib/gcc/nios2-elf/4.7.3/../../../../../H-i686-mingw32/nios2-elf/lib\libc.a(lib_a-fflush.o)
 .data          0x00047ee0        0x0 d:/eda/quartus13/nios2eds/bin/gnu/h-i686-mingw32/bin/../lib/gcc/nios2-elf/4.7.3/../../../../../H-i686-mingw32/nios2-elf/lib\libc.a(lib_a-findfp.o)
 .data          0x00047ee0        0x0 d:/eda/quartus13/nios2eds/bin/gnu/h-i686-mingw32/bin/../lib/gcc/nios2-elf/4.7.3/../../../../../H-i686-mingw32/nios2-elf/lib\libc.a(lib_a-fputc.o)
 .data          0x00047ee0        0x0 d:/eda/quartus13/nios2eds/bin/gnu/h-i686-mingw32/bin/../lib/gcc/nios2-elf/4.7.3/../../../../../H-i686-mingw32/nios2-elf/lib\libc.a(lib_a-fputs.o)
 .data          0x00047ee0        0x0 d:/eda/quartus13/nios2eds/bin/gnu/h-i686-mingw32/bin/../lib/gcc/nios2-elf/4.7.3/../../../../../H-i686-mingw32/nios2-elf/lib\libc.a(lib_a-freer.o)
 .data          0x00047ee0        0x0 d:/eda/quartus13/nios2eds/bin/gnu/h-i686-mingw32/bin/../lib/gcc/nios2-elf/4.7.3/../../../../../H-i686-mingw32/nios2-elf/lib\libc.a(lib_a-fvwrite.o)
 .data          0x00047ee0        0x0 d:/eda/quartus13/nios2eds/bin/gnu/h-i686-mingw32/bin/../lib/gcc/nios2-elf/4.7.3/../../../../../H-i686-mingw32/nios2-elf/lib\libc.a(lib_a-fwalk.o)
 .data          0x00047ee0        0xc d:/eda/quartus13/nios2eds/bin/gnu/h-i686-mingw32/bin/../lib/gcc/nios2-elf/4.7.3/../../../../../H-i686-mingw32/nios2-elf/lib\libc.a(lib_a-locale.o)
                0x00047ee0                __lc_ctype
 .data          0x00047eec        0x0 d:/eda/quartus13/nios2eds/bin/gnu/h-i686-mingw32/bin/../lib/gcc/nios2-elf/4.7.3/../../../../../H-i686-mingw32/nios2-elf/lib\libc.a(lib_a-makebuf.o)
 .data          0x00047eec      0x408 d:/eda/quartus13/nios2eds/bin/gnu/h-i686-mingw32/bin/../lib/gcc/nios2-elf/4.7.3/../../../../../H-i686-mingw32/nios2-elf/lib\libc.a(lib_a-mallocr.o)
                0x00047eec                __malloc_av_
 .data          0x000482f4        0x0 d:/eda/quartus13/nios2eds/bin/gnu/h-i686-mingw32/bin/../lib/gcc/nios2-elf/4.7.3/../../../../../H-i686-mingw32/nios2-elf/lib\libc.a(lib_a-memchr.o)
 .data          0x000482f4        0x0 d:/eda/quartus13/nios2eds/bin/gnu/h-i686-mingw32/bin/../lib/gcc/nios2-elf/4.7.3/../../../../../H-i686-mingw32/nios2-elf/lib\libc.a(lib_a-memcpy.o)
 .data          0x000482f4        0x0 d:/eda/quartus13/nios2eds/bin/gnu/h-i686-mingw32/bin/../lib/gcc/nios2-elf/4.7.3/../../../../../H-i686-mingw32/nios2-elf/lib\libc.a(lib_a-memmove.o)
 .data          0x000482f4        0x0 d:/eda/quartus13/nios2eds/bin/gnu/h-i686-mingw32/bin/../lib/gcc/nios2-elf/4.7.3/../../../../../H-i686-mingw32/nios2-elf/lib\libc.a(lib_a-mprec.o)
 .data          0x000482f4        0x0 d:/eda/quartus13/nios2eds/bin/gnu/h-i686-mingw32/bin/../lib/gcc/nios2-elf/4.7.3/../../../../../H-i686-mingw32/nios2-elf/lib\libc.a(lib_a-reallocr.o)
 .data          0x000482f4        0x0 d:/eda/quartus13/nios2eds/bin/gnu/h-i686-mingw32/bin/../lib/gcc/nios2-elf/4.7.3/../../../../../H-i686-mingw32/nios2-elf/lib\libc.a(lib_a-refill.o)
 .data          0x000482f4        0x0 d:/eda/quartus13/nios2eds/bin/gnu/h-i686-mingw32/bin/../lib/gcc/nios2-elf/4.7.3/../../../../../H-i686-mingw32/nios2-elf/lib\libc.a(lib_a-s_isinfd.o)
 .data          0x000482f4        0x0 d:/eda/quartus13/nios2eds/bin/gnu/h-i686-mingw32/bin/../lib/gcc/nios2-elf/4.7.3/../../../../../H-i686-mingw32/nios2-elf/lib\libc.a(lib_a-s_isnand.o)
 .data          0x000482f4        0x0 d:/eda/quartus13/nios2eds/bin/gnu/h-i686-mingw32/bin/../lib/gcc/nios2-elf/4.7.3/../../../../../H-i686-mingw32/nios2-elf/lib\libc.a(lib_a-sbrkr.o)
 .data          0x000482f4        0x0 d:/eda/quartus13/nios2eds/bin/gnu/h-i686-mingw32/bin/../lib/gcc/nios2-elf/4.7.3/../../../../../H-i686-mingw32/nios2-elf/lib\libc.a(lib_a-stdio.o)
 .data          0x000482f4        0x0 d:/eda/quartus13/nios2eds/bin/gnu/h-i686-mingw32/bin/../lib/gcc/nios2-elf/4.7.3/../../../../../H-i686-mingw32/nios2-elf/lib\libc.a(lib_a-writer.o)
 .data          0x000482f4        0x0 d:/eda/quartus13/nios2eds/bin/gnu/h-i686-mingw32/bin/../lib/gcc/nios2-elf/4.7.3/../../../../../H-i686-mingw32/nios2-elf/lib\libc.a(lib_a-callocr.o)
 .data          0x000482f4        0x0 d:/eda/quartus13/nios2eds/bin/gnu/h-i686-mingw32/bin/../lib/gcc/nios2-elf/4.7.3/../../../../../H-i686-mingw32/nios2-elf/lib\libc.a(lib_a-closer.o)
 .data          0x000482f4        0x0 d:/eda/quartus13/nios2eds/bin/gnu/h-i686-mingw32/bin/../lib/gcc/nios2-elf/4.7.3/../../../../../H-i686-mingw32/nios2-elf/lib\libc.a(lib_a-fclose.o)
 .data          0x000482f4        0x0 d:/eda/quartus13/nios2eds/bin/gnu/h-i686-mingw32/bin/../lib/gcc/nios2-elf/4.7.3/../../../../../H-i686-mingw32/nios2-elf/lib\libc.a(lib_a-fstatr.o)
 .data          0x000482f4        0x0 d:/eda/quartus13/nios2eds/bin/gnu/h-i686-mingw32/bin/../lib/gcc/nios2-elf/4.7.3/../../../../../H-i686-mingw32/nios2-elf/lib\libc.a(lib_a-int_errno.o)
 .data          0x000482f4        0x0 d:/eda/quartus13/nios2eds/bin/gnu/h-i686-mingw32/bin/../lib/gcc/nios2-elf/4.7.3/../../../../../H-i686-mingw32/nios2-elf/lib\libc.a(lib_a-isattyr.o)
 .data          0x000482f4        0x0 d:/eda/quartus13/nios2eds/bin/gnu/h-i686-mingw32/bin/../lib/gcc/nios2-elf/4.7.3/../../../../../H-i686-mingw32/nios2-elf/lib\libc.a(lib_a-lseekr.o)
 .data          0x000482f4        0x0 d:/eda/quartus13/nios2eds/bin/gnu/h-i686-mingw32/bin/../lib/gcc/nios2-elf/4.7.3/../../../../../H-i686-mingw32/nios2-elf/lib\libc.a(lib_a-readr.o)
 .data          0x000482f4        0x0 d:/eda/quartus13/nios2eds/bin/gnu/h-i686-mingw32/bin/../lib/gcc/nios2-elf/4.7.3\libgcc.a(_udivdi3.o)
 .data          0x000482f4        0x0 d:/eda/quartus13/nios2eds/bin/gnu/h-i686-mingw32/bin/../lib/gcc/nios2-elf/4.7.3\libgcc.a(_umoddi3.o)
 .data          0x000482f4        0x0 d:/eda/quartus13/nios2eds/bin/gnu/h-i686-mingw32/bin/../lib/gcc/nios2-elf/4.7.3\libgcc.a(_addsub_df.o)
 .data          0x000482f4        0x0 d:/eda/quartus13/nios2eds/bin/gnu/h-i686-mingw32/bin/../lib/gcc/nios2-elf/4.7.3\libgcc.a(_mul_df.o)
 .data          0x000482f4        0x0 d:/eda/quartus13/nios2eds/bin/gnu/h-i686-mingw32/bin/../lib/gcc/nios2-elf/4.7.3\libgcc.a(_div_df.o)
 .data          0x000482f4        0x0 d:/eda/quartus13/nios2eds/bin/gnu/h-i686-mingw32/bin/../lib/gcc/nios2-elf/4.7.3\libgcc.a(_eq_df.o)
 .data          0x000482f4        0x0 d:/eda/quartus13/nios2eds/bin/gnu/h-i686-mingw32/bin/../lib/gcc/nios2-elf/4.7.3\libgcc.a(_ne_df.o)